-- Found ament_cmake: 1.3.12 (/opt/ros/humble/share/ament_cmake/cmake)
-- Found rclpy: 3.3.17 (/opt/ros/humble/share/rclpy/cmake)
-- Found visualization_msgs: 4.9.0 (/opt/ros/humble/share/visualization_msgs/cmake)
-- Found rosidl_generator_c: 3.1.7 (/opt/ros/humble/share/rosidl_generator_c/cmake)
-- Found rosidl_adapter: 3.1.7 (/opt/ros/humble/share/rosidl_adapter/cmake)
-- Found rosidl_generator_cpp: 3.1.7 (/opt/ros/humble/share/rosidl_generator_cpp/cmake)
-- Using all available rosidl_typesupport_c: rosidl_typesupport_fastrtps_c;rosidl_typesupport_introspection_c
-- Using all available rosidl_typesupport_cpp: rosidl_typesupport_fastrtps_cpp;rosidl_typesupport_introspection_cpp
-- Found rclcpp: 16.0.15 (/opt/ros/humble/share/rclcpp/cmake)
-- Found rmw_implementation_cmake: 6.1.2 (/opt/ros/humble/share/rmw_implementation_cmake/cmake)
-- Found rmw_cyclonedds_cpp: 1.3.4 (/opt/ros/humble/share/rmw_cyclonedds_cpp/cmake)
-- Using RMW implementation 'rmw_cyclonedds_cpp' as default
-- Found moveit_msgs: 2.2.1 (/home/liliana/ws_moveit/install/moveit_msgs/share/moveit_msgs/cmake)
-- Found moveit_ros_planning_interface: 2.5.9 (/home/liliana/ws_moveit/install/moveit_ros_planning_interface/share/moveit_ros_planning_interface/cmake)
-- Found Boost: /usr/lib/x86_64-linux-gnu/cmake/Boost-1.74.0/BoostConfig.cmake (found version "1.74.0") found components: date_time filesystem program_options system thread 
-- Found Boost: /usr/lib/x86_64-linux-gnu/cmake/Boost-1.74.0/BoostConfig.cmake (found version "1.74.0") found components: chrono date_time filesystem iostreams program_options regex serialization system thread 
-- Found parameter_traits: 0.5.0 (/opt/ros/humble/share/parameter_traits/cmake)
-- Found rclcpp_lifecycle: 16.0.15 (/opt/ros/humble/share/rclcpp_lifecycle/cmake)
-- Found Boost: /usr/lib/x86_64-linux-gnu/cmake/Boost-1.74.0/BoostConfig.cmake (found version "1.74.0") found components: filesystem 
-- library: /usr/lib/x86_64-linux-gnu/libcurl.so
-- Ensuring Eigen3 include directory is part of orocos-kdl CMake target
-- Found Boost: /usr/lib/x86_64-linux-gnu/cmake/Boost-1.74.0/BoostConfig.cmake (found version "1.74.0") found components: system filesystem date_time program_options thread chrono 
-- Found Boost: /usr/lib/x86_64-linux-gnu/cmake/Boost-1.74.0/BoostConfig.cmake (found version "1.74.0") found components: thread system filesystem regex date_time program_options 
-- Found Boost: /usr/lib/x86_64-linux-gnu/cmake/Boost-1.74.0/BoostConfig.cmake (found version "1.74.0") found components: system filesystem date_time program_options thread 
[33mCMake Warning at CMakeLists.txt:20 (find_package):
  By not providing "Findmoveit_move_group_interface.cmake" in
  CMAKE_MODULE_PATH this project has asked CMake to find a package
  configuration file provided by "moveit_move_group_interface", but CMake did
  not find one.

  Could not find a package configuration file provided by
  "moveit_move_group_interface" with any of the following names:

    moveit_move_group_interfaceConfig.cmake
    moveit_move_group_interface-config.cmake

  Add the installation prefix of "moveit_move_group_interface" to
  CMAKE_PREFIX_PATH or set "moveit_move_group_interface_DIR" to a directory
  containing one of the above files.  If "moveit_move_group_interface"
  provides a separate development package or SDK, be sure it has been
  installed.

[0m
-- Found ament_lint_auto: 0.12.14 (/opt/ros/humble/share/ament_lint_auto/cmake)
-- Configuring done
-- Generating done
-- Build files have been written to: /home/liliana/ros2_ws/robot-repo-ros2/src/build/object_recognition
[35m[1mConsolidate compiler generated dependencies of target move_group_node[0m
[100%] Built target move_group_node
-- Install configuration: ""
-- Up-to-date: /home/liliana/ros2_ws/robot-repo-ros2/src/install/object_recognition/lib/object_recognition/move_group_node
-- Installing: /home/liliana/ros2_ws/robot-repo-ros2/src/install/object_recognition/lib/object_recognition/keymap_node.py
-- Installing: /home/liliana/ros2_ws/robot-repo-ros2/src/install/object_recognition/share/ament_index/resource_index/package_run_dependencies/object_recognition
-- Installing: /home/liliana/ros2_ws/robot-repo-ros2/src/install/object_recognition/share/ament_index/resource_index/parent_prefix_path/object_recognition
-- Installing: /home/liliana/ros2_ws/robot-repo-ros2/src/install/object_recognition/share/object_recognition/environment/ament_prefix_path.sh
-- Installing: /home/liliana/ros2_ws/robot-repo-ros2/src/install/object_recognition/share/object_recognition/environment/ament_prefix_path.dsv
-- Installing: /home/liliana/ros2_ws/robot-repo-ros2/src/install/object_recognition/share/object_recognition/environment/path.sh
-- Installing: /home/liliana/ros2_ws/robot-repo-ros2/src/install/object_recognition/share/object_recognition/environment/path.dsv
-- Installing: /home/liliana/ros2_ws/robot-repo-ros2/src/install/object_recognition/share/object_recognition/local_setup.bash
-- Installing: /home/liliana/ros2_ws/robot-repo-ros2/src/install/object_recognition/share/object_recognition/local_setup.sh
-- Installing: /home/liliana/ros2_ws/robot-repo-ros2/src/install/object_recognition/share/object_recognition/local_setup.zsh
-- Installing: /home/liliana/ros2_ws/robot-repo-ros2/src/install/object_recognition/share/object_recognition/local_setup.dsv
-- Installing: /home/liliana/ros2_ws/robot-repo-ros2/src/install/object_recognition/share/object_recognition/package.dsv
-- Installing: /home/liliana/ros2_ws/robot-repo-ros2/src/install/object_recognition/share/ament_index/resource_index/packages/object_recognition
-- Installing: /home/liliana/ros2_ws/robot-repo-ros2/src/install/object_recognition/share/object_recognition/cmake/object_recognitionConfig.cmake
-- Installing: /home/liliana/ros2_ws/robot-repo-ros2/src/install/object_recognition/share/object_recognition/cmake/object_recognitionConfig-version.cmake
-- Installing: /home/liliana/ros2_ws/robot-repo-ros2/src/install/object_recognition/share/object_recognition/package.xml
