[3.087s] Invoking command in '/home/liliana/ros2_ws/robot-repo-ros2/src/object_recognition': PYTHONPATH=/home/liliana/ros2_ws/robot-repo-ros2/src/build/object_recognition/prefix_override:/usr/lib/python3/dist-packages/colcon_core/task/python/colcon_distutils_commands:/home/liliana/ros2_ws/robot-repo-ros2/src/install/object_recognition/lib/python3.10/site-packages:${PYTHONPATH} /usr/bin/python3 -W ignore:setup.py install is deprecated -W ignore:easy_install command is deprecated setup.py egg_info --egg-base ../build/object_recognition build --build-base /home/liliana/ros2_ws/robot-repo-ros2/src/build/object_recognition/build install --record /home/liliana/ros2_ws/robot-repo-ros2/src/build/object_recognition/install.log --single-version-externally-managed install_data
[4.295s] running egg_info
[4.368s] writing ../build/object_recognition/object_recognition.egg-info/PKG-INFO
[4.368s] writing dependency_links to ../build/object_recognition/object_recognition.egg-info/dependency_links.txt
[4.369s] writing entry points to ../build/object_recognition/object_recognition.egg-info/entry_points.txt
[4.370s] writing requirements to ../build/object_recognition/object_recognition.egg-info/requires.txt
[4.370s] writing top-level names to ../build/object_recognition/object_recognition.egg-info/top_level.txt
[4.465s] reading manifest file '../build/object_recognition/object_recognition.egg-info/SOURCES.txt'
[4.468s] writing manifest file '../build/object_recognition/object_recognition.egg-info/SOURCES.txt'
[4.469s] running build
[4.469s] running build_py
[4.469s] copying object_recognition/keymap_node.py -> /home/liliana/ros2_ws/robot-repo-ros2/src/build/object_recognition/build/lib/object_recognition
[4.470s] running install
[4.490s] running install_lib
[4.536s] copying /home/liliana/ros2_ws/robot-repo-ros2/src/build/object_recognition/build/lib/object_recognition/keymap_node.py -> /home/liliana/ros2_ws/robot-repo-ros2/src/install/object_recognition/lib/python3.10/site-packages/object_recognition
[4.537s] byte-compiling /home/liliana/ros2_ws/robot-repo-ros2/src/install/object_recognition/lib/python3.10/site-packages/object_recognition/keymap_node.py to keymap_node.cpython-310.pyc
[4.539s] running install_data
[4.540s] running install_egg_info
[4.589s] removing '/home/liliana/ros2_ws/robot-repo-ros2/src/install/object_recognition/lib/python3.10/site-packages/object_recognition-0.0.0-py3.10.egg-info' (and everything under it)
[4.590s] Copying ../build/object_recognition/object_recognition.egg-info to /home/liliana/ros2_ws/robot-repo-ros2/src/install/object_recognition/lib/python3.10/site-packages/object_recognition-0.0.0-py3.10.egg-info
[4.592s] running install_scripts
[4.786s] Installing keymap_node script to /home/liliana/ros2_ws/robot-repo-ros2/src/install/object_recognition/lib/object_recognition
[4.787s] writing list of installed files to '/home/liliana/ros2_ws/robot-repo-ros2/src/build/object_recognition/install.log'
[4.912s] Invoked command in '/home/liliana/ros2_ws/robot-repo-ros2/src/object_recognition' returned '0': PYTHONPATH=/home/liliana/ros2_ws/robot-repo-ros2/src/build/object_recognition/prefix_override:/usr/lib/python3/dist-packages/colcon_core/task/python/colcon_distutils_commands:/home/liliana/ros2_ws/robot-repo-ros2/src/install/object_recognition/lib/python3.10/site-packages:${PYTHONPATH} /usr/bin/python3 -W ignore:setup.py install is deprecated -W ignore:easy_install command is deprecated setup.py egg_info --egg-base ../build/object_recognition build --build-base /home/liliana/ros2_ws/robot-repo-ros2/src/build/object_recognition/build install --record /home/liliana/ros2_ws/robot-repo-ros2/src/build/object_recognition/install.log --single-version-externally-managed install_data
