[3.003s] Invoking command in '/home/liliana/ros2_ws/robot-repo-ros2/src/object_recognition': PYTHONPATH=/home/liliana/ros2_ws/robot-repo-ros2/src/build/object_recognition/prefix_override:/usr/lib/python3/dist-packages/colcon_core/task/python/colcon_distutils_commands:/home/liliana/ros2_ws/robot-repo-ros2/src/install/object_recognition/lib/python3.10/site-packages:${PYTHONPATH} /usr/bin/python3 -W ignore:setup.py install is deprecated -W ignore:easy_install command is deprecated setup.py egg_info --egg-base ../build/object_recognition build --build-base /home/liliana/ros2_ws/robot-repo-ros2/src/build/object_recognition/build install --record /home/liliana/ros2_ws/robot-repo-ros2/src/build/object_recognition/install.log --single-version-externally-managed install_data
[4.259s] running egg_info
[4.332s] writing ../build/object_recognition/object_recognition.egg-info/PKG-INFO
[4.332s] writing dependency_links to ../build/object_recognition/object_recognition.egg-info/dependency_links.txt
[4.333s] writing entry points to ../build/object_recognition/object_recognition.egg-info/entry_points.txt
[4.334s] writing requirements to ../build/object_recognition/object_recognition.egg-info/requires.txt
[4.334s] writing top-level names to ../build/object_recognition/object_recognition.egg-info/top_level.txt
[4.430s] reading manifest file '../build/object_recognition/object_recognition.egg-info/SOURCES.txt'
[4.433s] writing manifest file '../build/object_recognition/object_recognition.egg-info/SOURCES.txt'
[4.433s] running build
[4.433s] running build_py
[4.434s] copying object_recognition/compute_keymap.py -> /home/liliana/ros2_ws/robot-repo-ros2/src/build/object_recognition/build/lib/object_recognition
[4.434s] copying object_recognition/keymap_node.py -> /home/liliana/ros2_ws/robot-repo-ros2/src/build/object_recognition/build/lib/object_recognition
[4.435s] running install
[4.455s] running install_lib
[4.500s] copying /home/liliana/ros2_ws/robot-repo-ros2/src/build/object_recognition/build/lib/object_recognition/compute_keymap.py -> /home/liliana/ros2_ws/robot-repo-ros2/src/install/object_recognition/lib/python3.10/site-packages/object_recognition
[4.501s] copying /home/liliana/ros2_ws/robot-repo-ros2/src/build/object_recognition/build/lib/object_recognition/keymap_node.py -> /home/liliana/ros2_ws/robot-repo-ros2/src/install/object_recognition/lib/python3.10/site-packages/object_recognition
[4.502s] byte-compiling /home/liliana/ros2_ws/robot-repo-ros2/src/install/object_recognition/lib/python3.10/site-packages/object_recognition/compute_keymap.py to compute_keymap.cpython-310.pyc
[4.505s] byte-compiling /home/liliana/ros2_ws/robot-repo-ros2/src/install/object_recognition/lib/python3.10/site-packages/object_recognition/keymap_node.py to keymap_node.cpython-310.pyc
[4.506s] running install_data
[4.507s] running install_egg_info
[4.554s] removing '/home/liliana/ros2_ws/robot-repo-ros2/src/install/object_recognition/lib/python3.10/site-packages/object_recognition-0.0.0-py3.10.egg-info' (and everything under it)
[4.555s] Copying ../build/object_recognition/object_recognition.egg-info to /home/liliana/ros2_ws/robot-repo-ros2/src/install/object_recognition/lib/python3.10/site-packages/object_recognition-0.0.0-py3.10.egg-info
[4.558s] running install_scripts
[4.746s] Installing keymap_node script to /home/liliana/ros2_ws/robot-repo-ros2/src/install/object_recognition/lib/object_recognition
[4.747s] writing list of installed files to '/home/liliana/ros2_ws/robot-repo-ros2/src/build/object_recognition/install.log'
[4.872s] Invoked command in '/home/liliana/ros2_ws/robot-repo-ros2/src/object_recognition' returned '0': PYTHONPATH=/home/liliana/ros2_ws/robot-repo-ros2/src/build/object_recognition/prefix_override:/usr/lib/python3/dist-packages/colcon_core/task/python/colcon_distutils_commands:/home/liliana/ros2_ws/robot-repo-ros2/src/install/object_recognition/lib/python3.10/site-packages:${PYTHONPATH} /usr/bin/python3 -W ignore:setup.py install is deprecated -W ignore:easy_install command is deprecated setup.py egg_info --egg-base ../build/object_recognition build --build-base /home/liliana/ros2_ws/robot-repo-ros2/src/build/object_recognition/build install --record /home/liliana/ros2_ws/robot-repo-ros2/src/build/object_recognition/install.log --single-version-externally-managed install_data
