[3.183s] Invoking command in '/home/liliana/ros2_ws/robot-repo-ros2/src/object_recognition': PYTHONPATH=/home/liliana/ros2_ws/robot-repo-ros2/src/build/object_recognition/prefix_override:/usr/lib/python3/dist-packages/colcon_core/task/python/colcon_distutils_commands:/home/liliana/ros2_ws/robot-repo-ros2/src/install/object_recognition/lib/python3.10/site-packages:${PYTHONPATH} /usr/bin/python3 -W ignore:setup.py install is deprecated -W ignore:easy_install command is deprecated setup.py egg_info --egg-base ../build/object_recognition build --build-base /home/liliana/ros2_ws/robot-repo-ros2/src/build/object_recognition/build install --record /home/liliana/ros2_ws/robot-repo-ros2/src/build/object_recognition/install.log --single-version-externally-managed install_data
[4.340s] running egg_info
[4.409s] writing ../build/object_recognition/object_recognition.egg-info/PKG-INFO
[4.410s] writing dependency_links to ../build/object_recognition/object_recognition.egg-info/dependency_links.txt
[4.410s] writing entry points to ../build/object_recognition/object_recognition.egg-info/entry_points.txt
[4.411s] writing requirements to ../build/object_recognition/object_recognition.egg-info/requires.txt
[4.411s] writing top-level names to ../build/object_recognition/object_recognition.egg-info/top_level.txt
[4.501s] reading manifest file '../build/object_recognition/object_recognition.egg-info/SOURCES.txt'
[4.505s] writing manifest file '../build/object_recognition/object_recognition.egg-info/SOURCES.txt'
[4.506s] running build
[4.506s] running build_py
[4.507s] running install
[4.526s] running install_lib
[4.571s] running install_data
[4.571s] copying launch/keymap._launch.py -> /home/liliana/ros2_ws/robot-repo-ros2/src/install/object_recognition/share/object_recognition/launch
[4.572s] running install_egg_info
[4.619s] removing '/home/liliana/ros2_ws/robot-repo-ros2/src/install/object_recognition/lib/python3.10/site-packages/object_recognition-0.0.0-py3.10.egg-info' (and everything under it)
[4.620s] Copying ../build/object_recognition/object_recognition.egg-info to /home/liliana/ros2_ws/robot-repo-ros2/src/install/object_recognition/lib/python3.10/site-packages/object_recognition-0.0.0-py3.10.egg-info
[4.623s] running install_scripts
[4.849s] Installing keymap_node script to /home/liliana/ros2_ws/robot-repo-ros2/src/install/object_recognition/lib/object_recognition
[4.851s] writing list of installed files to '/home/liliana/ros2_ws/robot-repo-ros2/src/build/object_recognition/install.log'
[5.046s] Invoked command in '/home/liliana/ros2_ws/robot-repo-ros2/src/object_recognition' returned '0': PYTHONPATH=/home/liliana/ros2_ws/robot-repo-ros2/src/build/object_recognition/prefix_override:/usr/lib/python3/dist-packages/colcon_core/task/python/colcon_distutils_commands:/home/liliana/ros2_ws/robot-repo-ros2/src/install/object_recognition/lib/python3.10/site-packages:${PYTHONPATH} /usr/bin/python3 -W ignore:setup.py install is deprecated -W ignore:easy_install command is deprecated setup.py egg_info --egg-base ../build/object_recognition build --build-base /home/liliana/ros2_ws/robot-repo-ros2/src/build/object_recognition/build install --record /home/liliana/ros2_ws/robot-repo-ros2/src/build/object_recognition/install.log --single-version-externally-managed install_data
