[0.422s] DEBUG:colcon:Command line arguments: ['/usr/bin/colcon', 'build', '--packages-select', 'rover_arm_moveit_config']
[0.423s] DEBUG:colcon:Parsed command line arguments: Namespace(log_base=None, log_level=None, verb_name='build', build_base='build', install_base='install', merge_install=False, symlink_install=False, test_result_base=None, continue_on_error=False, executor='parallel', parallel_workers=6, event_handlers=None, ignore_user_meta=False, metas=['./colcon.meta'], base_paths=['.'], packages_ignore=None, packages_ignore_regex=None, paths=None, packages_up_to=None, packages_up_to_regex=None, packages_above=None, packages_above_and_dependencies=None, packages_above_depth=None, packages_select_by_dep=None, packages_skip_by_dep=None, packages_skip_up_to=None, packages_select_build_failed=False, packages_skip_build_finished=False, packages_select_test_failures=False, packages_skip_test_passed=False, packages_select=['rover_arm_moveit_config'], packages_skip=None, packages_select_regex=None, packages_skip_regex=None, packages_start=None, packages_end=None, allow_overriding=[], cmake_args=None, cmake_target=None, cmake_target_skip_unavailable=False, cmake_clean_cache=False, cmake_clean_first=False, cmake_force_configure=False, ament_cmake_args=None, catkin_cmake_args=None, catkin_skip_building_tests=False, mixin_files=None, mixin=None, verb_parser=<colcon_mixin.mixin.mixin_argument.MixinArgumentDecorator object at 0x7d87273905e0>, verb_extension=<colcon_core.verb.build.BuildVerb object at 0x7d8727390100>, main=<bound method BuildVerb.main of <colcon_core.verb.build.BuildVerb object at 0x7d8727390100>>, mixin_verb=('build',))
[1.390s] Level 1:colcon.colcon_core.package_discovery:discover_packages(colcon_meta) check parameters
[1.390s] Level 1:colcon.colcon_core.package_discovery:discover_packages(recursive) check parameters
[1.390s] Level 1:colcon.colcon_core.package_discovery:discover_packages(ignore) check parameters
[1.390s] Level 1:colcon.colcon_core.package_discovery:discover_packages(path) check parameters
[1.390s] Level 1:colcon.colcon_core.package_discovery:discover_packages(colcon_meta) discover
[1.391s] Level 1:colcon.colcon_core.package_discovery:discover_packages(recursive) discover
[1.391s] INFO:colcon.colcon_core.package_discovery:Crawling recursively for packages in '/home/liliana/ros2_ws/robot-repo-ros2/src/inverse-kinematics'
[1.391s] Level 1:colcon.colcon_core.package_identification:_identify(.) by extensions ['ignore', 'ignore_ament_install']
[1.391s] Level 1:colcon.colcon_core.package_identification:_identify(.) by extension 'ignore'
[1.392s] Level 1:colcon.colcon_core.package_identification:_identify(.) by extension 'ignore_ament_install'
[1.392s] Level 1:colcon.colcon_core.package_identification:_identify(.) by extensions ['colcon_pkg']
[1.392s] Level 1:colcon.colcon_core.package_identification:_identify(.) by extension 'colcon_pkg'
[1.392s] Level 1:colcon.colcon_core.package_identification:_identify(.) by extensions ['colcon_meta']
[1.392s] Level 1:colcon.colcon_core.package_identification:_identify(.) by extension 'colcon_meta'
[1.392s] Level 1:colcon.colcon_core.package_identification:_identify(.) by extensions ['ros']
[1.392s] Level 1:colcon.colcon_core.package_identification:_identify(.) by extension 'ros'
[1.434s] Level 1:colcon.colcon_core.package_identification:_identify(.) by extensions ['cmake', 'python']
[1.435s] Level 1:colcon.colcon_core.package_identification:_identify(.) by extension 'cmake'
[1.435s] Level 1:colcon.colcon_core.package_identification:_identify(.) by extension 'python'
[1.435s] Level 1:colcon.colcon_core.package_identification:_identify(.) by extensions ['python_setup_py']
[1.435s] Level 1:colcon.colcon_core.package_identification:_identify(.) by extension 'python_setup_py'
[1.435s] Level 1:colcon.colcon_core.package_identification:_identify(arm_hardware) by extensions ['ignore', 'ignore_ament_install']
[1.436s] Level 1:colcon.colcon_core.package_identification:_identify(arm_hardware) by extension 'ignore'
[1.436s] Level 1:colcon.colcon_core.package_identification:_identify(arm_hardware) by extension 'ignore_ament_install'
[1.436s] Level 1:colcon.colcon_core.package_identification:_identify(arm_hardware) by extensions ['colcon_pkg']
[1.436s] Level 1:colcon.colcon_core.package_identification:_identify(arm_hardware) by extension 'colcon_pkg'
[1.437s] Level 1:colcon.colcon_core.package_identification:_identify(arm_hardware) by extensions ['colcon_meta']
[1.437s] Level 1:colcon.colcon_core.package_identification:_identify(arm_hardware) by extension 'colcon_meta'
[1.437s] Level 1:colcon.colcon_core.package_identification:_identify(arm_hardware) by extensions ['ros']
[1.437s] Level 1:colcon.colcon_core.package_identification:_identify(arm_hardware) by extension 'ros'
[1.449s] DEBUG:colcon.colcon_core.package_identification:Package 'arm_hardware' with type 'ros.ament_cmake' and name 'arm_hardware'
[1.450s] Level 1:colcon.colcon_core.package_identification:_identify(build) by extensions ['ignore', 'ignore_ament_install']
[1.450s] Level 1:colcon.colcon_core.package_identification:_identify(build) by extension 'ignore'
[1.450s] Level 1:colcon.colcon_core.package_identification:_identify(build) ignored
[1.450s] Level 1:colcon.colcon_core.package_identification:_identify(ik_mux_controller) by extensions ['ignore', 'ignore_ament_install']
[1.450s] Level 1:colcon.colcon_core.package_identification:_identify(ik_mux_controller) by extension 'ignore'
[1.451s] Level 1:colcon.colcon_core.package_identification:_identify(ik_mux_controller) by extension 'ignore_ament_install'
[1.451s] Level 1:colcon.colcon_core.package_identification:_identify(ik_mux_controller) by extensions ['colcon_pkg']
[1.451s] Level 1:colcon.colcon_core.package_identification:_identify(ik_mux_controller) by extension 'colcon_pkg'
[1.451s] Level 1:colcon.colcon_core.package_identification:_identify(ik_mux_controller) by extensions ['colcon_meta']
[1.451s] Level 1:colcon.colcon_core.package_identification:_identify(ik_mux_controller) by extension 'colcon_meta'
[1.451s] Level 1:colcon.colcon_core.package_identification:_identify(ik_mux_controller) by extensions ['ros']
[1.451s] Level 1:colcon.colcon_core.package_identification:_identify(ik_mux_controller) by extension 'ros'
[1.455s] DEBUG:colcon.colcon_core.package_identification:Package 'ik_mux_controller' with type 'ros.ament_cmake' and name 'ik_mux_controller'
[1.456s] Level 1:colcon.colcon_core.package_identification:_identify(install) by extensions ['ignore', 'ignore_ament_install']
[1.456s] Level 1:colcon.colcon_core.package_identification:_identify(install) by extension 'ignore'
[1.456s] Level 1:colcon.colcon_core.package_identification:_identify(install) ignored
[1.456s] Level 1:colcon.colcon_core.package_identification:_identify(log) by extensions ['ignore', 'ignore_ament_install']
[1.457s] Level 1:colcon.colcon_core.package_identification:_identify(log) by extension 'ignore'
[1.457s] Level 1:colcon.colcon_core.package_identification:_identify(log) ignored
[1.457s] Level 1:colcon.colcon_core.package_identification:_identify(rover_arm_bringup) by extensions ['ignore', 'ignore_ament_install']
[1.457s] Level 1:colcon.colcon_core.package_identification:_identify(rover_arm_bringup) by extension 'ignore'
[1.457s] Level 1:colcon.colcon_core.package_identification:_identify(rover_arm_bringup) by extension 'ignore_ament_install'
[1.457s] Level 1:colcon.colcon_core.package_identification:_identify(rover_arm_bringup) by extensions ['colcon_pkg']
[1.458s] Level 1:colcon.colcon_core.package_identification:_identify(rover_arm_bringup) by extension 'colcon_pkg'
[1.458s] Level 1:colcon.colcon_core.package_identification:_identify(rover_arm_bringup) by extensions ['colcon_meta']
[1.458s] Level 1:colcon.colcon_core.package_identification:_identify(rover_arm_bringup) by extension 'colcon_meta'
[1.458s] Level 1:colcon.colcon_core.package_identification:_identify(rover_arm_bringup) by extensions ['ros']
[1.458s] Level 1:colcon.colcon_core.package_identification:_identify(rover_arm_bringup) by extension 'ros'
[1.460s] DEBUG:colcon.colcon_core.package_identification:Package 'rover_arm_bringup' with type 'ros.ament_cmake' and name 'rover_arm_bringup'
[1.460s] Level 1:colcon.colcon_core.package_identification:_identify(rover_arm_description) by extensions ['ignore', 'ignore_ament_install']
[1.461s] Level 1:colcon.colcon_core.package_identification:_identify(rover_arm_description) by extension 'ignore'
[1.461s] Level 1:colcon.colcon_core.package_identification:_identify(rover_arm_description) by extension 'ignore_ament_install'
[1.461s] Level 1:colcon.colcon_core.package_identification:_identify(rover_arm_description) by extensions ['colcon_pkg']
[1.461s] Level 1:colcon.colcon_core.package_identification:_identify(rover_arm_description) by extension 'colcon_pkg'
[1.461s] Level 1:colcon.colcon_core.package_identification:_identify(rover_arm_description) by extensions ['colcon_meta']
[1.461s] Level 1:colcon.colcon_core.package_identification:_identify(rover_arm_description) by extension 'colcon_meta'
[1.461s] Level 1:colcon.colcon_core.package_identification:_identify(rover_arm_description) by extensions ['ros']
[1.461s] Level 1:colcon.colcon_core.package_identification:_identify(rover_arm_description) by extension 'ros'
[1.463s] DEBUG:colcon.colcon_core.package_identification:Package 'rover_arm_description' with type 'ros.ament_cmake' and name 'rover_arm_description'
[1.464s] Level 1:colcon.colcon_core.package_identification:_identify(rover_arm_moveit_config) by extensions ['ignore', 'ignore_ament_install']
[1.464s] Level 1:colcon.colcon_core.package_identification:_identify(rover_arm_moveit_config) by extension 'ignore'
[1.464s] Level 1:colcon.colcon_core.package_identification:_identify(rover_arm_moveit_config) by extension 'ignore_ament_install'
[1.464s] Level 1:colcon.colcon_core.package_identification:_identify(rover_arm_moveit_config) by extensions ['colcon_pkg']
[1.464s] Level 1:colcon.colcon_core.package_identification:_identify(rover_arm_moveit_config) by extension 'colcon_pkg'
[1.464s] Level 1:colcon.colcon_core.package_identification:_identify(rover_arm_moveit_config) by extensions ['colcon_meta']
[1.464s] Level 1:colcon.colcon_core.package_identification:_identify(rover_arm_moveit_config) by extension 'colcon_meta'
[1.465s] Level 1:colcon.colcon_core.package_identification:_identify(rover_arm_moveit_config) by extensions ['ros']
[1.465s] Level 1:colcon.colcon_core.package_identification:_identify(rover_arm_moveit_config) by extension 'ros'
[1.468s] DEBUG:colcon.colcon_core.package_identification:Package 'rover_arm_moveit_config' with type 'ros.ament_cmake' and name 'rover_arm_moveit_config'
[1.469s] Level 1:colcon.colcon_core.package_discovery:discover_packages(recursive) using defaults
[1.469s] Level 1:colcon.colcon_core.package_discovery:discover_packages(ignore) discover
[1.469s] Level 1:colcon.colcon_core.package_discovery:discover_packages(ignore) using defaults
[1.469s] Level 1:colcon.colcon_core.package_discovery:discover_packages(path) discover
[1.469s] Level 1:colcon.colcon_core.package_discovery:discover_packages(path) using defaults
[1.536s] INFO:colcon.colcon_core.package_selection:Skipping not selected package 'arm_hardware' in 'arm_hardware'
[1.537s] INFO:colcon.colcon_core.package_selection:Skipping not selected package 'ik_mux_controller' in 'ik_mux_controller'
[1.537s] INFO:colcon.colcon_core.package_selection:Skipping not selected package 'rover_arm_bringup' in 'rover_arm_bringup'
[1.537s] INFO:colcon.colcon_core.package_selection:Skipping not selected package 'rover_arm_description' in 'rover_arm_description'
[1.538s] Level 1:colcon.colcon_core.package_discovery:discover_packages(prefix_path) check parameters
[1.538s] Level 1:colcon.colcon_core.package_discovery:discover_packages(prefix_path) discover
[1.550s] DEBUG:colcon.colcon_installed_package_information.package_discovery:Found 2 installed packages in /home/liliana/ros2_ws/robot-repo-ros2/src/inverse-kinematics/install
[1.552s] DEBUG:colcon.colcon_installed_package_information.package_discovery:Found 8 installed packages in /home/liliana/ros2_ws/install
[1.559s] DEBUG:colcon.colcon_installed_package_information.package_discovery:Found 45 installed packages in /home/liliana/ws_moveit/install
[1.562s] DEBUG:colcon.colcon_installed_package_information.package_discovery:Found 2 installed packages in /home/liliana/install
[1.570s] DEBUG:colcon.colcon_installed_package_information.package_discovery:Found 419 installed packages in /opt/ros/humble
[1.586s] Level 1:colcon.colcon_core.package_discovery:discover_packages(prefix_path) using defaults
[1.815s] Level 5:colcon.colcon_core.verb:set package 'rover_arm_moveit_config' build argument 'cmake_args' from command line to 'None'
[1.815s] Level 5:colcon.colcon_core.verb:set package 'rover_arm_moveit_config' build argument 'cmake_target' from command line to 'None'
[1.815s] Level 5:colcon.colcon_core.verb:set package 'rover_arm_moveit_config' build argument 'cmake_target_skip_unavailable' from command line to 'False'
[1.815s] Level 5:colcon.colcon_core.verb:set package 'rover_arm_moveit_config' build argument 'cmake_clean_cache' from command line to 'False'
[1.815s] Level 5:colcon.colcon_core.verb:set package 'rover_arm_moveit_config' build argument 'cmake_clean_first' from command line to 'False'
[1.816s] Level 5:colcon.colcon_core.verb:set package 'rover_arm_moveit_config' build argument 'cmake_force_configure' from command line to 'False'
[1.816s] Level 5:colcon.colcon_core.verb:set package 'rover_arm_moveit_config' build argument 'ament_cmake_args' from command line to 'None'
[1.816s] Level 5:colcon.colcon_core.verb:set package 'rover_arm_moveit_config' build argument 'catkin_cmake_args' from command line to 'None'
[1.816s] Level 5:colcon.colcon_core.verb:set package 'rover_arm_moveit_config' build argument 'catkin_skip_building_tests' from command line to 'False'
[1.816s] DEBUG:colcon.colcon_core.verb:Building package 'rover_arm_moveit_config' with the following arguments: {'ament_cmake_args': None, 'build_base': '/home/liliana/ros2_ws/robot-repo-ros2/src/inverse-kinematics/build/rover_arm_moveit_config', 'catkin_cmake_args': None, 'catkin_skip_building_tests': False, 'cmake_args': None, 'cmake_clean_cache': False, 'cmake_clean_first': False, 'cmake_force_configure': False, 'cmake_target': None, 'cmake_target_skip_unavailable': False, 'install_base': '/home/liliana/ros2_ws/robot-repo-ros2/src/inverse-kinematics/install/rover_arm_moveit_config', 'merge_install': False, 'path': '/home/liliana/ros2_ws/robot-repo-ros2/src/inverse-kinematics/rover_arm_moveit_config', 'symlink_install': False, 'test_result_base': None}
[1.816s] INFO:colcon.colcon_core.executor:Executing jobs using 'parallel' executor
[1.820s] DEBUG:colcon.colcon_parallel_executor.executor.parallel:run_until_complete
[1.821s] INFO:colcon.colcon_ros.task.ament_cmake.build:Building ROS package in '/home/liliana/ros2_ws/robot-repo-ros2/src/inverse-kinematics/rover_arm_moveit_config' with build type 'ament_cmake'
[1.821s] INFO:colcon.colcon_cmake.task.cmake.build:Building CMake package in '/home/liliana/ros2_ws/robot-repo-ros2/src/inverse-kinematics/rover_arm_moveit_config'
[1.828s] INFO:colcon.colcon_core.plugin_system:Skipping extension 'colcon_core.shell.bat': Not used on non-Windows systems
[1.829s] INFO:colcon.colcon_core.shell:Skip shell extension 'powershell' for command environment: Not usable outside of PowerShell
[1.829s] DEBUG:colcon.colcon_core.shell:Skip shell extension 'dsv' for command environment
[1.890s] DEBUG:colcon.colcon_core.event_handler.log_command:Invoking command in '/home/liliana/ros2_ws/robot-repo-ros2/src/inverse-kinematics/build/rover_arm_moveit_config': CMAKE_PREFIX_PATH=${CMAKE_PREFIX_PATH}:/home/liliana/ws_moveit/install/moveit_configs_utils:/home/liliana/ros2_ws/install/my_py_pkg:/home/liliana/ros2_ws/install/joy_mux_controller:/home/liliana/install/my_py_pkg:/opt/ros/humble /usr/bin/cmake /home/liliana/ros2_ws/robot-repo-ros2/src/inverse-kinematics/rover_arm_moveit_config -DCMAKE_INSTALL_PREFIX=/home/liliana/ros2_ws/robot-repo-ros2/src/inverse-kinematics/install/rover_arm_moveit_config
[6.470s] DEBUG:colcon.colcon_core.event_handler.log_command:Invoked command in '/home/liliana/ros2_ws/robot-repo-ros2/src/inverse-kinematics/build/rover_arm_moveit_config' returned '0': CMAKE_PREFIX_PATH=${CMAKE_PREFIX_PATH}:/home/liliana/ws_moveit/install/moveit_configs_utils:/home/liliana/ros2_ws/install/my_py_pkg:/home/liliana/ros2_ws/install/joy_mux_controller:/home/liliana/install/my_py_pkg:/opt/ros/humble /usr/bin/cmake /home/liliana/ros2_ws/robot-repo-ros2/src/inverse-kinematics/rover_arm_moveit_config -DCMAKE_INSTALL_PREFIX=/home/liliana/ros2_ws/robot-repo-ros2/src/inverse-kinematics/install/rover_arm_moveit_config
[6.478s] DEBUG:colcon.colcon_core.event_handler.log_command:Invoking command in '/home/liliana/ros2_ws/robot-repo-ros2/src/inverse-kinematics/build/rover_arm_moveit_config': CMAKE_PREFIX_PATH=${CMAKE_PREFIX_PATH}:/home/liliana/ws_moveit/install/moveit_configs_utils:/home/liliana/ros2_ws/install/my_py_pkg:/home/liliana/ros2_ws/install/joy_mux_controller:/home/liliana/install/my_py_pkg:/opt/ros/humble /usr/bin/cmake --build /home/liliana/ros2_ws/robot-repo-ros2/src/inverse-kinematics/build/rover_arm_moveit_config -- -j6 -l6
[6.642s] DEBUG:colcon.colcon_core.event_handler.log_command:Invoked command in '/home/liliana/ros2_ws/robot-repo-ros2/src/inverse-kinematics/build/rover_arm_moveit_config' returned '0': CMAKE_PREFIX_PATH=${CMAKE_PREFIX_PATH}:/home/liliana/ws_moveit/install/moveit_configs_utils:/home/liliana/ros2_ws/install/my_py_pkg:/home/liliana/ros2_ws/install/joy_mux_controller:/home/liliana/install/my_py_pkg:/opt/ros/humble /usr/bin/cmake --build /home/liliana/ros2_ws/robot-repo-ros2/src/inverse-kinematics/build/rover_arm_moveit_config -- -j6 -l6
[6.690s] DEBUG:colcon.colcon_core.event_handler.log_command:Invoking command in '/home/liliana/ros2_ws/robot-repo-ros2/src/inverse-kinematics/build/rover_arm_moveit_config': CMAKE_PREFIX_PATH=${CMAKE_PREFIX_PATH}:/home/liliana/ws_moveit/install/moveit_configs_utils:/home/liliana/ros2_ws/install/my_py_pkg:/home/liliana/ros2_ws/install/joy_mux_controller:/home/liliana/install/my_py_pkg:/opt/ros/humble /usr/bin/cmake --install /home/liliana/ros2_ws/robot-repo-ros2/src/inverse-kinematics/build/rover_arm_moveit_config
[6.749s] Level 1:colcon.colcon_core.environment:create_environment_scripts_only(rover_arm_moveit_config)
[6.752s] DEBUG:colcon.colcon_core.event_handler.log_command:Invoked command in '/home/liliana/ros2_ws/robot-repo-ros2/src/inverse-kinematics/build/rover_arm_moveit_config' returned '0': CMAKE_PREFIX_PATH=${CMAKE_PREFIX_PATH}:/home/liliana/ws_moveit/install/moveit_configs_utils:/home/liliana/ros2_ws/install/my_py_pkg:/home/liliana/ros2_ws/install/joy_mux_controller:/home/liliana/install/my_py_pkg:/opt/ros/humble /usr/bin/cmake --install /home/liliana/ros2_ws/robot-repo-ros2/src/inverse-kinematics/build/rover_arm_moveit_config
[6.763s] Level 1:colcon.colcon_core.environment:checking '/home/liliana/ros2_ws/robot-repo-ros2/src/inverse-kinematics/install/rover_arm_moveit_config' for CMake module files
[6.765s] Level 1:colcon.colcon_core.environment:checking '/home/liliana/ros2_ws/robot-repo-ros2/src/inverse-kinematics/install/rover_arm_moveit_config' for CMake config files
[6.766s] Level 1:colcon.colcon_core.shell:create_environment_hook('rover_arm_moveit_config', 'cmake_prefix_path')
[6.767s] INFO:colcon.colcon_core.shell:Creating environment hook '/home/liliana/ros2_ws/robot-repo-ros2/src/inverse-kinematics/install/rover_arm_moveit_config/share/rover_arm_moveit_config/hook/cmake_prefix_path.ps1'
[6.769s] INFO:colcon.colcon_core.shell:Creating environment descriptor '/home/liliana/ros2_ws/robot-repo-ros2/src/inverse-kinematics/install/rover_arm_moveit_config/share/rover_arm_moveit_config/hook/cmake_prefix_path.dsv'
[6.770s] INFO:colcon.colcon_core.shell:Creating environment hook '/home/liliana/ros2_ws/robot-repo-ros2/src/inverse-kinematics/install/rover_arm_moveit_config/share/rover_arm_moveit_config/hook/cmake_prefix_path.sh'
[6.773s] Level 1:colcon.colcon_core.environment:checking '/home/liliana/ros2_ws/robot-repo-ros2/src/inverse-kinematics/install/rover_arm_moveit_config/bin'
[6.773s] Level 1:colcon.colcon_core.environment:checking '/home/liliana/ros2_ws/robot-repo-ros2/src/inverse-kinematics/install/rover_arm_moveit_config/lib/pkgconfig/rover_arm_moveit_config.pc'
[6.774s] Level 1:colcon.colcon_core.environment:checking '/home/liliana/ros2_ws/robot-repo-ros2/src/inverse-kinematics/install/rover_arm_moveit_config/lib/python3.10/site-packages'
[6.775s] Level 1:colcon.colcon_core.environment:checking '/home/liliana/ros2_ws/robot-repo-ros2/src/inverse-kinematics/install/rover_arm_moveit_config/bin'
[6.776s] INFO:colcon.colcon_core.shell:Creating package script '/home/liliana/ros2_ws/robot-repo-ros2/src/inverse-kinematics/install/rover_arm_moveit_config/share/rover_arm_moveit_config/package.ps1'
[6.778s] INFO:colcon.colcon_core.shell:Creating package descriptor '/home/liliana/ros2_ws/robot-repo-ros2/src/inverse-kinematics/install/rover_arm_moveit_config/share/rover_arm_moveit_config/package.dsv'
[6.780s] INFO:colcon.colcon_core.shell:Creating package script '/home/liliana/ros2_ws/robot-repo-ros2/src/inverse-kinematics/install/rover_arm_moveit_config/share/rover_arm_moveit_config/package.sh'
[6.783s] INFO:colcon.colcon_core.shell:Creating package script '/home/liliana/ros2_ws/robot-repo-ros2/src/inverse-kinematics/install/rover_arm_moveit_config/share/rover_arm_moveit_config/package.bash'
[6.786s] INFO:colcon.colcon_core.shell:Creating package script '/home/liliana/ros2_ws/robot-repo-ros2/src/inverse-kinematics/install/rover_arm_moveit_config/share/rover_arm_moveit_config/package.zsh'
[6.789s] Level 1:colcon.colcon_core.environment:create_file_with_runtime_dependencies(/home/liliana/ros2_ws/robot-repo-ros2/src/inverse-kinematics/install/rover_arm_moveit_config/share/colcon-core/packages/rover_arm_moveit_config)
[6.791s] Level 1:colcon.colcon_core.environment:create_environment_scripts_only(rover_arm_moveit_config)
[6.791s] Level 1:colcon.colcon_core.environment:checking '/home/liliana/ros2_ws/robot-repo-ros2/src/inverse-kinematics/install/rover_arm_moveit_config' for CMake module files
[6.793s] Level 1:colcon.colcon_core.environment:checking '/home/liliana/ros2_ws/robot-repo-ros2/src/inverse-kinematics/install/rover_arm_moveit_config' for CMake config files
[6.794s] Level 1:colcon.colcon_core.shell:create_environment_hook('rover_arm_moveit_config', 'cmake_prefix_path')
[6.795s] INFO:colcon.colcon_core.shell:Creating environment hook '/home/liliana/ros2_ws/robot-repo-ros2/src/inverse-kinematics/install/rover_arm_moveit_config/share/rover_arm_moveit_config/hook/cmake_prefix_path.ps1'
[6.797s] INFO:colcon.colcon_core.shell:Creating environment descriptor '/home/liliana/ros2_ws/robot-repo-ros2/src/inverse-kinematics/install/rover_arm_moveit_config/share/rover_arm_moveit_config/hook/cmake_prefix_path.dsv'
[6.798s] INFO:colcon.colcon_core.shell:Creating environment hook '/home/liliana/ros2_ws/robot-repo-ros2/src/inverse-kinematics/install/rover_arm_moveit_config/share/rover_arm_moveit_config/hook/cmake_prefix_path.sh'
[6.800s] Level 1:colcon.colcon_core.environment:checking '/home/liliana/ros2_ws/robot-repo-ros2/src/inverse-kinematics/install/rover_arm_moveit_config/bin'
[6.800s] Level 1:colcon.colcon_core.environment:checking '/home/liliana/ros2_ws/robot-repo-ros2/src/inverse-kinematics/install/rover_arm_moveit_config/lib/pkgconfig/rover_arm_moveit_config.pc'
[6.801s] Level 1:colcon.colcon_core.environment:checking '/home/liliana/ros2_ws/robot-repo-ros2/src/inverse-kinematics/install/rover_arm_moveit_config/lib/python3.10/site-packages'
[6.803s] Level 1:colcon.colcon_core.environment:checking '/home/liliana/ros2_ws/robot-repo-ros2/src/inverse-kinematics/install/rover_arm_moveit_config/bin'
[6.804s] INFO:colcon.colcon_core.shell:Creating package script '/home/liliana/ros2_ws/robot-repo-ros2/src/inverse-kinematics/install/rover_arm_moveit_config/share/rover_arm_moveit_config/package.ps1'
[6.806s] INFO:colcon.colcon_core.shell:Creating package descriptor '/home/liliana/ros2_ws/robot-repo-ros2/src/inverse-kinematics/install/rover_arm_moveit_config/share/rover_arm_moveit_config/package.dsv'
[6.808s] INFO:colcon.colcon_core.shell:Creating package script '/home/liliana/ros2_ws/robot-repo-ros2/src/inverse-kinematics/install/rover_arm_moveit_config/share/rover_arm_moveit_config/package.sh'
[6.810s] INFO:colcon.colcon_core.shell:Creating package script '/home/liliana/ros2_ws/robot-repo-ros2/src/inverse-kinematics/install/rover_arm_moveit_config/share/rover_arm_moveit_config/package.bash'
[6.812s] INFO:colcon.colcon_core.shell:Creating package script '/home/liliana/ros2_ws/robot-repo-ros2/src/inverse-kinematics/install/rover_arm_moveit_config/share/rover_arm_moveit_config/package.zsh'
[6.814s] Level 1:colcon.colcon_core.environment:create_file_with_runtime_dependencies(/home/liliana/ros2_ws/robot-repo-ros2/src/inverse-kinematics/install/rover_arm_moveit_config/share/colcon-core/packages/rover_arm_moveit_config)
[6.815s] DEBUG:colcon.colcon_parallel_executor.executor.parallel:closing loop
[6.817s] DEBUG:colcon.colcon_parallel_executor.executor.parallel:loop closed
[6.818s] DEBUG:colcon.colcon_parallel_executor.executor.parallel:run_until_complete finished with '0'
[6.818s] DEBUG:colcon.colcon_core.event_reactor:joining thread
[6.834s] INFO:colcon.colcon_core.plugin_system:Skipping extension 'colcon_notification.desktop_notification.terminal_notifier': Not used on non-Darwin systems
[6.835s] INFO:colcon.colcon_core.plugin_system:Skipping extension 'colcon_notification.desktop_notification.win32': Not used on non-Windows systems
[6.835s] INFO:colcon.colcon_notification.desktop_notification:Sending desktop notification using 'notify2'
[6.880s] DEBUG:colcon.colcon_core.event_reactor:joined thread
[6.881s] INFO:colcon.colcon_core.shell:Creating prefix script '/home/liliana/ros2_ws/robot-repo-ros2/src/inverse-kinematics/install/local_setup.ps1'
[6.885s] INFO:colcon.colcon_core.shell:Creating prefix util module '/home/liliana/ros2_ws/robot-repo-ros2/src/inverse-kinematics/install/_local_setup_util_ps1.py'
[6.893s] INFO:colcon.colcon_core.shell:Creating prefix chain script '/home/liliana/ros2_ws/robot-repo-ros2/src/inverse-kinematics/install/setup.ps1'
[6.906s] INFO:colcon.colcon_core.shell:Creating prefix script '/home/liliana/ros2_ws/robot-repo-ros2/src/inverse-kinematics/install/local_setup.sh'
[6.910s] INFO:colcon.colcon_core.shell:Creating prefix util module '/home/liliana/ros2_ws/robot-repo-ros2/src/inverse-kinematics/install/_local_setup_util_sh.py'
[6.912s] INFO:colcon.colcon_core.shell:Creating prefix chain script '/home/liliana/ros2_ws/robot-repo-ros2/src/inverse-kinematics/install/setup.sh'
[6.924s] INFO:colcon.colcon_core.shell:Creating prefix script '/home/liliana/ros2_ws/robot-repo-ros2/src/inverse-kinematics/install/local_setup.bash'
[6.926s] INFO:colcon.colcon_core.shell:Creating prefix chain script '/home/liliana/ros2_ws/robot-repo-ros2/src/inverse-kinematics/install/setup.bash'
[6.939s] INFO:colcon.colcon_core.shell:Creating prefix script '/home/liliana/ros2_ws/robot-repo-ros2/src/inverse-kinematics/install/local_setup.zsh'
[6.941s] INFO:colcon.colcon_core.shell:Creating prefix chain script '/home/liliana/ros2_ws/robot-repo-ros2/src/inverse-kinematics/install/setup.zsh'
