[0.383s] DEBUG:colcon:Command line arguments: ['/usr/bin/colcon', 'build', '--packages-select', 'ceres_moveit_config']
[0.383s] DEBUG:colcon:Parsed command line arguments: Namespace(log_base=None, log_level=None, verb_name='build', build_base='build', install_base='install', merge_install=False, symlink_install=False, test_result_base=None, continue_on_error=False, executor='parallel', parallel_workers=6, event_handlers=None, ignore_user_meta=False, metas=['./colcon.meta'], base_paths=['.'], packages_ignore=None, packages_ignore_regex=None, paths=None, packages_up_to=None, packages_up_to_regex=None, packages_above=None, packages_above_and_dependencies=None, packages_above_depth=None, packages_select_by_dep=None, packages_skip_by_dep=None, packages_skip_up_to=None, packages_select_build_failed=False, packages_skip_build_finished=False, packages_select_test_failures=False, packages_skip_test_passed=False, packages_select=['ceres_moveit_config'], packages_skip=None, packages_select_regex=None, packages_skip_regex=None, packages_start=None, packages_end=None, allow_overriding=[], cmake_args=None, cmake_target=None, cmake_target_skip_unavailable=False, cmake_clean_cache=False, cmake_clean_first=False, cmake_force_configure=False, ament_cmake_args=None, catkin_cmake_args=None, catkin_skip_building_tests=False, mixin_files=None, mixin=None, verb_parser=<colcon_mixin.mixin.mixin_argument.MixinArgumentDecorator object at 0x725fec29c6a0>, verb_extension=<colcon_core.verb.build.BuildVerb object at 0x725fec25bfa0>, main=<bound method BuildVerb.main of <colcon_core.verb.build.BuildVerb object at 0x725fec25bfa0>>, mixin_verb=('build',))
[1.205s] Level 1:colcon.colcon_core.package_discovery:discover_packages(colcon_meta) check parameters
[1.205s] Level 1:colcon.colcon_core.package_discovery:discover_packages(recursive) check parameters
[1.205s] Level 1:colcon.colcon_core.package_discovery:discover_packages(ignore) check parameters
[1.206s] Level 1:colcon.colcon_core.package_discovery:discover_packages(path) check parameters
[1.206s] Level 1:colcon.colcon_core.package_discovery:discover_packages(colcon_meta) discover
[1.206s] Level 1:colcon.colcon_core.package_discovery:discover_packages(recursive) discover
[1.206s] INFO:colcon.colcon_core.package_discovery:Crawling recursively for packages in '/home/liliana/ros2_ws/robot-repo-ros2/src'
[1.206s] Level 1:colcon.colcon_core.package_identification:_identify(.) by extensions ['ignore', 'ignore_ament_install']
[1.206s] Level 1:colcon.colcon_core.package_identification:_identify(.) by extension 'ignore'
[1.207s] Level 1:colcon.colcon_core.package_identification:_identify(.) by extension 'ignore_ament_install'
[1.207s] Level 1:colcon.colcon_core.package_identification:_identify(.) by extensions ['colcon_pkg']
[1.207s] Level 1:colcon.colcon_core.package_identification:_identify(.) by extension 'colcon_pkg'
[1.207s] Level 1:colcon.colcon_core.package_identification:_identify(.) by extensions ['colcon_meta']
[1.207s] Level 1:colcon.colcon_core.package_identification:_identify(.) by extension 'colcon_meta'
[1.207s] Level 1:colcon.colcon_core.package_identification:_identify(.) by extensions ['ros']
[1.207s] Level 1:colcon.colcon_core.package_identification:_identify(.) by extension 'ros'
[1.244s] Level 1:colcon.colcon_core.package_identification:_identify(.) by extensions ['cmake', 'python']
[1.244s] Level 1:colcon.colcon_core.package_identification:_identify(.) by extension 'cmake'
[1.244s] Level 1:colcon.colcon_core.package_identification:_identify(.) by extension 'python'
[1.245s] Level 1:colcon.colcon_core.package_identification:_identify(.) by extensions ['python_setup_py']
[1.245s] Level 1:colcon.colcon_core.package_identification:_identify(.) by extension 'python_setup_py'
[1.245s] Level 1:colcon.colcon_core.package_identification:_identify(absenc_interface) by extensions ['ignore', 'ignore_ament_install']
[1.245s] Level 1:colcon.colcon_core.package_identification:_identify(absenc_interface) by extension 'ignore'
[1.245s] Level 1:colcon.colcon_core.package_identification:_identify(absenc_interface) by extension 'ignore_ament_install'
[1.245s] Level 1:colcon.colcon_core.package_identification:_identify(absenc_interface) by extensions ['colcon_pkg']
[1.245s] Level 1:colcon.colcon_core.package_identification:_identify(absenc_interface) by extension 'colcon_pkg'
[1.246s] Level 1:colcon.colcon_core.package_identification:_identify(absenc_interface) by extensions ['colcon_meta']
[1.246s] Level 1:colcon.colcon_core.package_identification:_identify(absenc_interface) by extension 'colcon_meta'
[1.246s] Level 1:colcon.colcon_core.package_identification:_identify(absenc_interface) by extensions ['ros']
[1.246s] Level 1:colcon.colcon_core.package_identification:_identify(absenc_interface) by extension 'ros'
[1.269s] DEBUG:colcon.colcon_core.package_identification:Package 'absenc_interface' with type 'ros.ament_cmake' and name 'absenc_interface'
[1.270s] Level 1:colcon.colcon_core.package_identification:_identify(arm_controller) by extensions ['ignore', 'ignore_ament_install']
[1.270s] Level 1:colcon.colcon_core.package_identification:_identify(arm_controller) by extension 'ignore'
[1.271s] Level 1:colcon.colcon_core.package_identification:_identify(arm_controller) by extension 'ignore_ament_install'
[1.271s] Level 1:colcon.colcon_core.package_identification:_identify(arm_controller) by extensions ['colcon_pkg']
[1.271s] Level 1:colcon.colcon_core.package_identification:_identify(arm_controller) by extension 'colcon_pkg'
[1.271s] Level 1:colcon.colcon_core.package_identification:_identify(arm_controller) by extensions ['colcon_meta']
[1.271s] Level 1:colcon.colcon_core.package_identification:_identify(arm_controller) by extension 'colcon_meta'
[1.271s] Level 1:colcon.colcon_core.package_identification:_identify(arm_controller) by extensions ['ros']
[1.271s] Level 1:colcon.colcon_core.package_identification:_identify(arm_controller) by extension 'ros'
[1.274s] DEBUG:colcon.colcon_core.package_identification:Package 'arm_controller' with type 'ros.ament_cmake' and name 'arm_controller'
[1.275s] Level 1:colcon.colcon_core.package_identification:_identify(arm_plugin) by extensions ['ignore', 'ignore_ament_install']
[1.275s] Level 1:colcon.colcon_core.package_identification:_identify(arm_plugin) by extension 'ignore'
[1.275s] Level 1:colcon.colcon_core.package_identification:_identify(arm_plugin) by extension 'ignore_ament_install'
[1.275s] Level 1:colcon.colcon_core.package_identification:_identify(arm_plugin) by extensions ['colcon_pkg']
[1.276s] Level 1:colcon.colcon_core.package_identification:_identify(arm_plugin) by extension 'colcon_pkg'
[1.276s] Level 1:colcon.colcon_core.package_identification:_identify(arm_plugin) by extensions ['colcon_meta']
[1.276s] Level 1:colcon.colcon_core.package_identification:_identify(arm_plugin) by extension 'colcon_meta'
[1.276s] Level 1:colcon.colcon_core.package_identification:_identify(arm_plugin) by extensions ['ros']
[1.276s] Level 1:colcon.colcon_core.package_identification:_identify(arm_plugin) by extension 'ros'
[1.279s] DEBUG:colcon.colcon_core.package_identification:Package 'arm_plugin' with type 'ros.ament_cmake' and name 'arm_plugin'
[1.280s] Level 1:colcon.colcon_core.package_identification:_identify(build) by extensions ['ignore', 'ignore_ament_install']
[1.280s] Level 1:colcon.colcon_core.package_identification:_identify(build) by extension 'ignore'
[1.280s] Level 1:colcon.colcon_core.package_identification:_identify(build) ignored
[1.280s] Level 1:colcon.colcon_core.package_identification:_identify(ceres_moveit_config) by extensions ['ignore', 'ignore_ament_install']
[1.280s] Level 1:colcon.colcon_core.package_identification:_identify(ceres_moveit_config) by extension 'ignore'
[1.281s] Level 1:colcon.colcon_core.package_identification:_identify(ceres_moveit_config) by extension 'ignore_ament_install'
[1.281s] Level 1:colcon.colcon_core.package_identification:_identify(ceres_moveit_config) by extensions ['colcon_pkg']
[1.281s] Level 1:colcon.colcon_core.package_identification:_identify(ceres_moveit_config) by extension 'colcon_pkg'
[1.281s] Level 1:colcon.colcon_core.package_identification:_identify(ceres_moveit_config) by extensions ['colcon_meta']
[1.281s] Level 1:colcon.colcon_core.package_identification:_identify(ceres_moveit_config) by extension 'colcon_meta'
[1.281s] Level 1:colcon.colcon_core.package_identification:_identify(ceres_moveit_config) by extensions ['ros']
[1.281s] Level 1:colcon.colcon_core.package_identification:_identify(ceres_moveit_config) by extension 'ros'
[1.285s] DEBUG:colcon.colcon_core.package_identification:Package 'ceres_moveit_config' with type 'ros.ament_cmake' and name 'ceres_moveit_config'
[1.286s] Level 1:colcon.colcon_core.package_identification:_identify(ceres_urdf) by extensions ['ignore', 'ignore_ament_install']
[1.286s] Level 1:colcon.colcon_core.package_identification:_identify(ceres_urdf) by extension 'ignore'
[1.286s] Level 1:colcon.colcon_core.package_identification:_identify(ceres_urdf) by extension 'ignore_ament_install'
[1.286s] Level 1:colcon.colcon_core.package_identification:_identify(ceres_urdf) by extensions ['colcon_pkg']
[1.286s] Level 1:colcon.colcon_core.package_identification:_identify(ceres_urdf) by extension 'colcon_pkg'
[1.286s] Level 1:colcon.colcon_core.package_identification:_identify(ceres_urdf) by extensions ['colcon_meta']
[1.286s] Level 1:colcon.colcon_core.package_identification:_identify(ceres_urdf) by extension 'colcon_meta'
[1.286s] Level 1:colcon.colcon_core.package_identification:_identify(ceres_urdf) by extensions ['ros']
[1.287s] Level 1:colcon.colcon_core.package_identification:_identify(ceres_urdf) by extension 'ros'
[1.288s] DEBUG:colcon.colcon_core.package_identification:Package 'ceres_urdf' with type 'ros.ament_cmake' and name 'ceres_urdf'
[1.289s] Level 1:colcon.colcon_core.package_identification:_identify(ik_mux_controller) by extensions ['ignore', 'ignore_ament_install']
[1.289s] Level 1:colcon.colcon_core.package_identification:_identify(ik_mux_controller) by extension 'ignore'
[1.289s] Level 1:colcon.colcon_core.package_identification:_identify(ik_mux_controller) by extension 'ignore_ament_install'
[1.289s] Level 1:colcon.colcon_core.package_identification:_identify(ik_mux_controller) by extensions ['colcon_pkg']
[1.289s] Level 1:colcon.colcon_core.package_identification:_identify(ik_mux_controller) by extension 'colcon_pkg'
[1.290s] Level 1:colcon.colcon_core.package_identification:_identify(ik_mux_controller) by extensions ['colcon_meta']
[1.290s] Level 1:colcon.colcon_core.package_identification:_identify(ik_mux_controller) by extension 'colcon_meta'
[1.290s] Level 1:colcon.colcon_core.package_identification:_identify(ik_mux_controller) by extensions ['ros']
[1.290s] Level 1:colcon.colcon_core.package_identification:_identify(ik_mux_controller) by extension 'ros'
[1.294s] DEBUG:colcon.colcon_core.package_identification:Package 'ik_mux_controller' with type 'ros.ament_cmake' and name 'ik_mux_controller'
[1.294s] Level 1:colcon.colcon_core.package_identification:_identify(install) by extensions ['ignore', 'ignore_ament_install']
[1.294s] Level 1:colcon.colcon_core.package_identification:_identify(install) by extension 'ignore'
[1.294s] Level 1:colcon.colcon_core.package_identification:_identify(install) ignored
[1.295s] Level 1:colcon.colcon_core.package_identification:_identify(joy_mux_controller) by extensions ['ignore', 'ignore_ament_install']
[1.296s] Level 1:colcon.colcon_core.package_identification:_identify(joy_mux_controller) by extension 'ignore'
[1.296s] Level 1:colcon.colcon_core.package_identification:_identify(joy_mux_controller) by extension 'ignore_ament_install'
[1.296s] Level 1:colcon.colcon_core.package_identification:_identify(joy_mux_controller) by extensions ['colcon_pkg']
[1.296s] Level 1:colcon.colcon_core.package_identification:_identify(joy_mux_controller) by extension 'colcon_pkg'
[1.296s] Level 1:colcon.colcon_core.package_identification:_identify(joy_mux_controller) by extensions ['colcon_meta']
[1.296s] Level 1:colcon.colcon_core.package_identification:_identify(joy_mux_controller) by extension 'colcon_meta'
[1.296s] Level 1:colcon.colcon_core.package_identification:_identify(joy_mux_controller) by extensions ['ros']
[1.296s] Level 1:colcon.colcon_core.package_identification:_identify(joy_mux_controller) by extension 'ros'
[1.299s] DEBUG:colcon.colcon_core.package_identification:Package 'joy_mux_controller' with type 'ros.ament_python' and name 'joy_mux_controller'
[1.300s] Level 1:colcon.colcon_core.package_identification:_identify(log) by extensions ['ignore', 'ignore_ament_install']
[1.300s] Level 1:colcon.colcon_core.package_identification:_identify(log) by extension 'ignore'
[1.300s] Level 1:colcon.colcon_core.package_identification:_identify(log) ignored
[1.301s] Level 1:colcon.colcon_core.package_identification:_identify(object_recognition) by extensions ['ignore', 'ignore_ament_install']
[1.302s] Level 1:colcon.colcon_core.package_identification:_identify(object_recognition) by extension 'ignore'
[1.302s] Level 1:colcon.colcon_core.package_identification:_identify(object_recognition) by extension 'ignore_ament_install'
[1.302s] Level 1:colcon.colcon_core.package_identification:_identify(object_recognition) by extensions ['colcon_pkg']
[1.302s] Level 1:colcon.colcon_core.package_identification:_identify(object_recognition) by extension 'colcon_pkg'
[1.302s] Level 1:colcon.colcon_core.package_identification:_identify(object_recognition) by extensions ['colcon_meta']
[1.302s] Level 1:colcon.colcon_core.package_identification:_identify(object_recognition) by extension 'colcon_meta'
[1.302s] Level 1:colcon.colcon_core.package_identification:_identify(object_recognition) by extensions ['ros']
[1.302s] Level 1:colcon.colcon_core.package_identification:_identify(object_recognition) by extension 'ros'
[1.305s] DEBUG:colcon.colcon_core.package_identification:Package 'object_recognition' with type 'ros.ament_python' and name 'object_recognition'
[1.306s] Level 1:colcon.colcon_core.package_identification:_identify(ros_aruco_opencv) by extensions ['ignore', 'ignore_ament_install']
[1.307s] Level 1:colcon.colcon_core.package_identification:_identify(ros_aruco_opencv) by extension 'ignore'
[1.307s] Level 1:colcon.colcon_core.package_identification:_identify(ros_aruco_opencv) by extension 'ignore_ament_install'
[1.307s] Level 1:colcon.colcon_core.package_identification:_identify(ros_aruco_opencv) by extensions ['colcon_pkg']
[1.307s] Level 1:colcon.colcon_core.package_identification:_identify(ros_aruco_opencv) by extension 'colcon_pkg'
[1.307s] Level 1:colcon.colcon_core.package_identification:_identify(ros_aruco_opencv) by extensions ['colcon_meta']
[1.307s] Level 1:colcon.colcon_core.package_identification:_identify(ros_aruco_opencv) by extension 'colcon_meta'
[1.307s] Level 1:colcon.colcon_core.package_identification:_identify(ros_aruco_opencv) by extensions ['ros']
[1.307s] Level 1:colcon.colcon_core.package_identification:_identify(ros_aruco_opencv) by extension 'ros'
[1.308s] Level 1:colcon.colcon_core.package_identification:_identify(ros_aruco_opencv) by extensions ['cmake', 'python']
[1.308s] Level 1:colcon.colcon_core.package_identification:_identify(ros_aruco_opencv) by extension 'cmake'
[1.308s] Level 1:colcon.colcon_core.package_identification:_identify(ros_aruco_opencv) by extension 'python'
[1.308s] Level 1:colcon.colcon_core.package_identification:_identify(ros_aruco_opencv) by extensions ['python_setup_py']
[1.308s] Level 1:colcon.colcon_core.package_identification:_identify(ros_aruco_opencv) by extension 'python_setup_py'
[1.309s] Level 1:colcon.colcon_core.package_identification:_identify(sil) by extensions ['ignore', 'ignore_ament_install']
[1.310s] Level 1:colcon.colcon_core.package_identification:_identify(sil) by extension 'ignore'
[1.310s] Level 1:colcon.colcon_core.package_identification:_identify(sil) by extension 'ignore_ament_install'
[1.310s] Level 1:colcon.colcon_core.package_identification:_identify(sil) by extensions ['colcon_pkg']
[1.310s] Level 1:colcon.colcon_core.package_identification:_identify(sil) by extension 'colcon_pkg'
[1.310s] Level 1:colcon.colcon_core.package_identification:_identify(sil) by extensions ['colcon_meta']
[1.310s] Level 1:colcon.colcon_core.package_identification:_identify(sil) by extension 'colcon_meta'
[1.310s] Level 1:colcon.colcon_core.package_identification:_identify(sil) by extensions ['ros']
[1.310s] Level 1:colcon.colcon_core.package_identification:_identify(sil) by extension 'ros'
[1.313s] DEBUG:colcon.colcon_core.package_identification:Package 'sil' with type 'ros.ament_cmake' and name 'sil'
[1.315s] Level 1:colcon.colcon_core.package_identification:_identify(ublox) by extensions ['ignore', 'ignore_ament_install']
[1.315s] Level 1:colcon.colcon_core.package_identification:_identify(ublox) by extension 'ignore'
[1.315s] Level 1:colcon.colcon_core.package_identification:_identify(ublox) by extension 'ignore_ament_install'
[1.315s] Level 1:colcon.colcon_core.package_identification:_identify(ublox) by extensions ['colcon_pkg']
[1.315s] Level 1:colcon.colcon_core.package_identification:_identify(ublox) by extension 'colcon_pkg'
[1.315s] Level 1:colcon.colcon_core.package_identification:_identify(ublox) by extensions ['colcon_meta']
[1.315s] Level 1:colcon.colcon_core.package_identification:_identify(ublox) by extension 'colcon_meta'
[1.316s] Level 1:colcon.colcon_core.package_identification:_identify(ublox) by extensions ['ros']
[1.316s] Level 1:colcon.colcon_core.package_identification:_identify(ublox) by extension 'ros'
[1.316s] Level 1:colcon.colcon_core.package_identification:_identify(ublox) by extensions ['cmake', 'python']
[1.316s] Level 1:colcon.colcon_core.package_identification:_identify(ublox) by extension 'cmake'
[1.316s] Level 1:colcon.colcon_core.package_identification:_identify(ublox) by extension 'python'
[1.316s] Level 1:colcon.colcon_core.package_identification:_identify(ublox) by extensions ['python_setup_py']
[1.316s] Level 1:colcon.colcon_core.package_identification:_identify(ublox) by extension 'python_setup_py'
[1.318s] Level 1:colcon.colcon_core.package_identification:_identify(usb_cam) by extensions ['ignore', 'ignore_ament_install']
[1.318s] Level 1:colcon.colcon_core.package_identification:_identify(usb_cam) by extension 'ignore'
[1.318s] Level 1:colcon.colcon_core.package_identification:_identify(usb_cam) by extension 'ignore_ament_install'
[1.318s] Level 1:colcon.colcon_core.package_identification:_identify(usb_cam) by extensions ['colcon_pkg']
[1.318s] Level 1:colcon.colcon_core.package_identification:_identify(usb_cam) by extension 'colcon_pkg'
[1.318s] Level 1:colcon.colcon_core.package_identification:_identify(usb_cam) by extensions ['colcon_meta']
[1.318s] Level 1:colcon.colcon_core.package_identification:_identify(usb_cam) by extension 'colcon_meta'
[1.318s] Level 1:colcon.colcon_core.package_identification:_identify(usb_cam) by extensions ['ros']
[1.318s] Level 1:colcon.colcon_core.package_identification:_identify(usb_cam) by extension 'ros'
[1.340s] DEBUG:colcon.colcon_core.package_identification:Package 'usb_cam' with type 'ros.ament_cmake' and name 'usb_cam'
[1.341s] Level 1:colcon.colcon_core.package_identification:_identify(wheels_controller) by extensions ['ignore', 'ignore_ament_install']
[1.341s] Level 1:colcon.colcon_core.package_identification:_identify(wheels_controller) by extension 'ignore'
[1.341s] Level 1:colcon.colcon_core.package_identification:_identify(wheels_controller) by extension 'ignore_ament_install'
[1.342s] Level 1:colcon.colcon_core.package_identification:_identify(wheels_controller) by extensions ['colcon_pkg']
[1.342s] Level 1:colcon.colcon_core.package_identification:_identify(wheels_controller) by extension 'colcon_pkg'
[1.342s] Level 1:colcon.colcon_core.package_identification:_identify(wheels_controller) by extensions ['colcon_meta']
[1.342s] Level 1:colcon.colcon_core.package_identification:_identify(wheels_controller) by extension 'colcon_meta'
[1.342s] Level 1:colcon.colcon_core.package_identification:_identify(wheels_controller) by extensions ['ros']
[1.342s] Level 1:colcon.colcon_core.package_identification:_identify(wheels_controller) by extension 'ros'
[1.345s] DEBUG:colcon.colcon_core.package_identification:Package 'wheels_controller' with type 'ros.ament_cmake' and name 'wheels_controller'
[1.346s] Level 1:colcon.colcon_core.package_identification:_identify(zed-ros2-wrapper) by extensions ['ignore', 'ignore_ament_install']
[1.346s] Level 1:colcon.colcon_core.package_identification:_identify(zed-ros2-wrapper) by extension 'ignore'
[1.346s] Level 1:colcon.colcon_core.package_identification:_identify(zed-ros2-wrapper) by extension 'ignore_ament_install'
[1.346s] Level 1:colcon.colcon_core.package_identification:_identify(zed-ros2-wrapper) by extensions ['colcon_pkg']
[1.346s] Level 1:colcon.colcon_core.package_identification:_identify(zed-ros2-wrapper) by extension 'colcon_pkg'
[1.347s] Level 1:colcon.colcon_core.package_identification:_identify(zed-ros2-wrapper) by extensions ['colcon_meta']
[1.347s] Level 1:colcon.colcon_core.package_identification:_identify(zed-ros2-wrapper) by extension 'colcon_meta'
[1.347s] Level 1:colcon.colcon_core.package_identification:_identify(zed-ros2-wrapper) by extensions ['ros']
[1.347s] Level 1:colcon.colcon_core.package_identification:_identify(zed-ros2-wrapper) by extension 'ros'
[1.347s] Level 1:colcon.colcon_core.package_identification:_identify(zed-ros2-wrapper) by extensions ['cmake', 'python']
[1.347s] Level 1:colcon.colcon_core.package_identification:_identify(zed-ros2-wrapper) by extension 'cmake'
[1.347s] Level 1:colcon.colcon_core.package_identification:_identify(zed-ros2-wrapper) by extension 'python'
[1.347s] Level 1:colcon.colcon_core.package_identification:_identify(zed-ros2-wrapper) by extensions ['python_setup_py']
[1.347s] Level 1:colcon.colcon_core.package_identification:_identify(zed-ros2-wrapper) by extension 'python_setup_py'
[1.348s] Level 1:colcon.colcon_core.package_discovery:discover_packages(recursive) using defaults
[1.348s] Level 1:colcon.colcon_core.package_discovery:discover_packages(ignore) discover
[1.348s] Level 1:colcon.colcon_core.package_discovery:discover_packages(ignore) using defaults
[1.348s] Level 1:colcon.colcon_core.package_discovery:discover_packages(path) discover
[1.348s] Level 1:colcon.colcon_core.package_discovery:discover_packages(path) using defaults
[1.408s] INFO:colcon.colcon_core.package_selection:Skipping not selected package 'absenc_interface' in 'absenc_interface'
[1.408s] INFO:colcon.colcon_core.package_selection:Skipping not selected package 'arm_controller' in 'arm_controller'
[1.408s] INFO:colcon.colcon_core.package_selection:Skipping not selected package 'arm_plugin' in 'arm_plugin'
[1.408s] INFO:colcon.colcon_core.package_selection:Skipping not selected package 'ceres_urdf' in 'ceres_urdf'
[1.408s] INFO:colcon.colcon_core.package_selection:Skipping not selected package 'ik_mux_controller' in 'ik_mux_controller'
[1.408s] INFO:colcon.colcon_core.package_selection:Skipping not selected package 'joy_mux_controller' in 'joy_mux_controller'
[1.408s] INFO:colcon.colcon_core.package_selection:Skipping not selected package 'object_recognition' in 'object_recognition'
[1.408s] INFO:colcon.colcon_core.package_selection:Skipping not selected package 'sil' in 'sil'
[1.408s] INFO:colcon.colcon_core.package_selection:Skipping not selected package 'usb_cam' in 'usb_cam'
[1.408s] INFO:colcon.colcon_core.package_selection:Skipping not selected package 'wheels_controller' in 'wheels_controller'
[1.409s] Level 1:colcon.colcon_core.package_discovery:discover_packages(prefix_path) check parameters
[1.410s] Level 1:colcon.colcon_core.package_discovery:discover_packages(prefix_path) discover
[1.424s] DEBUG:colcon.colcon_installed_package_information.package_discovery:Found 55 installed packages in /home/liliana/ws_moveit/install
[1.427s] DEBUG:colcon.colcon_installed_package_information.package_discovery:Found 4 installed packages in /home/liliana/ros2_ws/install
[1.428s] DEBUG:colcon.colcon_installed_package_information.package_discovery:Found 2 installed packages in /home/liliana/install
[1.434s] DEBUG:colcon.colcon_installed_package_information.package_discovery:Found 388 installed packages in /opt/ros/humble
[1.440s] Level 1:colcon.colcon_core.package_discovery:discover_packages(prefix_path) using defaults
[1.626s] Level 5:colcon.colcon_core.verb:set package 'ceres_moveit_config' build argument 'cmake_args' from command line to 'None'
[1.626s] Level 5:colcon.colcon_core.verb:set package 'ceres_moveit_config' build argument 'cmake_target' from command line to 'None'
[1.626s] Level 5:colcon.colcon_core.verb:set package 'ceres_moveit_config' build argument 'cmake_target_skip_unavailable' from command line to 'False'
[1.626s] Level 5:colcon.colcon_core.verb:set package 'ceres_moveit_config' build argument 'cmake_clean_cache' from command line to 'False'
[1.626s] Level 5:colcon.colcon_core.verb:set package 'ceres_moveit_config' build argument 'cmake_clean_first' from command line to 'False'
[1.626s] Level 5:colcon.colcon_core.verb:set package 'ceres_moveit_config' build argument 'cmake_force_configure' from command line to 'False'
[1.626s] Level 5:colcon.colcon_core.verb:set package 'ceres_moveit_config' build argument 'ament_cmake_args' from command line to 'None'
[1.627s] Level 5:colcon.colcon_core.verb:set package 'ceres_moveit_config' build argument 'catkin_cmake_args' from command line to 'None'
[1.627s] Level 5:colcon.colcon_core.verb:set package 'ceres_moveit_config' build argument 'catkin_skip_building_tests' from command line to 'False'
[1.627s] DEBUG:colcon.colcon_core.verb:Building package 'ceres_moveit_config' with the following arguments: {'ament_cmake_args': None, 'build_base': '/home/liliana/ros2_ws/robot-repo-ros2/src/build/ceres_moveit_config', 'catkin_cmake_args': None, 'catkin_skip_building_tests': False, 'cmake_args': None, 'cmake_clean_cache': False, 'cmake_clean_first': False, 'cmake_force_configure': False, 'cmake_target': None, 'cmake_target_skip_unavailable': False, 'install_base': '/home/liliana/ros2_ws/robot-repo-ros2/src/install/ceres_moveit_config', 'merge_install': False, 'path': '/home/liliana/ros2_ws/robot-repo-ros2/src/ceres_moveit_config', 'symlink_install': False, 'test_result_base': None}
[1.627s] INFO:colcon.colcon_core.executor:Executing jobs using 'parallel' executor
[1.631s] DEBUG:colcon.colcon_parallel_executor.executor.parallel:run_until_complete
[1.632s] INFO:colcon.colcon_ros.task.ament_cmake.build:Building ROS package in '/home/liliana/ros2_ws/robot-repo-ros2/src/ceres_moveit_config' with build type 'ament_cmake'
[1.632s] INFO:colcon.colcon_cmake.task.cmake.build:Building CMake package in '/home/liliana/ros2_ws/robot-repo-ros2/src/ceres_moveit_config'
[1.641s] INFO:colcon.colcon_core.plugin_system:Skipping extension 'colcon_core.shell.bat': Not used on non-Windows systems
[1.641s] INFO:colcon.colcon_core.shell:Skip shell extension 'powershell' for command environment: Not usable outside of PowerShell
[1.641s] DEBUG:colcon.colcon_core.shell:Skip shell extension 'dsv' for command environment
[1.717s] DEBUG:colcon.colcon_core.event_handler.log_command:Invoking command in '/home/liliana/ros2_ws/robot-repo-ros2/src/build/ceres_moveit_config': AMENT_PREFIX_PATH=/home/liliana/ros2_ws/robot-repo-ros2/src/install/ceres_urdf:${AMENT_PREFIX_PATH} CMAKE_PREFIX_PATH=/home/liliana/ros2_ws/robot-repo-ros2/src/install/ceres_urdf:/home/liliana/ws_moveit/install/pilz_industrial_motion_planner_testutils:/home/liliana/ws_moveit/install/moveit_runtime:/home/liliana/ws_moveit/install/moveit2_tutorials:/home/liliana/ws_moveit/install/moveit:/home/liliana/ws_moveit/install/moveit_planners:/home/liliana/ws_moveit/install/pilz_industrial_motion_planner:/home/liliana/ws_moveit/install/moveit_visual_tools:/home/liliana/ws_moveit/install/moveit_task_constructor_visualization:/home/liliana/ws_moveit/install/moveit_task_constructor_demo:/home/liliana/ws_moveit/install/moveit_task_constructor_capabilities:/home/liliana/ws_moveit/install/moveit_task_constructor_core:/home/liliana/ws_moveit/install/moveit_ros_control_interface:/home/liliana/ws_moveit/install/moveit_plugins:/home/liliana/ws_moveit/install/moveit_simple_controller_manager:/home/liliana/ws_moveit/install/moveit_setup_assistant:/home/liliana/ws_moveit/install/moveit_setup_srdf_plugins:/home/liliana/ws_moveit/install/moveit_setup_core_plugins:/home/liliana/ws_moveit/install/moveit_setup_controllers:/home/liliana/ws_moveit/install/moveit_setup_app_plugins:/home/liliana/ws_moveit/install/moveit_setup_framework:/home/liliana/ws_moveit/install/moveit_servo:/home/liliana/ws_moveit/install/moveit_ros:/home/liliana/ws_moveit/install/moveit_ros_visualization:/home/liliana/ws_moveit/install/moveit_hybrid_planning:/home/liliana/ws_moveit/install/moveit_ros_planning_interface:/home/liliana/ws_moveit/install/moveit_ros_benchmarks:/home/liliana/ws_moveit/install/moveit_ros_warehouse:/home/liliana/ws_moveit/install/moveit_ros_robot_interaction:/home/liliana/ws_moveit/install/moveit_ros_perception:/home/liliana/ws_moveit/install/moveit_resources_prbt_pg70_support:/home/liliana/ws_moveit/install/moveit_resources_prbt_moveit_config:/home/liliana/ws_moveit/install/moveit_ros_move_group:/home/liliana/ws_moveit/install/moveit_planners_ompl:/home/liliana/ws_moveit/install/moveit_ros_planning:/home/liliana/ws_moveit/install/moveit_ros_occupancy_map_monitor:/home/liliana/ws_moveit/install/moveit_resources_prbt_ikfast_manipulator_plugin:/home/liliana/ws_moveit/install/moveit_planners_chomp:/home/liliana/ws_moveit/install/moveit_kinematics:/home/liliana/ws_moveit/install/moveit_chomp_optimizer_adapter:/home/liliana/ws_moveit/install/chomp_motion_planner:/home/liliana/ws_moveit/install/moveit_core:/home/liliana/ws_moveit/install/srdfdom:/home/liliana/ws_moveit/install/rviz_marker_tools:/home/liliana/ws_moveit/install/rosparam_shortcuts:/home/liliana/ws_moveit/install/moveit_task_constructor_msgs:/home/liliana/ws_moveit/install/moveit_resources_prbt_support:/home/liliana/ws_moveit/install/moveit_resources:/home/liliana/ws_moveit/install/moveit_resources_pr2_description:/home/liliana/ws_moveit/install/moveit_resources_panda_moveit_config:/home/liliana/ws_moveit/install/moveit_resources_panda_description:/home/liliana/ws_moveit/install/moveit_resources_fanuc_moveit_config:/home/liliana/ws_moveit/install/moveit_resources_fanuc_description:/home/liliana/ws_moveit/install/moveit_common:/home/liliana/ros2_ws/install/my_cpp_pkg:/home/liliana/ros2_ws/install/ceres_urdf:/home/liliana/install/my_cpp_pkg:/home/liliana/ws_moveit/install/moveit_configs_utils:/home/liliana/ws_moveit/install/launch_param_builder:/home/liliana/ros2_ws/install/my_py_pkg:/home/liliana/install/my_py_pkg:/opt/ros/humble /usr/bin/cmake /home/liliana/ros2_ws/robot-repo-ros2/src/ceres_moveit_config -DCMAKE_INSTALL_PREFIX=/home/liliana/ros2_ws/robot-repo-ros2/src/install/ceres_moveit_config
[5.974s] DEBUG:colcon.colcon_core.event_handler.log_command:Invoked command in '/home/liliana/ros2_ws/robot-repo-ros2/src/build/ceres_moveit_config' returned '0': AMENT_PREFIX_PATH=/home/liliana/ros2_ws/robot-repo-ros2/src/install/ceres_urdf:${AMENT_PREFIX_PATH} CMAKE_PREFIX_PATH=/home/liliana/ros2_ws/robot-repo-ros2/src/install/ceres_urdf:/home/liliana/ws_moveit/install/pilz_industrial_motion_planner_testutils:/home/liliana/ws_moveit/install/moveit_runtime:/home/liliana/ws_moveit/install/moveit2_tutorials:/home/liliana/ws_moveit/install/moveit:/home/liliana/ws_moveit/install/moveit_planners:/home/liliana/ws_moveit/install/pilz_industrial_motion_planner:/home/liliana/ws_moveit/install/moveit_visual_tools:/home/liliana/ws_moveit/install/moveit_task_constructor_visualization:/home/liliana/ws_moveit/install/moveit_task_constructor_demo:/home/liliana/ws_moveit/install/moveit_task_constructor_capabilities:/home/liliana/ws_moveit/install/moveit_task_constructor_core:/home/liliana/ws_moveit/install/moveit_ros_control_interface:/home/liliana/ws_moveit/install/moveit_plugins:/home/liliana/ws_moveit/install/moveit_simple_controller_manager:/home/liliana/ws_moveit/install/moveit_setup_assistant:/home/liliana/ws_moveit/install/moveit_setup_srdf_plugins:/home/liliana/ws_moveit/install/moveit_setup_core_plugins:/home/liliana/ws_moveit/install/moveit_setup_controllers:/home/liliana/ws_moveit/install/moveit_setup_app_plugins:/home/liliana/ws_moveit/install/moveit_setup_framework:/home/liliana/ws_moveit/install/moveit_servo:/home/liliana/ws_moveit/install/moveit_ros:/home/liliana/ws_moveit/install/moveit_ros_visualization:/home/liliana/ws_moveit/install/moveit_hybrid_planning:/home/liliana/ws_moveit/install/moveit_ros_planning_interface:/home/liliana/ws_moveit/install/moveit_ros_benchmarks:/home/liliana/ws_moveit/install/moveit_ros_warehouse:/home/liliana/ws_moveit/install/moveit_ros_robot_interaction:/home/liliana/ws_moveit/install/moveit_ros_perception:/home/liliana/ws_moveit/install/moveit_resources_prbt_pg70_support:/home/liliana/ws_moveit/install/moveit_resources_prbt_moveit_config:/home/liliana/ws_moveit/install/moveit_ros_move_group:/home/liliana/ws_moveit/install/moveit_planners_ompl:/home/liliana/ws_moveit/install/moveit_ros_planning:/home/liliana/ws_moveit/install/moveit_ros_occupancy_map_monitor:/home/liliana/ws_moveit/install/moveit_resources_prbt_ikfast_manipulator_plugin:/home/liliana/ws_moveit/install/moveit_planners_chomp:/home/liliana/ws_moveit/install/moveit_kinematics:/home/liliana/ws_moveit/install/moveit_chomp_optimizer_adapter:/home/liliana/ws_moveit/install/chomp_motion_planner:/home/liliana/ws_moveit/install/moveit_core:/home/liliana/ws_moveit/install/srdfdom:/home/liliana/ws_moveit/install/rviz_marker_tools:/home/liliana/ws_moveit/install/rosparam_shortcuts:/home/liliana/ws_moveit/install/moveit_task_constructor_msgs:/home/liliana/ws_moveit/install/moveit_resources_prbt_support:/home/liliana/ws_moveit/install/moveit_resources:/home/liliana/ws_moveit/install/moveit_resources_pr2_description:/home/liliana/ws_moveit/install/moveit_resources_panda_moveit_config:/home/liliana/ws_moveit/install/moveit_resources_panda_description:/home/liliana/ws_moveit/install/moveit_resources_fanuc_moveit_config:/home/liliana/ws_moveit/install/moveit_resources_fanuc_description:/home/liliana/ws_moveit/install/moveit_common:/home/liliana/ros2_ws/install/my_cpp_pkg:/home/liliana/ros2_ws/install/ceres_urdf:/home/liliana/install/my_cpp_pkg:/home/liliana/ws_moveit/install/moveit_configs_utils:/home/liliana/ws_moveit/install/launch_param_builder:/home/liliana/ros2_ws/install/my_py_pkg:/home/liliana/install/my_py_pkg:/opt/ros/humble /usr/bin/cmake /home/liliana/ros2_ws/robot-repo-ros2/src/ceres_moveit_config -DCMAKE_INSTALL_PREFIX=/home/liliana/ros2_ws/robot-repo-ros2/src/install/ceres_moveit_config
[5.980s] DEBUG:colcon.colcon_core.event_handler.log_command:Invoking command in '/home/liliana/ros2_ws/robot-repo-ros2/src/build/ceres_moveit_config': AMENT_PREFIX_PATH=/home/liliana/ros2_ws/robot-repo-ros2/src/install/ceres_urdf:${AMENT_PREFIX_PATH} CMAKE_PREFIX_PATH=/home/liliana/ros2_ws/robot-repo-ros2/src/install/ceres_urdf:/home/liliana/ws_moveit/install/pilz_industrial_motion_planner_testutils:/home/liliana/ws_moveit/install/moveit_runtime:/home/liliana/ws_moveit/install/moveit2_tutorials:/home/liliana/ws_moveit/install/moveit:/home/liliana/ws_moveit/install/moveit_planners:/home/liliana/ws_moveit/install/pilz_industrial_motion_planner:/home/liliana/ws_moveit/install/moveit_visual_tools:/home/liliana/ws_moveit/install/moveit_task_constructor_visualization:/home/liliana/ws_moveit/install/moveit_task_constructor_demo:/home/liliana/ws_moveit/install/moveit_task_constructor_capabilities:/home/liliana/ws_moveit/install/moveit_task_constructor_core:/home/liliana/ws_moveit/install/moveit_ros_control_interface:/home/liliana/ws_moveit/install/moveit_plugins:/home/liliana/ws_moveit/install/moveit_simple_controller_manager:/home/liliana/ws_moveit/install/moveit_setup_assistant:/home/liliana/ws_moveit/install/moveit_setup_srdf_plugins:/home/liliana/ws_moveit/install/moveit_setup_core_plugins:/home/liliana/ws_moveit/install/moveit_setup_controllers:/home/liliana/ws_moveit/install/moveit_setup_app_plugins:/home/liliana/ws_moveit/install/moveit_setup_framework:/home/liliana/ws_moveit/install/moveit_servo:/home/liliana/ws_moveit/install/moveit_ros:/home/liliana/ws_moveit/install/moveit_ros_visualization:/home/liliana/ws_moveit/install/moveit_hybrid_planning:/home/liliana/ws_moveit/install/moveit_ros_planning_interface:/home/liliana/ws_moveit/install/moveit_ros_benchmarks:/home/liliana/ws_moveit/install/moveit_ros_warehouse:/home/liliana/ws_moveit/install/moveit_ros_robot_interaction:/home/liliana/ws_moveit/install/moveit_ros_perception:/home/liliana/ws_moveit/install/moveit_resources_prbt_pg70_support:/home/liliana/ws_moveit/install/moveit_resources_prbt_moveit_config:/home/liliana/ws_moveit/install/moveit_ros_move_group:/home/liliana/ws_moveit/install/moveit_planners_ompl:/home/liliana/ws_moveit/install/moveit_ros_planning:/home/liliana/ws_moveit/install/moveit_ros_occupancy_map_monitor:/home/liliana/ws_moveit/install/moveit_resources_prbt_ikfast_manipulator_plugin:/home/liliana/ws_moveit/install/moveit_planners_chomp:/home/liliana/ws_moveit/install/moveit_kinematics:/home/liliana/ws_moveit/install/moveit_chomp_optimizer_adapter:/home/liliana/ws_moveit/install/chomp_motion_planner:/home/liliana/ws_moveit/install/moveit_core:/home/liliana/ws_moveit/install/srdfdom:/home/liliana/ws_moveit/install/rviz_marker_tools:/home/liliana/ws_moveit/install/rosparam_shortcuts:/home/liliana/ws_moveit/install/moveit_task_constructor_msgs:/home/liliana/ws_moveit/install/moveit_resources_prbt_support:/home/liliana/ws_moveit/install/moveit_resources:/home/liliana/ws_moveit/install/moveit_resources_pr2_description:/home/liliana/ws_moveit/install/moveit_resources_panda_moveit_config:/home/liliana/ws_moveit/install/moveit_resources_panda_description:/home/liliana/ws_moveit/install/moveit_resources_fanuc_moveit_config:/home/liliana/ws_moveit/install/moveit_resources_fanuc_description:/home/liliana/ws_moveit/install/moveit_common:/home/liliana/ros2_ws/install/my_cpp_pkg:/home/liliana/ros2_ws/install/ceres_urdf:/home/liliana/install/my_cpp_pkg:/home/liliana/ws_moveit/install/moveit_configs_utils:/home/liliana/ws_moveit/install/launch_param_builder:/home/liliana/ros2_ws/install/my_py_pkg:/home/liliana/install/my_py_pkg:/opt/ros/humble /usr/bin/cmake --build /home/liliana/ros2_ws/robot-repo-ros2/src/build/ceres_moveit_config -- -j6 -l6
[6.126s] DEBUG:colcon.colcon_core.event_handler.log_command:Invoked command in '/home/liliana/ros2_ws/robot-repo-ros2/src/build/ceres_moveit_config' returned '0': AMENT_PREFIX_PATH=/home/liliana/ros2_ws/robot-repo-ros2/src/install/ceres_urdf:${AMENT_PREFIX_PATH} CMAKE_PREFIX_PATH=/home/liliana/ros2_ws/robot-repo-ros2/src/install/ceres_urdf:/home/liliana/ws_moveit/install/pilz_industrial_motion_planner_testutils:/home/liliana/ws_moveit/install/moveit_runtime:/home/liliana/ws_moveit/install/moveit2_tutorials:/home/liliana/ws_moveit/install/moveit:/home/liliana/ws_moveit/install/moveit_planners:/home/liliana/ws_moveit/install/pilz_industrial_motion_planner:/home/liliana/ws_moveit/install/moveit_visual_tools:/home/liliana/ws_moveit/install/moveit_task_constructor_visualization:/home/liliana/ws_moveit/install/moveit_task_constructor_demo:/home/liliana/ws_moveit/install/moveit_task_constructor_capabilities:/home/liliana/ws_moveit/install/moveit_task_constructor_core:/home/liliana/ws_moveit/install/moveit_ros_control_interface:/home/liliana/ws_moveit/install/moveit_plugins:/home/liliana/ws_moveit/install/moveit_simple_controller_manager:/home/liliana/ws_moveit/install/moveit_setup_assistant:/home/liliana/ws_moveit/install/moveit_setup_srdf_plugins:/home/liliana/ws_moveit/install/moveit_setup_core_plugins:/home/liliana/ws_moveit/install/moveit_setup_controllers:/home/liliana/ws_moveit/install/moveit_setup_app_plugins:/home/liliana/ws_moveit/install/moveit_setup_framework:/home/liliana/ws_moveit/install/moveit_servo:/home/liliana/ws_moveit/install/moveit_ros:/home/liliana/ws_moveit/install/moveit_ros_visualization:/home/liliana/ws_moveit/install/moveit_hybrid_planning:/home/liliana/ws_moveit/install/moveit_ros_planning_interface:/home/liliana/ws_moveit/install/moveit_ros_benchmarks:/home/liliana/ws_moveit/install/moveit_ros_warehouse:/home/liliana/ws_moveit/install/moveit_ros_robot_interaction:/home/liliana/ws_moveit/install/moveit_ros_perception:/home/liliana/ws_moveit/install/moveit_resources_prbt_pg70_support:/home/liliana/ws_moveit/install/moveit_resources_prbt_moveit_config:/home/liliana/ws_moveit/install/moveit_ros_move_group:/home/liliana/ws_moveit/install/moveit_planners_ompl:/home/liliana/ws_moveit/install/moveit_ros_planning:/home/liliana/ws_moveit/install/moveit_ros_occupancy_map_monitor:/home/liliana/ws_moveit/install/moveit_resources_prbt_ikfast_manipulator_plugin:/home/liliana/ws_moveit/install/moveit_planners_chomp:/home/liliana/ws_moveit/install/moveit_kinematics:/home/liliana/ws_moveit/install/moveit_chomp_optimizer_adapter:/home/liliana/ws_moveit/install/chomp_motion_planner:/home/liliana/ws_moveit/install/moveit_core:/home/liliana/ws_moveit/install/srdfdom:/home/liliana/ws_moveit/install/rviz_marker_tools:/home/liliana/ws_moveit/install/rosparam_shortcuts:/home/liliana/ws_moveit/install/moveit_task_constructor_msgs:/home/liliana/ws_moveit/install/moveit_resources_prbt_support:/home/liliana/ws_moveit/install/moveit_resources:/home/liliana/ws_moveit/install/moveit_resources_pr2_description:/home/liliana/ws_moveit/install/moveit_resources_panda_moveit_config:/home/liliana/ws_moveit/install/moveit_resources_panda_description:/home/liliana/ws_moveit/install/moveit_resources_fanuc_moveit_config:/home/liliana/ws_moveit/install/moveit_resources_fanuc_description:/home/liliana/ws_moveit/install/moveit_common:/home/liliana/ros2_ws/install/my_cpp_pkg:/home/liliana/ros2_ws/install/ceres_urdf:/home/liliana/install/my_cpp_pkg:/home/liliana/ws_moveit/install/moveit_configs_utils:/home/liliana/ws_moveit/install/launch_param_builder:/home/liliana/ros2_ws/install/my_py_pkg:/home/liliana/install/my_py_pkg:/opt/ros/humble /usr/bin/cmake --build /home/liliana/ros2_ws/robot-repo-ros2/src/build/ceres_moveit_config -- -j6 -l6
[6.161s] DEBUG:colcon.colcon_core.event_handler.log_command:Invoking command in '/home/liliana/ros2_ws/robot-repo-ros2/src/build/ceres_moveit_config': AMENT_PREFIX_PATH=/home/liliana/ros2_ws/robot-repo-ros2/src/install/ceres_urdf:${AMENT_PREFIX_PATH} CMAKE_PREFIX_PATH=/home/liliana/ros2_ws/robot-repo-ros2/src/install/ceres_urdf:/home/liliana/ws_moveit/install/pilz_industrial_motion_planner_testutils:/home/liliana/ws_moveit/install/moveit_runtime:/home/liliana/ws_moveit/install/moveit2_tutorials:/home/liliana/ws_moveit/install/moveit:/home/liliana/ws_moveit/install/moveit_planners:/home/liliana/ws_moveit/install/pilz_industrial_motion_planner:/home/liliana/ws_moveit/install/moveit_visual_tools:/home/liliana/ws_moveit/install/moveit_task_constructor_visualization:/home/liliana/ws_moveit/install/moveit_task_constructor_demo:/home/liliana/ws_moveit/install/moveit_task_constructor_capabilities:/home/liliana/ws_moveit/install/moveit_task_constructor_core:/home/liliana/ws_moveit/install/moveit_ros_control_interface:/home/liliana/ws_moveit/install/moveit_plugins:/home/liliana/ws_moveit/install/moveit_simple_controller_manager:/home/liliana/ws_moveit/install/moveit_setup_assistant:/home/liliana/ws_moveit/install/moveit_setup_srdf_plugins:/home/liliana/ws_moveit/install/moveit_setup_core_plugins:/home/liliana/ws_moveit/install/moveit_setup_controllers:/home/liliana/ws_moveit/install/moveit_setup_app_plugins:/home/liliana/ws_moveit/install/moveit_setup_framework:/home/liliana/ws_moveit/install/moveit_servo:/home/liliana/ws_moveit/install/moveit_ros:/home/liliana/ws_moveit/install/moveit_ros_visualization:/home/liliana/ws_moveit/install/moveit_hybrid_planning:/home/liliana/ws_moveit/install/moveit_ros_planning_interface:/home/liliana/ws_moveit/install/moveit_ros_benchmarks:/home/liliana/ws_moveit/install/moveit_ros_warehouse:/home/liliana/ws_moveit/install/moveit_ros_robot_interaction:/home/liliana/ws_moveit/install/moveit_ros_perception:/home/liliana/ws_moveit/install/moveit_resources_prbt_pg70_support:/home/liliana/ws_moveit/install/moveit_resources_prbt_moveit_config:/home/liliana/ws_moveit/install/moveit_ros_move_group:/home/liliana/ws_moveit/install/moveit_planners_ompl:/home/liliana/ws_moveit/install/moveit_ros_planning:/home/liliana/ws_moveit/install/moveit_ros_occupancy_map_monitor:/home/liliana/ws_moveit/install/moveit_resources_prbt_ikfast_manipulator_plugin:/home/liliana/ws_moveit/install/moveit_planners_chomp:/home/liliana/ws_moveit/install/moveit_kinematics:/home/liliana/ws_moveit/install/moveit_chomp_optimizer_adapter:/home/liliana/ws_moveit/install/chomp_motion_planner:/home/liliana/ws_moveit/install/moveit_core:/home/liliana/ws_moveit/install/srdfdom:/home/liliana/ws_moveit/install/rviz_marker_tools:/home/liliana/ws_moveit/install/rosparam_shortcuts:/home/liliana/ws_moveit/install/moveit_task_constructor_msgs:/home/liliana/ws_moveit/install/moveit_resources_prbt_support:/home/liliana/ws_moveit/install/moveit_resources:/home/liliana/ws_moveit/install/moveit_resources_pr2_description:/home/liliana/ws_moveit/install/moveit_resources_panda_moveit_config:/home/liliana/ws_moveit/install/moveit_resources_panda_description:/home/liliana/ws_moveit/install/moveit_resources_fanuc_moveit_config:/home/liliana/ws_moveit/install/moveit_resources_fanuc_description:/home/liliana/ws_moveit/install/moveit_common:/home/liliana/ros2_ws/install/my_cpp_pkg:/home/liliana/ros2_ws/install/ceres_urdf:/home/liliana/install/my_cpp_pkg:/home/liliana/ws_moveit/install/moveit_configs_utils:/home/liliana/ws_moveit/install/launch_param_builder:/home/liliana/ros2_ws/install/my_py_pkg:/home/liliana/install/my_py_pkg:/opt/ros/humble /usr/bin/cmake --install /home/liliana/ros2_ws/robot-repo-ros2/src/build/ceres_moveit_config
[6.215s] Level 1:colcon.colcon_core.environment:create_environment_scripts_only(ceres_moveit_config)
[6.217s] DEBUG:colcon.colcon_core.event_handler.log_command:Invoked command in '/home/liliana/ros2_ws/robot-repo-ros2/src/build/ceres_moveit_config' returned '0': AMENT_PREFIX_PATH=/home/liliana/ros2_ws/robot-repo-ros2/src/install/ceres_urdf:${AMENT_PREFIX_PATH} CMAKE_PREFIX_PATH=/home/liliana/ros2_ws/robot-repo-ros2/src/install/ceres_urdf:/home/liliana/ws_moveit/install/pilz_industrial_motion_planner_testutils:/home/liliana/ws_moveit/install/moveit_runtime:/home/liliana/ws_moveit/install/moveit2_tutorials:/home/liliana/ws_moveit/install/moveit:/home/liliana/ws_moveit/install/moveit_planners:/home/liliana/ws_moveit/install/pilz_industrial_motion_planner:/home/liliana/ws_moveit/install/moveit_visual_tools:/home/liliana/ws_moveit/install/moveit_task_constructor_visualization:/home/liliana/ws_moveit/install/moveit_task_constructor_demo:/home/liliana/ws_moveit/install/moveit_task_constructor_capabilities:/home/liliana/ws_moveit/install/moveit_task_constructor_core:/home/liliana/ws_moveit/install/moveit_ros_control_interface:/home/liliana/ws_moveit/install/moveit_plugins:/home/liliana/ws_moveit/install/moveit_simple_controller_manager:/home/liliana/ws_moveit/install/moveit_setup_assistant:/home/liliana/ws_moveit/install/moveit_setup_srdf_plugins:/home/liliana/ws_moveit/install/moveit_setup_core_plugins:/home/liliana/ws_moveit/install/moveit_setup_controllers:/home/liliana/ws_moveit/install/moveit_setup_app_plugins:/home/liliana/ws_moveit/install/moveit_setup_framework:/home/liliana/ws_moveit/install/moveit_servo:/home/liliana/ws_moveit/install/moveit_ros:/home/liliana/ws_moveit/install/moveit_ros_visualization:/home/liliana/ws_moveit/install/moveit_hybrid_planning:/home/liliana/ws_moveit/install/moveit_ros_planning_interface:/home/liliana/ws_moveit/install/moveit_ros_benchmarks:/home/liliana/ws_moveit/install/moveit_ros_warehouse:/home/liliana/ws_moveit/install/moveit_ros_robot_interaction:/home/liliana/ws_moveit/install/moveit_ros_perception:/home/liliana/ws_moveit/install/moveit_resources_prbt_pg70_support:/home/liliana/ws_moveit/install/moveit_resources_prbt_moveit_config:/home/liliana/ws_moveit/install/moveit_ros_move_group:/home/liliana/ws_moveit/install/moveit_planners_ompl:/home/liliana/ws_moveit/install/moveit_ros_planning:/home/liliana/ws_moveit/install/moveit_ros_occupancy_map_monitor:/home/liliana/ws_moveit/install/moveit_resources_prbt_ikfast_manipulator_plugin:/home/liliana/ws_moveit/install/moveit_planners_chomp:/home/liliana/ws_moveit/install/moveit_kinematics:/home/liliana/ws_moveit/install/moveit_chomp_optimizer_adapter:/home/liliana/ws_moveit/install/chomp_motion_planner:/home/liliana/ws_moveit/install/moveit_core:/home/liliana/ws_moveit/install/srdfdom:/home/liliana/ws_moveit/install/rviz_marker_tools:/home/liliana/ws_moveit/install/rosparam_shortcuts:/home/liliana/ws_moveit/install/moveit_task_constructor_msgs:/home/liliana/ws_moveit/install/moveit_resources_prbt_support:/home/liliana/ws_moveit/install/moveit_resources:/home/liliana/ws_moveit/install/moveit_resources_pr2_description:/home/liliana/ws_moveit/install/moveit_resources_panda_moveit_config:/home/liliana/ws_moveit/install/moveit_resources_panda_description:/home/liliana/ws_moveit/install/moveit_resources_fanuc_moveit_config:/home/liliana/ws_moveit/install/moveit_resources_fanuc_description:/home/liliana/ws_moveit/install/moveit_common:/home/liliana/ros2_ws/install/my_cpp_pkg:/home/liliana/ros2_ws/install/ceres_urdf:/home/liliana/install/my_cpp_pkg:/home/liliana/ws_moveit/install/moveit_configs_utils:/home/liliana/ws_moveit/install/launch_param_builder:/home/liliana/ros2_ws/install/my_py_pkg:/home/liliana/install/my_py_pkg:/opt/ros/humble /usr/bin/cmake --install /home/liliana/ros2_ws/robot-repo-ros2/src/build/ceres_moveit_config
[6.235s] Level 1:colcon.colcon_core.environment:checking '/home/liliana/ros2_ws/robot-repo-ros2/src/install/ceres_moveit_config' for CMake module files
[6.237s] Level 1:colcon.colcon_core.environment:checking '/home/liliana/ros2_ws/robot-repo-ros2/src/install/ceres_moveit_config' for CMake config files
[6.238s] Level 1:colcon.colcon_core.shell:create_environment_hook('ceres_moveit_config', 'cmake_prefix_path')
[6.238s] INFO:colcon.colcon_core.shell:Creating environment hook '/home/liliana/ros2_ws/robot-repo-ros2/src/install/ceres_moveit_config/share/ceres_moveit_config/hook/cmake_prefix_path.ps1'
[6.241s] INFO:colcon.colcon_core.shell:Creating environment descriptor '/home/liliana/ros2_ws/robot-repo-ros2/src/install/ceres_moveit_config/share/ceres_moveit_config/hook/cmake_prefix_path.dsv'
[6.245s] INFO:colcon.colcon_core.shell:Creating environment hook '/home/liliana/ros2_ws/robot-repo-ros2/src/install/ceres_moveit_config/share/ceres_moveit_config/hook/cmake_prefix_path.sh'
[6.248s] Level 1:colcon.colcon_core.environment:checking '/home/liliana/ros2_ws/robot-repo-ros2/src/install/ceres_moveit_config/bin'
[6.248s] Level 1:colcon.colcon_core.environment:checking '/home/liliana/ros2_ws/robot-repo-ros2/src/install/ceres_moveit_config/lib/pkgconfig/ceres_moveit_config.pc'
[6.249s] Level 1:colcon.colcon_core.environment:checking '/home/liliana/ros2_ws/robot-repo-ros2/src/install/ceres_moveit_config/lib/python3.10/site-packages'
[6.249s] Level 1:colcon.colcon_core.environment:checking '/home/liliana/ros2_ws/robot-repo-ros2/src/install/ceres_moveit_config/bin'
[6.250s] INFO:colcon.colcon_core.shell:Creating package script '/home/liliana/ros2_ws/robot-repo-ros2/src/install/ceres_moveit_config/share/ceres_moveit_config/package.ps1'
[6.253s] INFO:colcon.colcon_core.shell:Creating package descriptor '/home/liliana/ros2_ws/robot-repo-ros2/src/install/ceres_moveit_config/share/ceres_moveit_config/package.dsv'
[6.255s] INFO:colcon.colcon_core.shell:Creating package script '/home/liliana/ros2_ws/robot-repo-ros2/src/install/ceres_moveit_config/share/ceres_moveit_config/package.sh'
[6.258s] INFO:colcon.colcon_core.shell:Creating package script '/home/liliana/ros2_ws/robot-repo-ros2/src/install/ceres_moveit_config/share/ceres_moveit_config/package.bash'
[6.261s] INFO:colcon.colcon_core.shell:Creating package script '/home/liliana/ros2_ws/robot-repo-ros2/src/install/ceres_moveit_config/share/ceres_moveit_config/package.zsh'
[6.263s] Level 1:colcon.colcon_core.environment:create_file_with_runtime_dependencies(/home/liliana/ros2_ws/robot-repo-ros2/src/install/ceres_moveit_config/share/colcon-core/packages/ceres_moveit_config)
[6.264s] Level 1:colcon.colcon_core.environment:create_environment_scripts_only(ceres_moveit_config)
[6.265s] Level 1:colcon.colcon_core.environment:checking '/home/liliana/ros2_ws/robot-repo-ros2/src/install/ceres_moveit_config' for CMake module files
[6.266s] Level 1:colcon.colcon_core.environment:checking '/home/liliana/ros2_ws/robot-repo-ros2/src/install/ceres_moveit_config' for CMake config files
[6.267s] Level 1:colcon.colcon_core.shell:create_environment_hook('ceres_moveit_config', 'cmake_prefix_path')
[6.268s] INFO:colcon.colcon_core.shell:Creating environment hook '/home/liliana/ros2_ws/robot-repo-ros2/src/install/ceres_moveit_config/share/ceres_moveit_config/hook/cmake_prefix_path.ps1'
[6.269s] INFO:colcon.colcon_core.shell:Creating environment descriptor '/home/liliana/ros2_ws/robot-repo-ros2/src/install/ceres_moveit_config/share/ceres_moveit_config/hook/cmake_prefix_path.dsv'
[6.271s] INFO:colcon.colcon_core.shell:Creating environment hook '/home/liliana/ros2_ws/robot-repo-ros2/src/install/ceres_moveit_config/share/ceres_moveit_config/hook/cmake_prefix_path.sh'
[6.272s] Level 1:colcon.colcon_core.environment:checking '/home/liliana/ros2_ws/robot-repo-ros2/src/install/ceres_moveit_config/bin'
[6.272s] Level 1:colcon.colcon_core.environment:checking '/home/liliana/ros2_ws/robot-repo-ros2/src/install/ceres_moveit_config/lib/pkgconfig/ceres_moveit_config.pc'
[6.273s] Level 1:colcon.colcon_core.environment:checking '/home/liliana/ros2_ws/robot-repo-ros2/src/install/ceres_moveit_config/lib/python3.10/site-packages'
[6.274s] Level 1:colcon.colcon_core.environment:checking '/home/liliana/ros2_ws/robot-repo-ros2/src/install/ceres_moveit_config/bin'
[6.275s] INFO:colcon.colcon_core.shell:Creating package script '/home/liliana/ros2_ws/robot-repo-ros2/src/install/ceres_moveit_config/share/ceres_moveit_config/package.ps1'
[6.276s] INFO:colcon.colcon_core.shell:Creating package descriptor '/home/liliana/ros2_ws/robot-repo-ros2/src/install/ceres_moveit_config/share/ceres_moveit_config/package.dsv'
[6.278s] INFO:colcon.colcon_core.shell:Creating package script '/home/liliana/ros2_ws/robot-repo-ros2/src/install/ceres_moveit_config/share/ceres_moveit_config/package.sh'
[6.280s] INFO:colcon.colcon_core.shell:Creating package script '/home/liliana/ros2_ws/robot-repo-ros2/src/install/ceres_moveit_config/share/ceres_moveit_config/package.bash'
[6.281s] INFO:colcon.colcon_core.shell:Creating package script '/home/liliana/ros2_ws/robot-repo-ros2/src/install/ceres_moveit_config/share/ceres_moveit_config/package.zsh'
[6.283s] Level 1:colcon.colcon_core.environment:create_file_with_runtime_dependencies(/home/liliana/ros2_ws/robot-repo-ros2/src/install/ceres_moveit_config/share/colcon-core/packages/ceres_moveit_config)
[6.284s] DEBUG:colcon.colcon_parallel_executor.executor.parallel:closing loop
[6.285s] DEBUG:colcon.colcon_parallel_executor.executor.parallel:loop closed
[6.285s] DEBUG:colcon.colcon_parallel_executor.executor.parallel:run_until_complete finished with '0'
[6.285s] DEBUG:colcon.colcon_core.event_reactor:joining thread
[6.303s] INFO:colcon.colcon_core.plugin_system:Skipping extension 'colcon_notification.desktop_notification.terminal_notifier': Not used on non-Darwin systems
[6.303s] INFO:colcon.colcon_core.plugin_system:Skipping extension 'colcon_notification.desktop_notification.win32': Not used on non-Windows systems
[6.303s] INFO:colcon.colcon_notification.desktop_notification:Sending desktop notification using 'notify2'
[6.352s] DEBUG:colcon.colcon_core.event_reactor:joined thread
[6.353s] INFO:colcon.colcon_core.shell:Creating prefix script '/home/liliana/ros2_ws/robot-repo-ros2/src/install/local_setup.ps1'
[6.356s] INFO:colcon.colcon_core.shell:Creating prefix util module '/home/liliana/ros2_ws/robot-repo-ros2/src/install/_local_setup_util_ps1.py'
[6.361s] INFO:colcon.colcon_core.shell:Creating prefix chain script '/home/liliana/ros2_ws/robot-repo-ros2/src/install/setup.ps1'
[6.371s] INFO:colcon.colcon_core.shell:Creating prefix script '/home/liliana/ros2_ws/robot-repo-ros2/src/install/local_setup.sh'
[6.374s] INFO:colcon.colcon_core.shell:Creating prefix util module '/home/liliana/ros2_ws/robot-repo-ros2/src/install/_local_setup_util_sh.py'
[6.376s] INFO:colcon.colcon_core.shell:Creating prefix chain script '/home/liliana/ros2_ws/robot-repo-ros2/src/install/setup.sh'
[6.386s] INFO:colcon.colcon_core.shell:Creating prefix script '/home/liliana/ros2_ws/robot-repo-ros2/src/install/local_setup.bash'
[6.388s] INFO:colcon.colcon_core.shell:Creating prefix chain script '/home/liliana/ros2_ws/robot-repo-ros2/src/install/setup.bash'
[6.397s] INFO:colcon.colcon_core.shell:Creating prefix script '/home/liliana/ros2_ws/robot-repo-ros2/src/install/local_setup.zsh'
[6.399s] INFO:colcon.colcon_core.shell:Creating prefix chain script '/home/liliana/ros2_ws/robot-repo-ros2/src/install/setup.zsh'
