[0.583s] DEBUG:colcon:Command line arguments: ['/usr/bin/colcon', 'build', '--packages-select', 'ceres_moveit_config/']
[0.583s] DEBUG:colcon:Parsed command line arguments: Namespace(log_base=None, log_level=None, verb_name='build', build_base='build', install_base='install', merge_install=False, symlink_install=False, test_result_base=None, continue_on_error=False, executor='parallel', parallel_workers=6, event_handlers=None, ignore_user_meta=False, metas=['./colcon.meta'], base_paths=['.'], packages_ignore=None, packages_ignore_regex=None, paths=None, packages_up_to=None, packages_up_to_regex=None, packages_above=None, packages_above_and_dependencies=None, packages_above_depth=None, packages_select_by_dep=None, packages_skip_by_dep=None, packages_skip_up_to=None, packages_select_build_failed=False, packages_skip_build_finished=False, packages_select_test_failures=False, packages_skip_test_passed=False, packages_select=['ceres_moveit_config/'], packages_skip=None, packages_select_regex=None, packages_skip_regex=None, packages_start=None, packages_end=None, allow_overriding=[], cmake_args=None, cmake_target=None, cmake_target_skip_unavailable=False, cmake_clean_cache=False, cmake_clean_first=False, cmake_force_configure=False, ament_cmake_args=None, catkin_cmake_args=None, catkin_skip_building_tests=False, mixin_files=None, mixin=None, verb_parser=<colcon_mixin.mixin.mixin_argument.MixinArgumentDecorator object at 0x7fb0bd6a05e0>, verb_extension=<colcon_core.verb.build.BuildVerb object at 0x7fb0bd6a0100>, main=<bound method BuildVerb.main of <colcon_core.verb.build.BuildVerb object at 0x7fb0bd6a0100>>, mixin_verb=('build',))
[1.953s] Level 1:colcon.colcon_core.package_discovery:discover_packages(colcon_meta) check parameters
[1.953s] Level 1:colcon.colcon_core.package_discovery:discover_packages(recursive) check parameters
[1.954s] Level 1:colcon.colcon_core.package_discovery:discover_packages(ignore) check parameters
[1.954s] Level 1:colcon.colcon_core.package_discovery:discover_packages(path) check parameters
[1.954s] Level 1:colcon.colcon_core.package_discovery:discover_packages(colcon_meta) discover
[1.954s] Level 1:colcon.colcon_core.package_discovery:discover_packages(recursive) discover
[1.954s] INFO:colcon.colcon_core.package_discovery:Crawling recursively for packages in '/home/liliana/ros2_ws/robot-repo-ros2/src'
[1.955s] Level 1:colcon.colcon_core.package_identification:_identify(.) by extensions ['ignore', 'ignore_ament_install']
[1.955s] Level 1:colcon.colcon_core.package_identification:_identify(.) by extension 'ignore'
[1.955s] Level 1:colcon.colcon_core.package_identification:_identify(.) by extension 'ignore_ament_install'
[1.955s] Level 1:colcon.colcon_core.package_identification:_identify(.) by extensions ['colcon_pkg']
[1.955s] Level 1:colcon.colcon_core.package_identification:_identify(.) by extension 'colcon_pkg'
[1.956s] Level 1:colcon.colcon_core.package_identification:_identify(.) by extensions ['colcon_meta']
[1.956s] Level 1:colcon.colcon_core.package_identification:_identify(.) by extension 'colcon_meta'
[1.956s] Level 1:colcon.colcon_core.package_identification:_identify(.) by extensions ['ros']
[1.956s] Level 1:colcon.colcon_core.package_identification:_identify(.) by extension 'ros'
[1.997s] Level 1:colcon.colcon_core.package_identification:_identify(.) by extensions ['cmake', 'python']
[1.997s] Level 1:colcon.colcon_core.package_identification:_identify(.) by extension 'cmake'
[1.997s] Level 1:colcon.colcon_core.package_identification:_identify(.) by extension 'python'
[1.997s] Level 1:colcon.colcon_core.package_identification:_identify(.) by extensions ['python_setup_py']
[1.997s] Level 1:colcon.colcon_core.package_identification:_identify(.) by extension 'python_setup_py'
[1.998s] Level 1:colcon.colcon_core.package_identification:_identify(absenc_interface) by extensions ['ignore', 'ignore_ament_install']
[1.999s] Level 1:colcon.colcon_core.package_identification:_identify(absenc_interface) by extension 'ignore'
[2.000s] Level 1:colcon.colcon_core.package_identification:_identify(absenc_interface) by extension 'ignore_ament_install'
[2.000s] Level 1:colcon.colcon_core.package_identification:_identify(absenc_interface) by extensions ['colcon_pkg']
[2.000s] Level 1:colcon.colcon_core.package_identification:_identify(absenc_interface) by extension 'colcon_pkg'
[2.001s] Level 1:colcon.colcon_core.package_identification:_identify(absenc_interface) by extensions ['colcon_meta']
[2.001s] Level 1:colcon.colcon_core.package_identification:_identify(absenc_interface) by extension 'colcon_meta'
[2.001s] Level 1:colcon.colcon_core.package_identification:_identify(absenc_interface) by extensions ['ros']
[2.001s] Level 1:colcon.colcon_core.package_identification:_identify(absenc_interface) by extension 'ros'
[2.013s] DEBUG:colcon.colcon_core.package_identification:Package 'absenc_interface' with type 'ros.ament_cmake' and name 'absenc_interface'
[2.015s] Level 1:colcon.colcon_core.package_identification:_identify(arm_controller) by extensions ['ignore', 'ignore_ament_install']
[2.015s] Level 1:colcon.colcon_core.package_identification:_identify(arm_controller) by extension 'ignore'
[2.015s] Level 1:colcon.colcon_core.package_identification:_identify(arm_controller) by extension 'ignore_ament_install'
[2.016s] Level 1:colcon.colcon_core.package_identification:_identify(arm_controller) by extensions ['colcon_pkg']
[2.016s] Level 1:colcon.colcon_core.package_identification:_identify(arm_controller) by extension 'colcon_pkg'
[2.016s] Level 1:colcon.colcon_core.package_identification:_identify(arm_controller) by extensions ['colcon_meta']
[2.016s] Level 1:colcon.colcon_core.package_identification:_identify(arm_controller) by extension 'colcon_meta'
[2.016s] Level 1:colcon.colcon_core.package_identification:_identify(arm_controller) by extensions ['ros']
[2.016s] Level 1:colcon.colcon_core.package_identification:_identify(arm_controller) by extension 'ros'
[2.019s] DEBUG:colcon.colcon_core.package_identification:Package 'arm_controller' with type 'ros.ament_cmake' and name 'arm_controller'
[2.020s] Level 1:colcon.colcon_core.package_identification:_identify(arm_hardware) by extensions ['ignore', 'ignore_ament_install']
[2.020s] Level 1:colcon.colcon_core.package_identification:_identify(arm_hardware) by extension 'ignore'
[2.021s] Level 1:colcon.colcon_core.package_identification:_identify(arm_hardware) by extension 'ignore_ament_install'
[2.021s] Level 1:colcon.colcon_core.package_identification:_identify(arm_hardware) by extensions ['colcon_pkg']
[2.021s] Level 1:colcon.colcon_core.package_identification:_identify(arm_hardware) by extension 'colcon_pkg'
[2.022s] Level 1:colcon.colcon_core.package_identification:_identify(arm_hardware) by extensions ['colcon_meta']
[2.022s] Level 1:colcon.colcon_core.package_identification:_identify(arm_hardware) by extension 'colcon_meta'
[2.022s] Level 1:colcon.colcon_core.package_identification:_identify(arm_hardware) by extensions ['ros']
[2.022s] Level 1:colcon.colcon_core.package_identification:_identify(arm_hardware) by extension 'ros'
[2.026s] DEBUG:colcon.colcon_core.package_identification:Package 'arm_hardware' with type 'ros.ament_cmake' and name 'arm_hardware'
[2.027s] Level 1:colcon.colcon_core.package_identification:_identify(build) by extensions ['ignore', 'ignore_ament_install']
[2.027s] Level 1:colcon.colcon_core.package_identification:_identify(build) by extension 'ignore'
[2.027s] Level 1:colcon.colcon_core.package_identification:_identify(build) ignored
[2.027s] Level 1:colcon.colcon_core.package_identification:_identify(ceres_moveit_config) by extensions ['ignore', 'ignore_ament_install']
[2.027s] Level 1:colcon.colcon_core.package_identification:_identify(ceres_moveit_config) by extension 'ignore'
[2.028s] Level 1:colcon.colcon_core.package_identification:_identify(ceres_moveit_config) by extension 'ignore_ament_install'
[2.028s] Level 1:colcon.colcon_core.package_identification:_identify(ceres_moveit_config) by extensions ['colcon_pkg']
[2.028s] Level 1:colcon.colcon_core.package_identification:_identify(ceres_moveit_config) by extension 'colcon_pkg'
[2.028s] Level 1:colcon.colcon_core.package_identification:_identify(ceres_moveit_config) by extensions ['colcon_meta']
[2.028s] Level 1:colcon.colcon_core.package_identification:_identify(ceres_moveit_config) by extension 'colcon_meta'
[2.028s] Level 1:colcon.colcon_core.package_identification:_identify(ceres_moveit_config) by extensions ['ros']
[2.028s] Level 1:colcon.colcon_core.package_identification:_identify(ceres_moveit_config) by extension 'ros'
[2.032s] DEBUG:colcon.colcon_core.package_identification:Package 'ceres_moveit_config' with type 'ros.ament_cmake' and name 'ceres_moveit_config'
[2.034s] Level 1:colcon.colcon_core.package_identification:_identify(ceres_urdf) by extensions ['ignore', 'ignore_ament_install']
[2.034s] Level 1:colcon.colcon_core.package_identification:_identify(ceres_urdf) by extension 'ignore'
[2.034s] Level 1:colcon.colcon_core.package_identification:_identify(ceres_urdf) by extension 'ignore_ament_install'
[2.035s] Level 1:colcon.colcon_core.package_identification:_identify(ceres_urdf) by extensions ['colcon_pkg']
[2.035s] Level 1:colcon.colcon_core.package_identification:_identify(ceres_urdf) by extension 'colcon_pkg'
[2.035s] Level 1:colcon.colcon_core.package_identification:_identify(ceres_urdf) by extensions ['colcon_meta']
[2.035s] Level 1:colcon.colcon_core.package_identification:_identify(ceres_urdf) by extension 'colcon_meta'
[2.035s] Level 1:colcon.colcon_core.package_identification:_identify(ceres_urdf) by extensions ['ros']
[2.035s] Level 1:colcon.colcon_core.package_identification:_identify(ceres_urdf) by extension 'ros'
[2.037s] DEBUG:colcon.colcon_core.package_identification:Package 'ceres_urdf' with type 'ros.ament_cmake' and name 'ceres_urdf'
[2.039s] Level 1:colcon.colcon_core.package_identification:_identify(ik_mux_controller) by extensions ['ignore', 'ignore_ament_install']
[2.039s] Level 1:colcon.colcon_core.package_identification:_identify(ik_mux_controller) by extension 'ignore'
[2.039s] Level 1:colcon.colcon_core.package_identification:_identify(ik_mux_controller) by extension 'ignore_ament_install'
[2.039s] Level 1:colcon.colcon_core.package_identification:_identify(ik_mux_controller) by extensions ['colcon_pkg']
[2.039s] Level 1:colcon.colcon_core.package_identification:_identify(ik_mux_controller) by extension 'colcon_pkg'
[2.040s] Level 1:colcon.colcon_core.package_identification:_identify(ik_mux_controller) by extensions ['colcon_meta']
[2.040s] Level 1:colcon.colcon_core.package_identification:_identify(ik_mux_controller) by extension 'colcon_meta'
[2.040s] Level 1:colcon.colcon_core.package_identification:_identify(ik_mux_controller) by extensions ['ros']
[2.040s] Level 1:colcon.colcon_core.package_identification:_identify(ik_mux_controller) by extension 'ros'
[2.044s] DEBUG:colcon.colcon_core.package_identification:Package 'ik_mux_controller' with type 'ros.ament_cmake' and name 'ik_mux_controller'
[2.044s] Level 1:colcon.colcon_core.package_identification:_identify(install) by extensions ['ignore', 'ignore_ament_install']
[2.044s] Level 1:colcon.colcon_core.package_identification:_identify(install) by extension 'ignore'
[2.045s] Level 1:colcon.colcon_core.package_identification:_identify(install) ignored
[2.046s] Level 1:colcon.colcon_core.package_identification:_identify(joy_mux_controller) by extensions ['ignore', 'ignore_ament_install']
[2.046s] Level 1:colcon.colcon_core.package_identification:_identify(joy_mux_controller) by extension 'ignore'
[2.046s] Level 1:colcon.colcon_core.package_identification:_identify(joy_mux_controller) by extension 'ignore_ament_install'
[2.046s] Level 1:colcon.colcon_core.package_identification:_identify(joy_mux_controller) by extensions ['colcon_pkg']
[2.046s] Level 1:colcon.colcon_core.package_identification:_identify(joy_mux_controller) by extension 'colcon_pkg'
[2.047s] Level 1:colcon.colcon_core.package_identification:_identify(joy_mux_controller) by extensions ['colcon_meta']
[2.047s] Level 1:colcon.colcon_core.package_identification:_identify(joy_mux_controller) by extension 'colcon_meta'
[2.047s] Level 1:colcon.colcon_core.package_identification:_identify(joy_mux_controller) by extensions ['ros']
[2.047s] Level 1:colcon.colcon_core.package_identification:_identify(joy_mux_controller) by extension 'ros'
[2.050s] DEBUG:colcon.colcon_core.package_identification:Package 'joy_mux_controller' with type 'ros.ament_python' and name 'joy_mux_controller'
[2.050s] Level 1:colcon.colcon_core.package_identification:_identify(log) by extensions ['ignore', 'ignore_ament_install']
[2.051s] Level 1:colcon.colcon_core.package_identification:_identify(log) by extension 'ignore'
[2.051s] Level 1:colcon.colcon_core.package_identification:_identify(log) ignored
[2.052s] Level 1:colcon.colcon_core.package_identification:_identify(object_recognition) by extensions ['ignore', 'ignore_ament_install']
[2.052s] Level 1:colcon.colcon_core.package_identification:_identify(object_recognition) by extension 'ignore'
[2.052s] Level 1:colcon.colcon_core.package_identification:_identify(object_recognition) by extension 'ignore_ament_install'
[2.052s] Level 1:colcon.colcon_core.package_identification:_identify(object_recognition) by extensions ['colcon_pkg']
[2.052s] Level 1:colcon.colcon_core.package_identification:_identify(object_recognition) by extension 'colcon_pkg'
[2.053s] Level 1:colcon.colcon_core.package_identification:_identify(object_recognition) by extensions ['colcon_meta']
[2.053s] Level 1:colcon.colcon_core.package_identification:_identify(object_recognition) by extension 'colcon_meta'
[2.053s] Level 1:colcon.colcon_core.package_identification:_identify(object_recognition) by extensions ['ros']
[2.053s] Level 1:colcon.colcon_core.package_identification:_identify(object_recognition) by extension 'ros'
[2.058s] DEBUG:colcon.colcon_core.package_identification:Package 'object_recognition' with type 'ros.ament_cmake' and name 'object_recognition'
[2.059s] Level 1:colcon.colcon_core.package_identification:_identify(ros_aruco_opencv) by extensions ['ignore', 'ignore_ament_install']
[2.059s] Level 1:colcon.colcon_core.package_identification:_identify(ros_aruco_opencv) by extension 'ignore'
[2.060s] Level 1:colcon.colcon_core.package_identification:_identify(ros_aruco_opencv) by extension 'ignore_ament_install'
[2.060s] Level 1:colcon.colcon_core.package_identification:_identify(ros_aruco_opencv) by extensions ['colcon_pkg']
[2.060s] Level 1:colcon.colcon_core.package_identification:_identify(ros_aruco_opencv) by extension 'colcon_pkg'
[2.060s] Level 1:colcon.colcon_core.package_identification:_identify(ros_aruco_opencv) by extensions ['colcon_meta']
[2.060s] Level 1:colcon.colcon_core.package_identification:_identify(ros_aruco_opencv) by extension 'colcon_meta'
[2.060s] Level 1:colcon.colcon_core.package_identification:_identify(ros_aruco_opencv) by extensions ['ros']
[2.060s] Level 1:colcon.colcon_core.package_identification:_identify(ros_aruco_opencv) by extension 'ros'
[2.060s] Level 1:colcon.colcon_core.package_identification:_identify(ros_aruco_opencv) by extensions ['cmake', 'python']
[2.060s] Level 1:colcon.colcon_core.package_identification:_identify(ros_aruco_opencv) by extension 'cmake'
[2.061s] Level 1:colcon.colcon_core.package_identification:_identify(ros_aruco_opencv) by extension 'python'
[2.061s] Level 1:colcon.colcon_core.package_identification:_identify(ros_aruco_opencv) by extensions ['python_setup_py']
[2.061s] Level 1:colcon.colcon_core.package_identification:_identify(ros_aruco_opencv) by extension 'python_setup_py'
[2.062s] Level 1:colcon.colcon_core.package_identification:_identify(sil) by extensions ['ignore', 'ignore_ament_install']
[2.062s] Level 1:colcon.colcon_core.package_identification:_identify(sil) by extension 'ignore'
[2.062s] Level 1:colcon.colcon_core.package_identification:_identify(sil) by extension 'ignore_ament_install'
[2.063s] Level 1:colcon.colcon_core.package_identification:_identify(sil) by extensions ['colcon_pkg']
[2.063s] Level 1:colcon.colcon_core.package_identification:_identify(sil) by extension 'colcon_pkg'
[2.063s] Level 1:colcon.colcon_core.package_identification:_identify(sil) by extensions ['colcon_meta']
[2.063s] Level 1:colcon.colcon_core.package_identification:_identify(sil) by extension 'colcon_meta'
[2.063s] Level 1:colcon.colcon_core.package_identification:_identify(sil) by extensions ['ros']
[2.063s] Level 1:colcon.colcon_core.package_identification:_identify(sil) by extension 'ros'
[2.066s] DEBUG:colcon.colcon_core.package_identification:Package 'sil' with type 'ros.ament_cmake' and name 'sil'
[2.067s] Level 1:colcon.colcon_core.package_identification:_identify(ublox) by extensions ['ignore', 'ignore_ament_install']
[2.067s] Level 1:colcon.colcon_core.package_identification:_identify(ublox) by extension 'ignore'
[2.068s] Level 1:colcon.colcon_core.package_identification:_identify(ublox) by extension 'ignore_ament_install'
[2.068s] Level 1:colcon.colcon_core.package_identification:_identify(ublox) by extensions ['colcon_pkg']
[2.068s] Level 1:colcon.colcon_core.package_identification:_identify(ublox) by extension 'colcon_pkg'
[2.068s] Level 1:colcon.colcon_core.package_identification:_identify(ublox) by extensions ['colcon_meta']
[2.068s] Level 1:colcon.colcon_core.package_identification:_identify(ublox) by extension 'colcon_meta'
[2.068s] Level 1:colcon.colcon_core.package_identification:_identify(ublox) by extensions ['ros']
[2.068s] Level 1:colcon.colcon_core.package_identification:_identify(ublox) by extension 'ros'
[2.068s] Level 1:colcon.colcon_core.package_identification:_identify(ublox) by extensions ['cmake', 'python']
[2.068s] Level 1:colcon.colcon_core.package_identification:_identify(ublox) by extension 'cmake'
[2.069s] Level 1:colcon.colcon_core.package_identification:_identify(ublox) by extension 'python'
[2.069s] Level 1:colcon.colcon_core.package_identification:_identify(ublox) by extensions ['python_setup_py']
[2.069s] Level 1:colcon.colcon_core.package_identification:_identify(ublox) by extension 'python_setup_py'
[2.070s] Level 1:colcon.colcon_core.package_identification:_identify(usb_cam) by extensions ['ignore', 'ignore_ament_install']
[2.070s] Level 1:colcon.colcon_core.package_identification:_identify(usb_cam) by extension 'ignore'
[2.070s] Level 1:colcon.colcon_core.package_identification:_identify(usb_cam) by extension 'ignore_ament_install'
[2.071s] Level 1:colcon.colcon_core.package_identification:_identify(usb_cam) by extensions ['colcon_pkg']
[2.071s] Level 1:colcon.colcon_core.package_identification:_identify(usb_cam) by extension 'colcon_pkg'
[2.071s] Level 1:colcon.colcon_core.package_identification:_identify(usb_cam) by extensions ['colcon_meta']
[2.071s] Level 1:colcon.colcon_core.package_identification:_identify(usb_cam) by extension 'colcon_meta'
[2.071s] Level 1:colcon.colcon_core.package_identification:_identify(usb_cam) by extensions ['ros']
[2.071s] Level 1:colcon.colcon_core.package_identification:_identify(usb_cam) by extension 'ros'
[2.092s] DEBUG:colcon.colcon_core.package_identification:Package 'usb_cam' with type 'ros.ament_cmake' and name 'usb_cam'
[2.093s] Level 1:colcon.colcon_core.package_identification:_identify(wheels_controller) by extensions ['ignore', 'ignore_ament_install']
[2.093s] Level 1:colcon.colcon_core.package_identification:_identify(wheels_controller) by extension 'ignore'
[2.093s] Level 1:colcon.colcon_core.package_identification:_identify(wheels_controller) by extension 'ignore_ament_install'
[2.093s] Level 1:colcon.colcon_core.package_identification:_identify(wheels_controller) by extensions ['colcon_pkg']
[2.093s] Level 1:colcon.colcon_core.package_identification:_identify(wheels_controller) by extension 'colcon_pkg'
[2.093s] Level 1:colcon.colcon_core.package_identification:_identify(wheels_controller) by extensions ['colcon_meta']
[2.093s] Level 1:colcon.colcon_core.package_identification:_identify(wheels_controller) by extension 'colcon_meta'
[2.093s] Level 1:colcon.colcon_core.package_identification:_identify(wheels_controller) by extensions ['ros']
[2.093s] Level 1:colcon.colcon_core.package_identification:_identify(wheels_controller) by extension 'ros'
[2.096s] DEBUG:colcon.colcon_core.package_identification:Package 'wheels_controller' with type 'ros.ament_cmake' and name 'wheels_controller'
[2.097s] Level 1:colcon.colcon_core.package_identification:_identify(zed-ros2-wrapper) by extensions ['ignore', 'ignore_ament_install']
[2.097s] Level 1:colcon.colcon_core.package_identification:_identify(zed-ros2-wrapper) by extension 'ignore'
[2.097s] Level 1:colcon.colcon_core.package_identification:_identify(zed-ros2-wrapper) by extension 'ignore_ament_install'
[2.097s] Level 1:colcon.colcon_core.package_identification:_identify(zed-ros2-wrapper) by extensions ['colcon_pkg']
[2.097s] Level 1:colcon.colcon_core.package_identification:_identify(zed-ros2-wrapper) by extension 'colcon_pkg'
[2.097s] Level 1:colcon.colcon_core.package_identification:_identify(zed-ros2-wrapper) by extensions ['colcon_meta']
[2.098s] Level 1:colcon.colcon_core.package_identification:_identify(zed-ros2-wrapper) by extension 'colcon_meta'
[2.098s] Level 1:colcon.colcon_core.package_identification:_identify(zed-ros2-wrapper) by extensions ['ros']
[2.098s] Level 1:colcon.colcon_core.package_identification:_identify(zed-ros2-wrapper) by extension 'ros'
[2.098s] Level 1:colcon.colcon_core.package_identification:_identify(zed-ros2-wrapper) by extensions ['cmake', 'python']
[2.098s] Level 1:colcon.colcon_core.package_identification:_identify(zed-ros2-wrapper) by extension 'cmake'
[2.098s] Level 1:colcon.colcon_core.package_identification:_identify(zed-ros2-wrapper) by extension 'python'
[2.098s] Level 1:colcon.colcon_core.package_identification:_identify(zed-ros2-wrapper) by extensions ['python_setup_py']
[2.098s] Level 1:colcon.colcon_core.package_identification:_identify(zed-ros2-wrapper) by extension 'python_setup_py'
[2.098s] Level 1:colcon.colcon_core.package_discovery:discover_packages(recursive) using defaults
[2.099s] Level 1:colcon.colcon_core.package_discovery:discover_packages(ignore) discover
[2.099s] Level 1:colcon.colcon_core.package_discovery:discover_packages(ignore) using defaults
[2.099s] Level 1:colcon.colcon_core.package_discovery:discover_packages(path) discover
[2.099s] Level 1:colcon.colcon_core.package_discovery:discover_packages(path) using defaults
[2.100s] WARNING:colcon.colcon_core.package_selection:ignoring unknown package 'ceres_moveit_config/' in --packages-select
[2.189s] INFO:colcon.colcon_core.package_selection:Skipping not selected package 'absenc_interface' in 'absenc_interface'
[2.189s] INFO:colcon.colcon_core.package_selection:Skipping not selected package 'arm_controller' in 'arm_controller'
[2.189s] INFO:colcon.colcon_core.package_selection:Skipping not selected package 'arm_hardware' in 'arm_hardware'
[2.189s] INFO:colcon.colcon_core.package_selection:Skipping not selected package 'ceres_urdf' in 'ceres_urdf'
[2.189s] INFO:colcon.colcon_core.package_selection:Skipping not selected package 'ik_mux_controller' in 'ik_mux_controller'
[2.189s] INFO:colcon.colcon_core.package_selection:Skipping not selected package 'joy_mux_controller' in 'joy_mux_controller'
[2.189s] INFO:colcon.colcon_core.package_selection:Skipping not selected package 'object_recognition' in 'object_recognition'
[2.190s] INFO:colcon.colcon_core.package_selection:Skipping not selected package 'sil' in 'sil'
[2.190s] INFO:colcon.colcon_core.package_selection:Skipping not selected package 'usb_cam' in 'usb_cam'
[2.190s] INFO:colcon.colcon_core.package_selection:Skipping not selected package 'wheels_controller' in 'wheels_controller'
[2.190s] INFO:colcon.colcon_core.package_selection:Skipping not selected package 'ceres_moveit_config' in 'ceres_moveit_config'
[2.192s] Level 1:colcon.colcon_core.package_discovery:discover_packages(prefix_path) check parameters
[2.192s] Level 1:colcon.colcon_core.package_discovery:discover_packages(prefix_path) discover
[2.250s] DEBUG:colcon.colcon_installed_package_information.package_discovery:Found 8 installed packages in /home/liliana/ros2_ws/install
[2.256s] DEBUG:colcon.colcon_installed_package_information.package_discovery:Found 45 installed packages in /home/liliana/ws_moveit/install
[2.259s] DEBUG:colcon.colcon_installed_package_information.package_discovery:Found 2 installed packages in /home/liliana/install
[2.265s] DEBUG:colcon.colcon_installed_package_information.package_discovery:Found 419 installed packages in /opt/ros/humble
[2.276s] Level 1:colcon.colcon_core.package_discovery:discover_packages(prefix_path) using defaults
[2.710s] INFO:colcon.colcon_core.executor:Executing jobs using 'parallel' executor
[2.713s] DEBUG:colcon.colcon_parallel_executor.executor.parallel:run_until_complete
[2.714s] DEBUG:colcon.colcon_parallel_executor.executor.parallel:closing loop
[2.715s] DEBUG:colcon.colcon_parallel_executor.executor.parallel:loop closed
[2.715s] DEBUG:colcon.colcon_parallel_executor.executor.parallel:run_until_complete finished with '0'
[2.715s] DEBUG:colcon.colcon_core.event_reactor:joining thread
[2.740s] INFO:colcon.colcon_core.plugin_system:Skipping extension 'colcon_notification.desktop_notification.terminal_notifier': Not used on non-Darwin systems
[2.741s] INFO:colcon.colcon_core.plugin_system:Skipping extension 'colcon_notification.desktop_notification.win32': Not used on non-Windows systems
[2.742s] INFO:colcon.colcon_notification.desktop_notification:Sending desktop notification using 'notify2'
[3.083s] DEBUG:colcon.colcon_core.event_reactor:joined thread
[3.095s] INFO:colcon.colcon_core.plugin_system:Skipping extension 'colcon_core.shell.bat': Not used on non-Windows systems
[3.096s] INFO:colcon.colcon_core.shell:Creating prefix script '/home/liliana/ros2_ws/robot-repo-ros2/src/install/local_setup.ps1'
[3.101s] INFO:colcon.colcon_core.shell:Creating prefix util module '/home/liliana/ros2_ws/robot-repo-ros2/src/install/_local_setup_util_ps1.py'
[3.106s] INFO:colcon.colcon_core.shell:Creating prefix chain script '/home/liliana/ros2_ws/robot-repo-ros2/src/install/setup.ps1'
[3.116s] INFO:colcon.colcon_core.shell:Creating prefix script '/home/liliana/ros2_ws/robot-repo-ros2/src/install/local_setup.sh'
[3.120s] INFO:colcon.colcon_core.shell:Creating prefix util module '/home/liliana/ros2_ws/robot-repo-ros2/src/install/_local_setup_util_sh.py'
[3.123s] INFO:colcon.colcon_core.shell:Creating prefix chain script '/home/liliana/ros2_ws/robot-repo-ros2/src/install/setup.sh'
[3.133s] INFO:colcon.colcon_core.shell:Creating prefix script '/home/liliana/ros2_ws/robot-repo-ros2/src/install/local_setup.bash'
[3.135s] INFO:colcon.colcon_core.shell:Creating prefix chain script '/home/liliana/ros2_ws/robot-repo-ros2/src/install/setup.bash'
[3.146s] INFO:colcon.colcon_core.shell:Creating prefix script '/home/liliana/ros2_ws/robot-repo-ros2/src/install/local_setup.zsh'
[3.150s] INFO:colcon.colcon_core.shell:Creating prefix chain script '/home/liliana/ros2_ws/robot-repo-ros2/src/install/setup.zsh'
