[1.230s] DEBUG:colcon:Command line arguments: ['/usr/bin/colcon', 'build', '--packages-select', 'rover_arm_moveit_config']
[1.231s] DEBUG:colcon:Parsed command line arguments: Namespace(log_base=None, log_level=None, verb_name='build', build_base='build', install_base='install', merge_install=False, symlink_install=False, test_result_base=None, continue_on_error=False, executor='parallel', parallel_workers=6, event_handlers=None, ignore_user_meta=False, metas=['./colcon.meta'], base_paths=['.'], packages_ignore=None, packages_ignore_regex=None, paths=None, packages_up_to=None, packages_up_to_regex=None, packages_above=None, packages_above_and_dependencies=None, packages_above_depth=None, packages_select_by_dep=None, packages_skip_by_dep=None, packages_skip_up_to=None, packages_select_build_failed=False, packages_skip_build_finished=False, packages_select_test_failures=False, packages_skip_test_passed=False, packages_select=['rover_arm_moveit_config'], packages_skip=None, packages_select_regex=None, packages_skip_regex=None, packages_start=None, packages_end=None, allow_overriding=[], cmake_args=None, cmake_target=None, cmake_target_skip_unavailable=False, cmake_clean_cache=False, cmake_clean_first=False, cmake_force_configure=False, ament_cmake_args=None, catkin_cmake_args=None, catkin_skip_building_tests=False, mixin_files=None, mixin=None, verb_parser=<colcon_mixin.mixin.mixin_argument.MixinArgumentDecorator object at 0x7358529885e0>, verb_extension=<colcon_core.verb.build.BuildVerb object at 0x735852988100>, main=<bound method BuildVerb.main of <colcon_core.verb.build.BuildVerb object at 0x735852988100>>, mixin_verb=('build',))
[2.959s] Level 1:colcon.colcon_core.package_discovery:discover_packages(colcon_meta) check parameters
[2.960s] Level 1:colcon.colcon_core.package_discovery:discover_packages(recursive) check parameters
[2.960s] Level 1:colcon.colcon_core.package_discovery:discover_packages(ignore) check parameters
[2.960s] Level 1:colcon.colcon_core.package_discovery:discover_packages(path) check parameters
[2.960s] Level 1:colcon.colcon_core.package_discovery:discover_packages(colcon_meta) discover
[2.960s] Level 1:colcon.colcon_core.package_discovery:discover_packages(recursive) discover
[2.960s] INFO:colcon.colcon_core.package_discovery:Crawling recursively for packages in '/home/liliana/ros2_ws/robot-repo-ros2/src/inverse-kinematics'
[2.960s] Level 1:colcon.colcon_core.package_identification:_identify(.) by extensions ['ignore', 'ignore_ament_install']
[2.961s] Level 1:colcon.colcon_core.package_identification:_identify(.) by extension 'ignore'
[2.961s] Level 1:colcon.colcon_core.package_identification:_identify(.) by extension 'ignore_ament_install'
[2.961s] Level 1:colcon.colcon_core.package_identification:_identify(.) by extensions ['colcon_pkg']
[2.961s] Level 1:colcon.colcon_core.package_identification:_identify(.) by extension 'colcon_pkg'
[2.961s] Level 1:colcon.colcon_core.package_identification:_identify(.) by extensions ['colcon_meta']
[2.961s] Level 1:colcon.colcon_core.package_identification:_identify(.) by extension 'colcon_meta'
[2.961s] Level 1:colcon.colcon_core.package_identification:_identify(.) by extensions ['ros']
[2.962s] Level 1:colcon.colcon_core.package_identification:_identify(.) by extension 'ros'
[3.037s] Level 1:colcon.colcon_core.package_identification:_identify(.) by extensions ['cmake', 'python']
[3.038s] Level 1:colcon.colcon_core.package_identification:_identify(.) by extension 'cmake'
[3.038s] Level 1:colcon.colcon_core.package_identification:_identify(.) by extension 'python'
[3.038s] Level 1:colcon.colcon_core.package_identification:_identify(.) by extensions ['python_setup_py']
[3.038s] Level 1:colcon.colcon_core.package_identification:_identify(.) by extension 'python_setup_py'
[3.038s] Level 1:colcon.colcon_core.package_identification:_identify(arm_hardware) by extensions ['ignore', 'ignore_ament_install']
[3.039s] Level 1:colcon.colcon_core.package_identification:_identify(arm_hardware) by extension 'ignore'
[3.039s] Level 1:colcon.colcon_core.package_identification:_identify(arm_hardware) by extension 'ignore_ament_install'
[3.039s] Level 1:colcon.colcon_core.package_identification:_identify(arm_hardware) by extensions ['colcon_pkg']
[3.039s] Level 1:colcon.colcon_core.package_identification:_identify(arm_hardware) by extension 'colcon_pkg'
[3.040s] Level 1:colcon.colcon_core.package_identification:_identify(arm_hardware) by extensions ['colcon_meta']
[3.040s] Level 1:colcon.colcon_core.package_identification:_identify(arm_hardware) by extension 'colcon_meta'
[3.040s] Level 1:colcon.colcon_core.package_identification:_identify(arm_hardware) by extensions ['ros']
[3.040s] Level 1:colcon.colcon_core.package_identification:_identify(arm_hardware) by extension 'ros'
[3.062s] DEBUG:colcon.colcon_core.package_identification:Package 'arm_hardware' with type 'ros.ament_cmake' and name 'arm_hardware'
[3.062s] Level 1:colcon.colcon_core.package_identification:_identify(build) by extensions ['ignore', 'ignore_ament_install']
[3.063s] Level 1:colcon.colcon_core.package_identification:_identify(build) by extension 'ignore'
[3.063s] Level 1:colcon.colcon_core.package_identification:_identify(build) ignored
[3.065s] Level 1:colcon.colcon_core.package_identification:_identify(ik_mux_controller) by extensions ['ignore', 'ignore_ament_install']
[3.065s] Level 1:colcon.colcon_core.package_identification:_identify(ik_mux_controller) by extension 'ignore'
[3.066s] Level 1:colcon.colcon_core.package_identification:_identify(ik_mux_controller) by extension 'ignore_ament_install'
[3.066s] Level 1:colcon.colcon_core.package_identification:_identify(ik_mux_controller) by extensions ['colcon_pkg']
[3.066s] Level 1:colcon.colcon_core.package_identification:_identify(ik_mux_controller) by extension 'colcon_pkg'
[3.066s] Level 1:colcon.colcon_core.package_identification:_identify(ik_mux_controller) by extensions ['colcon_meta']
[3.067s] Level 1:colcon.colcon_core.package_identification:_identify(ik_mux_controller) by extension 'colcon_meta'
[3.067s] Level 1:colcon.colcon_core.package_identification:_identify(ik_mux_controller) by extensions ['ros']
[3.067s] Level 1:colcon.colcon_core.package_identification:_identify(ik_mux_controller) by extension 'ros'
[3.073s] DEBUG:colcon.colcon_core.package_identification:Package 'ik_mux_controller' with type 'ros.ament_cmake' and name 'ik_mux_controller'
[3.073s] Level 1:colcon.colcon_core.package_identification:_identify(install) by extensions ['ignore', 'ignore_ament_install']
[3.073s] Level 1:colcon.colcon_core.package_identification:_identify(install) by extension 'ignore'
[3.074s] Level 1:colcon.colcon_core.package_identification:_identify(install) ignored
[3.074s] Level 1:colcon.colcon_core.package_identification:_identify(log) by extensions ['ignore', 'ignore_ament_install']
[3.074s] Level 1:colcon.colcon_core.package_identification:_identify(log) by extension 'ignore'
[3.074s] Level 1:colcon.colcon_core.package_identification:_identify(log) ignored
[3.075s] Level 1:colcon.colcon_core.package_identification:_identify(rover_arm_bringup) by extensions ['ignore', 'ignore_ament_install']
[3.075s] Level 1:colcon.colcon_core.package_identification:_identify(rover_arm_bringup) by extension 'ignore'
[3.076s] Level 1:colcon.colcon_core.package_identification:_identify(rover_arm_bringup) by extension 'ignore_ament_install'
[3.076s] Level 1:colcon.colcon_core.package_identification:_identify(rover_arm_bringup) by extensions ['colcon_pkg']
[3.076s] Level 1:colcon.colcon_core.package_identification:_identify(rover_arm_bringup) by extension 'colcon_pkg'
[3.077s] Level 1:colcon.colcon_core.package_identification:_identify(rover_arm_bringup) by extensions ['colcon_meta']
[3.077s] Level 1:colcon.colcon_core.package_identification:_identify(rover_arm_bringup) by extension 'colcon_meta'
[3.078s] Level 1:colcon.colcon_core.package_identification:_identify(rover_arm_bringup) by extensions ['ros']
[3.078s] Level 1:colcon.colcon_core.package_identification:_identify(rover_arm_bringup) by extension 'ros'
[3.081s] DEBUG:colcon.colcon_core.package_identification:Package 'rover_arm_bringup' with type 'ros.ament_cmake' and name 'rover_arm_bringup'
[3.082s] Level 1:colcon.colcon_core.package_identification:_identify(rover_arm_description) by extensions ['ignore', 'ignore_ament_install']
[3.083s] Level 1:colcon.colcon_core.package_identification:_identify(rover_arm_description) by extension 'ignore'
[3.083s] Level 1:colcon.colcon_core.package_identification:_identify(rover_arm_description) by extension 'ignore_ament_install'
[3.083s] Level 1:colcon.colcon_core.package_identification:_identify(rover_arm_description) by extensions ['colcon_pkg']
[3.083s] Level 1:colcon.colcon_core.package_identification:_identify(rover_arm_description) by extension 'colcon_pkg'
[3.083s] Level 1:colcon.colcon_core.package_identification:_identify(rover_arm_description) by extensions ['colcon_meta']
[3.083s] Level 1:colcon.colcon_core.package_identification:_identify(rover_arm_description) by extension 'colcon_meta'
[3.084s] Level 1:colcon.colcon_core.package_identification:_identify(rover_arm_description) by extensions ['ros']
[3.084s] Level 1:colcon.colcon_core.package_identification:_identify(rover_arm_description) by extension 'ros'
[3.086s] DEBUG:colcon.colcon_core.package_identification:Package 'rover_arm_description' with type 'ros.ament_cmake' and name 'rover_arm_description'
[3.087s] Level 1:colcon.colcon_core.package_identification:_identify(rover_arm_moveit_config) by extensions ['ignore', 'ignore_ament_install']
[3.088s] Level 1:colcon.colcon_core.package_identification:_identify(rover_arm_moveit_config) by extension 'ignore'
[3.088s] Level 1:colcon.colcon_core.package_identification:_identify(rover_arm_moveit_config) by extension 'ignore_ament_install'
[3.089s] Level 1:colcon.colcon_core.package_identification:_identify(rover_arm_moveit_config) by extensions ['colcon_pkg']
[3.089s] Level 1:colcon.colcon_core.package_identification:_identify(rover_arm_moveit_config) by extension 'colcon_pkg'
[3.089s] Level 1:colcon.colcon_core.package_identification:_identify(rover_arm_moveit_config) by extensions ['colcon_meta']
[3.089s] Level 1:colcon.colcon_core.package_identification:_identify(rover_arm_moveit_config) by extension 'colcon_meta'
[3.090s] Level 1:colcon.colcon_core.package_identification:_identify(rover_arm_moveit_config) by extensions ['ros']
[3.090s] Level 1:colcon.colcon_core.package_identification:_identify(rover_arm_moveit_config) by extension 'ros'
[3.093s] DEBUG:colcon.colcon_core.package_identification:Package 'rover_arm_moveit_config' with type 'ros.ament_cmake' and name 'rover_arm_moveit_config'
[3.094s] Level 1:colcon.colcon_core.package_discovery:discover_packages(recursive) using defaults
[3.094s] Level 1:colcon.colcon_core.package_discovery:discover_packages(ignore) discover
[3.094s] Level 1:colcon.colcon_core.package_discovery:discover_packages(ignore) using defaults
[3.094s] Level 1:colcon.colcon_core.package_discovery:discover_packages(path) discover
[3.094s] Level 1:colcon.colcon_core.package_discovery:discover_packages(path) using defaults
[3.218s] INFO:colcon.colcon_core.package_selection:Skipping not selected package 'arm_hardware' in 'arm_hardware'
[3.218s] INFO:colcon.colcon_core.package_selection:Skipping not selected package 'ik_mux_controller' in 'ik_mux_controller'
[3.218s] INFO:colcon.colcon_core.package_selection:Skipping not selected package 'rover_arm_bringup' in 'rover_arm_bringup'
[3.218s] INFO:colcon.colcon_core.package_selection:Skipping not selected package 'rover_arm_description' in 'rover_arm_description'
[3.221s] Level 1:colcon.colcon_core.package_discovery:discover_packages(prefix_path) check parameters
[3.221s] Level 1:colcon.colcon_core.package_discovery:discover_packages(prefix_path) discover
[3.252s] DEBUG:colcon.colcon_installed_package_information.package_discovery:Found 8 installed packages in /home/liliana/ros2_ws/install
[3.259s] DEBUG:colcon.colcon_installed_package_information.package_discovery:Found 45 installed packages in /home/liliana/ws_moveit/install
[3.262s] DEBUG:colcon.colcon_installed_package_information.package_discovery:Found 2 installed packages in /home/liliana/install
[3.269s] DEBUG:colcon.colcon_installed_package_information.package_discovery:Found 419 installed packages in /opt/ros/humble
[3.284s] Level 1:colcon.colcon_core.package_discovery:discover_packages(prefix_path) using defaults
[3.557s] Level 5:colcon.colcon_core.verb:set package 'rover_arm_moveit_config' build argument 'cmake_args' from command line to 'None'
[3.557s] Level 5:colcon.colcon_core.verb:set package 'rover_arm_moveit_config' build argument 'cmake_target' from command line to 'None'
[3.557s] Level 5:colcon.colcon_core.verb:set package 'rover_arm_moveit_config' build argument 'cmake_target_skip_unavailable' from command line to 'False'
[3.557s] Level 5:colcon.colcon_core.verb:set package 'rover_arm_moveit_config' build argument 'cmake_clean_cache' from command line to 'False'
[3.557s] Level 5:colcon.colcon_core.verb:set package 'rover_arm_moveit_config' build argument 'cmake_clean_first' from command line to 'False'
[3.557s] Level 5:colcon.colcon_core.verb:set package 'rover_arm_moveit_config' build argument 'cmake_force_configure' from command line to 'False'
[3.557s] Level 5:colcon.colcon_core.verb:set package 'rover_arm_moveit_config' build argument 'ament_cmake_args' from command line to 'None'
[3.558s] Level 5:colcon.colcon_core.verb:set package 'rover_arm_moveit_config' build argument 'catkin_cmake_args' from command line to 'None'
[3.558s] Level 5:colcon.colcon_core.verb:set package 'rover_arm_moveit_config' build argument 'catkin_skip_building_tests' from command line to 'False'
[3.558s] DEBUG:colcon.colcon_core.verb:Building package 'rover_arm_moveit_config' with the following arguments: {'ament_cmake_args': None, 'build_base': '/home/liliana/ros2_ws/robot-repo-ros2/src/inverse-kinematics/build/rover_arm_moveit_config', 'catkin_cmake_args': None, 'catkin_skip_building_tests': False, 'cmake_args': None, 'cmake_clean_cache': False, 'cmake_clean_first': False, 'cmake_force_configure': False, 'cmake_target': None, 'cmake_target_skip_unavailable': False, 'install_base': '/home/liliana/ros2_ws/robot-repo-ros2/src/inverse-kinematics/install/rover_arm_moveit_config', 'merge_install': False, 'path': '/home/liliana/ros2_ws/robot-repo-ros2/src/inverse-kinematics/rover_arm_moveit_config', 'symlink_install': False, 'test_result_base': None}
[3.558s] INFO:colcon.colcon_core.executor:Executing jobs using 'parallel' executor
[3.562s] DEBUG:colcon.colcon_parallel_executor.executor.parallel:run_until_complete
[3.562s] INFO:colcon.colcon_ros.task.ament_cmake.build:Building ROS package in '/home/liliana/ros2_ws/robot-repo-ros2/src/inverse-kinematics/rover_arm_moveit_config' with build type 'ament_cmake'
[3.563s] INFO:colcon.colcon_cmake.task.cmake.build:Building CMake package in '/home/liliana/ros2_ws/robot-repo-ros2/src/inverse-kinematics/rover_arm_moveit_config'
[3.587s] INFO:colcon.colcon_core.plugin_system:Skipping extension 'colcon_core.shell.bat': Not used on non-Windows systems
[3.587s] INFO:colcon.colcon_core.shell:Skip shell extension 'powershell' for command environment: Not usable outside of PowerShell
[3.587s] DEBUG:colcon.colcon_core.shell:Skip shell extension 'dsv' for command environment
[3.613s] ERROR:colcon.colcon_cmake.task.cmake.build:Failed to find the following files:
- /home/liliana/ros2_ws/robot-repo-ros2/src/inverse-kinematics/install/rover_arm_description/share/rover_arm_description/package.sh
Check that the following packages have been built:
- rover_arm_description
[3.614s] Level 1:colcon.colcon_core.environment:create_environment_scripts_only(rover_arm_moveit_config)
[3.648s] Level 1:colcon.colcon_core.environment:checking '/home/liliana/ros2_ws/robot-repo-ros2/src/inverse-kinematics/install/rover_arm_moveit_config' for CMake module files
[3.649s] Level 1:colcon.colcon_core.environment:checking '/home/liliana/ros2_ws/robot-repo-ros2/src/inverse-kinematics/install/rover_arm_moveit_config' for CMake config files
[3.650s] Level 1:colcon.colcon_core.environment:checking '/home/liliana/ros2_ws/robot-repo-ros2/src/inverse-kinematics/install/rover_arm_moveit_config/bin'
[3.650s] Level 1:colcon.colcon_core.environment:checking '/home/liliana/ros2_ws/robot-repo-ros2/src/inverse-kinematics/install/rover_arm_moveit_config/lib/pkgconfig/rover_arm_moveit_config.pc'
[3.651s] Level 1:colcon.colcon_core.environment:checking '/home/liliana/ros2_ws/robot-repo-ros2/src/inverse-kinematics/install/rover_arm_moveit_config/lib/python3.10/site-packages'
[3.653s] Level 1:colcon.colcon_core.environment:checking '/home/liliana/ros2_ws/robot-repo-ros2/src/inverse-kinematics/install/rover_arm_moveit_config/bin'
[3.654s] INFO:colcon.colcon_core.shell:Creating package script '/home/liliana/ros2_ws/robot-repo-ros2/src/inverse-kinematics/install/rover_arm_moveit_config/share/rover_arm_moveit_config/package.ps1'
[3.658s] INFO:colcon.colcon_core.shell:Creating package descriptor '/home/liliana/ros2_ws/robot-repo-ros2/src/inverse-kinematics/install/rover_arm_moveit_config/share/rover_arm_moveit_config/package.dsv'
[3.662s] INFO:colcon.colcon_core.shell:Creating package script '/home/liliana/ros2_ws/robot-repo-ros2/src/inverse-kinematics/install/rover_arm_moveit_config/share/rover_arm_moveit_config/package.sh'
[3.665s] INFO:colcon.colcon_core.shell:Creating package script '/home/liliana/ros2_ws/robot-repo-ros2/src/inverse-kinematics/install/rover_arm_moveit_config/share/rover_arm_moveit_config/package.bash'
[3.670s] INFO:colcon.colcon_core.shell:Creating package script '/home/liliana/ros2_ws/robot-repo-ros2/src/inverse-kinematics/install/rover_arm_moveit_config/share/rover_arm_moveit_config/package.zsh'
[3.673s] Level 1:colcon.colcon_core.environment:create_file_with_runtime_dependencies(/home/liliana/ros2_ws/robot-repo-ros2/src/inverse-kinematics/install/rover_arm_moveit_config/share/colcon-core/packages/rover_arm_moveit_config)
[3.685s] DEBUG:colcon.colcon_parallel_executor.executor.parallel:closing loop
[3.685s] DEBUG:colcon.colcon_parallel_executor.executor.parallel:loop closed
[3.686s] DEBUG:colcon.colcon_parallel_executor.executor.parallel:run_until_complete finished with '1'
[3.686s] DEBUG:colcon.colcon_core.event_reactor:joining thread
[3.724s] INFO:colcon.colcon_core.plugin_system:Skipping extension 'colcon_notification.desktop_notification.terminal_notifier': Not used on non-Darwin systems
[3.725s] INFO:colcon.colcon_core.plugin_system:Skipping extension 'colcon_notification.desktop_notification.win32': Not used on non-Windows systems
[3.725s] INFO:colcon.colcon_notification.desktop_notification:Sending desktop notification using 'notify2'
[4.058s] DEBUG:colcon.colcon_core.event_reactor:joined thread
[4.059s] INFO:colcon.colcon_core.shell:Creating prefix script '/home/liliana/ros2_ws/robot-repo-ros2/src/inverse-kinematics/install/local_setup.ps1'
[4.065s] INFO:colcon.colcon_core.shell:Creating prefix util module '/home/liliana/ros2_ws/robot-repo-ros2/src/inverse-kinematics/install/_local_setup_util_ps1.py'
[4.072s] INFO:colcon.colcon_core.shell:Creating prefix chain script '/home/liliana/ros2_ws/robot-repo-ros2/src/inverse-kinematics/install/setup.ps1'
[4.086s] INFO:colcon.colcon_core.shell:Creating prefix script '/home/liliana/ros2_ws/robot-repo-ros2/src/inverse-kinematics/install/local_setup.sh'
[4.090s] INFO:colcon.colcon_core.shell:Creating prefix util module '/home/liliana/ros2_ws/robot-repo-ros2/src/inverse-kinematics/install/_local_setup_util_sh.py'
[4.093s] INFO:colcon.colcon_core.shell:Creating prefix chain script '/home/liliana/ros2_ws/robot-repo-ros2/src/inverse-kinematics/install/setup.sh'
[4.108s] INFO:colcon.colcon_core.shell:Creating prefix script '/home/liliana/ros2_ws/robot-repo-ros2/src/inverse-kinematics/install/local_setup.bash'
[4.112s] INFO:colcon.colcon_core.shell:Creating prefix chain script '/home/liliana/ros2_ws/robot-repo-ros2/src/inverse-kinematics/install/setup.bash'
[4.129s] INFO:colcon.colcon_core.shell:Creating prefix script '/home/liliana/ros2_ws/robot-repo-ros2/src/inverse-kinematics/install/local_setup.zsh'
[4.134s] INFO:colcon.colcon_core.shell:Creating prefix chain script '/home/liliana/ros2_ws/robot-repo-ros2/src/inverse-kinematics/install/setup.zsh'
