[0.340s] DEBUG:colcon:Command line arguments: ['/usr/bin/colcon', 'build', '--packages-select', 'test']
[0.341s] DEBUG:colcon:Parsed command line arguments: Namespace(log_base=None, log_level=None, verb_name='build', build_base='build', install_base='install', merge_install=False, symlink_install=False, test_result_base=None, continue_on_error=False, executor='parallel', parallel_workers=6, event_handlers=None, ignore_user_meta=False, metas=['./colcon.meta'], base_paths=['.'], packages_ignore=None, packages_ignore_regex=None, paths=None, packages_up_to=None, packages_up_to_regex=None, packages_above=None, packages_above_and_dependencies=None, packages_above_depth=None, packages_select_by_dep=None, packages_skip_by_dep=None, packages_skip_up_to=None, packages_select_build_failed=False, packages_skip_build_finished=False, packages_select_test_failures=False, packages_skip_test_passed=False, packages_select=['test'], packages_skip=None, packages_select_regex=None, packages_skip_regex=None, packages_start=None, packages_end=None, allow_overriding=[], cmake_args=None, cmake_target=None, cmake_target_skip_unavailable=False, cmake_clean_cache=False, cmake_clean_first=False, cmake_force_configure=False, ament_cmake_args=None, catkin_cmake_args=None, catkin_skip_building_tests=False, mixin_files=None, mixin=None, verb_parser=<colcon_mixin.mixin.mixin_argument.MixinArgumentDecorator object at 0x7539cc5945b0>, verb_extension=<colcon_core.verb.build.BuildVerb object at 0x7539cc5940a0>, main=<bound method BuildVerb.main of <colcon_core.verb.build.BuildVerb object at 0x7539cc5940a0>>, mixin_verb=('build',))
[1.179s] Level 1:colcon.colcon_core.package_discovery:discover_packages(colcon_meta) check parameters
[1.180s] Level 1:colcon.colcon_core.package_discovery:discover_packages(recursive) check parameters
[1.180s] Level 1:colcon.colcon_core.package_discovery:discover_packages(ignore) check parameters
[1.180s] Level 1:colcon.colcon_core.package_discovery:discover_packages(path) check parameters
[1.180s] Level 1:colcon.colcon_core.package_discovery:discover_packages(colcon_meta) discover
[1.180s] Level 1:colcon.colcon_core.package_discovery:discover_packages(recursive) discover
[1.181s] INFO:colcon.colcon_core.package_discovery:Crawling recursively for packages in '/home/liliana/ros2_ws/robot-repo-ros2/src'
[1.181s] Level 1:colcon.colcon_core.package_identification:_identify(.) by extensions ['ignore', 'ignore_ament_install']
[1.182s] Level 1:colcon.colcon_core.package_identification:_identify(.) by extension 'ignore'
[1.182s] Level 1:colcon.colcon_core.package_identification:_identify(.) by extension 'ignore_ament_install'
[1.182s] Level 1:colcon.colcon_core.package_identification:_identify(.) by extensions ['colcon_pkg']
[1.182s] Level 1:colcon.colcon_core.package_identification:_identify(.) by extension 'colcon_pkg'
[1.182s] Level 1:colcon.colcon_core.package_identification:_identify(.) by extensions ['colcon_meta']
[1.182s] Level 1:colcon.colcon_core.package_identification:_identify(.) by extension 'colcon_meta'
[1.182s] Level 1:colcon.colcon_core.package_identification:_identify(.) by extensions ['ros']
[1.182s] Level 1:colcon.colcon_core.package_identification:_identify(.) by extension 'ros'
[1.231s] Level 1:colcon.colcon_core.package_identification:_identify(.) by extensions ['cmake', 'python']
[1.231s] Level 1:colcon.colcon_core.package_identification:_identify(.) by extension 'cmake'
[1.231s] Level 1:colcon.colcon_core.package_identification:_identify(.) by extension 'python'
[1.231s] Level 1:colcon.colcon_core.package_identification:_identify(.) by extensions ['python_setup_py']
[1.231s] Level 1:colcon.colcon_core.package_identification:_identify(.) by extension 'python_setup_py'
[1.232s] Level 1:colcon.colcon_core.package_identification:_identify(absenc_interface) by extensions ['ignore', 'ignore_ament_install']
[1.232s] Level 1:colcon.colcon_core.package_identification:_identify(absenc_interface) by extension 'ignore'
[1.232s] Level 1:colcon.colcon_core.package_identification:_identify(absenc_interface) by extension 'ignore_ament_install'
[1.232s] Level 1:colcon.colcon_core.package_identification:_identify(absenc_interface) by extensions ['colcon_pkg']
[1.232s] Level 1:colcon.colcon_core.package_identification:_identify(absenc_interface) by extension 'colcon_pkg'
[1.232s] Level 1:colcon.colcon_core.package_identification:_identify(absenc_interface) by extensions ['colcon_meta']
[1.232s] Level 1:colcon.colcon_core.package_identification:_identify(absenc_interface) by extension 'colcon_meta'
[1.233s] Level 1:colcon.colcon_core.package_identification:_identify(absenc_interface) by extensions ['ros']
[1.233s] Level 1:colcon.colcon_core.package_identification:_identify(absenc_interface) by extension 'ros'
[1.243s] DEBUG:colcon.colcon_core.package_identification:Package 'absenc_interface' with type 'ros.ament_cmake' and name 'absenc_interface'
[1.244s] Level 1:colcon.colcon_core.package_identification:_identify(arm_controller) by extensions ['ignore', 'ignore_ament_install']
[1.244s] Level 1:colcon.colcon_core.package_identification:_identify(arm_controller) by extension 'ignore'
[1.245s] Level 1:colcon.colcon_core.package_identification:_identify(arm_controller) by extension 'ignore_ament_install'
[1.245s] Level 1:colcon.colcon_core.package_identification:_identify(arm_controller) by extensions ['colcon_pkg']
[1.245s] Level 1:colcon.colcon_core.package_identification:_identify(arm_controller) by extension 'colcon_pkg'
[1.245s] Level 1:colcon.colcon_core.package_identification:_identify(arm_controller) by extensions ['colcon_meta']
[1.245s] Level 1:colcon.colcon_core.package_identification:_identify(arm_controller) by extension 'colcon_meta'
[1.245s] Level 1:colcon.colcon_core.package_identification:_identify(arm_controller) by extensions ['ros']
[1.246s] Level 1:colcon.colcon_core.package_identification:_identify(arm_controller) by extension 'ros'
[1.248s] DEBUG:colcon.colcon_core.package_identification:Package 'arm_controller' with type 'ros.ament_cmake' and name 'arm_controller'
[1.248s] Level 1:colcon.colcon_core.package_identification:_identify(build) by extensions ['ignore', 'ignore_ament_install']
[1.249s] Level 1:colcon.colcon_core.package_identification:_identify(build) by extension 'ignore'
[1.249s] Level 1:colcon.colcon_core.package_identification:_identify(build) ignored
[1.249s] Level 1:colcon.colcon_core.package_identification:_identify(gps_py) by extensions ['ignore', 'ignore_ament_install']
[1.249s] Level 1:colcon.colcon_core.package_identification:_identify(gps_py) by extension 'ignore'
[1.249s] Level 1:colcon.colcon_core.package_identification:_identify(gps_py) by extension 'ignore_ament_install'
[1.249s] Level 1:colcon.colcon_core.package_identification:_identify(gps_py) by extensions ['colcon_pkg']
[1.249s] Level 1:colcon.colcon_core.package_identification:_identify(gps_py) by extension 'colcon_pkg'
[1.250s] Level 1:colcon.colcon_core.package_identification:_identify(gps_py) by extensions ['colcon_meta']
[1.250s] Level 1:colcon.colcon_core.package_identification:_identify(gps_py) by extension 'colcon_meta'
[1.250s] Level 1:colcon.colcon_core.package_identification:_identify(gps_py) by extensions ['ros']
[1.250s] Level 1:colcon.colcon_core.package_identification:_identify(gps_py) by extension 'ros'
[1.252s] DEBUG:colcon.colcon_core.package_identification:Package 'gps_py' with type 'ros.ament_python' and name 'gps_py'
[1.252s] Level 1:colcon.colcon_core.package_identification:_identify(install) by extensions ['ignore', 'ignore_ament_install']
[1.253s] Level 1:colcon.colcon_core.package_identification:_identify(install) by extension 'ignore'
[1.253s] Level 1:colcon.colcon_core.package_identification:_identify(install) ignored
[1.253s] Level 1:colcon.colcon_core.package_identification:_identify(inverse-kinematics) by extensions ['ignore', 'ignore_ament_install']
[1.253s] Level 1:colcon.colcon_core.package_identification:_identify(inverse-kinematics) by extension 'ignore'
[1.253s] Level 1:colcon.colcon_core.package_identification:_identify(inverse-kinematics) by extension 'ignore_ament_install'
[1.254s] Level 1:colcon.colcon_core.package_identification:_identify(inverse-kinematics) by extensions ['colcon_pkg']
[1.254s] Level 1:colcon.colcon_core.package_identification:_identify(inverse-kinematics) by extension 'colcon_pkg'
[1.254s] Level 1:colcon.colcon_core.package_identification:_identify(inverse-kinematics) by extensions ['colcon_meta']
[1.254s] Level 1:colcon.colcon_core.package_identification:_identify(inverse-kinematics) by extension 'colcon_meta'
[1.254s] Level 1:colcon.colcon_core.package_identification:_identify(inverse-kinematics) by extensions ['ros']
[1.254s] Level 1:colcon.colcon_core.package_identification:_identify(inverse-kinematics) by extension 'ros'
[1.254s] Level 1:colcon.colcon_core.package_identification:_identify(inverse-kinematics) by extensions ['cmake', 'python']
[1.254s] Level 1:colcon.colcon_core.package_identification:_identify(inverse-kinematics) by extension 'cmake'
[1.254s] Level 1:colcon.colcon_core.package_identification:_identify(inverse-kinematics) by extension 'python'
[1.254s] Level 1:colcon.colcon_core.package_identification:_identify(inverse-kinematics) by extensions ['python_setup_py']
[1.254s] Level 1:colcon.colcon_core.package_identification:_identify(inverse-kinematics) by extension 'python_setup_py'
[1.255s] Level 1:colcon.colcon_core.package_identification:_identify(inverse-kinematics/arm_hardware) by extensions ['ignore', 'ignore_ament_install']
[1.255s] Level 1:colcon.colcon_core.package_identification:_identify(inverse-kinematics/arm_hardware) by extension 'ignore'
[1.255s] Level 1:colcon.colcon_core.package_identification:_identify(inverse-kinematics/arm_hardware) by extension 'ignore_ament_install'
[1.255s] Level 1:colcon.colcon_core.package_identification:_identify(inverse-kinematics/arm_hardware) by extensions ['colcon_pkg']
[1.255s] Level 1:colcon.colcon_core.package_identification:_identify(inverse-kinematics/arm_hardware) by extension 'colcon_pkg'
[1.255s] Level 1:colcon.colcon_core.package_identification:_identify(inverse-kinematics/arm_hardware) by extensions ['colcon_meta']
[1.256s] Level 1:colcon.colcon_core.package_identification:_identify(inverse-kinematics/arm_hardware) by extension 'colcon_meta'
[1.256s] Level 1:colcon.colcon_core.package_identification:_identify(inverse-kinematics/arm_hardware) by extensions ['ros']
[1.256s] Level 1:colcon.colcon_core.package_identification:_identify(inverse-kinematics/arm_hardware) by extension 'ros'
[1.258s] DEBUG:colcon.colcon_core.package_identification:Package 'inverse-kinematics/arm_hardware' with type 'ros.ament_cmake' and name 'arm_hardware'
[1.259s] Level 1:colcon.colcon_core.package_identification:_identify(inverse-kinematics/build) by extensions ['ignore', 'ignore_ament_install']
[1.259s] Level 1:colcon.colcon_core.package_identification:_identify(inverse-kinematics/build) by extension 'ignore'
[1.260s] Level 1:colcon.colcon_core.package_identification:_identify(inverse-kinematics/build) ignored
[1.260s] Level 1:colcon.colcon_core.package_identification:_identify(inverse-kinematics/ik_mux_controller) by extensions ['ignore', 'ignore_ament_install']
[1.260s] Level 1:colcon.colcon_core.package_identification:_identify(inverse-kinematics/ik_mux_controller) by extension 'ignore'
[1.260s] Level 1:colcon.colcon_core.package_identification:_identify(inverse-kinematics/ik_mux_controller) by extension 'ignore_ament_install'
[1.260s] Level 1:colcon.colcon_core.package_identification:_identify(inverse-kinematics/ik_mux_controller) by extensions ['colcon_pkg']
[1.260s] Level 1:colcon.colcon_core.package_identification:_identify(inverse-kinematics/ik_mux_controller) by extension 'colcon_pkg'
[1.260s] Level 1:colcon.colcon_core.package_identification:_identify(inverse-kinematics/ik_mux_controller) by extensions ['colcon_meta']
[1.261s] Level 1:colcon.colcon_core.package_identification:_identify(inverse-kinematics/ik_mux_controller) by extension 'colcon_meta'
[1.261s] Level 1:colcon.colcon_core.package_identification:_identify(inverse-kinematics/ik_mux_controller) by extensions ['ros']
[1.261s] Level 1:colcon.colcon_core.package_identification:_identify(inverse-kinematics/ik_mux_controller) by extension 'ros'
[1.264s] DEBUG:colcon.colcon_core.package_identification:Package 'inverse-kinematics/ik_mux_controller' with type 'ros.ament_cmake' and name 'ik_mux_controller'
[1.265s] Level 1:colcon.colcon_core.package_identification:_identify(inverse-kinematics/install) by extensions ['ignore', 'ignore_ament_install']
[1.265s] Level 1:colcon.colcon_core.package_identification:_identify(inverse-kinematics/install) by extension 'ignore'
[1.265s] Level 1:colcon.colcon_core.package_identification:_identify(inverse-kinematics/install) ignored
[1.266s] Level 1:colcon.colcon_core.package_identification:_identify(inverse-kinematics/log) by extensions ['ignore', 'ignore_ament_install']
[1.266s] Level 1:colcon.colcon_core.package_identification:_identify(inverse-kinematics/log) by extension 'ignore'
[1.266s] Level 1:colcon.colcon_core.package_identification:_identify(inverse-kinematics/log) ignored
[1.266s] Level 1:colcon.colcon_core.package_identification:_identify(inverse-kinematics/rover_arm_description) by extensions ['ignore', 'ignore_ament_install']
[1.266s] Level 1:colcon.colcon_core.package_identification:_identify(inverse-kinematics/rover_arm_description) by extension 'ignore'
[1.266s] Level 1:colcon.colcon_core.package_identification:_identify(inverse-kinematics/rover_arm_description) by extension 'ignore_ament_install'
[1.266s] Level 1:colcon.colcon_core.package_identification:_identify(inverse-kinematics/rover_arm_description) by extensions ['colcon_pkg']
[1.267s] Level 1:colcon.colcon_core.package_identification:_identify(inverse-kinematics/rover_arm_description) by extension 'colcon_pkg'
[1.267s] Level 1:colcon.colcon_core.package_identification:_identify(inverse-kinematics/rover_arm_description) by extensions ['colcon_meta']
[1.267s] Level 1:colcon.colcon_core.package_identification:_identify(inverse-kinematics/rover_arm_description) by extension 'colcon_meta'
[1.267s] Level 1:colcon.colcon_core.package_identification:_identify(inverse-kinematics/rover_arm_description) by extensions ['ros']
[1.267s] Level 1:colcon.colcon_core.package_identification:_identify(inverse-kinematics/rover_arm_description) by extension 'ros'
[1.269s] DEBUG:colcon.colcon_core.package_identification:Package 'inverse-kinematics/rover_arm_description' with type 'ros.ament_cmake' and name 'rover_arm_description'
[1.269s] Level 1:colcon.colcon_core.package_identification:_identify(inverse-kinematics/rover_arm_moveit_config) by extensions ['ignore', 'ignore_ament_install']
[1.269s] Level 1:colcon.colcon_core.package_identification:_identify(inverse-kinematics/rover_arm_moveit_config) by extension 'ignore'
[1.269s] Level 1:colcon.colcon_core.package_identification:_identify(inverse-kinematics/rover_arm_moveit_config) by extension 'ignore_ament_install'
[1.270s] Level 1:colcon.colcon_core.package_identification:_identify(inverse-kinematics/rover_arm_moveit_config) by extensions ['colcon_pkg']
[1.270s] Level 1:colcon.colcon_core.package_identification:_identify(inverse-kinematics/rover_arm_moveit_config) by extension 'colcon_pkg'
[1.270s] Level 1:colcon.colcon_core.package_identification:_identify(inverse-kinematics/rover_arm_moveit_config) by extensions ['colcon_meta']
[1.270s] Level 1:colcon.colcon_core.package_identification:_identify(inverse-kinematics/rover_arm_moveit_config) by extension 'colcon_meta'
[1.270s] Level 1:colcon.colcon_core.package_identification:_identify(inverse-kinematics/rover_arm_moveit_config) by extensions ['ros']
[1.270s] Level 1:colcon.colcon_core.package_identification:_identify(inverse-kinematics/rover_arm_moveit_config) by extension 'ros'
[1.273s] DEBUG:colcon.colcon_core.package_identification:Package 'inverse-kinematics/rover_arm_moveit_config' with type 'ros.ament_cmake' and name 'rover_arm_moveit_config'
[1.273s] Level 1:colcon.colcon_core.package_identification:_identify(joy_mux_controller) by extensions ['ignore', 'ignore_ament_install']
[1.273s] Level 1:colcon.colcon_core.package_identification:_identify(joy_mux_controller) by extension 'ignore'
[1.273s] Level 1:colcon.colcon_core.package_identification:_identify(joy_mux_controller) by extension 'ignore_ament_install'
[1.273s] Level 1:colcon.colcon_core.package_identification:_identify(joy_mux_controller) by extensions ['colcon_pkg']
[1.273s] Level 1:colcon.colcon_core.package_identification:_identify(joy_mux_controller) by extension 'colcon_pkg'
[1.274s] Level 1:colcon.colcon_core.package_identification:_identify(joy_mux_controller) by extensions ['colcon_meta']
[1.274s] Level 1:colcon.colcon_core.package_identification:_identify(joy_mux_controller) by extension 'colcon_meta'
[1.274s] Level 1:colcon.colcon_core.package_identification:_identify(joy_mux_controller) by extensions ['ros']
[1.274s] Level 1:colcon.colcon_core.package_identification:_identify(joy_mux_controller) by extension 'ros'
[1.274s] Level 1:colcon.colcon_core.package_identification:_identify(joy_mux_controller) by extensions ['cmake', 'python']
[1.274s] Level 1:colcon.colcon_core.package_identification:_identify(joy_mux_controller) by extension 'cmake'
[1.274s] Level 1:colcon.colcon_core.package_identification:_identify(joy_mux_controller) by extension 'python'
[1.274s] Level 1:colcon.colcon_core.package_identification:_identify(joy_mux_controller) by extensions ['python_setup_py']
[1.274s] Level 1:colcon.colcon_core.package_identification:_identify(joy_mux_controller) by extension 'python_setup_py'
[2.341s] DEBUG:colcon.colcon_core.package_identification:Package 'joy_mux_controller' with type 'python' and name 'joy_mux_controller'
[2.341s] Level 1:colcon.colcon_core.package_identification:_identify(joy_mux_controller_cpp) by extensions ['ignore', 'ignore_ament_install']
[2.342s] Level 1:colcon.colcon_core.package_identification:_identify(joy_mux_controller_cpp) by extension 'ignore'
[2.342s] Level 1:colcon.colcon_core.package_identification:_identify(joy_mux_controller_cpp) by extension 'ignore_ament_install'
[2.342s] Level 1:colcon.colcon_core.package_identification:_identify(joy_mux_controller_cpp) by extensions ['colcon_pkg']
[2.342s] Level 1:colcon.colcon_core.package_identification:_identify(joy_mux_controller_cpp) by extension 'colcon_pkg'
[2.342s] Level 1:colcon.colcon_core.package_identification:_identify(joy_mux_controller_cpp) by extensions ['colcon_meta']
[2.342s] Level 1:colcon.colcon_core.package_identification:_identify(joy_mux_controller_cpp) by extension 'colcon_meta'
[2.343s] Level 1:colcon.colcon_core.package_identification:_identify(joy_mux_controller_cpp) by extensions ['ros']
[2.343s] Level 1:colcon.colcon_core.package_identification:_identify(joy_mux_controller_cpp) by extension 'ros'
[2.345s] DEBUG:colcon.colcon_core.package_identification:Package 'joy_mux_controller_cpp' with type 'ros.ament_cmake' and name 'joy_mux_controller_cpp'
[2.346s] Level 1:colcon.colcon_core.package_identification:_identify(joy_mux_controller_py) by extensions ['ignore', 'ignore_ament_install']
[2.346s] Level 1:colcon.colcon_core.package_identification:_identify(joy_mux_controller_py) by extension 'ignore'
[2.346s] Level 1:colcon.colcon_core.package_identification:_identify(joy_mux_controller_py) by extension 'ignore_ament_install'
[2.346s] Level 1:colcon.colcon_core.package_identification:_identify(joy_mux_controller_py) by extensions ['colcon_pkg']
[2.346s] Level 1:colcon.colcon_core.package_identification:_identify(joy_mux_controller_py) by extension 'colcon_pkg'
[2.346s] Level 1:colcon.colcon_core.package_identification:_identify(joy_mux_controller_py) by extensions ['colcon_meta']
[2.346s] Level 1:colcon.colcon_core.package_identification:_identify(joy_mux_controller_py) by extension 'colcon_meta'
[2.347s] Level 1:colcon.colcon_core.package_identification:_identify(joy_mux_controller_py) by extensions ['ros']
[2.347s] Level 1:colcon.colcon_core.package_identification:_identify(joy_mux_controller_py) by extension 'ros'
[2.349s] DEBUG:colcon.colcon_core.package_identification:Package 'joy_mux_controller_py' with type 'ros.ament_python' and name 'joy_mux_controller_py'
[2.349s] Level 1:colcon.colcon_core.package_identification:_identify(log) by extensions ['ignore', 'ignore_ament_install']
[2.350s] Level 1:colcon.colcon_core.package_identification:_identify(log) by extension 'ignore'
[2.350s] Level 1:colcon.colcon_core.package_identification:_identify(log) ignored
[2.350s] Level 1:colcon.colcon_core.package_identification:_identify(ouster-ros) by extensions ['ignore', 'ignore_ament_install']
[2.350s] Level 1:colcon.colcon_core.package_identification:_identify(ouster-ros) by extension 'ignore'
[2.350s] Level 1:colcon.colcon_core.package_identification:_identify(ouster-ros) by extension 'ignore_ament_install'
[2.350s] Level 1:colcon.colcon_core.package_identification:_identify(ouster-ros) by extensions ['colcon_pkg']
[2.350s] Level 1:colcon.colcon_core.package_identification:_identify(ouster-ros) by extension 'colcon_pkg'
[2.350s] Level 1:colcon.colcon_core.package_identification:_identify(ouster-ros) by extensions ['colcon_meta']
[2.351s] Level 1:colcon.colcon_core.package_identification:_identify(ouster-ros) by extension 'colcon_meta'
[2.351s] Level 1:colcon.colcon_core.package_identification:_identify(ouster-ros) by extensions ['ros']
[2.351s] Level 1:colcon.colcon_core.package_identification:_identify(ouster-ros) by extension 'ros'
[2.351s] Level 1:colcon.colcon_core.package_identification:_identify(ouster-ros) by extensions ['cmake', 'python']
[2.351s] Level 1:colcon.colcon_core.package_identification:_identify(ouster-ros) by extension 'cmake'
[2.351s] Level 1:colcon.colcon_core.package_identification:_identify(ouster-ros) by extension 'python'
[2.351s] Level 1:colcon.colcon_core.package_identification:_identify(ouster-ros) by extensions ['python_setup_py']
[2.351s] Level 1:colcon.colcon_core.package_identification:_identify(ouster-ros) by extension 'python_setup_py'
[2.352s] Level 1:colcon.colcon_core.package_identification:_identify(ouster-ros/docs) by extensions ['ignore', 'ignore_ament_install']
[2.352s] Level 1:colcon.colcon_core.package_identification:_identify(ouster-ros/docs) by extension 'ignore'
[2.352s] Level 1:colcon.colcon_core.package_identification:_identify(ouster-ros/docs) by extension 'ignore_ament_install'
[2.352s] Level 1:colcon.colcon_core.package_identification:_identify(ouster-ros/docs) by extensions ['colcon_pkg']
[2.352s] Level 1:colcon.colcon_core.package_identification:_identify(ouster-ros/docs) by extension 'colcon_pkg'
[2.352s] Level 1:colcon.colcon_core.package_identification:_identify(ouster-ros/docs) by extensions ['colcon_meta']
[2.352s] Level 1:colcon.colcon_core.package_identification:_identify(ouster-ros/docs) by extension 'colcon_meta'
[2.352s] Level 1:colcon.colcon_core.package_identification:_identify(ouster-ros/docs) by extensions ['ros']
[2.352s] Level 1:colcon.colcon_core.package_identification:_identify(ouster-ros/docs) by extension 'ros'
[2.353s] Level 1:colcon.colcon_core.package_identification:_identify(ouster-ros/docs) by extensions ['cmake', 'python']
[2.353s] Level 1:colcon.colcon_core.package_identification:_identify(ouster-ros/docs) by extension 'cmake'
[2.353s] Level 1:colcon.colcon_core.package_identification:_identify(ouster-ros/docs) by extension 'python'
[2.353s] Level 1:colcon.colcon_core.package_identification:_identify(ouster-ros/docs) by extensions ['python_setup_py']
[2.353s] Level 1:colcon.colcon_core.package_identification:_identify(ouster-ros/docs) by extension 'python_setup_py'
[2.353s] Level 1:colcon.colcon_core.package_identification:_identify(ouster-ros/docs/images) by extensions ['ignore', 'ignore_ament_install']
[2.353s] Level 1:colcon.colcon_core.package_identification:_identify(ouster-ros/docs/images) by extension 'ignore'
[2.353s] Level 1:colcon.colcon_core.package_identification:_identify(ouster-ros/docs/images) by extension 'ignore_ament_install'
[2.354s] Level 1:colcon.colcon_core.package_identification:_identify(ouster-ros/docs/images) by extensions ['colcon_pkg']
[2.354s] Level 1:colcon.colcon_core.package_identification:_identify(ouster-ros/docs/images) by extension 'colcon_pkg'
[2.354s] Level 1:colcon.colcon_core.package_identification:_identify(ouster-ros/docs/images) by extensions ['colcon_meta']
[2.354s] Level 1:colcon.colcon_core.package_identification:_identify(ouster-ros/docs/images) by extension 'colcon_meta'
[2.354s] Level 1:colcon.colcon_core.package_identification:_identify(ouster-ros/docs/images) by extensions ['ros']
[2.354s] Level 1:colcon.colcon_core.package_identification:_identify(ouster-ros/docs/images) by extension 'ros'
[2.354s] Level 1:colcon.colcon_core.package_identification:_identify(ouster-ros/docs/images) by extensions ['cmake', 'python']
[2.354s] Level 1:colcon.colcon_core.package_identification:_identify(ouster-ros/docs/images) by extension 'cmake'
[2.355s] Level 1:colcon.colcon_core.package_identification:_identify(ouster-ros/docs/images) by extension 'python'
[2.355s] Level 1:colcon.colcon_core.package_identification:_identify(ouster-ros/docs/images) by extensions ['python_setup_py']
[2.355s] Level 1:colcon.colcon_core.package_identification:_identify(ouster-ros/docs/images) by extension 'python_setup_py'
[2.355s] Level 1:colcon.colcon_core.package_identification:_identify(ouster-ros/ouster-ros) by extensions ['ignore', 'ignore_ament_install']
[2.355s] Level 1:colcon.colcon_core.package_identification:_identify(ouster-ros/ouster-ros) by extension 'ignore'
[2.355s] Level 1:colcon.colcon_core.package_identification:_identify(ouster-ros/ouster-ros) by extension 'ignore_ament_install'
[2.355s] Level 1:colcon.colcon_core.package_identification:_identify(ouster-ros/ouster-ros) by extensions ['colcon_pkg']
[2.355s] Level 1:colcon.colcon_core.package_identification:_identify(ouster-ros/ouster-ros) by extension 'colcon_pkg'
[2.356s] Level 1:colcon.colcon_core.package_identification:_identify(ouster-ros/ouster-ros) by extensions ['colcon_meta']
[2.356s] Level 1:colcon.colcon_core.package_identification:_identify(ouster-ros/ouster-ros) by extension 'colcon_meta'
[2.356s] Level 1:colcon.colcon_core.package_identification:_identify(ouster-ros/ouster-ros) by extensions ['ros']
[2.356s] Level 1:colcon.colcon_core.package_identification:_identify(ouster-ros/ouster-ros) by extension 'ros'
[2.361s] DEBUG:colcon.colcon_core.package_identification:Package 'ouster-ros/ouster-ros' with type 'ros.ament_cmake' and name 'ouster_ros'
[2.362s] Level 1:colcon.colcon_core.package_identification:_identify(ouster-ros/ouster-sensor-msgs) by extensions ['ignore', 'ignore_ament_install']
[2.362s] Level 1:colcon.colcon_core.package_identification:_identify(ouster-ros/ouster-sensor-msgs) by extension 'ignore'
[2.362s] Level 1:colcon.colcon_core.package_identification:_identify(ouster-ros/ouster-sensor-msgs) by extension 'ignore_ament_install'
[2.362s] Level 1:colcon.colcon_core.package_identification:_identify(ouster-ros/ouster-sensor-msgs) by extensions ['colcon_pkg']
[2.362s] Level 1:colcon.colcon_core.package_identification:_identify(ouster-ros/ouster-sensor-msgs) by extension 'colcon_pkg'
[2.363s] Level 1:colcon.colcon_core.package_identification:_identify(ouster-ros/ouster-sensor-msgs) by extensions ['colcon_meta']
[2.363s] Level 1:colcon.colcon_core.package_identification:_identify(ouster-ros/ouster-sensor-msgs) by extension 'colcon_meta'
[2.363s] Level 1:colcon.colcon_core.package_identification:_identify(ouster-ros/ouster-sensor-msgs) by extensions ['ros']
[2.363s] Level 1:colcon.colcon_core.package_identification:_identify(ouster-ros/ouster-sensor-msgs) by extension 'ros'
[2.365s] DEBUG:colcon.colcon_core.package_identification:Package 'ouster-ros/ouster-sensor-msgs' with type 'ros.ament_cmake' and name 'ouster_sensor_msgs'
[2.365s] Level 1:colcon.colcon_core.package_identification:_identify(test) by extensions ['ignore', 'ignore_ament_install']
[2.365s] Level 1:colcon.colcon_core.package_identification:_identify(test) by extension 'ignore'
[2.365s] Level 1:colcon.colcon_core.package_identification:_identify(test) by extension 'ignore_ament_install'
[2.366s] Level 1:colcon.colcon_core.package_identification:_identify(test) by extensions ['colcon_pkg']
[2.366s] Level 1:colcon.colcon_core.package_identification:_identify(test) by extension 'colcon_pkg'
[2.366s] Level 1:colcon.colcon_core.package_identification:_identify(test) by extensions ['colcon_meta']
[2.366s] Level 1:colcon.colcon_core.package_identification:_identify(test) by extension 'colcon_meta'
[2.366s] Level 1:colcon.colcon_core.package_identification:_identify(test) by extensions ['ros']
[2.366s] Level 1:colcon.colcon_core.package_identification:_identify(test) by extension 'ros'
[2.369s] DEBUG:colcon.colcon_core.package_identification:Package 'test' with type 'ros.ament_cmake' and name 'test'
[2.370s] Level 1:colcon.colcon_core.package_identification:_identify(test-autonomous-typing) by extensions ['ignore', 'ignore_ament_install']
[2.370s] Level 1:colcon.colcon_core.package_identification:_identify(test-autonomous-typing) by extension 'ignore'
[2.370s] Level 1:colcon.colcon_core.package_identification:_identify(test-autonomous-typing) by extension 'ignore_ament_install'
[2.370s] Level 1:colcon.colcon_core.package_identification:_identify(test-autonomous-typing) by extensions ['colcon_pkg']
[2.370s] Level 1:colcon.colcon_core.package_identification:_identify(test-autonomous-typing) by extension 'colcon_pkg'
[2.370s] Level 1:colcon.colcon_core.package_identification:_identify(test-autonomous-typing) by extensions ['colcon_meta']
[2.370s] Level 1:colcon.colcon_core.package_identification:_identify(test-autonomous-typing) by extension 'colcon_meta'
[2.370s] Level 1:colcon.colcon_core.package_identification:_identify(test-autonomous-typing) by extensions ['ros']
[2.370s] Level 1:colcon.colcon_core.package_identification:_identify(test-autonomous-typing) by extension 'ros'
[2.371s] Level 1:colcon.colcon_core.package_identification:_identify(test-autonomous-typing) by extensions ['cmake', 'python']
[2.371s] Level 1:colcon.colcon_core.package_identification:_identify(test-autonomous-typing) by extension 'cmake'
[2.371s] Level 1:colcon.colcon_core.package_identification:_identify(test-autonomous-typing) by extension 'python'
[2.371s] Level 1:colcon.colcon_core.package_identification:_identify(test-autonomous-typing) by extensions ['python_setup_py']
[2.371s] Level 1:colcon.colcon_core.package_identification:_identify(test-autonomous-typing) by extension 'python_setup_py'
[2.371s] Level 1:colcon.colcon_core.package_identification:_identify(usb_cam) by extensions ['ignore', 'ignore_ament_install']
[2.371s] Level 1:colcon.colcon_core.package_identification:_identify(usb_cam) by extension 'ignore'
[2.371s] Level 1:colcon.colcon_core.package_identification:_identify(usb_cam) by extension 'ignore_ament_install'
[2.371s] Level 1:colcon.colcon_core.package_identification:_identify(usb_cam) by extensions ['colcon_pkg']
[2.371s] Level 1:colcon.colcon_core.package_identification:_identify(usb_cam) by extension 'colcon_pkg'
[2.372s] Level 1:colcon.colcon_core.package_identification:_identify(usb_cam) by extensions ['colcon_meta']
[2.372s] Level 1:colcon.colcon_core.package_identification:_identify(usb_cam) by extension 'colcon_meta'
[2.372s] Level 1:colcon.colcon_core.package_identification:_identify(usb_cam) by extensions ['ros']
[2.372s] Level 1:colcon.colcon_core.package_identification:_identify(usb_cam) by extension 'ros'
[2.390s] DEBUG:colcon.colcon_core.package_identification:Package 'usb_cam' with type 'ros.ament_cmake' and name 'usb_cam'
[2.391s] Level 1:colcon.colcon_core.package_identification:_identify(wheels_controller) by extensions ['ignore', 'ignore_ament_install']
[2.391s] Level 1:colcon.colcon_core.package_identification:_identify(wheels_controller) by extension 'ignore'
[2.391s] Level 1:colcon.colcon_core.package_identification:_identify(wheels_controller) by extension 'ignore_ament_install'
[2.391s] Level 1:colcon.colcon_core.package_identification:_identify(wheels_controller) by extensions ['colcon_pkg']
[2.391s] Level 1:colcon.colcon_core.package_identification:_identify(wheels_controller) by extension 'colcon_pkg'
[2.391s] Level 1:colcon.colcon_core.package_identification:_identify(wheels_controller) by extensions ['colcon_meta']
[2.391s] Level 1:colcon.colcon_core.package_identification:_identify(wheels_controller) by extension 'colcon_meta'
[2.391s] Level 1:colcon.colcon_core.package_identification:_identify(wheels_controller) by extensions ['ros']
[2.391s] Level 1:colcon.colcon_core.package_identification:_identify(wheels_controller) by extension 'ros'
[2.393s] DEBUG:colcon.colcon_core.package_identification:Package 'wheels_controller' with type 'ros.ament_cmake' and name 'wheels_controller'
[2.393s] Level 1:colcon.colcon_core.package_discovery:discover_packages(recursive) using defaults
[2.393s] Level 1:colcon.colcon_core.package_discovery:discover_packages(ignore) discover
[2.393s] Level 1:colcon.colcon_core.package_discovery:discover_packages(ignore) using defaults
[2.394s] Level 1:colcon.colcon_core.package_discovery:discover_packages(path) discover
[2.394s] Level 1:colcon.colcon_core.package_discovery:discover_packages(path) using defaults
[2.451s] INFO:colcon.colcon_core.package_selection:Skipping not selected package 'absenc_interface' in 'absenc_interface'
[2.451s] INFO:colcon.colcon_core.package_selection:Skipping not selected package 'arm_controller' in 'arm_controller'
[2.451s] INFO:colcon.colcon_core.package_selection:Skipping not selected package 'arm_hardware' in 'inverse-kinematics/arm_hardware'
[2.451s] INFO:colcon.colcon_core.package_selection:Skipping not selected package 'gps_py' in 'gps_py'
[2.451s] INFO:colcon.colcon_core.package_selection:Skipping not selected package 'ik_mux_controller' in 'inverse-kinematics/ik_mux_controller'
[2.451s] INFO:colcon.colcon_core.package_selection:Skipping not selected package 'joy_mux_controller' in 'joy_mux_controller'
[2.451s] INFO:colcon.colcon_core.package_selection:Skipping not selected package 'joy_mux_controller_cpp' in 'joy_mux_controller_cpp'
[2.452s] INFO:colcon.colcon_core.package_selection:Skipping not selected package 'joy_mux_controller_py' in 'joy_mux_controller_py'
[2.452s] INFO:colcon.colcon_core.package_selection:Skipping not selected package 'ouster_sensor_msgs' in 'ouster-ros/ouster-sensor-msgs'
[2.452s] INFO:colcon.colcon_core.package_selection:Skipping not selected package 'rover_arm_description' in 'inverse-kinematics/rover_arm_description'
[2.452s] INFO:colcon.colcon_core.package_selection:Skipping not selected package 'usb_cam' in 'usb_cam'
[2.452s] INFO:colcon.colcon_core.package_selection:Skipping not selected package 'wheels_controller' in 'wheels_controller'
[2.452s] INFO:colcon.colcon_core.package_selection:Skipping not selected package 'ouster_ros' in 'ouster-ros/ouster-ros'
[2.452s] INFO:colcon.colcon_core.package_selection:Skipping not selected package 'rover_arm_moveit_config' in 'inverse-kinematics/rover_arm_moveit_config'
[2.453s] Level 1:colcon.colcon_core.package_discovery:discover_packages(prefix_path) check parameters
[2.453s] Level 1:colcon.colcon_core.package_discovery:discover_packages(prefix_path) discover
[2.462s] DEBUG:colcon.colcon_installed_package_information.package_discovery:Found 2 installed packages in /home/liliana/ros2_ws/robot-repo-ros2/src/inverse-kinematics/install
[2.464s] DEBUG:colcon.colcon_installed_package_information.package_discovery:Found 8 installed packages in /home/liliana/ros2_ws/install
[2.468s] DEBUG:colcon.colcon_installed_package_information.package_discovery:Found 45 installed packages in /home/liliana/ws_moveit/install
[2.471s] DEBUG:colcon.colcon_installed_package_information.package_discovery:Found 3 installed packages in /home/liliana/install
[2.477s] DEBUG:colcon.colcon_installed_package_information.package_discovery:Found 419 installed packages in /opt/ros/humble
[2.486s] Level 1:colcon.colcon_core.package_discovery:discover_packages(prefix_path) using defaults
[2.661s] Level 5:colcon.colcon_core.verb:set package 'test' build argument 'cmake_args' from command line to 'None'
[2.661s] Level 5:colcon.colcon_core.verb:set package 'test' build argument 'cmake_target' from command line to 'None'
[2.661s] Level 5:colcon.colcon_core.verb:set package 'test' build argument 'cmake_target_skip_unavailable' from command line to 'False'
[2.661s] Level 5:colcon.colcon_core.verb:set package 'test' build argument 'cmake_clean_cache' from command line to 'False'
[2.661s] Level 5:colcon.colcon_core.verb:set package 'test' build argument 'cmake_clean_first' from command line to 'False'
[2.661s] Level 5:colcon.colcon_core.verb:set package 'test' build argument 'cmake_force_configure' from command line to 'False'
[2.661s] Level 5:colcon.colcon_core.verb:set package 'test' build argument 'ament_cmake_args' from command line to 'None'
[2.661s] Level 5:colcon.colcon_core.verb:set package 'test' build argument 'catkin_cmake_args' from command line to 'None'
[2.662s] Level 5:colcon.colcon_core.verb:set package 'test' build argument 'catkin_skip_building_tests' from command line to 'False'
[2.662s] DEBUG:colcon.colcon_core.verb:Building package 'test' with the following arguments: {'ament_cmake_args': None, 'build_base': '/home/liliana/ros2_ws/robot-repo-ros2/src/build/test', 'catkin_cmake_args': None, 'catkin_skip_building_tests': False, 'cmake_args': None, 'cmake_clean_cache': False, 'cmake_clean_first': False, 'cmake_force_configure': False, 'cmake_target': None, 'cmake_target_skip_unavailable': False, 'install_base': '/home/liliana/ros2_ws/robot-repo-ros2/src/install/test', 'merge_install': False, 'path': '/home/liliana/ros2_ws/robot-repo-ros2/src/test', 'symlink_install': False, 'test_result_base': None}
[2.662s] INFO:colcon.colcon_core.executor:Executing jobs using 'parallel' executor
[2.665s] DEBUG:colcon.colcon_parallel_executor.executor.parallel:run_until_complete
[2.665s] INFO:colcon.colcon_ros.task.ament_cmake.build:Building ROS package in '/home/liliana/ros2_ws/robot-repo-ros2/src/test' with build type 'ament_cmake'
[2.666s] INFO:colcon.colcon_cmake.task.cmake.build:Building CMake package in '/home/liliana/ros2_ws/robot-repo-ros2/src/test'
[2.673s] INFO:colcon.colcon_core.plugin_system:Skipping extension 'colcon_core.shell.bat': Not used on non-Windows systems
[2.673s] INFO:colcon.colcon_core.shell:Skip shell extension 'powershell' for command environment: Not usable outside of PowerShell
[2.673s] DEBUG:colcon.colcon_core.shell:Skip shell extension 'dsv' for command environment
[2.733s] DEBUG:colcon.colcon_core.event_handler.log_command:Invoking command in '/home/liliana/ros2_ws/robot-repo-ros2/src/build/test': CMAKE_PREFIX_PATH=${CMAKE_PREFIX_PATH}:/home/liliana/ws_moveit/install/moveit_configs_utils:/home/liliana/ros2_ws/install/my_py_pkg:/home/liliana/ros2_ws/install/joy_mux_controller:/home/liliana/install/my_py_pkg:/opt/ros/humble /usr/bin/cmake /home/liliana/ros2_ws/robot-repo-ros2/src/test -DCMAKE_INSTALL_PREFIX=/home/liliana/ros2_ws/robot-repo-ros2/src/install/test
[12.637s] DEBUG:colcon.colcon_core.event_handler.log_command:Invoked command in '/home/liliana/ros2_ws/robot-repo-ros2/src/build/test' returned '0': CMAKE_PREFIX_PATH=${CMAKE_PREFIX_PATH}:/home/liliana/ws_moveit/install/moveit_configs_utils:/home/liliana/ros2_ws/install/my_py_pkg:/home/liliana/ros2_ws/install/joy_mux_controller:/home/liliana/install/my_py_pkg:/opt/ros/humble /usr/bin/cmake /home/liliana/ros2_ws/robot-repo-ros2/src/test -DCMAKE_INSTALL_PREFIX=/home/liliana/ros2_ws/robot-repo-ros2/src/install/test
[12.641s] DEBUG:colcon.colcon_core.event_handler.log_command:Invoking command in '/home/liliana/ros2_ws/robot-repo-ros2/src/build/test': CMAKE_PREFIX_PATH=${CMAKE_PREFIX_PATH}:/home/liliana/ws_moveit/install/moveit_configs_utils:/home/liliana/ros2_ws/install/my_py_pkg:/home/liliana/ros2_ws/install/joy_mux_controller:/home/liliana/install/my_py_pkg:/opt/ros/humble /usr/bin/cmake --build /home/liliana/ros2_ws/robot-repo-ros2/src/build/test -- -j6 -l6
[32.707s] DEBUG:colcon.colcon_core.event_handler.log_command:Invoked command in '/home/liliana/ros2_ws/robot-repo-ros2/src/build/test' returned '0': CMAKE_PREFIX_PATH=${CMAKE_PREFIX_PATH}:/home/liliana/ws_moveit/install/moveit_configs_utils:/home/liliana/ros2_ws/install/my_py_pkg:/home/liliana/ros2_ws/install/joy_mux_controller:/home/liliana/install/my_py_pkg:/opt/ros/humble /usr/bin/cmake --build /home/liliana/ros2_ws/robot-repo-ros2/src/build/test -- -j6 -l6
[32.745s] DEBUG:colcon.colcon_core.event_handler.log_command:Invoking command in '/home/liliana/ros2_ws/robot-repo-ros2/src/build/test': CMAKE_PREFIX_PATH=${CMAKE_PREFIX_PATH}:/home/liliana/ws_moveit/install/moveit_configs_utils:/home/liliana/ros2_ws/install/my_py_pkg:/home/liliana/ros2_ws/install/joy_mux_controller:/home/liliana/install/my_py_pkg:/opt/ros/humble /usr/bin/cmake --install /home/liliana/ros2_ws/robot-repo-ros2/src/build/test
[32.782s] Level 1:colcon.colcon_core.environment:create_environment_scripts_only(test)
[32.784s] DEBUG:colcon.colcon_core.event_handler.log_command:Invoked command in '/home/liliana/ros2_ws/robot-repo-ros2/src/build/test' returned '0': CMAKE_PREFIX_PATH=${CMAKE_PREFIX_PATH}:/home/liliana/ws_moveit/install/moveit_configs_utils:/home/liliana/ros2_ws/install/my_py_pkg:/home/liliana/ros2_ws/install/joy_mux_controller:/home/liliana/install/my_py_pkg:/opt/ros/humble /usr/bin/cmake --install /home/liliana/ros2_ws/robot-repo-ros2/src/build/test
[32.789s] Level 1:colcon.colcon_core.environment:checking '/home/liliana/ros2_ws/robot-repo-ros2/src/install/test' for CMake module files
[32.791s] Level 1:colcon.colcon_core.environment:checking '/home/liliana/ros2_ws/robot-repo-ros2/src/install/test' for CMake config files
[32.791s] Level 1:colcon.colcon_core.shell:create_environment_hook('test', 'cmake_prefix_path')
[32.792s] INFO:colcon.colcon_core.shell:Creating environment hook '/home/liliana/ros2_ws/robot-repo-ros2/src/install/test/share/test/hook/cmake_prefix_path.ps1'
[32.794s] INFO:colcon.colcon_core.shell:Creating environment descriptor '/home/liliana/ros2_ws/robot-repo-ros2/src/install/test/share/test/hook/cmake_prefix_path.dsv'
[32.795s] INFO:colcon.colcon_core.shell:Creating environment hook '/home/liliana/ros2_ws/robot-repo-ros2/src/install/test/share/test/hook/cmake_prefix_path.sh'
[32.797s] Level 1:colcon.colcon_core.environment:checking '/home/liliana/ros2_ws/robot-repo-ros2/src/install/test/lib'
[32.798s] Level 1:colcon.colcon_core.environment:checking '/home/liliana/ros2_ws/robot-repo-ros2/src/install/test/bin'
[32.798s] Level 1:colcon.colcon_core.environment:checking '/home/liliana/ros2_ws/robot-repo-ros2/src/install/test/lib/pkgconfig/test.pc'
[32.799s] Level 1:colcon.colcon_core.environment:checking '/home/liliana/ros2_ws/robot-repo-ros2/src/install/test/lib/python3.10/site-packages'
[32.800s] Level 1:colcon.colcon_core.environment:checking '/home/liliana/ros2_ws/robot-repo-ros2/src/install/test/bin'
[32.801s] INFO:colcon.colcon_core.shell:Creating package script '/home/liliana/ros2_ws/robot-repo-ros2/src/install/test/share/test/package.ps1'
[32.803s] INFO:colcon.colcon_core.shell:Creating package descriptor '/home/liliana/ros2_ws/robot-repo-ros2/src/install/test/share/test/package.dsv'
[32.804s] INFO:colcon.colcon_core.shell:Creating package script '/home/liliana/ros2_ws/robot-repo-ros2/src/install/test/share/test/package.sh'
[32.807s] INFO:colcon.colcon_core.shell:Creating package script '/home/liliana/ros2_ws/robot-repo-ros2/src/install/test/share/test/package.bash'
[32.809s] INFO:colcon.colcon_core.shell:Creating package script '/home/liliana/ros2_ws/robot-repo-ros2/src/install/test/share/test/package.zsh'
[32.811s] Level 1:colcon.colcon_core.environment:create_file_with_runtime_dependencies(/home/liliana/ros2_ws/robot-repo-ros2/src/install/test/share/colcon-core/packages/test)
[32.812s] Level 1:colcon.colcon_core.environment:create_environment_scripts_only(test)
[32.813s] Level 1:colcon.colcon_core.environment:checking '/home/liliana/ros2_ws/robot-repo-ros2/src/install/test' for CMake module files
[32.814s] Level 1:colcon.colcon_core.environment:checking '/home/liliana/ros2_ws/robot-repo-ros2/src/install/test' for CMake config files
[32.815s] Level 1:colcon.colcon_core.shell:create_environment_hook('test', 'cmake_prefix_path')
[32.816s] INFO:colcon.colcon_core.shell:Creating environment hook '/home/liliana/ros2_ws/robot-repo-ros2/src/install/test/share/test/hook/cmake_prefix_path.ps1'
[32.817s] INFO:colcon.colcon_core.shell:Creating environment descriptor '/home/liliana/ros2_ws/robot-repo-ros2/src/install/test/share/test/hook/cmake_prefix_path.dsv'
[32.818s] INFO:colcon.colcon_core.shell:Creating environment hook '/home/liliana/ros2_ws/robot-repo-ros2/src/install/test/share/test/hook/cmake_prefix_path.sh'
[32.820s] Level 1:colcon.colcon_core.environment:checking '/home/liliana/ros2_ws/robot-repo-ros2/src/install/test/lib'
[32.820s] Level 1:colcon.colcon_core.environment:checking '/home/liliana/ros2_ws/robot-repo-ros2/src/install/test/bin'
[32.820s] Level 1:colcon.colcon_core.environment:checking '/home/liliana/ros2_ws/robot-repo-ros2/src/install/test/lib/pkgconfig/test.pc'
[32.821s] Level 1:colcon.colcon_core.environment:checking '/home/liliana/ros2_ws/robot-repo-ros2/src/install/test/lib/python3.10/site-packages'
[32.822s] Level 1:colcon.colcon_core.environment:checking '/home/liliana/ros2_ws/robot-repo-ros2/src/install/test/bin'
[32.823s] INFO:colcon.colcon_core.shell:Creating package script '/home/liliana/ros2_ws/robot-repo-ros2/src/install/test/share/test/package.ps1'
[32.825s] INFO:colcon.colcon_core.shell:Creating package descriptor '/home/liliana/ros2_ws/robot-repo-ros2/src/install/test/share/test/package.dsv'
[32.827s] INFO:colcon.colcon_core.shell:Creating package script '/home/liliana/ros2_ws/robot-repo-ros2/src/install/test/share/test/package.sh'
[32.829s] INFO:colcon.colcon_core.shell:Creating package script '/home/liliana/ros2_ws/robot-repo-ros2/src/install/test/share/test/package.bash'
[32.831s] INFO:colcon.colcon_core.shell:Creating package script '/home/liliana/ros2_ws/robot-repo-ros2/src/install/test/share/test/package.zsh'
[32.832s] Level 1:colcon.colcon_core.environment:create_file_with_runtime_dependencies(/home/liliana/ros2_ws/robot-repo-ros2/src/install/test/share/colcon-core/packages/test)
[32.833s] DEBUG:colcon.colcon_parallel_executor.executor.parallel:closing loop
[32.834s] DEBUG:colcon.colcon_parallel_executor.executor.parallel:loop closed
[32.834s] DEBUG:colcon.colcon_parallel_executor.executor.parallel:run_until_complete finished with '0'
[32.834s] DEBUG:colcon.colcon_core.event_reactor:joining thread
[32.849s] INFO:colcon.colcon_core.plugin_system:Skipping extension 'colcon_notification.desktop_notification.terminal_notifier': Not used on non-Darwin systems
[32.849s] INFO:colcon.colcon_core.plugin_system:Skipping extension 'colcon_notification.desktop_notification.win32': Not used on non-Windows systems
[32.850s] INFO:colcon.colcon_notification.desktop_notification:Sending desktop notification using 'notify2'
[32.883s] DEBUG:colcon.colcon_core.event_reactor:joined thread
[32.884s] INFO:colcon.colcon_core.shell:Creating prefix script '/home/liliana/ros2_ws/robot-repo-ros2/src/install/local_setup.ps1'
[32.886s] INFO:colcon.colcon_core.shell:Creating prefix util module '/home/liliana/ros2_ws/robot-repo-ros2/src/install/_local_setup_util_ps1.py'
[32.891s] INFO:colcon.colcon_core.shell:Creating prefix chain script '/home/liliana/ros2_ws/robot-repo-ros2/src/install/setup.ps1'
[32.902s] INFO:colcon.colcon_core.shell:Creating prefix script '/home/liliana/ros2_ws/robot-repo-ros2/src/install/local_setup.sh'
[32.905s] INFO:colcon.colcon_core.shell:Creating prefix util module '/home/liliana/ros2_ws/robot-repo-ros2/src/install/_local_setup_util_sh.py'
[32.907s] INFO:colcon.colcon_core.shell:Creating prefix chain script '/home/liliana/ros2_ws/robot-repo-ros2/src/install/setup.sh'
[32.917s] INFO:colcon.colcon_core.shell:Creating prefix script '/home/liliana/ros2_ws/robot-repo-ros2/src/install/local_setup.bash'
[32.919s] INFO:colcon.colcon_core.shell:Creating prefix chain script '/home/liliana/ros2_ws/robot-repo-ros2/src/install/setup.bash'
[32.929s] INFO:colcon.colcon_core.shell:Creating prefix script '/home/liliana/ros2_ws/robot-repo-ros2/src/install/local_setup.zsh'
[32.931s] INFO:colcon.colcon_core.shell:Creating prefix chain script '/home/liliana/ros2_ws/robot-repo-ros2/src/install/setup.zsh'
