[0.539s] DEBUG:colcon:Command line arguments: ['/usr/bin/colcon', 'build', '--packages-select', 'object_recognition']
[0.540s] DEBUG:colcon:Parsed command line arguments: Namespace(log_base=None, log_level=None, verb_name='build', build_base='build', install_base='install', merge_install=False, symlink_install=False, test_result_base=None, continue_on_error=False, executor='parallel', parallel_workers=6, event_handlers=None, ignore_user_meta=False, metas=['./colcon.meta'], base_paths=['.'], packages_ignore=None, packages_ignore_regex=None, paths=None, packages_up_to=None, packages_up_to_regex=None, packages_above=None, packages_above_and_dependencies=None, packages_above_depth=None, packages_select_by_dep=None, packages_skip_by_dep=None, packages_skip_up_to=None, packages_select_build_failed=False, packages_skip_build_finished=False, packages_select_test_failures=False, packages_skip_test_passed=False, packages_select=['object_recognition'], packages_skip=None, packages_select_regex=None, packages_skip_regex=None, packages_start=None, packages_end=None, allow_overriding=[], cmake_args=None, cmake_target=None, cmake_target_skip_unavailable=False, cmake_clean_cache=False, cmake_clean_first=False, cmake_force_configure=False, ament_cmake_args=None, catkin_cmake_args=None, catkin_skip_building_tests=False, mixin_files=None, mixin=None, verb_parser=<colcon_mixin.mixin.mixin_argument.MixinArgumentDecorator object at 0x71ced10535e0>, verb_extension=<colcon_core.verb.build.BuildVerb object at 0x71ced1052fb0>, main=<bound method BuildVerb.main of <colcon_core.verb.build.BuildVerb object at 0x71ced1052fb0>>, mixin_verb=('build',))
[1.969s] Level 1:colcon.colcon_core.package_discovery:discover_packages(colcon_meta) check parameters
[1.969s] Level 1:colcon.colcon_core.package_discovery:discover_packages(recursive) check parameters
[1.969s] Level 1:colcon.colcon_core.package_discovery:discover_packages(ignore) check parameters
[1.969s] Level 1:colcon.colcon_core.package_discovery:discover_packages(path) check parameters
[1.969s] Level 1:colcon.colcon_core.package_discovery:discover_packages(colcon_meta) discover
[1.969s] Level 1:colcon.colcon_core.package_discovery:discover_packages(recursive) discover
[1.970s] INFO:colcon.colcon_core.package_discovery:Crawling recursively for packages in '/home/liliana/ros2_ws/robot-repo-ros2/src'
[1.970s] Level 1:colcon.colcon_core.package_identification:_identify(.) by extensions ['ignore', 'ignore_ament_install']
[1.970s] Level 1:colcon.colcon_core.package_identification:_identify(.) by extension 'ignore'
[1.970s] Level 1:colcon.colcon_core.package_identification:_identify(.) by extension 'ignore_ament_install'
[1.970s] Level 1:colcon.colcon_core.package_identification:_identify(.) by extensions ['colcon_pkg']
[1.971s] Level 1:colcon.colcon_core.package_identification:_identify(.) by extension 'colcon_pkg'
[1.971s] Level 1:colcon.colcon_core.package_identification:_identify(.) by extensions ['colcon_meta']
[1.971s] Level 1:colcon.colcon_core.package_identification:_identify(.) by extension 'colcon_meta'
[1.971s] Level 1:colcon.colcon_core.package_identification:_identify(.) by extensions ['ros']
[1.971s] Level 1:colcon.colcon_core.package_identification:_identify(.) by extension 'ros'
[2.013s] Level 1:colcon.colcon_core.package_identification:_identify(.) by extensions ['cmake', 'python']
[2.013s] Level 1:colcon.colcon_core.package_identification:_identify(.) by extension 'cmake'
[2.013s] Level 1:colcon.colcon_core.package_identification:_identify(.) by extension 'python'
[2.014s] Level 1:colcon.colcon_core.package_identification:_identify(.) by extensions ['python_setup_py']
[2.014s] Level 1:colcon.colcon_core.package_identification:_identify(.) by extension 'python_setup_py'
[2.014s] Level 1:colcon.colcon_core.package_identification:_identify(absenc_interface) by extensions ['ignore', 'ignore_ament_install']
[2.014s] Level 1:colcon.colcon_core.package_identification:_identify(absenc_interface) by extension 'ignore'
[2.014s] Level 1:colcon.colcon_core.package_identification:_identify(absenc_interface) by extension 'ignore_ament_install'
[2.015s] Level 1:colcon.colcon_core.package_identification:_identify(absenc_interface) by extensions ['colcon_pkg']
[2.015s] Level 1:colcon.colcon_core.package_identification:_identify(absenc_interface) by extension 'colcon_pkg'
[2.015s] Level 1:colcon.colcon_core.package_identification:_identify(absenc_interface) by extensions ['colcon_meta']
[2.015s] Level 1:colcon.colcon_core.package_identification:_identify(absenc_interface) by extension 'colcon_meta'
[2.015s] Level 1:colcon.colcon_core.package_identification:_identify(absenc_interface) by extensions ['ros']
[2.015s] Level 1:colcon.colcon_core.package_identification:_identify(absenc_interface) by extension 'ros'
[2.025s] DEBUG:colcon.colcon_core.package_identification:Package 'absenc_interface' with type 'ros.ament_cmake' and name 'absenc_interface'
[2.026s] Level 1:colcon.colcon_core.package_identification:_identify(arm_controller) by extensions ['ignore', 'ignore_ament_install']
[2.029s] Level 1:colcon.colcon_core.package_identification:_identify(arm_controller) by extension 'ignore'
[2.030s] Level 1:colcon.colcon_core.package_identification:_identify(arm_controller) by extension 'ignore_ament_install'
[2.030s] Level 1:colcon.colcon_core.package_identification:_identify(arm_controller) by extensions ['colcon_pkg']
[2.030s] Level 1:colcon.colcon_core.package_identification:_identify(arm_controller) by extension 'colcon_pkg'
[2.030s] Level 1:colcon.colcon_core.package_identification:_identify(arm_controller) by extensions ['colcon_meta']
[2.030s] Level 1:colcon.colcon_core.package_identification:_identify(arm_controller) by extension 'colcon_meta'
[2.030s] Level 1:colcon.colcon_core.package_identification:_identify(arm_controller) by extensions ['ros']
[2.030s] Level 1:colcon.colcon_core.package_identification:_identify(arm_controller) by extension 'ros'
[2.033s] DEBUG:colcon.colcon_core.package_identification:Package 'arm_controller' with type 'ros.ament_cmake' and name 'arm_controller'
[2.033s] Level 1:colcon.colcon_core.package_identification:_identify(arm_plugin) by extensions ['ignore', 'ignore_ament_install']
[2.033s] Level 1:colcon.colcon_core.package_identification:_identify(arm_plugin) by extension 'ignore'
[2.034s] Level 1:colcon.colcon_core.package_identification:_identify(arm_plugin) by extension 'ignore_ament_install'
[2.034s] Level 1:colcon.colcon_core.package_identification:_identify(arm_plugin) by extensions ['colcon_pkg']
[2.034s] Level 1:colcon.colcon_core.package_identification:_identify(arm_plugin) by extension 'colcon_pkg'
[2.034s] Level 1:colcon.colcon_core.package_identification:_identify(arm_plugin) by extensions ['colcon_meta']
[2.034s] Level 1:colcon.colcon_core.package_identification:_identify(arm_plugin) by extension 'colcon_meta'
[2.034s] Level 1:colcon.colcon_core.package_identification:_identify(arm_plugin) by extensions ['ros']
[2.034s] Level 1:colcon.colcon_core.package_identification:_identify(arm_plugin) by extension 'ros'
[2.037s] DEBUG:colcon.colcon_core.package_identification:Package 'arm_plugin' with type 'ros.ament_cmake' and name 'arm_plugin'
[2.038s] Level 1:colcon.colcon_core.package_identification:_identify(build) by extensions ['ignore', 'ignore_ament_install']
[2.038s] Level 1:colcon.colcon_core.package_identification:_identify(build) by extension 'ignore'
[2.038s] Level 1:colcon.colcon_core.package_identification:_identify(build) ignored
[2.038s] Level 1:colcon.colcon_core.package_identification:_identify(ceres_moveit_config) by extensions ['ignore', 'ignore_ament_install']
[2.039s] Level 1:colcon.colcon_core.package_identification:_identify(ceres_moveit_config) by extension 'ignore'
[2.039s] Level 1:colcon.colcon_core.package_identification:_identify(ceres_moveit_config) by extension 'ignore_ament_install'
[2.039s] Level 1:colcon.colcon_core.package_identification:_identify(ceres_moveit_config) by extensions ['colcon_pkg']
[2.039s] Level 1:colcon.colcon_core.package_identification:_identify(ceres_moveit_config) by extension 'colcon_pkg'
[2.039s] Level 1:colcon.colcon_core.package_identification:_identify(ceres_moveit_config) by extensions ['colcon_meta']
[2.040s] Level 1:colcon.colcon_core.package_identification:_identify(ceres_moveit_config) by extension 'colcon_meta'
[2.040s] Level 1:colcon.colcon_core.package_identification:_identify(ceres_moveit_config) by extensions ['ros']
[2.040s] Level 1:colcon.colcon_core.package_identification:_identify(ceres_moveit_config) by extension 'ros'
[2.044s] DEBUG:colcon.colcon_core.package_identification:Package 'ceres_moveit_config' with type 'ros.ament_cmake' and name 'ceres_moveit_config'
[2.044s] Level 1:colcon.colcon_core.package_identification:_identify(ceres_urdf) by extensions ['ignore', 'ignore_ament_install']
[2.044s] Level 1:colcon.colcon_core.package_identification:_identify(ceres_urdf) by extension 'ignore'
[2.044s] Level 1:colcon.colcon_core.package_identification:_identify(ceres_urdf) by extension 'ignore_ament_install'
[2.044s] Level 1:colcon.colcon_core.package_identification:_identify(ceres_urdf) by extensions ['colcon_pkg']
[2.045s] Level 1:colcon.colcon_core.package_identification:_identify(ceres_urdf) by extension 'colcon_pkg'
[2.045s] Level 1:colcon.colcon_core.package_identification:_identify(ceres_urdf) by extensions ['colcon_meta']
[2.045s] Level 1:colcon.colcon_core.package_identification:_identify(ceres_urdf) by extension 'colcon_meta'
[2.045s] Level 1:colcon.colcon_core.package_identification:_identify(ceres_urdf) by extensions ['ros']
[2.045s] Level 1:colcon.colcon_core.package_identification:_identify(ceres_urdf) by extension 'ros'
[2.047s] DEBUG:colcon.colcon_core.package_identification:Package 'ceres_urdf' with type 'ros.ament_cmake' and name 'ceres_urdf'
[2.048s] Level 1:colcon.colcon_core.package_identification:_identify(ik_mux_controller) by extensions ['ignore', 'ignore_ament_install']
[2.048s] Level 1:colcon.colcon_core.package_identification:_identify(ik_mux_controller) by extension 'ignore'
[2.048s] Level 1:colcon.colcon_core.package_identification:_identify(ik_mux_controller) by extension 'ignore_ament_install'
[2.049s] Level 1:colcon.colcon_core.package_identification:_identify(ik_mux_controller) by extensions ['colcon_pkg']
[2.049s] Level 1:colcon.colcon_core.package_identification:_identify(ik_mux_controller) by extension 'colcon_pkg'
[2.049s] Level 1:colcon.colcon_core.package_identification:_identify(ik_mux_controller) by extensions ['colcon_meta']
[2.049s] Level 1:colcon.colcon_core.package_identification:_identify(ik_mux_controller) by extension 'colcon_meta'
[2.049s] Level 1:colcon.colcon_core.package_identification:_identify(ik_mux_controller) by extensions ['ros']
[2.049s] Level 1:colcon.colcon_core.package_identification:_identify(ik_mux_controller) by extension 'ros'
[2.053s] DEBUG:colcon.colcon_core.package_identification:Package 'ik_mux_controller' with type 'ros.ament_cmake' and name 'ik_mux_controller'
[2.054s] Level 1:colcon.colcon_core.package_identification:_identify(install) by extensions ['ignore', 'ignore_ament_install']
[2.054s] Level 1:colcon.colcon_core.package_identification:_identify(install) by extension 'ignore'
[2.054s] Level 1:colcon.colcon_core.package_identification:_identify(install) ignored
[2.055s] Level 1:colcon.colcon_core.package_identification:_identify(joy_mux_controller) by extensions ['ignore', 'ignore_ament_install']
[2.055s] Level 1:colcon.colcon_core.package_identification:_identify(joy_mux_controller) by extension 'ignore'
[2.055s] Level 1:colcon.colcon_core.package_identification:_identify(joy_mux_controller) by extension 'ignore_ament_install'
[2.055s] Level 1:colcon.colcon_core.package_identification:_identify(joy_mux_controller) by extensions ['colcon_pkg']
[2.055s] Level 1:colcon.colcon_core.package_identification:_identify(joy_mux_controller) by extension 'colcon_pkg'
[2.055s] Level 1:colcon.colcon_core.package_identification:_identify(joy_mux_controller) by extensions ['colcon_meta']
[2.055s] Level 1:colcon.colcon_core.package_identification:_identify(joy_mux_controller) by extension 'colcon_meta'
[2.056s] Level 1:colcon.colcon_core.package_identification:_identify(joy_mux_controller) by extensions ['ros']
[2.056s] Level 1:colcon.colcon_core.package_identification:_identify(joy_mux_controller) by extension 'ros'
[2.059s] DEBUG:colcon.colcon_core.package_identification:Package 'joy_mux_controller' with type 'ros.ament_python' and name 'joy_mux_controller'
[2.059s] Level 1:colcon.colcon_core.package_identification:_identify(log) by extensions ['ignore', 'ignore_ament_install']
[2.060s] Level 1:colcon.colcon_core.package_identification:_identify(log) by extension 'ignore'
[2.060s] Level 1:colcon.colcon_core.package_identification:_identify(log) ignored
[2.060s] Level 1:colcon.colcon_core.package_identification:_identify(object_recognition) by extensions ['ignore', 'ignore_ament_install']
[2.060s] Level 1:colcon.colcon_core.package_identification:_identify(object_recognition) by extension 'ignore'
[2.060s] Level 1:colcon.colcon_core.package_identification:_identify(object_recognition) by extension 'ignore_ament_install'
[2.061s] Level 1:colcon.colcon_core.package_identification:_identify(object_recognition) by extensions ['colcon_pkg']
[2.061s] Level 1:colcon.colcon_core.package_identification:_identify(object_recognition) by extension 'colcon_pkg'
[2.061s] Level 1:colcon.colcon_core.package_identification:_identify(object_recognition) by extensions ['colcon_meta']
[2.061s] Level 1:colcon.colcon_core.package_identification:_identify(object_recognition) by extension 'colcon_meta'
[2.061s] Level 1:colcon.colcon_core.package_identification:_identify(object_recognition) by extensions ['ros']
[2.061s] Level 1:colcon.colcon_core.package_identification:_identify(object_recognition) by extension 'ros'
[2.063s] DEBUG:colcon.colcon_core.package_identification:Package 'object_recognition' with type 'ros.ament_cmake' and name 'object_recognition'
[2.063s] Level 1:colcon.colcon_core.package_identification:_identify(ros_aruco_opencv) by extensions ['ignore', 'ignore_ament_install']
[2.064s] Level 1:colcon.colcon_core.package_identification:_identify(ros_aruco_opencv) by extension 'ignore'
[2.064s] Level 1:colcon.colcon_core.package_identification:_identify(ros_aruco_opencv) by extension 'ignore_ament_install'
[2.064s] Level 1:colcon.colcon_core.package_identification:_identify(ros_aruco_opencv) by extensions ['colcon_pkg']
[2.064s] Level 1:colcon.colcon_core.package_identification:_identify(ros_aruco_opencv) by extension 'colcon_pkg'
[2.064s] Level 1:colcon.colcon_core.package_identification:_identify(ros_aruco_opencv) by extensions ['colcon_meta']
[2.064s] Level 1:colcon.colcon_core.package_identification:_identify(ros_aruco_opencv) by extension 'colcon_meta'
[2.065s] Level 1:colcon.colcon_core.package_identification:_identify(ros_aruco_opencv) by extensions ['ros']
[2.065s] Level 1:colcon.colcon_core.package_identification:_identify(ros_aruco_opencv) by extension 'ros'
[2.065s] Level 1:colcon.colcon_core.package_identification:_identify(ros_aruco_opencv) by extensions ['cmake', 'python']
[2.065s] Level 1:colcon.colcon_core.package_identification:_identify(ros_aruco_opencv) by extension 'cmake'
[2.065s] Level 1:colcon.colcon_core.package_identification:_identify(ros_aruco_opencv) by extension 'python'
[2.065s] Level 1:colcon.colcon_core.package_identification:_identify(ros_aruco_opencv) by extensions ['python_setup_py']
[2.065s] Level 1:colcon.colcon_core.package_identification:_identify(ros_aruco_opencv) by extension 'python_setup_py'
[2.065s] Level 1:colcon.colcon_core.package_identification:_identify(sil) by extensions ['ignore', 'ignore_ament_install']
[2.066s] Level 1:colcon.colcon_core.package_identification:_identify(sil) by extension 'ignore'
[2.066s] Level 1:colcon.colcon_core.package_identification:_identify(sil) by extension 'ignore_ament_install'
[2.066s] Level 1:colcon.colcon_core.package_identification:_identify(sil) by extensions ['colcon_pkg']
[2.066s] Level 1:colcon.colcon_core.package_identification:_identify(sil) by extension 'colcon_pkg'
[2.066s] Level 1:colcon.colcon_core.package_identification:_identify(sil) by extensions ['colcon_meta']
[2.066s] Level 1:colcon.colcon_core.package_identification:_identify(sil) by extension 'colcon_meta'
[2.066s] Level 1:colcon.colcon_core.package_identification:_identify(sil) by extensions ['ros']
[2.066s] Level 1:colcon.colcon_core.package_identification:_identify(sil) by extension 'ros'
[2.069s] DEBUG:colcon.colcon_core.package_identification:Package 'sil' with type 'ros.ament_cmake' and name 'sil'
[2.069s] Level 1:colcon.colcon_core.package_identification:_identify(ublox) by extensions ['ignore', 'ignore_ament_install']
[2.070s] Level 1:colcon.colcon_core.package_identification:_identify(ublox) by extension 'ignore'
[2.070s] Level 1:colcon.colcon_core.package_identification:_identify(ublox) by extension 'ignore_ament_install'
[2.070s] Level 1:colcon.colcon_core.package_identification:_identify(ublox) by extensions ['colcon_pkg']
[2.070s] Level 1:colcon.colcon_core.package_identification:_identify(ublox) by extension 'colcon_pkg'
[2.070s] Level 1:colcon.colcon_core.package_identification:_identify(ublox) by extensions ['colcon_meta']
[2.070s] Level 1:colcon.colcon_core.package_identification:_identify(ublox) by extension 'colcon_meta'
[2.070s] Level 1:colcon.colcon_core.package_identification:_identify(ublox) by extensions ['ros']
[2.071s] Level 1:colcon.colcon_core.package_identification:_identify(ublox) by extension 'ros'
[2.071s] Level 1:colcon.colcon_core.package_identification:_identify(ublox) by extensions ['cmake', 'python']
[2.071s] Level 1:colcon.colcon_core.package_identification:_identify(ublox) by extension 'cmake'
[2.071s] Level 1:colcon.colcon_core.package_identification:_identify(ublox) by extension 'python'
[2.071s] Level 1:colcon.colcon_core.package_identification:_identify(ublox) by extensions ['python_setup_py']
[2.071s] Level 1:colcon.colcon_core.package_identification:_identify(ublox) by extension 'python_setup_py'
[2.071s] Level 1:colcon.colcon_core.package_identification:_identify(usb_cam) by extensions ['ignore', 'ignore_ament_install']
[2.072s] Level 1:colcon.colcon_core.package_identification:_identify(usb_cam) by extension 'ignore'
[2.072s] Level 1:colcon.colcon_core.package_identification:_identify(usb_cam) by extension 'ignore_ament_install'
[2.072s] Level 1:colcon.colcon_core.package_identification:_identify(usb_cam) by extensions ['colcon_pkg']
[2.072s] Level 1:colcon.colcon_core.package_identification:_identify(usb_cam) by extension 'colcon_pkg'
[2.072s] Level 1:colcon.colcon_core.package_identification:_identify(usb_cam) by extensions ['colcon_meta']
[2.072s] Level 1:colcon.colcon_core.package_identification:_identify(usb_cam) by extension 'colcon_meta'
[2.072s] Level 1:colcon.colcon_core.package_identification:_identify(usb_cam) by extensions ['ros']
[2.072s] Level 1:colcon.colcon_core.package_identification:_identify(usb_cam) by extension 'ros'
[2.093s] DEBUG:colcon.colcon_core.package_identification:Package 'usb_cam' with type 'ros.ament_cmake' and name 'usb_cam'
[2.094s] Level 1:colcon.colcon_core.package_identification:_identify(wheels_controller) by extensions ['ignore', 'ignore_ament_install']
[2.094s] Level 1:colcon.colcon_core.package_identification:_identify(wheels_controller) by extension 'ignore'
[2.094s] Level 1:colcon.colcon_core.package_identification:_identify(wheels_controller) by extension 'ignore_ament_install'
[2.094s] Level 1:colcon.colcon_core.package_identification:_identify(wheels_controller) by extensions ['colcon_pkg']
[2.094s] Level 1:colcon.colcon_core.package_identification:_identify(wheels_controller) by extension 'colcon_pkg'
[2.094s] Level 1:colcon.colcon_core.package_identification:_identify(wheels_controller) by extensions ['colcon_meta']
[2.094s] Level 1:colcon.colcon_core.package_identification:_identify(wheels_controller) by extension 'colcon_meta'
[2.094s] Level 1:colcon.colcon_core.package_identification:_identify(wheels_controller) by extensions ['ros']
[2.095s] Level 1:colcon.colcon_core.package_identification:_identify(wheels_controller) by extension 'ros'
[2.097s] DEBUG:colcon.colcon_core.package_identification:Package 'wheels_controller' with type 'ros.ament_cmake' and name 'wheels_controller'
[2.097s] Level 1:colcon.colcon_core.package_identification:_identify(zed-ros2-wrapper) by extensions ['ignore', 'ignore_ament_install']
[2.098s] Level 1:colcon.colcon_core.package_identification:_identify(zed-ros2-wrapper) by extension 'ignore'
[2.098s] Level 1:colcon.colcon_core.package_identification:_identify(zed-ros2-wrapper) by extension 'ignore_ament_install'
[2.098s] Level 1:colcon.colcon_core.package_identification:_identify(zed-ros2-wrapper) by extensions ['colcon_pkg']
[2.098s] Level 1:colcon.colcon_core.package_identification:_identify(zed-ros2-wrapper) by extension 'colcon_pkg'
[2.098s] Level 1:colcon.colcon_core.package_identification:_identify(zed-ros2-wrapper) by extensions ['colcon_meta']
[2.098s] Level 1:colcon.colcon_core.package_identification:_identify(zed-ros2-wrapper) by extension 'colcon_meta'
[2.098s] Level 1:colcon.colcon_core.package_identification:_identify(zed-ros2-wrapper) by extensions ['ros']
[2.099s] Level 1:colcon.colcon_core.package_identification:_identify(zed-ros2-wrapper) by extension 'ros'
[2.099s] Level 1:colcon.colcon_core.package_identification:_identify(zed-ros2-wrapper) by extensions ['cmake', 'python']
[2.099s] Level 1:colcon.colcon_core.package_identification:_identify(zed-ros2-wrapper) by extension 'cmake'
[2.099s] Level 1:colcon.colcon_core.package_identification:_identify(zed-ros2-wrapper) by extension 'python'
[2.099s] Level 1:colcon.colcon_core.package_identification:_identify(zed-ros2-wrapper) by extensions ['python_setup_py']
[2.099s] Level 1:colcon.colcon_core.package_identification:_identify(zed-ros2-wrapper) by extension 'python_setup_py'
[2.099s] Level 1:colcon.colcon_core.package_discovery:discover_packages(recursive) using defaults
[2.099s] Level 1:colcon.colcon_core.package_discovery:discover_packages(ignore) discover
[2.100s] Level 1:colcon.colcon_core.package_discovery:discover_packages(ignore) using defaults
[2.100s] Level 1:colcon.colcon_core.package_discovery:discover_packages(path) discover
[2.100s] Level 1:colcon.colcon_core.package_discovery:discover_packages(path) using defaults
[2.173s] INFO:colcon.colcon_core.package_selection:Skipping not selected package 'absenc_interface' in 'absenc_interface'
[2.173s] INFO:colcon.colcon_core.package_selection:Skipping not selected package 'arm_controller' in 'arm_controller'
[2.173s] INFO:colcon.colcon_core.package_selection:Skipping not selected package 'arm_plugin' in 'arm_plugin'
[2.173s] INFO:colcon.colcon_core.package_selection:Skipping not selected package 'ceres_urdf' in 'ceres_urdf'
[2.173s] INFO:colcon.colcon_core.package_selection:Skipping not selected package 'ik_mux_controller' in 'ik_mux_controller'
[2.173s] INFO:colcon.colcon_core.package_selection:Skipping not selected package 'joy_mux_controller' in 'joy_mux_controller'
[2.173s] INFO:colcon.colcon_core.package_selection:Skipping not selected package 'sil' in 'sil'
[2.174s] INFO:colcon.colcon_core.package_selection:Skipping not selected package 'usb_cam' in 'usb_cam'
[2.174s] INFO:colcon.colcon_core.package_selection:Skipping not selected package 'wheels_controller' in 'wheels_controller'
[2.174s] INFO:colcon.colcon_core.package_selection:Skipping not selected package 'ceres_moveit_config' in 'ceres_moveit_config'
[2.176s] Level 1:colcon.colcon_core.package_discovery:discover_packages(prefix_path) check parameters
[2.176s] Level 1:colcon.colcon_core.package_discovery:discover_packages(prefix_path) discover
[2.187s] DEBUG:colcon.colcon_installed_package_information.package_discovery:Found 4 installed packages in /home/liliana/ros2_ws/install
[2.189s] DEBUG:colcon.colcon_installed_package_information.package_discovery:Found 2 installed packages in /home/liliana/install
[2.194s] DEBUG:colcon.colcon_installed_package_information.package_discovery:Found 357 installed packages in /opt/ros/humble
[2.200s] Level 1:colcon.colcon_core.package_discovery:discover_packages(prefix_path) using defaults
[2.503s] Level 5:colcon.colcon_core.verb:set package 'object_recognition' build argument 'cmake_args' from command line to 'None'
[2.503s] Level 5:colcon.colcon_core.verb:set package 'object_recognition' build argument 'cmake_target' from command line to 'None'
[2.503s] Level 5:colcon.colcon_core.verb:set package 'object_recognition' build argument 'cmake_target_skip_unavailable' from command line to 'False'
[2.503s] Level 5:colcon.colcon_core.verb:set package 'object_recognition' build argument 'cmake_clean_cache' from command line to 'False'
[2.503s] Level 5:colcon.colcon_core.verb:set package 'object_recognition' build argument 'cmake_clean_first' from command line to 'False'
[2.503s] Level 5:colcon.colcon_core.verb:set package 'object_recognition' build argument 'cmake_force_configure' from command line to 'False'
[2.504s] Level 5:colcon.colcon_core.verb:set package 'object_recognition' build argument 'ament_cmake_args' from command line to 'None'
[2.504s] Level 5:colcon.colcon_core.verb:set package 'object_recognition' build argument 'catkin_cmake_args' from command line to 'None'
[2.504s] Level 5:colcon.colcon_core.verb:set package 'object_recognition' build argument 'catkin_skip_building_tests' from command line to 'False'
[2.504s] DEBUG:colcon.colcon_core.verb:Building package 'object_recognition' with the following arguments: {'ament_cmake_args': None, 'build_base': '/home/liliana/ros2_ws/robot-repo-ros2/src/build/object_recognition', 'catkin_cmake_args': None, 'catkin_skip_building_tests': False, 'cmake_args': None, 'cmake_clean_cache': False, 'cmake_clean_first': False, 'cmake_force_configure': False, 'cmake_target': None, 'cmake_target_skip_unavailable': False, 'install_base': '/home/liliana/ros2_ws/robot-repo-ros2/src/install/object_recognition', 'merge_install': False, 'path': '/home/liliana/ros2_ws/robot-repo-ros2/src/object_recognition', 'symlink_install': False, 'test_result_base': None}
[2.504s] INFO:colcon.colcon_core.executor:Executing jobs using 'parallel' executor
[2.507s] DEBUG:colcon.colcon_parallel_executor.executor.parallel:run_until_complete
[2.508s] INFO:colcon.colcon_ros.task.ament_cmake.build:Building ROS package in '/home/liliana/ros2_ws/robot-repo-ros2/src/object_recognition' with build type 'ament_cmake'
[2.509s] INFO:colcon.colcon_cmake.task.cmake.build:Building CMake package in '/home/liliana/ros2_ws/robot-repo-ros2/src/object_recognition'
[2.520s] INFO:colcon.colcon_core.plugin_system:Skipping extension 'colcon_core.shell.bat': Not used on non-Windows systems
[2.521s] INFO:colcon.colcon_core.shell:Skip shell extension 'powershell' for command environment: Not usable outside of PowerShell
[2.521s] DEBUG:colcon.colcon_core.shell:Skip shell extension 'dsv' for command environment
[2.548s] DEBUG:colcon.colcon_core.event_handler.log_command:Invoking command in '/home/liliana/ros2_ws/robot-repo-ros2/src/build/object_recognition': CMAKE_PREFIX_PATH=${CMAKE_PREFIX_PATH}:/home/liliana/ros2_ws/install/my_py_pkg:/home/liliana/install/my_py_pkg:/opt/ros/humble /usr/bin/cmake /home/liliana/ros2_ws/robot-repo-ros2/src/object_recognition -DCMAKE_INSTALL_PREFIX=/home/liliana/ros2_ws/robot-repo-ros2/src/install/object_recognition
[6.570s] DEBUG:colcon.colcon_core.event_handler.log_command:Invoked command in '/home/liliana/ros2_ws/robot-repo-ros2/src/build/object_recognition' returned '0': CMAKE_PREFIX_PATH=${CMAKE_PREFIX_PATH}:/home/liliana/ros2_ws/install/my_py_pkg:/home/liliana/install/my_py_pkg:/opt/ros/humble /usr/bin/cmake /home/liliana/ros2_ws/robot-repo-ros2/src/object_recognition -DCMAKE_INSTALL_PREFIX=/home/liliana/ros2_ws/robot-repo-ros2/src/install/object_recognition
[6.571s] DEBUG:colcon.colcon_core.event_handler.log_command:Invoking command in '/home/liliana/ros2_ws/robot-repo-ros2/src/build/object_recognition': CMAKE_PREFIX_PATH=${CMAKE_PREFIX_PATH}:/home/liliana/ros2_ws/install/my_py_pkg:/home/liliana/install/my_py_pkg:/opt/ros/humble /usr/bin/cmake --build /home/liliana/ros2_ws/robot-repo-ros2/src/build/object_recognition -- -j6 -l6
[6.673s] DEBUG:colcon.colcon_core.event_handler.log_command:Invoked command in '/home/liliana/ros2_ws/robot-repo-ros2/src/build/object_recognition' returned '0': CMAKE_PREFIX_PATH=${CMAKE_PREFIX_PATH}:/home/liliana/ros2_ws/install/my_py_pkg:/home/liliana/install/my_py_pkg:/opt/ros/humble /usr/bin/cmake --build /home/liliana/ros2_ws/robot-repo-ros2/src/build/object_recognition -- -j6 -l6
[6.701s] DEBUG:colcon.colcon_core.event_handler.log_command:Invoking command in '/home/liliana/ros2_ws/robot-repo-ros2/src/build/object_recognition': CMAKE_PREFIX_PATH=${CMAKE_PREFIX_PATH}:/home/liliana/ros2_ws/install/my_py_pkg:/home/liliana/install/my_py_pkg:/opt/ros/humble /usr/bin/cmake --install /home/liliana/ros2_ws/robot-repo-ros2/src/build/object_recognition
[6.739s] Level 1:colcon.colcon_core.environment:create_environment_scripts_only(object_recognition)
[6.741s] DEBUG:colcon.colcon_core.event_handler.log_command:Invoked command in '/home/liliana/ros2_ws/robot-repo-ros2/src/build/object_recognition' returned '0': CMAKE_PREFIX_PATH=${CMAKE_PREFIX_PATH}:/home/liliana/ros2_ws/install/my_py_pkg:/home/liliana/install/my_py_pkg:/opt/ros/humble /usr/bin/cmake --install /home/liliana/ros2_ws/robot-repo-ros2/src/build/object_recognition
[6.756s] Level 1:colcon.colcon_core.environment:checking '/home/liliana/ros2_ws/robot-repo-ros2/src/install/object_recognition' for CMake module files
[6.757s] Level 1:colcon.colcon_core.environment:checking '/home/liliana/ros2_ws/robot-repo-ros2/src/install/object_recognition' for CMake config files
[6.758s] Level 1:colcon.colcon_core.shell:create_environment_hook('object_recognition', 'cmake_prefix_path')
[6.759s] INFO:colcon.colcon_core.shell:Creating environment hook '/home/liliana/ros2_ws/robot-repo-ros2/src/install/object_recognition/share/object_recognition/hook/cmake_prefix_path.ps1'
[6.761s] INFO:colcon.colcon_core.shell:Creating environment descriptor '/home/liliana/ros2_ws/robot-repo-ros2/src/install/object_recognition/share/object_recognition/hook/cmake_prefix_path.dsv'
[6.763s] INFO:colcon.colcon_core.shell:Creating environment hook '/home/liliana/ros2_ws/robot-repo-ros2/src/install/object_recognition/share/object_recognition/hook/cmake_prefix_path.sh'
[6.766s] Level 1:colcon.colcon_core.environment:checking '/home/liliana/ros2_ws/robot-repo-ros2/src/install/object_recognition/bin'
[6.767s] Level 1:colcon.colcon_core.environment:checking '/home/liliana/ros2_ws/robot-repo-ros2/src/install/object_recognition/lib/pkgconfig/object_recognition.pc'
[6.767s] Level 1:colcon.colcon_core.environment:checking '/home/liliana/ros2_ws/robot-repo-ros2/src/install/object_recognition/lib/python3.10/site-packages'
[6.768s] Level 1:colcon.colcon_core.environment:checking '/home/liliana/ros2_ws/robot-repo-ros2/src/install/object_recognition/bin'
[6.769s] INFO:colcon.colcon_core.shell:Creating package script '/home/liliana/ros2_ws/robot-repo-ros2/src/install/object_recognition/share/object_recognition/package.ps1'
[6.772s] INFO:colcon.colcon_core.shell:Creating package descriptor '/home/liliana/ros2_ws/robot-repo-ros2/src/install/object_recognition/share/object_recognition/package.dsv'
[6.774s] INFO:colcon.colcon_core.shell:Creating package script '/home/liliana/ros2_ws/robot-repo-ros2/src/install/object_recognition/share/object_recognition/package.sh'
[6.777s] INFO:colcon.colcon_core.shell:Creating package script '/home/liliana/ros2_ws/robot-repo-ros2/src/install/object_recognition/share/object_recognition/package.bash'
[6.780s] INFO:colcon.colcon_core.shell:Creating package script '/home/liliana/ros2_ws/robot-repo-ros2/src/install/object_recognition/share/object_recognition/package.zsh'
[6.783s] Level 1:colcon.colcon_core.environment:create_file_with_runtime_dependencies(/home/liliana/ros2_ws/robot-repo-ros2/src/install/object_recognition/share/colcon-core/packages/object_recognition)
[6.785s] Level 1:colcon.colcon_core.environment:create_environment_scripts_only(object_recognition)
[6.785s] Level 1:colcon.colcon_core.environment:checking '/home/liliana/ros2_ws/robot-repo-ros2/src/install/object_recognition' for CMake module files
[6.787s] Level 1:colcon.colcon_core.environment:checking '/home/liliana/ros2_ws/robot-repo-ros2/src/install/object_recognition' for CMake config files
[6.788s] Level 1:colcon.colcon_core.shell:create_environment_hook('object_recognition', 'cmake_prefix_path')
[6.788s] INFO:colcon.colcon_core.shell:Creating environment hook '/home/liliana/ros2_ws/robot-repo-ros2/src/install/object_recognition/share/object_recognition/hook/cmake_prefix_path.ps1'
[6.790s] INFO:colcon.colcon_core.shell:Creating environment descriptor '/home/liliana/ros2_ws/robot-repo-ros2/src/install/object_recognition/share/object_recognition/hook/cmake_prefix_path.dsv'
[6.791s] INFO:colcon.colcon_core.shell:Creating environment hook '/home/liliana/ros2_ws/robot-repo-ros2/src/install/object_recognition/share/object_recognition/hook/cmake_prefix_path.sh'
[6.793s] Level 1:colcon.colcon_core.environment:checking '/home/liliana/ros2_ws/robot-repo-ros2/src/install/object_recognition/bin'
[6.794s] Level 1:colcon.colcon_core.environment:checking '/home/liliana/ros2_ws/robot-repo-ros2/src/install/object_recognition/lib/pkgconfig/object_recognition.pc'
[6.795s] Level 1:colcon.colcon_core.environment:checking '/home/liliana/ros2_ws/robot-repo-ros2/src/install/object_recognition/lib/python3.10/site-packages'
[6.795s] Level 1:colcon.colcon_core.environment:checking '/home/liliana/ros2_ws/robot-repo-ros2/src/install/object_recognition/bin'
[6.796s] INFO:colcon.colcon_core.shell:Creating package script '/home/liliana/ros2_ws/robot-repo-ros2/src/install/object_recognition/share/object_recognition/package.ps1'
[6.798s] INFO:colcon.colcon_core.shell:Creating package descriptor '/home/liliana/ros2_ws/robot-repo-ros2/src/install/object_recognition/share/object_recognition/package.dsv'
[6.800s] INFO:colcon.colcon_core.shell:Creating package script '/home/liliana/ros2_ws/robot-repo-ros2/src/install/object_recognition/share/object_recognition/package.sh'
[6.801s] INFO:colcon.colcon_core.shell:Creating package script '/home/liliana/ros2_ws/robot-repo-ros2/src/install/object_recognition/share/object_recognition/package.bash'
[6.802s] INFO:colcon.colcon_core.shell:Creating package script '/home/liliana/ros2_ws/robot-repo-ros2/src/install/object_recognition/share/object_recognition/package.zsh'
[6.803s] Level 1:colcon.colcon_core.environment:create_file_with_runtime_dependencies(/home/liliana/ros2_ws/robot-repo-ros2/src/install/object_recognition/share/colcon-core/packages/object_recognition)
[6.804s] DEBUG:colcon.colcon_parallel_executor.executor.parallel:closing loop
[6.805s] DEBUG:colcon.colcon_parallel_executor.executor.parallel:loop closed
[6.805s] DEBUG:colcon.colcon_parallel_executor.executor.parallel:run_until_complete finished with '0'
[6.805s] DEBUG:colcon.colcon_core.event_reactor:joining thread
[6.831s] INFO:colcon.colcon_core.plugin_system:Skipping extension 'colcon_notification.desktop_notification.terminal_notifier': Not used on non-Darwin systems
[6.832s] INFO:colcon.colcon_core.plugin_system:Skipping extension 'colcon_notification.desktop_notification.win32': Not used on non-Windows systems
[6.832s] INFO:colcon.colcon_notification.desktop_notification:Sending desktop notification using 'notify2'
[7.111s] DEBUG:colcon.colcon_core.event_reactor:joined thread
[7.112s] INFO:colcon.colcon_core.shell:Creating prefix script '/home/liliana/ros2_ws/robot-repo-ros2/src/install/local_setup.ps1'
[7.117s] INFO:colcon.colcon_core.shell:Creating prefix util module '/home/liliana/ros2_ws/robot-repo-ros2/src/install/_local_setup_util_ps1.py'
[7.123s] INFO:colcon.colcon_core.shell:Creating prefix chain script '/home/liliana/ros2_ws/robot-repo-ros2/src/install/setup.ps1'
[7.129s] INFO:colcon.colcon_core.shell:Creating prefix script '/home/liliana/ros2_ws/robot-repo-ros2/src/install/local_setup.sh'
[7.133s] INFO:colcon.colcon_core.shell:Creating prefix util module '/home/liliana/ros2_ws/robot-repo-ros2/src/install/_local_setup_util_sh.py'
[7.135s] INFO:colcon.colcon_core.shell:Creating prefix chain script '/home/liliana/ros2_ws/robot-repo-ros2/src/install/setup.sh'
[7.140s] INFO:colcon.colcon_core.shell:Creating prefix script '/home/liliana/ros2_ws/robot-repo-ros2/src/install/local_setup.bash'
[7.144s] INFO:colcon.colcon_core.shell:Creating prefix chain script '/home/liliana/ros2_ws/robot-repo-ros2/src/install/setup.bash'
[7.149s] INFO:colcon.colcon_core.shell:Creating prefix script '/home/liliana/ros2_ws/robot-repo-ros2/src/install/local_setup.zsh'
[7.153s] INFO:colcon.colcon_core.shell:Creating prefix chain script '/home/liliana/ros2_ws/robot-repo-ros2/src/install/setup.zsh'
