[33mCMake Warning at CMakeLists.txt:20 (find_package):
  By not providing "Findmoveit_move_group_interface.cmake" in
  CMAKE_MODULE_PATH this project has asked CMake to find a package
  configuration file provided by "moveit_move_group_interface", but CMake did
  not find one.

  Could not find a package configuration file provided by
  "moveit_move_group_interface" with any of the following names:

    moveit_move_group_interfaceConfig.cmake
    moveit_move_group_interface-config.cmake

  Add the installation prefix of "moveit_move_group_interface" to
  CMAKE_PREFIX_PATH or set "moveit_move_group_interface_DIR" to a directory
  containing one of the above files.  If "moveit_move_group_interface"
  provides a separate development package or SDK, be sure it has been
  installed.

[0m
In file included from [01m[K/opt/ros/humble/include/rclcpp/rclcpp/client.hpp:40[m[K,
                 from [01m[K/opt/ros/humble/include/rclcpp/rclcpp/callback_group.hpp:24[m[K,
                 from [01m[K/opt/ros/humble/include/rclcpp/rclcpp/any_executable.hpp:20[m[K,
                 from [01m[K/opt/ros/humble/include/rclcpp/rclcpp/memory_strategy.hpp:25[m[K,
                 from [01m[K/opt/ros/humble/include/rclcpp/rclcpp/memory_strategies.hpp:18[m[K,
                 from [01m[K/opt/ros/humble/include/rclcpp/rclcpp/executor_options.hpp:20[m[K,
                 from [01m[K/opt/ros/humble/include/rclcpp/rclcpp/executor.hpp:37[m[K,
                 from [01m[K/opt/ros/humble/include/rclcpp/rclcpp/executors/multi_threaded_executor.hpp:25[m[K,
                 from [01m[K/opt/ros/humble/include/rclcpp/rclcpp/executors.hpp:21[m[K,
                 from [01m[K/opt/ros/humble/include/rclcpp/rclcpp/rclcpp.hpp:155[m[K,
                 from [01m[K/home/liliana/ros2_ws/robot-repo-ros2/src/object_recognition/src/move_group.cpp:1[m[K:
[01m[K/home/liliana/ros2_ws/robot-repo-ros2/src/object_recognition/src/move_group.cpp:[m[K In function ‘[01m[Kint main(int, char**)[m[K’:
[01m[K/home/liliana/ros2_ws/robot-repo-ros2/src/object_recognition/src/move_group.cpp:33:21:[m[K [01;31m[Kerror: [m[K‘[01m[Knode[m[K’ was not declared in this scope
   33 |         RCLCPP_INFO([01;31m[Knode[m[K->get_logger(), "Plan successful!");
      |                     [01;31m[K^~~~[m[K
[01m[K/home/liliana/ros2_ws/robot-repo-ros2/src/object_recognition/src/move_group.cpp:33:9:[m[K [01;31m[Kerror: [m[Ktemplate argument 1 is invalid
   33 |         [01;31m[KRCLCPP_INFO[m[K(node->get_logger(), "Plan successful!");
      |         [01;31m[K^~~~~~~~~~~[m[K
[01m[K/home/liliana/ros2_ws/robot-repo-ros2/src/object_recognition/src/move_group.cpp:36:21:[m[K [01;31m[Kerror: [m[K‘[01m[Knode[m[K’ was not declared in this scope
   36 |         RCLCPP_WARN([01;31m[Knode[m[K->get_logger(), "Planning failed!");
      |                     [01;31m[K^~~~[m[K
[01m[K/home/liliana/ros2_ws/robot-repo-ros2/src/object_recognition/src/move_group.cpp:36:9:[m[K [01;31m[Kerror: [m[Ktemplate argument 1 is invalid
   36 |         [01;31m[KRCLCPP_WARN[m[K(node->get_logger(), "Planning failed!");
      |         [01;31m[K^~~~~~~~~~~[m[K
gmake[2]: *** [CMakeFiles/move_group_node.dir/build.make:76: CMakeFiles/move_group_node.dir/src/move_group.cpp.o] Error 1
gmake[1]: *** [CMakeFiles/Makefile2:137: CMakeFiles/move_group_node.dir/all] Error 2
gmake: *** [Makefile:146: all] Error 2
