[0.054s] Invoking command in '/home/liliana/ros2_ws/robot-repo-ros2/src/inverse-kinematics/build/rover_arm_description': CMAKE_PREFIX_PATH=${CMAKE_PREFIX_PATH}:/home/liliana/ws_moveit/install/moveit_configs_utils:/home/liliana/ros2_ws/install/my_py_pkg:/home/liliana/ros2_ws/install/joy_mux_controller:/home/liliana/install/my_py_pkg:/opt/ros/humble /usr/bin/cmake --build /home/liliana/ros2_ws/robot-repo-ros2/src/inverse-kinematics/build/rover_arm_description -- -j6 -l6
[0.157s] -- Found ament_cmake: 1.3.12 (/opt/ros/humble/share/ament_cmake/cmake)
[0.802s] -- Configuring done
[0.814s] -- Generating done
[0.820s] -- Build files have been written to: /home/liliana/ros2_ws/robot-repo-ros2/src/inverse-kinematics/build/rover_arm_description
[0.896s] Invoked command in '/home/liliana/ros2_ws/robot-repo-ros2/src/inverse-kinematics/build/rover_arm_description' returned '0': CMAKE_PREFIX_PATH=${CMAKE_PREFIX_PATH}:/home/liliana/ws_moveit/install/moveit_configs_utils:/home/liliana/ros2_ws/install/my_py_pkg:/home/liliana/ros2_ws/install/joy_mux_controller:/home/liliana/install/my_py_pkg:/opt/ros/humble /usr/bin/cmake --build /home/liliana/ros2_ws/robot-repo-ros2/src/inverse-kinematics/build/rover_arm_description -- -j6 -l6
[0.933s] Invoking command in '/home/liliana/ros2_ws/robot-repo-ros2/src/inverse-kinematics/build/rover_arm_description': CMAKE_PREFIX_PATH=${CMAKE_PREFIX_PATH}:/home/liliana/ws_moveit/install/moveit_configs_utils:/home/liliana/ros2_ws/install/my_py_pkg:/home/liliana/ros2_ws/install/joy_mux_controller:/home/liliana/install/my_py_pkg:/opt/ros/humble /usr/bin/cmake --install /home/liliana/ros2_ws/robot-repo-ros2/src/inverse-kinematics/build/rover_arm_description
[0.958s] -- Install configuration: ""
[0.958s] -- Up-to-date: /home/liliana/ros2_ws/robot-repo-ros2/src/inverse-kinematics/install/rover_arm_description/share/rover_arm_description//urdf
[0.958s] -- Installing: /home/liliana/ros2_ws/robot-repo-ros2/src/inverse-kinematics/install/rover_arm_description/share/rover_arm_description//urdf/arm.xacro
[0.959s] -- Installing: /home/liliana/ros2_ws/robot-repo-ros2/src/inverse-kinematics/install/rover_arm_description/share/rover_arm_description//urdf/common_properties.xacro
[0.959s] -- Up-to-date: /home/liliana/ros2_ws/robot-repo-ros2/src/inverse-kinematics/install/rover_arm_description/share/rover_arm_description//urdf/rover_arm.ros2_control.xacro
[0.959s] -- Up-to-date: /home/liliana/ros2_ws/robot-repo-ros2/src/inverse-kinematics/install/rover_arm_description/share/rover_arm_description//urdf/arm.urdf.xacro
[0.960s] -- Up-to-date: /home/liliana/ros2_ws/robot-repo-ros2/src/inverse-kinematics/install/rover_arm_description/share/rover_arm_description//urdf/gripper.xacro
[0.960s] -- Up-to-date: /home/liliana/ros2_ws/robot-repo-ros2/src/inverse-kinematics/install/rover_arm_description/share/rover_arm_description//launch
[0.960s] -- Installing: /home/liliana/ros2_ws/robot-repo-ros2/src/inverse-kinematics/install/rover_arm_description/share/rover_arm_description//launch/arm.launch.xml
[0.961s] -- Up-to-date: /home/liliana/ros2_ws/robot-repo-ros2/src/inverse-kinematics/install/rover_arm_description/share/rover_arm_description//rviz
[0.961s] -- Installing: /home/liliana/ros2_ws/robot-repo-ros2/src/inverse-kinematics/install/rover_arm_description/share/rover_arm_description//rviz/urdf_config.rviz
[0.961s] -- Up-to-date: /home/liliana/ros2_ws/robot-repo-ros2/src/inverse-kinematics/install/rover_arm_description/share/ament_index/resource_index/package_run_dependencies/rover_arm_description
[0.961s] -- Installing: /home/liliana/ros2_ws/robot-repo-ros2/src/inverse-kinematics/install/rover_arm_description/share/ament_index/resource_index/parent_prefix_path/rover_arm_description
[0.962s] -- Installing: /home/liliana/ros2_ws/robot-repo-ros2/src/inverse-kinematics/install/rover_arm_description/share/rover_arm_description/environment/ament_prefix_path.sh
[0.962s] -- Installing: /home/liliana/ros2_ws/robot-repo-ros2/src/inverse-kinematics/install/rover_arm_description/share/rover_arm_description/environment/ament_prefix_path.dsv
[0.964s] -- Installing: /home/liliana/ros2_ws/robot-repo-ros2/src/inverse-kinematics/install/rover_arm_description/share/rover_arm_description/environment/path.sh
[0.964s] -- Installing: /home/liliana/ros2_ws/robot-repo-ros2/src/inverse-kinematics/install/rover_arm_description/share/rover_arm_description/environment/path.dsv
[0.964s] -- Up-to-date: /home/liliana/ros2_ws/robot-repo-ros2/src/inverse-kinematics/install/rover_arm_description/share/rover_arm_description/local_setup.bash
[0.965s] -- Up-to-date: /home/liliana/ros2_ws/robot-repo-ros2/src/inverse-kinematics/install/rover_arm_description/share/rover_arm_description/local_setup.sh
[0.965s] -- Up-to-date: /home/liliana/ros2_ws/robot-repo-ros2/src/inverse-kinematics/install/rover_arm_description/share/rover_arm_description/local_setup.zsh
[0.965s] -- Installing: /home/liliana/ros2_ws/robot-repo-ros2/src/inverse-kinematics/install/rover_arm_description/share/rover_arm_description/local_setup.dsv
[0.966s] -- Installing: /home/liliana/ros2_ws/robot-repo-ros2/src/inverse-kinematics/install/rover_arm_description/share/rover_arm_description/package.dsv
[0.966s] -- Up-to-date: /home/liliana/ros2_ws/robot-repo-ros2/src/inverse-kinematics/install/rover_arm_description/share/ament_index/resource_index/packages/rover_arm_description
[0.966s] -- Up-to-date: /home/liliana/ros2_ws/robot-repo-ros2/src/inverse-kinematics/install/rover_arm_description/share/rover_arm_description/cmake/rover_arm_descriptionConfig.cmake
[0.966s] -- Up-to-date: /home/liliana/ros2_ws/robot-repo-ros2/src/inverse-kinematics/install/rover_arm_description/share/rover_arm_description/cmake/rover_arm_descriptionConfig-version.cmake
[0.966s] -- Installing: /home/liliana/ros2_ws/robot-repo-ros2/src/inverse-kinematics/install/rover_arm_description/share/rover_arm_description/package.xml
[0.972s] Invoked command in '/home/liliana/ros2_ws/robot-repo-ros2/src/inverse-kinematics/build/rover_arm_description' returned '0': CMAKE_PREFIX_PATH=${CMAKE_PREFIX_PATH}:/home/liliana/ws_moveit/install/moveit_configs_utils:/home/liliana/ros2_ws/install/my_py_pkg:/home/liliana/ros2_ws/install/joy_mux_controller:/home/liliana/install/my_py_pkg:/opt/ros/humble /usr/bin/cmake --install /home/liliana/ros2_ws/robot-repo-ros2/src/inverse-kinematics/build/rover_arm_description
