[0.393s] DEBUG:colcon:Command line arguments: ['/usr/bin/colcon', 'build', '--packages-select', 'ceres_moveit_config']
[0.394s] DEBUG:colcon:Parsed command line arguments: Namespace(log_base=None, log_level=None, verb_name='build', build_base='build', install_base='install', merge_install=False, symlink_install=False, test_result_base=None, continue_on_error=False, executor='parallel', parallel_workers=6, event_handlers=None, ignore_user_meta=False, metas=['./colcon.meta'], base_paths=['.'], packages_ignore=None, packages_ignore_regex=None, paths=None, packages_up_to=None, packages_up_to_regex=None, packages_above=None, packages_above_and_dependencies=None, packages_above_depth=None, packages_select_by_dep=None, packages_skip_by_dep=None, packages_skip_up_to=None, packages_select_build_failed=False, packages_skip_build_finished=False, packages_select_test_failures=False, packages_skip_test_passed=False, packages_select=['ceres_moveit_config'], packages_skip=None, packages_select_regex=None, packages_skip_regex=None, packages_start=None, packages_end=None, allow_overriding=[], cmake_args=None, cmake_target=None, cmake_target_skip_unavailable=False, cmake_clean_cache=False, cmake_clean_first=False, cmake_force_configure=False, ament_cmake_args=None, catkin_cmake_args=None, catkin_skip_building_tests=False, mixin_files=None, mixin=None, verb_parser=<colcon_mixin.mixin.mixin_argument.MixinArgumentDecorator object at 0x7c1658ea06a0>, verb_extension=<colcon_core.verb.build.BuildVerb object at 0x7c1658e63fa0>, main=<bound method BuildVerb.main of <colcon_core.verb.build.BuildVerb object at 0x7c1658e63fa0>>, mixin_verb=('build',))
[1.376s] Level 1:colcon.colcon_core.package_discovery:discover_packages(colcon_meta) check parameters
[1.377s] Level 1:colcon.colcon_core.package_discovery:discover_packages(recursive) check parameters
[1.377s] Level 1:colcon.colcon_core.package_discovery:discover_packages(ignore) check parameters
[1.377s] Level 1:colcon.colcon_core.package_discovery:discover_packages(path) check parameters
[1.377s] Level 1:colcon.colcon_core.package_discovery:discover_packages(colcon_meta) discover
[1.377s] Level 1:colcon.colcon_core.package_discovery:discover_packages(recursive) discover
[1.377s] INFO:colcon.colcon_core.package_discovery:Crawling recursively for packages in '/home/liliana/ros2_ws/robot-repo-ros2/src'
[1.378s] Level 1:colcon.colcon_core.package_identification:_identify(.) by extensions ['ignore', 'ignore_ament_install']
[1.378s] Level 1:colcon.colcon_core.package_identification:_identify(.) by extension 'ignore'
[1.378s] Level 1:colcon.colcon_core.package_identification:_identify(.) by extension 'ignore_ament_install'
[1.378s] Level 1:colcon.colcon_core.package_identification:_identify(.) by extensions ['colcon_pkg']
[1.378s] Level 1:colcon.colcon_core.package_identification:_identify(.) by extension 'colcon_pkg'
[1.378s] Level 1:colcon.colcon_core.package_identification:_identify(.) by extensions ['colcon_meta']
[1.378s] Level 1:colcon.colcon_core.package_identification:_identify(.) by extension 'colcon_meta'
[1.379s] Level 1:colcon.colcon_core.package_identification:_identify(.) by extensions ['ros']
[1.379s] Level 1:colcon.colcon_core.package_identification:_identify(.) by extension 'ros'
[1.419s] Level 1:colcon.colcon_core.package_identification:_identify(.) by extensions ['cmake', 'python']
[1.420s] Level 1:colcon.colcon_core.package_identification:_identify(.) by extension 'cmake'
[1.421s] Level 1:colcon.colcon_core.package_identification:_identify(.) by extension 'python'
[1.421s] Level 1:colcon.colcon_core.package_identification:_identify(.) by extensions ['python_setup_py']
[1.421s] Level 1:colcon.colcon_core.package_identification:_identify(.) by extension 'python_setup_py'
[1.422s] Level 1:colcon.colcon_core.package_identification:_identify(absenc_interface) by extensions ['ignore', 'ignore_ament_install']
[1.422s] Level 1:colcon.colcon_core.package_identification:_identify(absenc_interface) by extension 'ignore'
[1.422s] Level 1:colcon.colcon_core.package_identification:_identify(absenc_interface) by extension 'ignore_ament_install'
[1.422s] Level 1:colcon.colcon_core.package_identification:_identify(absenc_interface) by extensions ['colcon_pkg']
[1.422s] Level 1:colcon.colcon_core.package_identification:_identify(absenc_interface) by extension 'colcon_pkg'
[1.423s] Level 1:colcon.colcon_core.package_identification:_identify(absenc_interface) by extensions ['colcon_meta']
[1.423s] Level 1:colcon.colcon_core.package_identification:_identify(absenc_interface) by extension 'colcon_meta'
[1.423s] Level 1:colcon.colcon_core.package_identification:_identify(absenc_interface) by extensions ['ros']
[1.423s] Level 1:colcon.colcon_core.package_identification:_identify(absenc_interface) by extension 'ros'
[1.433s] DEBUG:colcon.colcon_core.package_identification:Package 'absenc_interface' with type 'ros.ament_cmake' and name 'absenc_interface'
[1.434s] Level 1:colcon.colcon_core.package_identification:_identify(arm_controller) by extensions ['ignore', 'ignore_ament_install']
[1.435s] Level 1:colcon.colcon_core.package_identification:_identify(arm_controller) by extension 'ignore'
[1.435s] Level 1:colcon.colcon_core.package_identification:_identify(arm_controller) by extension 'ignore_ament_install'
[1.435s] Level 1:colcon.colcon_core.package_identification:_identify(arm_controller) by extensions ['colcon_pkg']
[1.435s] Level 1:colcon.colcon_core.package_identification:_identify(arm_controller) by extension 'colcon_pkg'
[1.436s] Level 1:colcon.colcon_core.package_identification:_identify(arm_controller) by extensions ['colcon_meta']
[1.436s] Level 1:colcon.colcon_core.package_identification:_identify(arm_controller) by extension 'colcon_meta'
[1.436s] Level 1:colcon.colcon_core.package_identification:_identify(arm_controller) by extensions ['ros']
[1.436s] Level 1:colcon.colcon_core.package_identification:_identify(arm_controller) by extension 'ros'
[1.438s] DEBUG:colcon.colcon_core.package_identification:Package 'arm_controller' with type 'ros.ament_cmake' and name 'arm_controller'
[1.439s] Level 1:colcon.colcon_core.package_identification:_identify(arm_hardware) by extensions ['ignore', 'ignore_ament_install']
[1.439s] Level 1:colcon.colcon_core.package_identification:_identify(arm_hardware) by extension 'ignore'
[1.439s] Level 1:colcon.colcon_core.package_identification:_identify(arm_hardware) by extension 'ignore_ament_install'
[1.439s] Level 1:colcon.colcon_core.package_identification:_identify(arm_hardware) by extensions ['colcon_pkg']
[1.439s] Level 1:colcon.colcon_core.package_identification:_identify(arm_hardware) by extension 'colcon_pkg'
[1.440s] Level 1:colcon.colcon_core.package_identification:_identify(arm_hardware) by extensions ['colcon_meta']
[1.440s] Level 1:colcon.colcon_core.package_identification:_identify(arm_hardware) by extension 'colcon_meta'
[1.440s] Level 1:colcon.colcon_core.package_identification:_identify(arm_hardware) by extensions ['ros']
[1.440s] Level 1:colcon.colcon_core.package_identification:_identify(arm_hardware) by extension 'ros'
[1.442s] DEBUG:colcon.colcon_core.package_identification:Package 'arm_hardware' with type 'ros.ament_cmake' and name 'arm_hardware'
[1.443s] Level 1:colcon.colcon_core.package_identification:_identify(build) by extensions ['ignore', 'ignore_ament_install']
[1.443s] Level 1:colcon.colcon_core.package_identification:_identify(build) by extension 'ignore'
[1.443s] Level 1:colcon.colcon_core.package_identification:_identify(build) ignored
[1.444s] Level 1:colcon.colcon_core.package_identification:_identify(ceres_moveit_config) by extensions ['ignore', 'ignore_ament_install']
[1.444s] Level 1:colcon.colcon_core.package_identification:_identify(ceres_moveit_config) by extension 'ignore'
[1.444s] Level 1:colcon.colcon_core.package_identification:_identify(ceres_moveit_config) by extension 'ignore_ament_install'
[1.444s] Level 1:colcon.colcon_core.package_identification:_identify(ceres_moveit_config) by extensions ['colcon_pkg']
[1.444s] Level 1:colcon.colcon_core.package_identification:_identify(ceres_moveit_config) by extension 'colcon_pkg'
[1.444s] Level 1:colcon.colcon_core.package_identification:_identify(ceres_moveit_config) by extensions ['colcon_meta']
[1.445s] Level 1:colcon.colcon_core.package_identification:_identify(ceres_moveit_config) by extension 'colcon_meta'
[1.445s] Level 1:colcon.colcon_core.package_identification:_identify(ceres_moveit_config) by extensions ['ros']
[1.445s] Level 1:colcon.colcon_core.package_identification:_identify(ceres_moveit_config) by extension 'ros'
[1.448s] DEBUG:colcon.colcon_core.package_identification:Package 'ceres_moveit_config' with type 'ros.ament_cmake' and name 'ceres_moveit_config'
[1.448s] Level 1:colcon.colcon_core.package_identification:_identify(ceres_urdf) by extensions ['ignore', 'ignore_ament_install']
[1.449s] Level 1:colcon.colcon_core.package_identification:_identify(ceres_urdf) by extension 'ignore'
[1.449s] Level 1:colcon.colcon_core.package_identification:_identify(ceres_urdf) by extension 'ignore_ament_install'
[1.449s] Level 1:colcon.colcon_core.package_identification:_identify(ceres_urdf) by extensions ['colcon_pkg']
[1.449s] Level 1:colcon.colcon_core.package_identification:_identify(ceres_urdf) by extension 'colcon_pkg'
[1.449s] Level 1:colcon.colcon_core.package_identification:_identify(ceres_urdf) by extensions ['colcon_meta']
[1.449s] Level 1:colcon.colcon_core.package_identification:_identify(ceres_urdf) by extension 'colcon_meta'
[1.449s] Level 1:colcon.colcon_core.package_identification:_identify(ceres_urdf) by extensions ['ros']
[1.449s] Level 1:colcon.colcon_core.package_identification:_identify(ceres_urdf) by extension 'ros'
[1.451s] DEBUG:colcon.colcon_core.package_identification:Package 'ceres_urdf' with type 'ros.ament_cmake' and name 'ceres_urdf'
[1.451s] Level 1:colcon.colcon_core.package_identification:_identify(ik_mux_controller) by extensions ['ignore', 'ignore_ament_install']
[1.451s] Level 1:colcon.colcon_core.package_identification:_identify(ik_mux_controller) by extension 'ignore'
[1.452s] Level 1:colcon.colcon_core.package_identification:_identify(ik_mux_controller) by extension 'ignore_ament_install'
[1.452s] Level 1:colcon.colcon_core.package_identification:_identify(ik_mux_controller) by extensions ['colcon_pkg']
[1.452s] Level 1:colcon.colcon_core.package_identification:_identify(ik_mux_controller) by extension 'colcon_pkg'
[1.452s] Level 1:colcon.colcon_core.package_identification:_identify(ik_mux_controller) by extensions ['colcon_meta']
[1.452s] Level 1:colcon.colcon_core.package_identification:_identify(ik_mux_controller) by extension 'colcon_meta'
[1.452s] Level 1:colcon.colcon_core.package_identification:_identify(ik_mux_controller) by extensions ['ros']
[1.452s] Level 1:colcon.colcon_core.package_identification:_identify(ik_mux_controller) by extension 'ros'
[1.456s] DEBUG:colcon.colcon_core.package_identification:Package 'ik_mux_controller' with type 'ros.ament_cmake' and name 'ik_mux_controller'
[1.456s] Level 1:colcon.colcon_core.package_identification:_identify(install) by extensions ['ignore', 'ignore_ament_install']
[1.456s] Level 1:colcon.colcon_core.package_identification:_identify(install) by extension 'ignore'
[1.456s] Level 1:colcon.colcon_core.package_identification:_identify(install) ignored
[1.457s] Level 1:colcon.colcon_core.package_identification:_identify(joy_mux_controller) by extensions ['ignore', 'ignore_ament_install']
[1.457s] Level 1:colcon.colcon_core.package_identification:_identify(joy_mux_controller) by extension 'ignore'
[1.457s] Level 1:colcon.colcon_core.package_identification:_identify(joy_mux_controller) by extension 'ignore_ament_install'
[1.457s] Level 1:colcon.colcon_core.package_identification:_identify(joy_mux_controller) by extensions ['colcon_pkg']
[1.457s] Level 1:colcon.colcon_core.package_identification:_identify(joy_mux_controller) by extension 'colcon_pkg'
[1.457s] Level 1:colcon.colcon_core.package_identification:_identify(joy_mux_controller) by extensions ['colcon_meta']
[1.457s] Level 1:colcon.colcon_core.package_identification:_identify(joy_mux_controller) by extension 'colcon_meta'
[1.458s] Level 1:colcon.colcon_core.package_identification:_identify(joy_mux_controller) by extensions ['ros']
[1.458s] Level 1:colcon.colcon_core.package_identification:_identify(joy_mux_controller) by extension 'ros'
[1.461s] DEBUG:colcon.colcon_core.package_identification:Package 'joy_mux_controller' with type 'ros.ament_python' and name 'joy_mux_controller'
[1.461s] Level 1:colcon.colcon_core.package_identification:_identify(log) by extensions ['ignore', 'ignore_ament_install']
[1.462s] Level 1:colcon.colcon_core.package_identification:_identify(log) by extension 'ignore'
[1.462s] Level 1:colcon.colcon_core.package_identification:_identify(log) ignored
[1.462s] Level 1:colcon.colcon_core.package_identification:_identify(object_recognition) by extensions ['ignore', 'ignore_ament_install']
[1.462s] Level 1:colcon.colcon_core.package_identification:_identify(object_recognition) by extension 'ignore'
[1.462s] Level 1:colcon.colcon_core.package_identification:_identify(object_recognition) by extension 'ignore_ament_install'
[1.463s] Level 1:colcon.colcon_core.package_identification:_identify(object_recognition) by extensions ['colcon_pkg']
[1.463s] Level 1:colcon.colcon_core.package_identification:_identify(object_recognition) by extension 'colcon_pkg'
[1.463s] Level 1:colcon.colcon_core.package_identification:_identify(object_recognition) by extensions ['colcon_meta']
[1.463s] Level 1:colcon.colcon_core.package_identification:_identify(object_recognition) by extension 'colcon_meta'
[1.463s] Level 1:colcon.colcon_core.package_identification:_identify(object_recognition) by extensions ['ros']
[1.463s] Level 1:colcon.colcon_core.package_identification:_identify(object_recognition) by extension 'ros'
[1.465s] DEBUG:colcon.colcon_core.package_identification:Package 'object_recognition' with type 'ros.ament_python' and name 'object_recognition'
[1.466s] Level 1:colcon.colcon_core.package_identification:_identify(ros_aruco_opencv) by extensions ['ignore', 'ignore_ament_install']
[1.466s] Level 1:colcon.colcon_core.package_identification:_identify(ros_aruco_opencv) by extension 'ignore'
[1.467s] Level 1:colcon.colcon_core.package_identification:_identify(ros_aruco_opencv) by extension 'ignore_ament_install'
[1.467s] Level 1:colcon.colcon_core.package_identification:_identify(ros_aruco_opencv) by extensions ['colcon_pkg']
[1.467s] Level 1:colcon.colcon_core.package_identification:_identify(ros_aruco_opencv) by extension 'colcon_pkg'
[1.467s] Level 1:colcon.colcon_core.package_identification:_identify(ros_aruco_opencv) by extensions ['colcon_meta']
[1.467s] Level 1:colcon.colcon_core.package_identification:_identify(ros_aruco_opencv) by extension 'colcon_meta'
[1.467s] Level 1:colcon.colcon_core.package_identification:_identify(ros_aruco_opencv) by extensions ['ros']
[1.467s] Level 1:colcon.colcon_core.package_identification:_identify(ros_aruco_opencv) by extension 'ros'
[1.468s] Level 1:colcon.colcon_core.package_identification:_identify(ros_aruco_opencv) by extensions ['cmake', 'python']
[1.468s] Level 1:colcon.colcon_core.package_identification:_identify(ros_aruco_opencv) by extension 'cmake'
[1.468s] Level 1:colcon.colcon_core.package_identification:_identify(ros_aruco_opencv) by extension 'python'
[1.468s] Level 1:colcon.colcon_core.package_identification:_identify(ros_aruco_opencv) by extensions ['python_setup_py']
[1.468s] Level 1:colcon.colcon_core.package_identification:_identify(ros_aruco_opencv) by extension 'python_setup_py'
[1.468s] Level 1:colcon.colcon_core.package_identification:_identify(sil) by extensions ['ignore', 'ignore_ament_install']
[1.468s] Level 1:colcon.colcon_core.package_identification:_identify(sil) by extension 'ignore'
[1.469s] Level 1:colcon.colcon_core.package_identification:_identify(sil) by extension 'ignore_ament_install'
[1.469s] Level 1:colcon.colcon_core.package_identification:_identify(sil) by extensions ['colcon_pkg']
[1.469s] Level 1:colcon.colcon_core.package_identification:_identify(sil) by extension 'colcon_pkg'
[1.469s] Level 1:colcon.colcon_core.package_identification:_identify(sil) by extensions ['colcon_meta']
[1.469s] Level 1:colcon.colcon_core.package_identification:_identify(sil) by extension 'colcon_meta'
[1.469s] Level 1:colcon.colcon_core.package_identification:_identify(sil) by extensions ['ros']
[1.469s] Level 1:colcon.colcon_core.package_identification:_identify(sil) by extension 'ros'
[1.472s] DEBUG:colcon.colcon_core.package_identification:Package 'sil' with type 'ros.ament_cmake' and name 'sil'
[1.472s] Level 1:colcon.colcon_core.package_identification:_identify(ublox) by extensions ['ignore', 'ignore_ament_install']
[1.473s] Level 1:colcon.colcon_core.package_identification:_identify(ublox) by extension 'ignore'
[1.473s] Level 1:colcon.colcon_core.package_identification:_identify(ublox) by extension 'ignore_ament_install'
[1.473s] Level 1:colcon.colcon_core.package_identification:_identify(ublox) by extensions ['colcon_pkg']
[1.473s] Level 1:colcon.colcon_core.package_identification:_identify(ublox) by extension 'colcon_pkg'
[1.473s] Level 1:colcon.colcon_core.package_identification:_identify(ublox) by extensions ['colcon_meta']
[1.473s] Level 1:colcon.colcon_core.package_identification:_identify(ublox) by extension 'colcon_meta'
[1.473s] Level 1:colcon.colcon_core.package_identification:_identify(ublox) by extensions ['ros']
[1.473s] Level 1:colcon.colcon_core.package_identification:_identify(ublox) by extension 'ros'
[1.474s] Level 1:colcon.colcon_core.package_identification:_identify(ublox) by extensions ['cmake', 'python']
[1.474s] Level 1:colcon.colcon_core.package_identification:_identify(ublox) by extension 'cmake'
[1.474s] Level 1:colcon.colcon_core.package_identification:_identify(ublox) by extension 'python'
[1.474s] Level 1:colcon.colcon_core.package_identification:_identify(ublox) by extensions ['python_setup_py']
[1.474s] Level 1:colcon.colcon_core.package_identification:_identify(ublox) by extension 'python_setup_py'
[1.474s] Level 1:colcon.colcon_core.package_identification:_identify(usb_cam) by extensions ['ignore', 'ignore_ament_install']
[1.474s] Level 1:colcon.colcon_core.package_identification:_identify(usb_cam) by extension 'ignore'
[1.475s] Level 1:colcon.colcon_core.package_identification:_identify(usb_cam) by extension 'ignore_ament_install'
[1.475s] Level 1:colcon.colcon_core.package_identification:_identify(usb_cam) by extensions ['colcon_pkg']
[1.475s] Level 1:colcon.colcon_core.package_identification:_identify(usb_cam) by extension 'colcon_pkg'
[1.475s] Level 1:colcon.colcon_core.package_identification:_identify(usb_cam) by extensions ['colcon_meta']
[1.475s] Level 1:colcon.colcon_core.package_identification:_identify(usb_cam) by extension 'colcon_meta'
[1.475s] Level 1:colcon.colcon_core.package_identification:_identify(usb_cam) by extensions ['ros']
[1.475s] Level 1:colcon.colcon_core.package_identification:_identify(usb_cam) by extension 'ros'
[1.496s] DEBUG:colcon.colcon_core.package_identification:Package 'usb_cam' with type 'ros.ament_cmake' and name 'usb_cam'
[1.497s] Level 1:colcon.colcon_core.package_identification:_identify(wheels_controller) by extensions ['ignore', 'ignore_ament_install']
[1.498s] Level 1:colcon.colcon_core.package_identification:_identify(wheels_controller) by extension 'ignore'
[1.498s] Level 1:colcon.colcon_core.package_identification:_identify(wheels_controller) by extension 'ignore_ament_install'
[1.499s] Level 1:colcon.colcon_core.package_identification:_identify(wheels_controller) by extensions ['colcon_pkg']
[1.499s] Level 1:colcon.colcon_core.package_identification:_identify(wheels_controller) by extension 'colcon_pkg'
[1.499s] Level 1:colcon.colcon_core.package_identification:_identify(wheels_controller) by extensions ['colcon_meta']
[1.499s] Level 1:colcon.colcon_core.package_identification:_identify(wheels_controller) by extension 'colcon_meta'
[1.499s] Level 1:colcon.colcon_core.package_identification:_identify(wheels_controller) by extensions ['ros']
[1.499s] Level 1:colcon.colcon_core.package_identification:_identify(wheels_controller) by extension 'ros'
[1.501s] DEBUG:colcon.colcon_core.package_identification:Package 'wheels_controller' with type 'ros.ament_cmake' and name 'wheels_controller'
[1.502s] Level 1:colcon.colcon_core.package_identification:_identify(zed-ros2-wrapper) by extensions ['ignore', 'ignore_ament_install']
[1.502s] Level 1:colcon.colcon_core.package_identification:_identify(zed-ros2-wrapper) by extension 'ignore'
[1.502s] Level 1:colcon.colcon_core.package_identification:_identify(zed-ros2-wrapper) by extension 'ignore_ament_install'
[1.502s] Level 1:colcon.colcon_core.package_identification:_identify(zed-ros2-wrapper) by extensions ['colcon_pkg']
[1.502s] Level 1:colcon.colcon_core.package_identification:_identify(zed-ros2-wrapper) by extension 'colcon_pkg'
[1.502s] Level 1:colcon.colcon_core.package_identification:_identify(zed-ros2-wrapper) by extensions ['colcon_meta']
[1.502s] Level 1:colcon.colcon_core.package_identification:_identify(zed-ros2-wrapper) by extension 'colcon_meta'
[1.502s] Level 1:colcon.colcon_core.package_identification:_identify(zed-ros2-wrapper) by extensions ['ros']
[1.503s] Level 1:colcon.colcon_core.package_identification:_identify(zed-ros2-wrapper) by extension 'ros'
[1.503s] Level 1:colcon.colcon_core.package_identification:_identify(zed-ros2-wrapper) by extensions ['cmake', 'python']
[1.503s] Level 1:colcon.colcon_core.package_identification:_identify(zed-ros2-wrapper) by extension 'cmake'
[1.503s] Level 1:colcon.colcon_core.package_identification:_identify(zed-ros2-wrapper) by extension 'python'
[1.503s] Level 1:colcon.colcon_core.package_identification:_identify(zed-ros2-wrapper) by extensions ['python_setup_py']
[1.503s] Level 1:colcon.colcon_core.package_identification:_identify(zed-ros2-wrapper) by extension 'python_setup_py'
[1.503s] Level 1:colcon.colcon_core.package_discovery:discover_packages(recursive) using defaults
[1.503s] Level 1:colcon.colcon_core.package_discovery:discover_packages(ignore) discover
[1.504s] Level 1:colcon.colcon_core.package_discovery:discover_packages(ignore) using defaults
[1.504s] Level 1:colcon.colcon_core.package_discovery:discover_packages(path) discover
[1.504s] Level 1:colcon.colcon_core.package_discovery:discover_packages(path) using defaults
[1.569s] INFO:colcon.colcon_core.package_selection:Skipping not selected package 'absenc_interface' in 'absenc_interface'
[1.570s] INFO:colcon.colcon_core.package_selection:Skipping not selected package 'arm_controller' in 'arm_controller'
[1.570s] INFO:colcon.colcon_core.package_selection:Skipping not selected package 'arm_hardware' in 'arm_hardware'
[1.570s] INFO:colcon.colcon_core.package_selection:Skipping not selected package 'ceres_urdf' in 'ceres_urdf'
[1.570s] INFO:colcon.colcon_core.package_selection:Skipping not selected package 'ik_mux_controller' in 'ik_mux_controller'
[1.570s] INFO:colcon.colcon_core.package_selection:Skipping not selected package 'joy_mux_controller' in 'joy_mux_controller'
[1.570s] INFO:colcon.colcon_core.package_selection:Skipping not selected package 'object_recognition' in 'object_recognition'
[1.570s] INFO:colcon.colcon_core.package_selection:Skipping not selected package 'sil' in 'sil'
[1.570s] INFO:colcon.colcon_core.package_selection:Skipping not selected package 'usb_cam' in 'usb_cam'
[1.570s] INFO:colcon.colcon_core.package_selection:Skipping not selected package 'wheels_controller' in 'wheels_controller'
[1.571s] Level 1:colcon.colcon_core.package_discovery:discover_packages(prefix_path) check parameters
[1.572s] Level 1:colcon.colcon_core.package_discovery:discover_packages(prefix_path) discover
[1.587s] DEBUG:colcon.colcon_installed_package_information.package_discovery:Found 55 installed packages in /home/liliana/ws_moveit/install
[1.591s] DEBUG:colcon.colcon_installed_package_information.package_discovery:Found 4 installed packages in /home/liliana/ros2_ws/install
[1.592s] DEBUG:colcon.colcon_installed_package_information.package_discovery:Found 2 installed packages in /home/liliana/install
[1.598s] DEBUG:colcon.colcon_installed_package_information.package_discovery:Found 388 installed packages in /opt/ros/humble
[1.605s] Level 1:colcon.colcon_core.package_discovery:discover_packages(prefix_path) using defaults
[1.799s] Level 5:colcon.colcon_core.verb:set package 'ceres_moveit_config' build argument 'cmake_args' from command line to 'None'
[1.799s] Level 5:colcon.colcon_core.verb:set package 'ceres_moveit_config' build argument 'cmake_target' from command line to 'None'
[1.799s] Level 5:colcon.colcon_core.verb:set package 'ceres_moveit_config' build argument 'cmake_target_skip_unavailable' from command line to 'False'
[1.799s] Level 5:colcon.colcon_core.verb:set package 'ceres_moveit_config' build argument 'cmake_clean_cache' from command line to 'False'
[1.800s] Level 5:colcon.colcon_core.verb:set package 'ceres_moveit_config' build argument 'cmake_clean_first' from command line to 'False'
[1.800s] Level 5:colcon.colcon_core.verb:set package 'ceres_moveit_config' build argument 'cmake_force_configure' from command line to 'False'
[1.800s] Level 5:colcon.colcon_core.verb:set package 'ceres_moveit_config' build argument 'ament_cmake_args' from command line to 'None'
[1.800s] Level 5:colcon.colcon_core.verb:set package 'ceres_moveit_config' build argument 'catkin_cmake_args' from command line to 'None'
[1.800s] Level 5:colcon.colcon_core.verb:set package 'ceres_moveit_config' build argument 'catkin_skip_building_tests' from command line to 'False'
[1.800s] DEBUG:colcon.colcon_core.verb:Building package 'ceres_moveit_config' with the following arguments: {'ament_cmake_args': None, 'build_base': '/home/liliana/ros2_ws/robot-repo-ros2/src/build/ceres_moveit_config', 'catkin_cmake_args': None, 'catkin_skip_building_tests': False, 'cmake_args': None, 'cmake_clean_cache': False, 'cmake_clean_first': False, 'cmake_force_configure': False, 'cmake_target': None, 'cmake_target_skip_unavailable': False, 'install_base': '/home/liliana/ros2_ws/robot-repo-ros2/src/install/ceres_moveit_config', 'merge_install': False, 'path': '/home/liliana/ros2_ws/robot-repo-ros2/src/ceres_moveit_config', 'symlink_install': False, 'test_result_base': None}
[1.801s] INFO:colcon.colcon_core.executor:Executing jobs using 'parallel' executor
[1.804s] DEBUG:colcon.colcon_parallel_executor.executor.parallel:run_until_complete
[1.805s] INFO:colcon.colcon_ros.task.ament_cmake.build:Building ROS package in '/home/liliana/ros2_ws/robot-repo-ros2/src/ceres_moveit_config' with build type 'ament_cmake'
[1.805s] INFO:colcon.colcon_cmake.task.cmake.build:Building CMake package in '/home/liliana/ros2_ws/robot-repo-ros2/src/ceres_moveit_config'
[1.811s] INFO:colcon.colcon_core.plugin_system:Skipping extension 'colcon_core.shell.bat': Not used on non-Windows systems
[1.812s] INFO:colcon.colcon_core.shell:Skip shell extension 'powershell' for command environment: Not usable outside of PowerShell
[1.812s] DEBUG:colcon.colcon_core.shell:Skip shell extension 'dsv' for command environment
[1.886s] DEBUG:colcon.colcon_core.event_handler.log_command:Invoking command in '/home/liliana/ros2_ws/robot-repo-ros2/src/build/ceres_moveit_config': AMENT_PREFIX_PATH=/home/liliana/ros2_ws/robot-repo-ros2/src/install/ceres_urdf:${AMENT_PREFIX_PATH} CMAKE_PREFIX_PATH=/home/liliana/ros2_ws/robot-repo-ros2/src/install/ceres_urdf:/home/liliana/ws_moveit/install/pilz_industrial_motion_planner_testutils:/home/liliana/ws_moveit/install/moveit_runtime:/home/liliana/ws_moveit/install/moveit2_tutorials:/home/liliana/ws_moveit/install/moveit:/home/liliana/ws_moveit/install/moveit_planners:/home/liliana/ws_moveit/install/pilz_industrial_motion_planner:/home/liliana/ws_moveit/install/moveit_visual_tools:/home/liliana/ws_moveit/install/moveit_task_constructor_visualization:/home/liliana/ws_moveit/install/moveit_task_constructor_demo:/home/liliana/ws_moveit/install/moveit_task_constructor_capabilities:/home/liliana/ws_moveit/install/moveit_task_constructor_core:/home/liliana/ws_moveit/install/moveit_ros_control_interface:/home/liliana/ws_moveit/install/moveit_plugins:/home/liliana/ws_moveit/install/moveit_simple_controller_manager:/home/liliana/ws_moveit/install/moveit_setup_assistant:/home/liliana/ws_moveit/install/moveit_setup_srdf_plugins:/home/liliana/ws_moveit/install/moveit_setup_core_plugins:/home/liliana/ws_moveit/install/moveit_setup_controllers:/home/liliana/ws_moveit/install/moveit_setup_app_plugins:/home/liliana/ws_moveit/install/moveit_setup_framework:/home/liliana/ws_moveit/install/moveit_servo:/home/liliana/ws_moveit/install/moveit_ros:/home/liliana/ws_moveit/install/moveit_ros_visualization:/home/liliana/ws_moveit/install/moveit_hybrid_planning:/home/liliana/ws_moveit/install/moveit_ros_planning_interface:/home/liliana/ws_moveit/install/moveit_ros_benchmarks:/home/liliana/ws_moveit/install/moveit_ros_warehouse:/home/liliana/ws_moveit/install/moveit_ros_robot_interaction:/home/liliana/ws_moveit/install/moveit_ros_perception:/home/liliana/ws_moveit/install/moveit_resources_prbt_pg70_support:/home/liliana/ws_moveit/install/moveit_resources_prbt_moveit_config:/home/liliana/ws_moveit/install/moveit_ros_move_group:/home/liliana/ws_moveit/install/moveit_planners_ompl:/home/liliana/ws_moveit/install/moveit_ros_planning:/home/liliana/ws_moveit/install/moveit_ros_occupancy_map_monitor:/home/liliana/ws_moveit/install/moveit_resources_prbt_ikfast_manipulator_plugin:/home/liliana/ws_moveit/install/moveit_planners_chomp:/home/liliana/ws_moveit/install/moveit_kinematics:/home/liliana/ws_moveit/install/moveit_chomp_optimizer_adapter:/home/liliana/ws_moveit/install/chomp_motion_planner:/home/liliana/ws_moveit/install/moveit_core:/home/liliana/ws_moveit/install/srdfdom:/home/liliana/ws_moveit/install/rviz_marker_tools:/home/liliana/ws_moveit/install/rosparam_shortcuts:/home/liliana/ws_moveit/install/moveit_task_constructor_msgs:/home/liliana/ws_moveit/install/moveit_resources_prbt_support:/home/liliana/ws_moveit/install/moveit_resources:/home/liliana/ws_moveit/install/moveit_resources_pr2_description:/home/liliana/ws_moveit/install/moveit_resources_panda_moveit_config:/home/liliana/ws_moveit/install/moveit_resources_panda_description:/home/liliana/ws_moveit/install/moveit_resources_fanuc_moveit_config:/home/liliana/ws_moveit/install/moveit_resources_fanuc_description:/home/liliana/ws_moveit/install/moveit_common:/home/liliana/ros2_ws/install/my_cpp_pkg:/home/liliana/ros2_ws/install/ceres_urdf:/home/liliana/install/my_cpp_pkg:/home/liliana/ws_moveit/install/moveit_configs_utils:/home/liliana/ws_moveit/install/launch_param_builder:/home/liliana/ros2_ws/install/my_py_pkg:/home/liliana/install/my_py_pkg:/opt/ros/humble /usr/bin/cmake --build /home/liliana/ros2_ws/robot-repo-ros2/src/build/ceres_moveit_config -- -j6 -l6
[2.039s] DEBUG:colcon.colcon_core.event_handler.log_command:Invoked command in '/home/liliana/ros2_ws/robot-repo-ros2/src/build/ceres_moveit_config' returned '0': AMENT_PREFIX_PATH=/home/liliana/ros2_ws/robot-repo-ros2/src/install/ceres_urdf:${AMENT_PREFIX_PATH} CMAKE_PREFIX_PATH=/home/liliana/ros2_ws/robot-repo-ros2/src/install/ceres_urdf:/home/liliana/ws_moveit/install/pilz_industrial_motion_planner_testutils:/home/liliana/ws_moveit/install/moveit_runtime:/home/liliana/ws_moveit/install/moveit2_tutorials:/home/liliana/ws_moveit/install/moveit:/home/liliana/ws_moveit/install/moveit_planners:/home/liliana/ws_moveit/install/pilz_industrial_motion_planner:/home/liliana/ws_moveit/install/moveit_visual_tools:/home/liliana/ws_moveit/install/moveit_task_constructor_visualization:/home/liliana/ws_moveit/install/moveit_task_constructor_demo:/home/liliana/ws_moveit/install/moveit_task_constructor_capabilities:/home/liliana/ws_moveit/install/moveit_task_constructor_core:/home/liliana/ws_moveit/install/moveit_ros_control_interface:/home/liliana/ws_moveit/install/moveit_plugins:/home/liliana/ws_moveit/install/moveit_simple_controller_manager:/home/liliana/ws_moveit/install/moveit_setup_assistant:/home/liliana/ws_moveit/install/moveit_setup_srdf_plugins:/home/liliana/ws_moveit/install/moveit_setup_core_plugins:/home/liliana/ws_moveit/install/moveit_setup_controllers:/home/liliana/ws_moveit/install/moveit_setup_app_plugins:/home/liliana/ws_moveit/install/moveit_setup_framework:/home/liliana/ws_moveit/install/moveit_servo:/home/liliana/ws_moveit/install/moveit_ros:/home/liliana/ws_moveit/install/moveit_ros_visualization:/home/liliana/ws_moveit/install/moveit_hybrid_planning:/home/liliana/ws_moveit/install/moveit_ros_planning_interface:/home/liliana/ws_moveit/install/moveit_ros_benchmarks:/home/liliana/ws_moveit/install/moveit_ros_warehouse:/home/liliana/ws_moveit/install/moveit_ros_robot_interaction:/home/liliana/ws_moveit/install/moveit_ros_perception:/home/liliana/ws_moveit/install/moveit_resources_prbt_pg70_support:/home/liliana/ws_moveit/install/moveit_resources_prbt_moveit_config:/home/liliana/ws_moveit/install/moveit_ros_move_group:/home/liliana/ws_moveit/install/moveit_planners_ompl:/home/liliana/ws_moveit/install/moveit_ros_planning:/home/liliana/ws_moveit/install/moveit_ros_occupancy_map_monitor:/home/liliana/ws_moveit/install/moveit_resources_prbt_ikfast_manipulator_plugin:/home/liliana/ws_moveit/install/moveit_planners_chomp:/home/liliana/ws_moveit/install/moveit_kinematics:/home/liliana/ws_moveit/install/moveit_chomp_optimizer_adapter:/home/liliana/ws_moveit/install/chomp_motion_planner:/home/liliana/ws_moveit/install/moveit_core:/home/liliana/ws_moveit/install/srdfdom:/home/liliana/ws_moveit/install/rviz_marker_tools:/home/liliana/ws_moveit/install/rosparam_shortcuts:/home/liliana/ws_moveit/install/moveit_task_constructor_msgs:/home/liliana/ws_moveit/install/moveit_resources_prbt_support:/home/liliana/ws_moveit/install/moveit_resources:/home/liliana/ws_moveit/install/moveit_resources_pr2_description:/home/liliana/ws_moveit/install/moveit_resources_panda_moveit_config:/home/liliana/ws_moveit/install/moveit_resources_panda_description:/home/liliana/ws_moveit/install/moveit_resources_fanuc_moveit_config:/home/liliana/ws_moveit/install/moveit_resources_fanuc_description:/home/liliana/ws_moveit/install/moveit_common:/home/liliana/ros2_ws/install/my_cpp_pkg:/home/liliana/ros2_ws/install/ceres_urdf:/home/liliana/install/my_cpp_pkg:/home/liliana/ws_moveit/install/moveit_configs_utils:/home/liliana/ws_moveit/install/launch_param_builder:/home/liliana/ros2_ws/install/my_py_pkg:/home/liliana/install/my_py_pkg:/opt/ros/humble /usr/bin/cmake --build /home/liliana/ros2_ws/robot-repo-ros2/src/build/ceres_moveit_config -- -j6 -l6
[2.079s] DEBUG:colcon.colcon_core.event_handler.log_command:Invoking command in '/home/liliana/ros2_ws/robot-repo-ros2/src/build/ceres_moveit_config': AMENT_PREFIX_PATH=/home/liliana/ros2_ws/robot-repo-ros2/src/install/ceres_urdf:${AMENT_PREFIX_PATH} CMAKE_PREFIX_PATH=/home/liliana/ros2_ws/robot-repo-ros2/src/install/ceres_urdf:/home/liliana/ws_moveit/install/pilz_industrial_motion_planner_testutils:/home/liliana/ws_moveit/install/moveit_runtime:/home/liliana/ws_moveit/install/moveit2_tutorials:/home/liliana/ws_moveit/install/moveit:/home/liliana/ws_moveit/install/moveit_planners:/home/liliana/ws_moveit/install/pilz_industrial_motion_planner:/home/liliana/ws_moveit/install/moveit_visual_tools:/home/liliana/ws_moveit/install/moveit_task_constructor_visualization:/home/liliana/ws_moveit/install/moveit_task_constructor_demo:/home/liliana/ws_moveit/install/moveit_task_constructor_capabilities:/home/liliana/ws_moveit/install/moveit_task_constructor_core:/home/liliana/ws_moveit/install/moveit_ros_control_interface:/home/liliana/ws_moveit/install/moveit_plugins:/home/liliana/ws_moveit/install/moveit_simple_controller_manager:/home/liliana/ws_moveit/install/moveit_setup_assistant:/home/liliana/ws_moveit/install/moveit_setup_srdf_plugins:/home/liliana/ws_moveit/install/moveit_setup_core_plugins:/home/liliana/ws_moveit/install/moveit_setup_controllers:/home/liliana/ws_moveit/install/moveit_setup_app_plugins:/home/liliana/ws_moveit/install/moveit_setup_framework:/home/liliana/ws_moveit/install/moveit_servo:/home/liliana/ws_moveit/install/moveit_ros:/home/liliana/ws_moveit/install/moveit_ros_visualization:/home/liliana/ws_moveit/install/moveit_hybrid_planning:/home/liliana/ws_moveit/install/moveit_ros_planning_interface:/home/liliana/ws_moveit/install/moveit_ros_benchmarks:/home/liliana/ws_moveit/install/moveit_ros_warehouse:/home/liliana/ws_moveit/install/moveit_ros_robot_interaction:/home/liliana/ws_moveit/install/moveit_ros_perception:/home/liliana/ws_moveit/install/moveit_resources_prbt_pg70_support:/home/liliana/ws_moveit/install/moveit_resources_prbt_moveit_config:/home/liliana/ws_moveit/install/moveit_ros_move_group:/home/liliana/ws_moveit/install/moveit_planners_ompl:/home/liliana/ws_moveit/install/moveit_ros_planning:/home/liliana/ws_moveit/install/moveit_ros_occupancy_map_monitor:/home/liliana/ws_moveit/install/moveit_resources_prbt_ikfast_manipulator_plugin:/home/liliana/ws_moveit/install/moveit_planners_chomp:/home/liliana/ws_moveit/install/moveit_kinematics:/home/liliana/ws_moveit/install/moveit_chomp_optimizer_adapter:/home/liliana/ws_moveit/install/chomp_motion_planner:/home/liliana/ws_moveit/install/moveit_core:/home/liliana/ws_moveit/install/srdfdom:/home/liliana/ws_moveit/install/rviz_marker_tools:/home/liliana/ws_moveit/install/rosparam_shortcuts:/home/liliana/ws_moveit/install/moveit_task_constructor_msgs:/home/liliana/ws_moveit/install/moveit_resources_prbt_support:/home/liliana/ws_moveit/install/moveit_resources:/home/liliana/ws_moveit/install/moveit_resources_pr2_description:/home/liliana/ws_moveit/install/moveit_resources_panda_moveit_config:/home/liliana/ws_moveit/install/moveit_resources_panda_description:/home/liliana/ws_moveit/install/moveit_resources_fanuc_moveit_config:/home/liliana/ws_moveit/install/moveit_resources_fanuc_description:/home/liliana/ws_moveit/install/moveit_common:/home/liliana/ros2_ws/install/my_cpp_pkg:/home/liliana/ros2_ws/install/ceres_urdf:/home/liliana/install/my_cpp_pkg:/home/liliana/ws_moveit/install/moveit_configs_utils:/home/liliana/ws_moveit/install/launch_param_builder:/home/liliana/ros2_ws/install/my_py_pkg:/home/liliana/install/my_py_pkg:/opt/ros/humble /usr/bin/cmake --install /home/liliana/ros2_ws/robot-repo-ros2/src/build/ceres_moveit_config
[2.119s] Level 1:colcon.colcon_core.environment:create_environment_scripts_only(ceres_moveit_config)
[2.122s] DEBUG:colcon.colcon_core.event_handler.log_command:Invoked command in '/home/liliana/ros2_ws/robot-repo-ros2/src/build/ceres_moveit_config' returned '0': AMENT_PREFIX_PATH=/home/liliana/ros2_ws/robot-repo-ros2/src/install/ceres_urdf:${AMENT_PREFIX_PATH} CMAKE_PREFIX_PATH=/home/liliana/ros2_ws/robot-repo-ros2/src/install/ceres_urdf:/home/liliana/ws_moveit/install/pilz_industrial_motion_planner_testutils:/home/liliana/ws_moveit/install/moveit_runtime:/home/liliana/ws_moveit/install/moveit2_tutorials:/home/liliana/ws_moveit/install/moveit:/home/liliana/ws_moveit/install/moveit_planners:/home/liliana/ws_moveit/install/pilz_industrial_motion_planner:/home/liliana/ws_moveit/install/moveit_visual_tools:/home/liliana/ws_moveit/install/moveit_task_constructor_visualization:/home/liliana/ws_moveit/install/moveit_task_constructor_demo:/home/liliana/ws_moveit/install/moveit_task_constructor_capabilities:/home/liliana/ws_moveit/install/moveit_task_constructor_core:/home/liliana/ws_moveit/install/moveit_ros_control_interface:/home/liliana/ws_moveit/install/moveit_plugins:/home/liliana/ws_moveit/install/moveit_simple_controller_manager:/home/liliana/ws_moveit/install/moveit_setup_assistant:/home/liliana/ws_moveit/install/moveit_setup_srdf_plugins:/home/liliana/ws_moveit/install/moveit_setup_core_plugins:/home/liliana/ws_moveit/install/moveit_setup_controllers:/home/liliana/ws_moveit/install/moveit_setup_app_plugins:/home/liliana/ws_moveit/install/moveit_setup_framework:/home/liliana/ws_moveit/install/moveit_servo:/home/liliana/ws_moveit/install/moveit_ros:/home/liliana/ws_moveit/install/moveit_ros_visualization:/home/liliana/ws_moveit/install/moveit_hybrid_planning:/home/liliana/ws_moveit/install/moveit_ros_planning_interface:/home/liliana/ws_moveit/install/moveit_ros_benchmarks:/home/liliana/ws_moveit/install/moveit_ros_warehouse:/home/liliana/ws_moveit/install/moveit_ros_robot_interaction:/home/liliana/ws_moveit/install/moveit_ros_perception:/home/liliana/ws_moveit/install/moveit_resources_prbt_pg70_support:/home/liliana/ws_moveit/install/moveit_resources_prbt_moveit_config:/home/liliana/ws_moveit/install/moveit_ros_move_group:/home/liliana/ws_moveit/install/moveit_planners_ompl:/home/liliana/ws_moveit/install/moveit_ros_planning:/home/liliana/ws_moveit/install/moveit_ros_occupancy_map_monitor:/home/liliana/ws_moveit/install/moveit_resources_prbt_ikfast_manipulator_plugin:/home/liliana/ws_moveit/install/moveit_planners_chomp:/home/liliana/ws_moveit/install/moveit_kinematics:/home/liliana/ws_moveit/install/moveit_chomp_optimizer_adapter:/home/liliana/ws_moveit/install/chomp_motion_planner:/home/liliana/ws_moveit/install/moveit_core:/home/liliana/ws_moveit/install/srdfdom:/home/liliana/ws_moveit/install/rviz_marker_tools:/home/liliana/ws_moveit/install/rosparam_shortcuts:/home/liliana/ws_moveit/install/moveit_task_constructor_msgs:/home/liliana/ws_moveit/install/moveit_resources_prbt_support:/home/liliana/ws_moveit/install/moveit_resources:/home/liliana/ws_moveit/install/moveit_resources_pr2_description:/home/liliana/ws_moveit/install/moveit_resources_panda_moveit_config:/home/liliana/ws_moveit/install/moveit_resources_panda_description:/home/liliana/ws_moveit/install/moveit_resources_fanuc_moveit_config:/home/liliana/ws_moveit/install/moveit_resources_fanuc_description:/home/liliana/ws_moveit/install/moveit_common:/home/liliana/ros2_ws/install/my_cpp_pkg:/home/liliana/ros2_ws/install/ceres_urdf:/home/liliana/install/my_cpp_pkg:/home/liliana/ws_moveit/install/moveit_configs_utils:/home/liliana/ws_moveit/install/launch_param_builder:/home/liliana/ros2_ws/install/my_py_pkg:/home/liliana/install/my_py_pkg:/opt/ros/humble /usr/bin/cmake --install /home/liliana/ros2_ws/robot-repo-ros2/src/build/ceres_moveit_config
[2.127s] Level 1:colcon.colcon_core.environment:checking '/home/liliana/ros2_ws/robot-repo-ros2/src/install/ceres_moveit_config' for CMake module files
[2.129s] Level 1:colcon.colcon_core.environment:checking '/home/liliana/ros2_ws/robot-repo-ros2/src/install/ceres_moveit_config' for CMake config files
[2.129s] Level 1:colcon.colcon_core.shell:create_environment_hook('ceres_moveit_config', 'cmake_prefix_path')
[2.130s] INFO:colcon.colcon_core.shell:Creating environment hook '/home/liliana/ros2_ws/robot-repo-ros2/src/install/ceres_moveit_config/share/ceres_moveit_config/hook/cmake_prefix_path.ps1'
[2.132s] INFO:colcon.colcon_core.shell:Creating environment descriptor '/home/liliana/ros2_ws/robot-repo-ros2/src/install/ceres_moveit_config/share/ceres_moveit_config/hook/cmake_prefix_path.dsv'
[2.134s] INFO:colcon.colcon_core.shell:Creating environment hook '/home/liliana/ros2_ws/robot-repo-ros2/src/install/ceres_moveit_config/share/ceres_moveit_config/hook/cmake_prefix_path.sh'
[2.137s] Level 1:colcon.colcon_core.environment:checking '/home/liliana/ros2_ws/robot-repo-ros2/src/install/ceres_moveit_config/bin'
[2.137s] Level 1:colcon.colcon_core.environment:checking '/home/liliana/ros2_ws/robot-repo-ros2/src/install/ceres_moveit_config/lib/pkgconfig/ceres_moveit_config.pc'
[2.138s] Level 1:colcon.colcon_core.environment:checking '/home/liliana/ros2_ws/robot-repo-ros2/src/install/ceres_moveit_config/lib/python3.10/site-packages'
[2.139s] Level 1:colcon.colcon_core.environment:checking '/home/liliana/ros2_ws/robot-repo-ros2/src/install/ceres_moveit_config/bin'
[2.140s] INFO:colcon.colcon_core.shell:Creating package script '/home/liliana/ros2_ws/robot-repo-ros2/src/install/ceres_moveit_config/share/ceres_moveit_config/package.ps1'
[2.142s] INFO:colcon.colcon_core.shell:Creating package descriptor '/home/liliana/ros2_ws/robot-repo-ros2/src/install/ceres_moveit_config/share/ceres_moveit_config/package.dsv'
[2.144s] INFO:colcon.colcon_core.shell:Creating package script '/home/liliana/ros2_ws/robot-repo-ros2/src/install/ceres_moveit_config/share/ceres_moveit_config/package.sh'
[2.146s] INFO:colcon.colcon_core.shell:Creating package script '/home/liliana/ros2_ws/robot-repo-ros2/src/install/ceres_moveit_config/share/ceres_moveit_config/package.bash'
[2.148s] INFO:colcon.colcon_core.shell:Creating package script '/home/liliana/ros2_ws/robot-repo-ros2/src/install/ceres_moveit_config/share/ceres_moveit_config/package.zsh'
[2.151s] Level 1:colcon.colcon_core.environment:create_file_with_runtime_dependencies(/home/liliana/ros2_ws/robot-repo-ros2/src/install/ceres_moveit_config/share/colcon-core/packages/ceres_moveit_config)
[2.153s] Level 1:colcon.colcon_core.environment:create_environment_scripts_only(ceres_moveit_config)
[2.153s] Level 1:colcon.colcon_core.environment:checking '/home/liliana/ros2_ws/robot-repo-ros2/src/install/ceres_moveit_config' for CMake module files
[2.155s] Level 1:colcon.colcon_core.environment:checking '/home/liliana/ros2_ws/robot-repo-ros2/src/install/ceres_moveit_config' for CMake config files
[2.155s] Level 1:colcon.colcon_core.shell:create_environment_hook('ceres_moveit_config', 'cmake_prefix_path')
[2.156s] INFO:colcon.colcon_core.shell:Creating environment hook '/home/liliana/ros2_ws/robot-repo-ros2/src/install/ceres_moveit_config/share/ceres_moveit_config/hook/cmake_prefix_path.ps1'
[2.157s] INFO:colcon.colcon_core.shell:Creating environment descriptor '/home/liliana/ros2_ws/robot-repo-ros2/src/install/ceres_moveit_config/share/ceres_moveit_config/hook/cmake_prefix_path.dsv'
[2.158s] INFO:colcon.colcon_core.shell:Creating environment hook '/home/liliana/ros2_ws/robot-repo-ros2/src/install/ceres_moveit_config/share/ceres_moveit_config/hook/cmake_prefix_path.sh'
[2.159s] Level 1:colcon.colcon_core.environment:checking '/home/liliana/ros2_ws/robot-repo-ros2/src/install/ceres_moveit_config/bin'
[2.159s] Level 1:colcon.colcon_core.environment:checking '/home/liliana/ros2_ws/robot-repo-ros2/src/install/ceres_moveit_config/lib/pkgconfig/ceres_moveit_config.pc'
[2.160s] Level 1:colcon.colcon_core.environment:checking '/home/liliana/ros2_ws/robot-repo-ros2/src/install/ceres_moveit_config/lib/python3.10/site-packages'
[2.160s] Level 1:colcon.colcon_core.environment:checking '/home/liliana/ros2_ws/robot-repo-ros2/src/install/ceres_moveit_config/bin'
[2.161s] INFO:colcon.colcon_core.shell:Creating package script '/home/liliana/ros2_ws/robot-repo-ros2/src/install/ceres_moveit_config/share/ceres_moveit_config/package.ps1'
[2.163s] INFO:colcon.colcon_core.shell:Creating package descriptor '/home/liliana/ros2_ws/robot-repo-ros2/src/install/ceres_moveit_config/share/ceres_moveit_config/package.dsv'
[2.165s] INFO:colcon.colcon_core.shell:Creating package script '/home/liliana/ros2_ws/robot-repo-ros2/src/install/ceres_moveit_config/share/ceres_moveit_config/package.sh'
[2.166s] INFO:colcon.colcon_core.shell:Creating package script '/home/liliana/ros2_ws/robot-repo-ros2/src/install/ceres_moveit_config/share/ceres_moveit_config/package.bash'
[2.167s] INFO:colcon.colcon_core.shell:Creating package script '/home/liliana/ros2_ws/robot-repo-ros2/src/install/ceres_moveit_config/share/ceres_moveit_config/package.zsh'
[2.169s] Level 1:colcon.colcon_core.environment:create_file_with_runtime_dependencies(/home/liliana/ros2_ws/robot-repo-ros2/src/install/ceres_moveit_config/share/colcon-core/packages/ceres_moveit_config)
[2.170s] DEBUG:colcon.colcon_parallel_executor.executor.parallel:closing loop
[2.171s] DEBUG:colcon.colcon_parallel_executor.executor.parallel:loop closed
[2.172s] DEBUG:colcon.colcon_parallel_executor.executor.parallel:run_until_complete finished with '0'
[2.172s] DEBUG:colcon.colcon_core.event_reactor:joining thread
[2.187s] INFO:colcon.colcon_core.plugin_system:Skipping extension 'colcon_notification.desktop_notification.terminal_notifier': Not used on non-Darwin systems
[2.188s] INFO:colcon.colcon_core.plugin_system:Skipping extension 'colcon_notification.desktop_notification.win32': Not used on non-Windows systems
[2.188s] INFO:colcon.colcon_notification.desktop_notification:Sending desktop notification using 'notify2'
[2.216s] DEBUG:colcon.colcon_core.event_reactor:joined thread
[2.217s] INFO:colcon.colcon_core.shell:Creating prefix script '/home/liliana/ros2_ws/robot-repo-ros2/src/install/local_setup.ps1'
[2.221s] INFO:colcon.colcon_core.shell:Creating prefix util module '/home/liliana/ros2_ws/robot-repo-ros2/src/install/_local_setup_util_ps1.py'
[2.226s] INFO:colcon.colcon_core.shell:Creating prefix chain script '/home/liliana/ros2_ws/robot-repo-ros2/src/install/setup.ps1'
[2.238s] INFO:colcon.colcon_core.shell:Creating prefix script '/home/liliana/ros2_ws/robot-repo-ros2/src/install/local_setup.sh'
[2.240s] INFO:colcon.colcon_core.shell:Creating prefix util module '/home/liliana/ros2_ws/robot-repo-ros2/src/install/_local_setup_util_sh.py'
[2.242s] INFO:colcon.colcon_core.shell:Creating prefix chain script '/home/liliana/ros2_ws/robot-repo-ros2/src/install/setup.sh'
[2.253s] INFO:colcon.colcon_core.shell:Creating prefix script '/home/liliana/ros2_ws/robot-repo-ros2/src/install/local_setup.bash'
[2.255s] INFO:colcon.colcon_core.shell:Creating prefix chain script '/home/liliana/ros2_ws/robot-repo-ros2/src/install/setup.bash'
[2.267s] INFO:colcon.colcon_core.shell:Creating prefix script '/home/liliana/ros2_ws/robot-repo-ros2/src/install/local_setup.zsh'
[2.271s] INFO:colcon.colcon_core.shell:Creating prefix chain script '/home/liliana/ros2_ws/robot-repo-ros2/src/install/setup.zsh'
