[0.056s] Invoking command in '/home/liliana/ros2_ws/robot-repo-ros2/src/build/object_recognition': CMAKE_PREFIX_PATH=${CMAKE_PREFIX_PATH}:/home/liliana/ws_moveit/install/moveit_configs_utils:/home/liliana/ros2_ws/install/my_py_pkg:/home/liliana/ros2_ws/install/joy_mux_controller:/home/liliana/install/my_py_pkg:/opt/ros/humble /usr/bin/cmake --build /home/liliana/ros2_ws/robot-repo-ros2/src/build/object_recognition -- -j6 -l6
[0.147s] -- Found ament_cmake: 1.3.12 (/opt/ros/humble/share/ament_cmake/cmake)
[0.505s] -- Found rclpy: 3.3.17 (/opt/ros/humble/share/rclpy/cmake)
[0.505s] -- Found visualization_msgs: 4.9.0 (/opt/ros/humble/share/visualization_msgs/cmake)
[0.576s] -- Found rosidl_generator_c: 3.1.7 (/opt/ros/humble/share/rosidl_generator_c/cmake)
[0.583s] -- Found rosidl_adapter: 3.1.7 (/opt/ros/humble/share/rosidl_adapter/cmake)
[0.598s] -- Found rosidl_generator_cpp: 3.1.7 (/opt/ros/humble/share/rosidl_generator_cpp/cmake)
[0.630s] -- Using all available rosidl_typesupport_c: rosidl_typesupport_fastrtps_c;rosidl_typesupport_introspection_c
[0.671s] -- Using all available rosidl_typesupport_cpp: rosidl_typesupport_fastrtps_cpp;rosidl_typesupport_introspection_cpp
[0.925s] -- Found rclcpp: 16.0.15 (/opt/ros/humble/share/rclcpp/cmake)
[1.003s] -- Found rmw_implementation_cmake: 6.1.2 (/opt/ros/humble/share/rmw_implementation_cmake/cmake)
[1.012s] -- Found rmw_cyclonedds_cpp: 1.3.4 (/opt/ros/humble/share/rmw_cyclonedds_cpp/cmake)
[1.072s] -- Using RMW implementation 'rmw_cyclonedds_cpp' as default
[1.194s] -- Found moveit_msgs: 2.2.1 (/home/liliana/ws_moveit/install/moveit_msgs/share/moveit_msgs/cmake)
[1.611s] -- Found moveit_core: 2.5.9 (/home/liliana/ws_moveit/install/moveit_core/share/moveit_core/cmake)
[1.654s] -- Found Boost: /usr/lib/x86_64-linux-gnu/cmake/Boost-1.74.0/BoostConfig.cmake (found version "1.74.0") found components: chrono date_time filesystem iostreams program_options regex serialization system thread 
[1.755s] -- Found parameter_traits: 0.5.0 (/opt/ros/humble/share/parameter_traits/cmake)
[1.776s] -- Found rclcpp_lifecycle: 16.0.15 (/opt/ros/humble/share/rclcpp_lifecycle/cmake)
[1.842s] -- Found Boost: /usr/lib/x86_64-linux-gnu/cmake/Boost-1.74.0/BoostConfig.cmake (found version "1.74.0") found components: filesystem 
[1.968s] -- library: /usr/lib/x86_64-linux-gnu/libcurl.so
[1.989s] -- Ensuring Eigen3 include directory is part of orocos-kdl CMake target
[2.332s] -- Found moveit_ros_planning_interface: 2.5.9 (/home/liliana/ws_moveit/install/moveit_ros_planning_interface/share/moveit_ros_planning_interface/cmake)
[2.347s] -- Found Boost: /usr/lib/x86_64-linux-gnu/cmake/Boost-1.74.0/BoostConfig.cmake (found version "1.74.0") found components: date_time filesystem program_options system thread 
[2.385s] -- Found Boost: /usr/lib/x86_64-linux-gnu/cmake/Boost-1.74.0/BoostConfig.cmake (found version "1.74.0") found components: system filesystem date_time program_options thread chrono 
[2.492s] -- Found Boost: /usr/lib/x86_64-linux-gnu/cmake/Boost-1.74.0/BoostConfig.cmake (found version "1.74.0") found components: thread system filesystem regex date_time program_options 
[2.583s] -- Found Boost: /usr/lib/x86_64-linux-gnu/cmake/Boost-1.74.0/BoostConfig.cmake (found version "1.74.0") found components: system filesystem date_time program_options thread 
[2.735s] -- Found ament_lint_auto: 0.12.14 (/opt/ros/humble/share/ament_lint_auto/cmake)
[3.088s] -- Configuring done
[3.251s] -- Generating done
[3.276s] -- Build files have been written to: /home/liliana/ros2_ws/robot-repo-ros2/src/build/object_recognition
[3.384s] [35m[1mConsolidate compiler generated dependencies of target move_group_node[0m
[3.474s] [ 50%] [32mBuilding CXX object CMakeFiles/move_group_node.dir/src/move_group.cpp.o[0m
[21.336s] [100%] [32m[1mLinking CXX executable move_group_node[0m
[22.957s] [100%] Built target move_group_node
[22.998s] Invoked command in '/home/liliana/ros2_ws/robot-repo-ros2/src/build/object_recognition' returned '0': CMAKE_PREFIX_PATH=${CMAKE_PREFIX_PATH}:/home/liliana/ws_moveit/install/moveit_configs_utils:/home/liliana/ros2_ws/install/my_py_pkg:/home/liliana/ros2_ws/install/joy_mux_controller:/home/liliana/install/my_py_pkg:/opt/ros/humble /usr/bin/cmake --build /home/liliana/ros2_ws/robot-repo-ros2/src/build/object_recognition -- -j6 -l6
[23.032s] Invoking command in '/home/liliana/ros2_ws/robot-repo-ros2/src/build/object_recognition': CMAKE_PREFIX_PATH=${CMAKE_PREFIX_PATH}:/home/liliana/ws_moveit/install/moveit_configs_utils:/home/liliana/ros2_ws/install/my_py_pkg:/home/liliana/ros2_ws/install/joy_mux_controller:/home/liliana/install/my_py_pkg:/opt/ros/humble /usr/bin/cmake --install /home/liliana/ros2_ws/robot-repo-ros2/src/build/object_recognition
[23.058s] -- Install configuration: ""
[23.061s] -- Installing: /home/liliana/ros2_ws/robot-repo-ros2/src/install/object_recognition/lib/object_recognition/move_group_node
[23.064s] -- Set runtime path of "/home/liliana/ros2_ws/robot-repo-ros2/src/install/object_recognition/lib/object_recognition/move_group_node" to ""
[23.065s] -- Up-to-date: /home/liliana/ros2_ws/robot-repo-ros2/src/install/object_recognition/lib/object_recognition/keymap_node.py
[23.065s] -- Installing: /home/liliana/ros2_ws/robot-repo-ros2/src/install/object_recognition/share/ament_index/resource_index/package_run_dependencies/object_recognition
[23.066s] -- Up-to-date: /home/liliana/ros2_ws/robot-repo-ros2/src/install/object_recognition/share/ament_index/resource_index/parent_prefix_path/object_recognition
[23.067s] -- Up-to-date: /home/liliana/ros2_ws/robot-repo-ros2/src/install/object_recognition/share/object_recognition/environment/ament_prefix_path.sh
[23.067s] -- Installing: /home/liliana/ros2_ws/robot-repo-ros2/src/install/object_recognition/share/object_recognition/environment/ament_prefix_path.dsv
[23.067s] -- Up-to-date: /home/liliana/ros2_ws/robot-repo-ros2/src/install/object_recognition/share/object_recognition/environment/path.sh
[23.068s] -- Installing: /home/liliana/ros2_ws/robot-repo-ros2/src/install/object_recognition/share/object_recognition/environment/path.dsv
[23.068s] -- Up-to-date: /home/liliana/ros2_ws/robot-repo-ros2/src/install/object_recognition/share/object_recognition/local_setup.bash
[23.069s] -- Up-to-date: /home/liliana/ros2_ws/robot-repo-ros2/src/install/object_recognition/share/object_recognition/local_setup.sh
[23.069s] -- Up-to-date: /home/liliana/ros2_ws/robot-repo-ros2/src/install/object_recognition/share/object_recognition/local_setup.zsh
[23.070s] -- Installing: /home/liliana/ros2_ws/robot-repo-ros2/src/install/object_recognition/share/object_recognition/local_setup.dsv
[23.070s] -- Installing: /home/liliana/ros2_ws/robot-repo-ros2/src/install/object_recognition/share/object_recognition/package.dsv
[23.072s] -- Up-to-date: /home/liliana/ros2_ws/robot-repo-ros2/src/install/object_recognition/share/ament_index/resource_index/packages/object_recognition
[23.072s] -- Up-to-date: /home/liliana/ros2_ws/robot-repo-ros2/src/install/object_recognition/share/object_recognition/cmake/object_recognitionConfig.cmake
[23.072s] -- Up-to-date: /home/liliana/ros2_ws/robot-repo-ros2/src/install/object_recognition/share/object_recognition/cmake/object_recognitionConfig-version.cmake
[23.073s] -- Installing: /home/liliana/ros2_ws/robot-repo-ros2/src/install/object_recognition/share/object_recognition/package.xml
[23.080s] Invoked command in '/home/liliana/ros2_ws/robot-repo-ros2/src/build/object_recognition' returned '0': CMAKE_PREFIX_PATH=${CMAKE_PREFIX_PATH}:/home/liliana/ws_moveit/install/moveit_configs_utils:/home/liliana/ros2_ws/install/my_py_pkg:/home/liliana/ros2_ws/install/joy_mux_controller:/home/liliana/install/my_py_pkg:/opt/ros/humble /usr/bin/cmake --install /home/liliana/ros2_ws/robot-repo-ros2/src/build/object_recognition
