[0.039s] Invoking command in '/home/liliana/ros2_ws/robot-repo-ros2/src/build/object_recognition': CMAKE_PREFIX_PATH=${CMAKE_PREFIX_PATH}:/home/liliana/ros2_ws/install/my_py_pkg:/home/liliana/install/my_py_pkg:/opt/ros/humble /usr/bin/cmake /home/liliana/ros2_ws/robot-repo-ros2/src/object_recognition -DCMAKE_INSTALL_PREFIX=/home/liliana/ros2_ws/robot-repo-ros2/src/install/object_recognition
[0.459s] -- The C compiler identification is GNU 11.4.0
[0.692s] -- The CXX compiler identification is GNU 11.4.0
[0.730s] -- Detecting C compiler ABI info
[0.971s] -- Detecting C compiler ABI info - done
[0.999s] -- Check for working C compiler: /usr/bin/cc - skipped
[1.001s] -- Detecting C compile features
[1.004s] -- Detecting C compile features - done
[1.016s] -- Detecting CXX compiler ABI info
[1.246s] -- Detecting CXX compiler ABI info - done
[1.274s] -- Check for working CXX compiler: /usr/bin/c++ - skipped
[1.274s] -- Detecting CXX compile features
[1.276s] -- Detecting CXX compile features - done
[1.306s] -- Found ament_cmake: 1.3.11 (/opt/ros/humble/share/ament_cmake/cmake)
[3.411s] -- Found Python3: /usr/bin/python3 (found version "3.10.12") found components: Interpreter 
[3.752s] -- Found ament_lint_auto: 0.12.11 (/opt/ros/humble/share/ament_lint_auto/cmake)
[4.012s] -- Added test 'flake8' to check Python code syntax and style conventions
[4.015s] -- Added test 'lint_cmake' to check CMake code style
[4.017s] -- Added test 'pep257' to check Python code against some of the docstring style conventions in PEP 257
[4.022s] -- Added test 'xmllint' to check XML markup files
[4.028s] -- Configuring done
[4.036s] -- Generating done
[4.043s] -- Build files have been written to: /home/liliana/ros2_ws/robot-repo-ros2/src/build/object_recognition
[4.060s] Invoked command in '/home/liliana/ros2_ws/robot-repo-ros2/src/build/object_recognition' returned '0': CMAKE_PREFIX_PATH=${CMAKE_PREFIX_PATH}:/home/liliana/ros2_ws/install/my_py_pkg:/home/liliana/install/my_py_pkg:/opt/ros/humble /usr/bin/cmake /home/liliana/ros2_ws/robot-repo-ros2/src/object_recognition -DCMAKE_INSTALL_PREFIX=/home/liliana/ros2_ws/robot-repo-ros2/src/install/object_recognition
[4.062s] Invoking command in '/home/liliana/ros2_ws/robot-repo-ros2/src/build/object_recognition': CMAKE_PREFIX_PATH=${CMAKE_PREFIX_PATH}:/home/liliana/ros2_ws/install/my_py_pkg:/home/liliana/install/my_py_pkg:/opt/ros/humble /usr/bin/cmake --build /home/liliana/ros2_ws/robot-repo-ros2/src/build/object_recognition -- -j6 -l6
[4.164s] Invoked command in '/home/liliana/ros2_ws/robot-repo-ros2/src/build/object_recognition' returned '0': CMAKE_PREFIX_PATH=${CMAKE_PREFIX_PATH}:/home/liliana/ros2_ws/install/my_py_pkg:/home/liliana/install/my_py_pkg:/opt/ros/humble /usr/bin/cmake --build /home/liliana/ros2_ws/robot-repo-ros2/src/build/object_recognition -- -j6 -l6
[4.192s] Invoking command in '/home/liliana/ros2_ws/robot-repo-ros2/src/build/object_recognition': CMAKE_PREFIX_PATH=${CMAKE_PREFIX_PATH}:/home/liliana/ros2_ws/install/my_py_pkg:/home/liliana/install/my_py_pkg:/opt/ros/humble /usr/bin/cmake --install /home/liliana/ros2_ws/robot-repo-ros2/src/build/object_recognition
[4.213s] -- Install configuration: ""
[4.213s] -- Installing: /home/liliana/ros2_ws/robot-repo-ros2/src/install/object_recognition/share/ament_index/resource_index/package_run_dependencies/object_recognition
[4.216s] -- Installing: /home/liliana/ros2_ws/robot-repo-ros2/src/install/object_recognition/share/ament_index/resource_index/parent_prefix_path/object_recognition
[4.219s] -- Installing: /home/liliana/ros2_ws/robot-repo-ros2/src/install/object_recognition/share/object_recognition/environment/ament_prefix_path.sh
[4.219s] -- Installing: /home/liliana/ros2_ws/robot-repo-ros2/src/install/object_recognition/share/object_recognition/environment/ament_prefix_path.dsv
[4.219s] -- Installing: /home/liliana/ros2_ws/robot-repo-ros2/src/install/object_recognition/share/object_recognition/environment/path.sh
[4.220s] -- Installing: /home/liliana/ros2_ws/robot-repo-ros2/src/install/object_recognition/share/object_recognition/environment/path.dsv
[4.220s] -- Installing: /home/liliana/ros2_ws/robot-repo-ros2/src/install/object_recognition/share/object_recognition/local_setup.bash
[4.221s] -- Installing: /home/liliana/ros2_ws/robot-repo-ros2/src/install/object_recognition/share/object_recognition/local_setup.sh
[4.222s] -- Installing: /home/liliana/ros2_ws/robot-repo-ros2/src/install/object_recognition/share/object_recognition/local_setup.zsh
[4.223s] -- Installing: /home/liliana/ros2_ws/robot-repo-ros2/src/install/object_recognition/share/object_recognition/local_setup.dsv
[4.224s] -- Installing: /home/liliana/ros2_ws/robot-repo-ros2/src/install/object_recognition/share/object_recognition/package.dsv
[4.225s] -- Installing: /home/liliana/ros2_ws/robot-repo-ros2/src/install/object_recognition/share/ament_index/resource_index/packages/object_recognition
[4.225s] -- Installing: /home/liliana/ros2_ws/robot-repo-ros2/src/install/object_recognition/share/object_recognition/cmake/object_recognitionConfig.cmake
[4.225s] -- Installing: /home/liliana/ros2_ws/robot-repo-ros2/src/install/object_recognition/share/object_recognition/cmake/object_recognitionConfig-version.cmake
[4.225s] -- Installing: /home/liliana/ros2_ws/robot-repo-ros2/src/install/object_recognition/share/object_recognition/package.xml
[4.232s] Invoked command in '/home/liliana/ros2_ws/robot-repo-ros2/src/build/object_recognition' returned '0': CMAKE_PREFIX_PATH=${CMAKE_PREFIX_PATH}:/home/liliana/ros2_ws/install/my_py_pkg:/home/liliana/install/my_py_pkg:/opt/ros/humble /usr/bin/cmake --install /home/liliana/ros2_ws/robot-repo-ros2/src/build/object_recognition
