running egg_info
creating ../../build/imu_node/imu_node.egg-info
writing ../../build/imu_node/imu_node.egg-info/PKG-INFO
writing dependency_links to ../../build/imu_node/imu_node.egg-info/dependency_links.txt
writing entry points to ../../build/imu_node/imu_node.egg-info/entry_points.txt
writing requirements to ../../build/imu_node/imu_node.egg-info/requires.txt
writing top-level names to ../../build/imu_node/imu_node.egg-info/top_level.txt
writing manifest file '../../build/imu_node/imu_node.egg-info/SOURCES.txt'
reading manifest file '../../build/imu_node/imu_node.egg-info/SOURCES.txt'
writing manifest file '../../build/imu_node/imu_node.egg-info/SOURCES.txt'
running build
running build_py
creating /home/scrb/code/imu/imu_ws/build/imu_node/build
creating /home/scrb/code/imu/imu_ws/build/imu_node/build/lib
creating /home/scrb/code/imu/imu_ws/build/imu_node/build/lib/imu_node
copying imu_node/__init__.py -> /home/scrb/code/imu/imu_ws/build/imu_node/build/lib/imu_node
copying imu_node/imu_node.py -> /home/scrb/code/imu/imu_ws/build/imu_node/build/lib/imu_node
running install
running install_lib
creating /home/scrb/code/imu/imu_ws/install/imu_node/lib/python3.10/site-packages/imu_node
copying /home/scrb/code/imu/imu_ws/build/imu_node/build/lib/imu_node/__init__.py -> /home/scrb/code/imu/imu_ws/install/imu_node/lib/python3.10/site-packages/imu_node
copying /home/scrb/code/imu/imu_ws/build/imu_node/build/lib/imu_node/imu_node.py -> /home/scrb/code/imu/imu_ws/install/imu_node/lib/python3.10/site-packages/imu_node
byte-compiling /home/scrb/code/imu/imu_ws/install/imu_node/lib/python3.10/site-packages/imu_node/__init__.py to __init__.cpython-310.pyc
byte-compiling /home/scrb/code/imu/imu_ws/install/imu_node/lib/python3.10/site-packages/imu_node/imu_node.py to imu_node.cpython-310.pyc
running install_data
creating /home/scrb/code/imu/imu_ws/install/imu_node/share/ament_index
creating /home/scrb/code/imu/imu_ws/install/imu_node/share/ament_index/resource_index
creating /home/scrb/code/imu/imu_ws/install/imu_node/share/ament_index/resource_index/packages
copying resource/imu_node -> /home/scrb/code/imu/imu_ws/install/imu_node/share/ament_index/resource_index/packages
copying package.xml -> /home/scrb/code/imu/imu_ws/install/imu_node/share/imu_node
running install_egg_info
Copying ../../build/imu_node/imu_node.egg-info to /home/scrb/code/imu/imu_ws/install/imu_node/lib/python3.10/site-packages/imu_node-0.0.0-py3.10.egg-info
running install_scripts
Installing imu_data script to /home/scrb/code/imu/imu_ws/install/imu_node/lib/imu_node
writing list of installed files to '/home/scrb/code/imu/imu_ws/build/imu_node/install.log'
