[0.322s] DEBUG:colcon:Command line arguments: ['/usr/bin/colcon', 'build', '--packages-select', 'object_recognition']
[0.322s] DEBUG:colcon:Parsed command line arguments: Namespace(log_base=None, log_level=None, verb_name='build', build_base='build', install_base='install', merge_install=False, symlink_install=False, test_result_base=None, continue_on_error=False, executor='parallel', parallel_workers=6, event_handlers=None, ignore_user_meta=False, metas=['./colcon.meta'], base_paths=['.'], packages_ignore=None, packages_ignore_regex=None, paths=None, packages_up_to=None, packages_up_to_regex=None, packages_above=None, packages_above_and_dependencies=None, packages_above_depth=None, packages_select_by_dep=None, packages_skip_by_dep=None, packages_skip_up_to=None, packages_select_build_failed=False, packages_skip_build_finished=False, packages_select_test_failures=False, packages_skip_test_passed=False, packages_select=['object_recognition'], packages_skip=None, packages_select_regex=None, packages_skip_regex=None, packages_start=None, packages_end=None, allow_overriding=[], cmake_args=None, cmake_target=None, cmake_target_skip_unavailable=False, cmake_clean_cache=False, cmake_clean_first=False, cmake_force_configure=False, ament_cmake_args=None, catkin_cmake_args=None, catkin_skip_building_tests=False, mixin_files=None, mixin=None, verb_parser=<colcon_mixin.mixin.mixin_argument.MixinArgumentDecorator object at 0x7e41b0f637f0>, verb_extension=<colcon_core.verb.build.BuildVerb object at 0x7e41b0f631c0>, main=<bound method BuildVerb.main of <colcon_core.verb.build.BuildVerb object at 0x7e41b0f631c0>>, mixin_verb=('build',))
[1.139s] Level 1:colcon.colcon_core.package_discovery:discover_packages(colcon_meta) check parameters
[1.140s] Level 1:colcon.colcon_core.package_discovery:discover_packages(recursive) check parameters
[1.140s] Level 1:colcon.colcon_core.package_discovery:discover_packages(ignore) check parameters
[1.140s] Level 1:colcon.colcon_core.package_discovery:discover_packages(path) check parameters
[1.140s] Level 1:colcon.colcon_core.package_discovery:discover_packages(colcon_meta) discover
[1.140s] Level 1:colcon.colcon_core.package_discovery:discover_packages(recursive) discover
[1.140s] INFO:colcon.colcon_core.package_discovery:Crawling recursively for packages in '/home/liliana/ros2_ws/robot-repo-ros2/src'
[1.141s] Level 1:colcon.colcon_core.package_identification:_identify(.) by extensions ['ignore', 'ignore_ament_install']
[1.141s] Level 1:colcon.colcon_core.package_identification:_identify(.) by extension 'ignore'
[1.141s] Level 1:colcon.colcon_core.package_identification:_identify(.) by extension 'ignore_ament_install'
[1.141s] Level 1:colcon.colcon_core.package_identification:_identify(.) by extensions ['colcon_pkg']
[1.141s] Level 1:colcon.colcon_core.package_identification:_identify(.) by extension 'colcon_pkg'
[1.141s] Level 1:colcon.colcon_core.package_identification:_identify(.) by extensions ['colcon_meta']
[1.141s] Level 1:colcon.colcon_core.package_identification:_identify(.) by extension 'colcon_meta'
[1.142s] Level 1:colcon.colcon_core.package_identification:_identify(.) by extensions ['ros']
[1.142s] Level 1:colcon.colcon_core.package_identification:_identify(.) by extension 'ros'
[1.180s] Level 1:colcon.colcon_core.package_identification:_identify(.) by extensions ['cmake', 'python']
[1.180s] Level 1:colcon.colcon_core.package_identification:_identify(.) by extension 'cmake'
[1.180s] Level 1:colcon.colcon_core.package_identification:_identify(.) by extension 'python'
[1.180s] Level 1:colcon.colcon_core.package_identification:_identify(.) by extensions ['python_setup_py']
[1.180s] Level 1:colcon.colcon_core.package_identification:_identify(.) by extension 'python_setup_py'
[1.180s] Level 1:colcon.colcon_core.package_identification:_identify(absenc_interface) by extensions ['ignore', 'ignore_ament_install']
[1.181s] Level 1:colcon.colcon_core.package_identification:_identify(absenc_interface) by extension 'ignore'
[1.181s] Level 1:colcon.colcon_core.package_identification:_identify(absenc_interface) by extension 'ignore_ament_install'
[1.181s] Level 1:colcon.colcon_core.package_identification:_identify(absenc_interface) by extensions ['colcon_pkg']
[1.181s] Level 1:colcon.colcon_core.package_identification:_identify(absenc_interface) by extension 'colcon_pkg'
[1.181s] Level 1:colcon.colcon_core.package_identification:_identify(absenc_interface) by extensions ['colcon_meta']
[1.181s] Level 1:colcon.colcon_core.package_identification:_identify(absenc_interface) by extension 'colcon_meta'
[1.181s] Level 1:colcon.colcon_core.package_identification:_identify(absenc_interface) by extensions ['ros']
[1.181s] Level 1:colcon.colcon_core.package_identification:_identify(absenc_interface) by extension 'ros'
[1.188s] DEBUG:colcon.colcon_core.package_identification:Package 'absenc_interface' with type 'ros.ament_cmake' and name 'absenc_interface'
[1.189s] Level 1:colcon.colcon_core.package_identification:_identify(arm_controller) by extensions ['ignore', 'ignore_ament_install']
[1.189s] Level 1:colcon.colcon_core.package_identification:_identify(arm_controller) by extension 'ignore'
[1.189s] Level 1:colcon.colcon_core.package_identification:_identify(arm_controller) by extension 'ignore_ament_install'
[1.190s] Level 1:colcon.colcon_core.package_identification:_identify(arm_controller) by extensions ['colcon_pkg']
[1.190s] Level 1:colcon.colcon_core.package_identification:_identify(arm_controller) by extension 'colcon_pkg'
[1.190s] Level 1:colcon.colcon_core.package_identification:_identify(arm_controller) by extensions ['colcon_meta']
[1.190s] Level 1:colcon.colcon_core.package_identification:_identify(arm_controller) by extension 'colcon_meta'
[1.190s] Level 1:colcon.colcon_core.package_identification:_identify(arm_controller) by extensions ['ros']
[1.190s] Level 1:colcon.colcon_core.package_identification:_identify(arm_controller) by extension 'ros'
[1.196s] DEBUG:colcon.colcon_core.package_identification:Package 'arm_controller' with type 'ros.ament_cmake' and name 'arm_controller'
[1.196s] Level 1:colcon.colcon_core.package_identification:_identify(arm_plugin) by extensions ['ignore', 'ignore_ament_install']
[1.196s] Level 1:colcon.colcon_core.package_identification:_identify(arm_plugin) by extension 'ignore'
[1.196s] Level 1:colcon.colcon_core.package_identification:_identify(arm_plugin) by extension 'ignore_ament_install'
[1.197s] Level 1:colcon.colcon_core.package_identification:_identify(arm_plugin) by extensions ['colcon_pkg']
[1.197s] Level 1:colcon.colcon_core.package_identification:_identify(arm_plugin) by extension 'colcon_pkg'
[1.197s] Level 1:colcon.colcon_core.package_identification:_identify(arm_plugin) by extensions ['colcon_meta']
[1.197s] Level 1:colcon.colcon_core.package_identification:_identify(arm_plugin) by extension 'colcon_meta'
[1.197s] Level 1:colcon.colcon_core.package_identification:_identify(arm_plugin) by extensions ['ros']
[1.197s] Level 1:colcon.colcon_core.package_identification:_identify(arm_plugin) by extension 'ros'
[1.199s] DEBUG:colcon.colcon_core.package_identification:Package 'arm_plugin' with type 'ros.ament_cmake' and name 'arm_plugin'
[1.200s] Level 1:colcon.colcon_core.package_identification:_identify(build) by extensions ['ignore', 'ignore_ament_install']
[1.200s] Level 1:colcon.colcon_core.package_identification:_identify(build) by extension 'ignore'
[1.200s] Level 1:colcon.colcon_core.package_identification:_identify(build) ignored
[1.200s] Level 1:colcon.colcon_core.package_identification:_identify(ceres_moveit_config) by extensions ['ignore', 'ignore_ament_install']
[1.201s] Level 1:colcon.colcon_core.package_identification:_identify(ceres_moveit_config) by extension 'ignore'
[1.201s] Level 1:colcon.colcon_core.package_identification:_identify(ceres_moveit_config) by extension 'ignore_ament_install'
[1.201s] Level 1:colcon.colcon_core.package_identification:_identify(ceres_moveit_config) by extensions ['colcon_pkg']
[1.201s] Level 1:colcon.colcon_core.package_identification:_identify(ceres_moveit_config) by extension 'colcon_pkg'
[1.201s] Level 1:colcon.colcon_core.package_identification:_identify(ceres_moveit_config) by extensions ['colcon_meta']
[1.201s] Level 1:colcon.colcon_core.package_identification:_identify(ceres_moveit_config) by extension 'colcon_meta'
[1.201s] Level 1:colcon.colcon_core.package_identification:_identify(ceres_moveit_config) by extensions ['ros']
[1.201s] Level 1:colcon.colcon_core.package_identification:_identify(ceres_moveit_config) by extension 'ros'
[1.204s] DEBUG:colcon.colcon_core.package_identification:Package 'ceres_moveit_config' with type 'ros.ament_cmake' and name 'ceres_moveit_config'
[1.205s] Level 1:colcon.colcon_core.package_identification:_identify(ceres_urdf) by extensions ['ignore', 'ignore_ament_install']
[1.205s] Level 1:colcon.colcon_core.package_identification:_identify(ceres_urdf) by extension 'ignore'
[1.205s] Level 1:colcon.colcon_core.package_identification:_identify(ceres_urdf) by extension 'ignore_ament_install'
[1.205s] Level 1:colcon.colcon_core.package_identification:_identify(ceres_urdf) by extensions ['colcon_pkg']
[1.205s] Level 1:colcon.colcon_core.package_identification:_identify(ceres_urdf) by extension 'colcon_pkg'
[1.205s] Level 1:colcon.colcon_core.package_identification:_identify(ceres_urdf) by extensions ['colcon_meta']
[1.206s] Level 1:colcon.colcon_core.package_identification:_identify(ceres_urdf) by extension 'colcon_meta'
[1.206s] Level 1:colcon.colcon_core.package_identification:_identify(ceres_urdf) by extensions ['ros']
[1.206s] Level 1:colcon.colcon_core.package_identification:_identify(ceres_urdf) by extension 'ros'
[1.207s] DEBUG:colcon.colcon_core.package_identification:Package 'ceres_urdf' with type 'ros.ament_cmake' and name 'ceres_urdf'
[1.208s] Level 1:colcon.colcon_core.package_identification:_identify(ik_mux_controller) by extensions ['ignore', 'ignore_ament_install']
[1.208s] Level 1:colcon.colcon_core.package_identification:_identify(ik_mux_controller) by extension 'ignore'
[1.208s] Level 1:colcon.colcon_core.package_identification:_identify(ik_mux_controller) by extension 'ignore_ament_install'
[1.208s] Level 1:colcon.colcon_core.package_identification:_identify(ik_mux_controller) by extensions ['colcon_pkg']
[1.208s] Level 1:colcon.colcon_core.package_identification:_identify(ik_mux_controller) by extension 'colcon_pkg'
[1.208s] Level 1:colcon.colcon_core.package_identification:_identify(ik_mux_controller) by extensions ['colcon_meta']
[1.208s] Level 1:colcon.colcon_core.package_identification:_identify(ik_mux_controller) by extension 'colcon_meta'
[1.208s] Level 1:colcon.colcon_core.package_identification:_identify(ik_mux_controller) by extensions ['ros']
[1.209s] Level 1:colcon.colcon_core.package_identification:_identify(ik_mux_controller) by extension 'ros'
[1.212s] DEBUG:colcon.colcon_core.package_identification:Package 'ik_mux_controller' with type 'ros.ament_cmake' and name 'ik_mux_controller'
[1.212s] Level 1:colcon.colcon_core.package_identification:_identify(install) by extensions ['ignore', 'ignore_ament_install']
[1.212s] Level 1:colcon.colcon_core.package_identification:_identify(install) by extension 'ignore'
[1.213s] Level 1:colcon.colcon_core.package_identification:_identify(install) ignored
[1.213s] Level 1:colcon.colcon_core.package_identification:_identify(joy_mux_controller) by extensions ['ignore', 'ignore_ament_install']
[1.213s] Level 1:colcon.colcon_core.package_identification:_identify(joy_mux_controller) by extension 'ignore'
[1.213s] Level 1:colcon.colcon_core.package_identification:_identify(joy_mux_controller) by extension 'ignore_ament_install'
[1.213s] Level 1:colcon.colcon_core.package_identification:_identify(joy_mux_controller) by extensions ['colcon_pkg']
[1.213s] Level 1:colcon.colcon_core.package_identification:_identify(joy_mux_controller) by extension 'colcon_pkg'
[1.213s] Level 1:colcon.colcon_core.package_identification:_identify(joy_mux_controller) by extensions ['colcon_meta']
[1.213s] Level 1:colcon.colcon_core.package_identification:_identify(joy_mux_controller) by extension 'colcon_meta'
[1.213s] Level 1:colcon.colcon_core.package_identification:_identify(joy_mux_controller) by extensions ['ros']
[1.214s] Level 1:colcon.colcon_core.package_identification:_identify(joy_mux_controller) by extension 'ros'
[1.216s] DEBUG:colcon.colcon_core.package_identification:Package 'joy_mux_controller' with type 'ros.ament_python' and name 'joy_mux_controller'
[1.217s] Level 1:colcon.colcon_core.package_identification:_identify(log) by extensions ['ignore', 'ignore_ament_install']
[1.217s] Level 1:colcon.colcon_core.package_identification:_identify(log) by extension 'ignore'
[1.217s] Level 1:colcon.colcon_core.package_identification:_identify(log) ignored
[1.217s] Level 1:colcon.colcon_core.package_identification:_identify(object_recognition) by extensions ['ignore', 'ignore_ament_install']
[1.218s] Level 1:colcon.colcon_core.package_identification:_identify(object_recognition) by extension 'ignore'
[1.218s] Level 1:colcon.colcon_core.package_identification:_identify(object_recognition) by extension 'ignore_ament_install'
[1.218s] Level 1:colcon.colcon_core.package_identification:_identify(object_recognition) by extensions ['colcon_pkg']
[1.218s] Level 1:colcon.colcon_core.package_identification:_identify(object_recognition) by extension 'colcon_pkg'
[1.218s] Level 1:colcon.colcon_core.package_identification:_identify(object_recognition) by extensions ['colcon_meta']
[1.218s] Level 1:colcon.colcon_core.package_identification:_identify(object_recognition) by extension 'colcon_meta'
[1.218s] Level 1:colcon.colcon_core.package_identification:_identify(object_recognition) by extensions ['ros']
[1.219s] Level 1:colcon.colcon_core.package_identification:_identify(object_recognition) by extension 'ros'
[1.220s] DEBUG:colcon.colcon_core.package_identification:Package 'object_recognition' with type 'ros.ament_python' and name 'object_recognition'
[1.221s] Level 1:colcon.colcon_core.package_identification:_identify(ros_aruco_opencv) by extensions ['ignore', 'ignore_ament_install']
[1.221s] Level 1:colcon.colcon_core.package_identification:_identify(ros_aruco_opencv) by extension 'ignore'
[1.221s] Level 1:colcon.colcon_core.package_identification:_identify(ros_aruco_opencv) by extension 'ignore_ament_install'
[1.221s] Level 1:colcon.colcon_core.package_identification:_identify(ros_aruco_opencv) by extensions ['colcon_pkg']
[1.221s] Level 1:colcon.colcon_core.package_identification:_identify(ros_aruco_opencv) by extension 'colcon_pkg'
[1.221s] Level 1:colcon.colcon_core.package_identification:_identify(ros_aruco_opencv) by extensions ['colcon_meta']
[1.221s] Level 1:colcon.colcon_core.package_identification:_identify(ros_aruco_opencv) by extension 'colcon_meta'
[1.222s] Level 1:colcon.colcon_core.package_identification:_identify(ros_aruco_opencv) by extensions ['ros']
[1.222s] Level 1:colcon.colcon_core.package_identification:_identify(ros_aruco_opencv) by extension 'ros'
[1.222s] Level 1:colcon.colcon_core.package_identification:_identify(ros_aruco_opencv) by extensions ['cmake', 'python']
[1.222s] Level 1:colcon.colcon_core.package_identification:_identify(ros_aruco_opencv) by extension 'cmake'
[1.222s] Level 1:colcon.colcon_core.package_identification:_identify(ros_aruco_opencv) by extension 'python'
[1.222s] Level 1:colcon.colcon_core.package_identification:_identify(ros_aruco_opencv) by extensions ['python_setup_py']
[1.222s] Level 1:colcon.colcon_core.package_identification:_identify(ros_aruco_opencv) by extension 'python_setup_py'
[1.222s] Level 1:colcon.colcon_core.package_identification:_identify(sil) by extensions ['ignore', 'ignore_ament_install']
[1.223s] Level 1:colcon.colcon_core.package_identification:_identify(sil) by extension 'ignore'
[1.223s] Level 1:colcon.colcon_core.package_identification:_identify(sil) by extension 'ignore_ament_install'
[1.223s] Level 1:colcon.colcon_core.package_identification:_identify(sil) by extensions ['colcon_pkg']
[1.223s] Level 1:colcon.colcon_core.package_identification:_identify(sil) by extension 'colcon_pkg'
[1.223s] Level 1:colcon.colcon_core.package_identification:_identify(sil) by extensions ['colcon_meta']
[1.223s] Level 1:colcon.colcon_core.package_identification:_identify(sil) by extension 'colcon_meta'
[1.223s] Level 1:colcon.colcon_core.package_identification:_identify(sil) by extensions ['ros']
[1.223s] Level 1:colcon.colcon_core.package_identification:_identify(sil) by extension 'ros'
[1.226s] DEBUG:colcon.colcon_core.package_identification:Package 'sil' with type 'ros.ament_cmake' and name 'sil'
[1.226s] Level 1:colcon.colcon_core.package_identification:_identify(ublox) by extensions ['ignore', 'ignore_ament_install']
[1.226s] Level 1:colcon.colcon_core.package_identification:_identify(ublox) by extension 'ignore'
[1.226s] Level 1:colcon.colcon_core.package_identification:_identify(ublox) by extension 'ignore_ament_install'
[1.226s] Level 1:colcon.colcon_core.package_identification:_identify(ublox) by extensions ['colcon_pkg']
[1.227s] Level 1:colcon.colcon_core.package_identification:_identify(ublox) by extension 'colcon_pkg'
[1.227s] Level 1:colcon.colcon_core.package_identification:_identify(ublox) by extensions ['colcon_meta']
[1.227s] Level 1:colcon.colcon_core.package_identification:_identify(ublox) by extension 'colcon_meta'
[1.227s] Level 1:colcon.colcon_core.package_identification:_identify(ublox) by extensions ['ros']
[1.227s] Level 1:colcon.colcon_core.package_identification:_identify(ublox) by extension 'ros'
[1.227s] Level 1:colcon.colcon_core.package_identification:_identify(ublox) by extensions ['cmake', 'python']
[1.227s] Level 1:colcon.colcon_core.package_identification:_identify(ublox) by extension 'cmake'
[1.228s] Level 1:colcon.colcon_core.package_identification:_identify(ublox) by extension 'python'
[1.228s] Level 1:colcon.colcon_core.package_identification:_identify(ublox) by extensions ['python_setup_py']
[1.228s] Level 1:colcon.colcon_core.package_identification:_identify(ublox) by extension 'python_setup_py'
[1.229s] Level 1:colcon.colcon_core.package_identification:_identify(usb_cam) by extensions ['ignore', 'ignore_ament_install']
[1.229s] Level 1:colcon.colcon_core.package_identification:_identify(usb_cam) by extension 'ignore'
[1.229s] Level 1:colcon.colcon_core.package_identification:_identify(usb_cam) by extension 'ignore_ament_install'
[1.229s] Level 1:colcon.colcon_core.package_identification:_identify(usb_cam) by extensions ['colcon_pkg']
[1.229s] Level 1:colcon.colcon_core.package_identification:_identify(usb_cam) by extension 'colcon_pkg'
[1.229s] Level 1:colcon.colcon_core.package_identification:_identify(usb_cam) by extensions ['colcon_meta']
[1.230s] Level 1:colcon.colcon_core.package_identification:_identify(usb_cam) by extension 'colcon_meta'
[1.230s] Level 1:colcon.colcon_core.package_identification:_identify(usb_cam) by extensions ['ros']
[1.230s] Level 1:colcon.colcon_core.package_identification:_identify(usb_cam) by extension 'ros'
[1.250s] DEBUG:colcon.colcon_core.package_identification:Package 'usb_cam' with type 'ros.ament_cmake' and name 'usb_cam'
[1.250s] Level 1:colcon.colcon_core.package_identification:_identify(wheels_controller) by extensions ['ignore', 'ignore_ament_install']
[1.250s] Level 1:colcon.colcon_core.package_identification:_identify(wheels_controller) by extension 'ignore'
[1.250s] Level 1:colcon.colcon_core.package_identification:_identify(wheels_controller) by extension 'ignore_ament_install'
[1.251s] Level 1:colcon.colcon_core.package_identification:_identify(wheels_controller) by extensions ['colcon_pkg']
[1.251s] Level 1:colcon.colcon_core.package_identification:_identify(wheels_controller) by extension 'colcon_pkg'
[1.251s] Level 1:colcon.colcon_core.package_identification:_identify(wheels_controller) by extensions ['colcon_meta']
[1.251s] Level 1:colcon.colcon_core.package_identification:_identify(wheels_controller) by extension 'colcon_meta'
[1.251s] Level 1:colcon.colcon_core.package_identification:_identify(wheels_controller) by extensions ['ros']
[1.251s] Level 1:colcon.colcon_core.package_identification:_identify(wheels_controller) by extension 'ros'
[1.253s] DEBUG:colcon.colcon_core.package_identification:Package 'wheels_controller' with type 'ros.ament_cmake' and name 'wheels_controller'
[1.253s] Level 1:colcon.colcon_core.package_identification:_identify(zed-ros2-wrapper) by extensions ['ignore', 'ignore_ament_install']
[1.253s] Level 1:colcon.colcon_core.package_identification:_identify(zed-ros2-wrapper) by extension 'ignore'
[1.254s] Level 1:colcon.colcon_core.package_identification:_identify(zed-ros2-wrapper) by extension 'ignore_ament_install'
[1.254s] Level 1:colcon.colcon_core.package_identification:_identify(zed-ros2-wrapper) by extensions ['colcon_pkg']
[1.254s] Level 1:colcon.colcon_core.package_identification:_identify(zed-ros2-wrapper) by extension 'colcon_pkg'
[1.254s] Level 1:colcon.colcon_core.package_identification:_identify(zed-ros2-wrapper) by extensions ['colcon_meta']
[1.254s] Level 1:colcon.colcon_core.package_identification:_identify(zed-ros2-wrapper) by extension 'colcon_meta'
[1.254s] Level 1:colcon.colcon_core.package_identification:_identify(zed-ros2-wrapper) by extensions ['ros']
[1.254s] Level 1:colcon.colcon_core.package_identification:_identify(zed-ros2-wrapper) by extension 'ros'
[1.254s] Level 1:colcon.colcon_core.package_identification:_identify(zed-ros2-wrapper) by extensions ['cmake', 'python']
[1.254s] Level 1:colcon.colcon_core.package_identification:_identify(zed-ros2-wrapper) by extension 'cmake'
[1.255s] Level 1:colcon.colcon_core.package_identification:_identify(zed-ros2-wrapper) by extension 'python'
[1.255s] Level 1:colcon.colcon_core.package_identification:_identify(zed-ros2-wrapper) by extensions ['python_setup_py']
[1.255s] Level 1:colcon.colcon_core.package_identification:_identify(zed-ros2-wrapper) by extension 'python_setup_py'
[1.255s] Level 1:colcon.colcon_core.package_discovery:discover_packages(recursive) using defaults
[1.255s] Level 1:colcon.colcon_core.package_discovery:discover_packages(ignore) discover
[1.255s] Level 1:colcon.colcon_core.package_discovery:discover_packages(ignore) using defaults
[1.255s] Level 1:colcon.colcon_core.package_discovery:discover_packages(path) discover
[1.255s] Level 1:colcon.colcon_core.package_discovery:discover_packages(path) using defaults
[1.312s] INFO:colcon.colcon_core.package_selection:Skipping not selected package 'absenc_interface' in 'absenc_interface'
[1.313s] INFO:colcon.colcon_core.package_selection:Skipping not selected package 'arm_controller' in 'arm_controller'
[1.313s] INFO:colcon.colcon_core.package_selection:Skipping not selected package 'arm_plugin' in 'arm_plugin'
[1.313s] INFO:colcon.colcon_core.package_selection:Skipping not selected package 'ceres_urdf' in 'ceres_urdf'
[1.313s] INFO:colcon.colcon_core.package_selection:Skipping not selected package 'ik_mux_controller' in 'ik_mux_controller'
[1.313s] INFO:colcon.colcon_core.package_selection:Skipping not selected package 'joy_mux_controller' in 'joy_mux_controller'
[1.313s] INFO:colcon.colcon_core.package_selection:Skipping not selected package 'sil' in 'sil'
[1.313s] INFO:colcon.colcon_core.package_selection:Skipping not selected package 'usb_cam' in 'usb_cam'
[1.313s] INFO:colcon.colcon_core.package_selection:Skipping not selected package 'wheels_controller' in 'wheels_controller'
[1.313s] INFO:colcon.colcon_core.package_selection:Skipping not selected package 'ceres_moveit_config' in 'ceres_moveit_config'
[1.314s] Level 1:colcon.colcon_core.package_discovery:discover_packages(prefix_path) check parameters
[1.314s] Level 1:colcon.colcon_core.package_discovery:discover_packages(prefix_path) discover
[1.319s] DEBUG:colcon.colcon_installed_package_information.package_discovery:Found 2 installed packages in /home/liliana/ros2_ws/robot-repo-ros2/src/install
[1.321s] DEBUG:colcon.colcon_installed_package_information.package_discovery:Found 4 installed packages in /home/liliana/ros2_ws/install
[1.322s] DEBUG:colcon.colcon_installed_package_information.package_discovery:Found 2 installed packages in /home/liliana/install
[1.328s] DEBUG:colcon.colcon_installed_package_information.package_discovery:Found 357 installed packages in /opt/ros/humble
[1.334s] Level 1:colcon.colcon_core.package_discovery:discover_packages(prefix_path) using defaults
[1.494s] Level 5:colcon.colcon_core.verb:set package 'object_recognition' build argument 'cmake_args' from command line to 'None'
[1.494s] Level 5:colcon.colcon_core.verb:set package 'object_recognition' build argument 'cmake_target' from command line to 'None'
[1.494s] Level 5:colcon.colcon_core.verb:set package 'object_recognition' build argument 'cmake_target_skip_unavailable' from command line to 'False'
[1.495s] Level 5:colcon.colcon_core.verb:set package 'object_recognition' build argument 'cmake_clean_cache' from command line to 'False'
[1.495s] Level 5:colcon.colcon_core.verb:set package 'object_recognition' build argument 'cmake_clean_first' from command line to 'False'
[1.495s] Level 5:colcon.colcon_core.verb:set package 'object_recognition' build argument 'cmake_force_configure' from command line to 'False'
[1.495s] Level 5:colcon.colcon_core.verb:set package 'object_recognition' build argument 'ament_cmake_args' from command line to 'None'
[1.495s] Level 5:colcon.colcon_core.verb:set package 'object_recognition' build argument 'catkin_cmake_args' from command line to 'None'
[1.495s] Level 5:colcon.colcon_core.verb:set package 'object_recognition' build argument 'catkin_skip_building_tests' from command line to 'False'
[1.495s] DEBUG:colcon.colcon_core.verb:Building package 'object_recognition' with the following arguments: {'ament_cmake_args': None, 'build_base': '/home/liliana/ros2_ws/robot-repo-ros2/src/build/object_recognition', 'catkin_cmake_args': None, 'catkin_skip_building_tests': False, 'cmake_args': None, 'cmake_clean_cache': False, 'cmake_clean_first': False, 'cmake_force_configure': False, 'cmake_target': None, 'cmake_target_skip_unavailable': False, 'install_base': '/home/liliana/ros2_ws/robot-repo-ros2/src/install/object_recognition', 'merge_install': False, 'path': '/home/liliana/ros2_ws/robot-repo-ros2/src/object_recognition', 'symlink_install': False, 'test_result_base': None}
[1.495s] INFO:colcon.colcon_core.executor:Executing jobs using 'parallel' executor
[1.498s] DEBUG:colcon.colcon_parallel_executor.executor.parallel:run_until_complete
[1.499s] INFO:colcon.colcon_ros.task.ament_python.build:Building ROS package in '/home/liliana/ros2_ws/robot-repo-ros2/src/object_recognition' with build type 'ament_python'
[1.499s] Level 1:colcon.colcon_core.shell:create_environment_hook('object_recognition', 'ament_prefix_path')
[1.505s] INFO:colcon.colcon_core.plugin_system:Skipping extension 'colcon_core.shell.bat': Not used on non-Windows systems
[1.506s] INFO:colcon.colcon_core.shell:Creating environment hook '/home/liliana/ros2_ws/robot-repo-ros2/src/install/object_recognition/share/object_recognition/hook/ament_prefix_path.ps1'
[1.508s] INFO:colcon.colcon_core.shell:Creating environment descriptor '/home/liliana/ros2_ws/robot-repo-ros2/src/install/object_recognition/share/object_recognition/hook/ament_prefix_path.dsv'
[1.509s] INFO:colcon.colcon_core.shell:Creating environment hook '/home/liliana/ros2_ws/robot-repo-ros2/src/install/object_recognition/share/object_recognition/hook/ament_prefix_path.sh'
[1.512s] INFO:colcon.colcon_core.shell:Skip shell extension 'powershell' for command environment: Not usable outside of PowerShell
[1.512s] DEBUG:colcon.colcon_core.shell:Skip shell extension 'dsv' for command environment
[2.693s] INFO:colcon.colcon_core.task.python.build:Building Python package in '/home/liliana/ros2_ws/robot-repo-ros2/src/object_recognition'
[2.694s] INFO:colcon.colcon_core.shell:Skip shell extension 'powershell' for command environment: Not usable outside of PowerShell
[2.694s] DEBUG:colcon.colcon_core.shell:Skip shell extension 'dsv' for command environment
[4.590s] DEBUG:colcon.colcon_core.event_handler.log_command:Invoking command in '/home/liliana/ros2_ws/robot-repo-ros2/src/object_recognition': PYTHONPATH=/home/liliana/ros2_ws/robot-repo-ros2/src/build/object_recognition/prefix_override:/usr/lib/python3/dist-packages/colcon_core/task/python/colcon_distutils_commands:/home/liliana/ros2_ws/robot-repo-ros2/src/install/object_recognition/lib/python3.10/site-packages:${PYTHONPATH} /usr/bin/python3 -W ignore:setup.py install is deprecated -W ignore:easy_install command is deprecated setup.py egg_info --egg-base ../build/object_recognition build --build-base /home/liliana/ros2_ws/robot-repo-ros2/src/build/object_recognition/build install --record /home/liliana/ros2_ws/robot-repo-ros2/src/build/object_recognition/install.log --single-version-externally-managed install_data
[6.414s] DEBUG:colcon.colcon_core.event_handler.log_command:Invoked command in '/home/liliana/ros2_ws/robot-repo-ros2/src/object_recognition' returned '0': PYTHONPATH=/home/liliana/ros2_ws/robot-repo-ros2/src/build/object_recognition/prefix_override:/usr/lib/python3/dist-packages/colcon_core/task/python/colcon_distutils_commands:/home/liliana/ros2_ws/robot-repo-ros2/src/install/object_recognition/lib/python3.10/site-packages:${PYTHONPATH} /usr/bin/python3 -W ignore:setup.py install is deprecated -W ignore:easy_install command is deprecated setup.py egg_info --egg-base ../build/object_recognition build --build-base /home/liliana/ros2_ws/robot-repo-ros2/src/build/object_recognition/build install --record /home/liliana/ros2_ws/robot-repo-ros2/src/build/object_recognition/install.log --single-version-externally-managed install_data
[6.420s] Level 1:colcon.colcon_core.environment:checking '/home/liliana/ros2_ws/robot-repo-ros2/src/install/object_recognition' for CMake module files
[6.422s] Level 1:colcon.colcon_core.environment:checking '/home/liliana/ros2_ws/robot-repo-ros2/src/install/object_recognition' for CMake config files
[6.423s] Level 1:colcon.colcon_core.shell:create_environment_hook('object_recognition', 'cmake_prefix_path')
[6.423s] INFO:colcon.colcon_core.shell:Creating environment hook '/home/liliana/ros2_ws/robot-repo-ros2/src/install/object_recognition/share/object_recognition/hook/cmake_prefix_path.ps1'
[6.425s] INFO:colcon.colcon_core.shell:Creating environment descriptor '/home/liliana/ros2_ws/robot-repo-ros2/src/install/object_recognition/share/object_recognition/hook/cmake_prefix_path.dsv'
[6.426s] INFO:colcon.colcon_core.shell:Creating environment hook '/home/liliana/ros2_ws/robot-repo-ros2/src/install/object_recognition/share/object_recognition/hook/cmake_prefix_path.sh'
[6.428s] Level 1:colcon.colcon_core.environment:checking '/home/liliana/ros2_ws/robot-repo-ros2/src/install/object_recognition/lib'
[6.428s] Level 1:colcon.colcon_core.environment:checking '/home/liliana/ros2_ws/robot-repo-ros2/src/install/object_recognition/bin'
[6.429s] Level 1:colcon.colcon_core.environment:checking '/home/liliana/ros2_ws/robot-repo-ros2/src/install/object_recognition/lib/pkgconfig/object_recognition.pc'
[6.429s] Level 1:colcon.colcon_core.environment:checking '/home/liliana/ros2_ws/robot-repo-ros2/src/install/object_recognition/lib/python3.10/site-packages'
[6.430s] Level 1:colcon.colcon_core.shell:create_environment_hook('object_recognition', 'pythonpath')
[6.430s] INFO:colcon.colcon_core.shell:Creating environment hook '/home/liliana/ros2_ws/robot-repo-ros2/src/install/object_recognition/share/object_recognition/hook/pythonpath.ps1'
[6.432s] INFO:colcon.colcon_core.shell:Creating environment descriptor '/home/liliana/ros2_ws/robot-repo-ros2/src/install/object_recognition/share/object_recognition/hook/pythonpath.dsv'
[6.433s] INFO:colcon.colcon_core.shell:Creating environment hook '/home/liliana/ros2_ws/robot-repo-ros2/src/install/object_recognition/share/object_recognition/hook/pythonpath.sh'
[6.435s] Level 1:colcon.colcon_core.environment:checking '/home/liliana/ros2_ws/robot-repo-ros2/src/install/object_recognition/bin'
[6.435s] Level 1:colcon.colcon_core.environment:create_environment_scripts_only(object_recognition)
[6.436s] INFO:colcon.colcon_core.shell:Creating package script '/home/liliana/ros2_ws/robot-repo-ros2/src/install/object_recognition/share/object_recognition/package.ps1'
[6.439s] INFO:colcon.colcon_core.shell:Creating package descriptor '/home/liliana/ros2_ws/robot-repo-ros2/src/install/object_recognition/share/object_recognition/package.dsv'
[6.441s] INFO:colcon.colcon_core.shell:Creating package script '/home/liliana/ros2_ws/robot-repo-ros2/src/install/object_recognition/share/object_recognition/package.sh'
[6.444s] INFO:colcon.colcon_core.shell:Creating package script '/home/liliana/ros2_ws/robot-repo-ros2/src/install/object_recognition/share/object_recognition/package.bash'
[6.448s] INFO:colcon.colcon_core.shell:Creating package script '/home/liliana/ros2_ws/robot-repo-ros2/src/install/object_recognition/share/object_recognition/package.zsh'
[6.452s] Level 1:colcon.colcon_core.environment:create_file_with_runtime_dependencies(/home/liliana/ros2_ws/robot-repo-ros2/src/install/object_recognition/share/colcon-core/packages/object_recognition)
[6.453s] DEBUG:colcon.colcon_parallel_executor.executor.parallel:closing loop
[6.454s] DEBUG:colcon.colcon_parallel_executor.executor.parallel:loop closed
[6.455s] DEBUG:colcon.colcon_parallel_executor.executor.parallel:run_until_complete finished with '0'
[6.455s] DEBUG:colcon.colcon_core.event_reactor:joining thread
[6.468s] INFO:colcon.colcon_core.plugin_system:Skipping extension 'colcon_notification.desktop_notification.terminal_notifier': Not used on non-Darwin systems
[6.468s] INFO:colcon.colcon_core.plugin_system:Skipping extension 'colcon_notification.desktop_notification.win32': Not used on non-Windows systems
[6.468s] INFO:colcon.colcon_notification.desktop_notification:Sending desktop notification using 'notify2'
[6.499s] DEBUG:colcon.colcon_core.event_reactor:joined thread
[6.500s] INFO:colcon.colcon_core.shell:Creating prefix script '/home/liliana/ros2_ws/robot-repo-ros2/src/install/local_setup.ps1'
[6.503s] INFO:colcon.colcon_core.shell:Creating prefix util module '/home/liliana/ros2_ws/robot-repo-ros2/src/install/_local_setup_util_ps1.py'
[6.508s] INFO:colcon.colcon_core.shell:Creating prefix chain script '/home/liliana/ros2_ws/robot-repo-ros2/src/install/setup.ps1'
[6.513s] INFO:colcon.colcon_core.shell:Creating prefix script '/home/liliana/ros2_ws/robot-repo-ros2/src/install/local_setup.sh'
[6.515s] INFO:colcon.colcon_core.shell:Creating prefix util module '/home/liliana/ros2_ws/robot-repo-ros2/src/install/_local_setup_util_sh.py'
[6.517s] INFO:colcon.colcon_core.shell:Creating prefix chain script '/home/liliana/ros2_ws/robot-repo-ros2/src/install/setup.sh'
[6.525s] INFO:colcon.colcon_core.shell:Creating prefix script '/home/liliana/ros2_ws/robot-repo-ros2/src/install/local_setup.bash'
[6.529s] INFO:colcon.colcon_core.shell:Creating prefix chain script '/home/liliana/ros2_ws/robot-repo-ros2/src/install/setup.bash'
[6.534s] INFO:colcon.colcon_core.shell:Creating prefix script '/home/liliana/ros2_ws/robot-repo-ros2/src/install/local_setup.zsh'
[6.535s] INFO:colcon.colcon_core.shell:Creating prefix chain script '/home/liliana/ros2_ws/robot-repo-ros2/src/install/setup.zsh'
