running egg_info
creating ../build/object_recognition/object_recognition.egg-info
writing ../build/object_recognition/object_recognition.egg-info/PKG-INFO
writing dependency_links to ../build/object_recognition/object_recognition.egg-info/dependency_links.txt
writing entry points to ../build/object_recognition/object_recognition.egg-info/entry_points.txt
writing requirements to ../build/object_recognition/object_recognition.egg-info/requires.txt
writing top-level names to ../build/object_recognition/object_recognition.egg-info/top_level.txt
writing manifest file '../build/object_recognition/object_recognition.egg-info/SOURCES.txt'
reading manifest file '../build/object_recognition/object_recognition.egg-info/SOURCES.txt'
writing manifest file '../build/object_recognition/object_recognition.egg-info/SOURCES.txt'
running build
running build_py
creating /home/liliana/ros2_ws/robot-repo-ros2/src/build/object_recognition/build
creating /home/liliana/ros2_ws/robot-repo-ros2/src/build/object_recognition/build/lib
creating /home/liliana/ros2_ws/robot-repo-ros2/src/build/object_recognition/build/lib/object_recognition
copying object_recognition/__init__.py -> /home/liliana/ros2_ws/robot-repo-ros2/src/build/object_recognition/build/lib/object_recognition
copying object_recognition/compute_keymap.py -> /home/liliana/ros2_ws/robot-repo-ros2/src/build/object_recognition/build/lib/object_recognition
copying object_recognition/keymap_node.py -> /home/liliana/ros2_ws/robot-repo-ros2/src/build/object_recognition/build/lib/object_recognition
running install
running install_lib
creating /home/liliana/ros2_ws/robot-repo-ros2/src/install/object_recognition/lib/python3.10/site-packages/object_recognition
copying /home/liliana/ros2_ws/robot-repo-ros2/src/build/object_recognition/build/lib/object_recognition/__init__.py -> /home/liliana/ros2_ws/robot-repo-ros2/src/install/object_recognition/lib/python3.10/site-packages/object_recognition
copying /home/liliana/ros2_ws/robot-repo-ros2/src/build/object_recognition/build/lib/object_recognition/compute_keymap.py -> /home/liliana/ros2_ws/robot-repo-ros2/src/install/object_recognition/lib/python3.10/site-packages/object_recognition
copying /home/liliana/ros2_ws/robot-repo-ros2/src/build/object_recognition/build/lib/object_recognition/keymap_node.py -> /home/liliana/ros2_ws/robot-repo-ros2/src/install/object_recognition/lib/python3.10/site-packages/object_recognition
byte-compiling /home/liliana/ros2_ws/robot-repo-ros2/src/install/object_recognition/lib/python3.10/site-packages/object_recognition/__init__.py to __init__.cpython-310.pyc
byte-compiling /home/liliana/ros2_ws/robot-repo-ros2/src/install/object_recognition/lib/python3.10/site-packages/object_recognition/compute_keymap.py to compute_keymap.cpython-310.pyc
byte-compiling /home/liliana/ros2_ws/robot-repo-ros2/src/install/object_recognition/lib/python3.10/site-packages/object_recognition/keymap_node.py to keymap_node.cpython-310.pyc
running install_data
copying resource/object_recognition -> /home/liliana/ros2_ws/robot-repo-ros2/src/install/object_recognition/share/ament_index/resource_index/packages
copying package.xml -> /home/liliana/ros2_ws/robot-repo-ros2/src/install/object_recognition/share/object_recognition
running install_egg_info
Copying ../build/object_recognition/object_recognition.egg-info to /home/liliana/ros2_ws/robot-repo-ros2/src/install/object_recognition/lib/python3.10/site-packages/object_recognition-0.0.0-py3.10.egg-info
running install_scripts
Installing keymap_node script to /home/liliana/ros2_ws/robot-repo-ros2/src/install/object_recognition/lib/object_recognition
writing list of installed files to '/home/liliana/ros2_ws/robot-repo-ros2/src/build/object_recognition/install.log'
