[33mCMake Warning at CMakeLists.txt:17 (find_package):
  By not providing "Findmoveit_move_group_interface.cmake" in
  CMAKE_MODULE_PATH this project has asked CMake to find a package
  configuration file provided by "moveit_move_group_interface", but CMake did
  not find one.

  Could not find a package configuration file provided by
  "moveit_move_group_interface" with any of the following names:

    moveit_move_group_interfaceConfig.cmake
    moveit_move_group_interface-config.cmake

  Add the installation prefix of "moveit_move_group_interface" to
  CMAKE_PREFIX_PATH or set "moveit_move_group_interface_DIR" to a directory
  containing one of the above files.  If "moveit_move_group_interface"
  provides a separate development package or SDK, be sure it has been
  installed.

[0m
[31mCMake Error at /opt/ros/humble/share/ament_cmake_target_dependencies/cmake/ament_target_dependencies.cmake:77 (message):
  ament_target_dependencies() the passed package name
  'moveit_ros_trajectory_cache' was not found before
Call Stack (most recent call first):
  CMakeLists.txt:21 (ament_target_dependencies)

[0m
gmake: *** [Makefile:267: cmake_check_build_system] Error 1
