[0.059s] Invoking command in '/home/liliana/ros2_ws/robot-repo-ros2/src/build/object_recognition': CMAKE_PREFIX_PATH=${CMAKE_PREFIX_PATH}:/home/liliana/ws_moveit/install/moveit_configs_utils:/home/liliana/ros2_ws/install/my_py_pkg:/home/liliana/ros2_ws/install/joy_mux_controller:/home/liliana/install/my_py_pkg:/opt/ros/humble /usr/bin/cmake --build /home/liliana/ros2_ws/robot-repo-ros2/src/build/object_recognition -- -j6 -l6
[0.364s] -- Found ament_cmake: 1.3.12 (/opt/ros/humble/share/ament_cmake/cmake)
[0.789s] -- Found rclpy: 3.3.17 (/opt/ros/humble/share/rclpy/cmake)
[0.790s] -- Found visualization_msgs: 4.9.0 (/opt/ros/humble/share/visualization_msgs/cmake)
[0.915s] -- Found rosidl_generator_c: 3.1.7 (/opt/ros/humble/share/rosidl_generator_c/cmake)
[0.928s] -- Found rosidl_adapter: 3.1.7 (/opt/ros/humble/share/rosidl_adapter/cmake)
[0.961s] -- Found rosidl_generator_cpp: 3.1.7 (/opt/ros/humble/share/rosidl_generator_cpp/cmake)
[1.011s] -- Using all available rosidl_typesupport_c: rosidl_typesupport_fastrtps_c;rosidl_typesupport_introspection_c
[1.068s] -- Using all available rosidl_typesupport_cpp: rosidl_typesupport_fastrtps_cpp;rosidl_typesupport_introspection_cpp
[1.393s] -- Found rclcpp: 16.0.15 (/opt/ros/humble/share/rclcpp/cmake)
[1.515s] -- Found rmw_implementation_cmake: 6.1.2 (/opt/ros/humble/share/rmw_implementation_cmake/cmake)
[1.529s] -- Found rmw_cyclonedds_cpp: 1.3.4 (/opt/ros/humble/share/rmw_cyclonedds_cpp/cmake)
[1.623s] -- Using RMW implementation 'rmw_cyclonedds_cpp' as default
[1.799s] -- Found moveit_msgs: 2.2.1 (/home/liliana/ws_moveit/install/moveit_msgs/share/moveit_msgs/cmake)
[2.334s] -- Found moveit_core: 2.5.9 (/home/liliana/ws_moveit/install/moveit_core/share/moveit_core/cmake)
[2.399s] -- Found Boost: /usr/lib/x86_64-linux-gnu/cmake/Boost-1.74.0/BoostConfig.cmake (found version "1.74.0") found components: chrono date_time filesystem iostreams program_options regex serialization system thread 
[2.529s] -- Found parameter_traits: 0.5.0 (/opt/ros/humble/share/parameter_traits/cmake)
[2.559s] -- Found rclcpp_lifecycle: 16.0.15 (/opt/ros/humble/share/rclcpp_lifecycle/cmake)
[2.650s] -- Found Boost: /usr/lib/x86_64-linux-gnu/cmake/Boost-1.74.0/BoostConfig.cmake (found version "1.74.0") found components: filesystem 
[2.795s] -- library: /usr/lib/x86_64-linux-gnu/libcurl.so
[2.822s] -- Ensuring Eigen3 include directory is part of orocos-kdl CMake target
[3.329s] [33mCMake Warning at CMakeLists.txt:19 (find_package):
[3.330s]   By not providing "Findmoveit_move_group_interface.cmake" in
[3.330s]   CMAKE_MODULE_PATH this project has asked CMake to find a package
[3.330s]   configuration file provided by "moveit_move_group_interface", but CMake did
[3.330s]   not find one.
[3.331s] 
[3.331s]   Could not find a package configuration file provided by
[3.331s]   "moveit_move_group_interface" with any of the following names:
[3.331s] 
[3.331s]     moveit_move_group_interfaceConfig.cmake
[3.332s]     moveit_move_group_interface-config.cmake
[3.332s] 
[3.332s]   Add the installation prefix of "moveit_move_group_interface" to
[3.332s]   CMAKE_PREFIX_PATH or set "moveit_move_group_interface_DIR" to a directory
[3.332s]   containing one of the above files.  If "moveit_move_group_interface"
[3.332s]   provides a separate development package or SDK, be sure it has been
[3.333s]   installed.
[3.333s] 
[3.333s] [0m
[3.333s] -- Found moveit_ros_planning_interface: 2.5.9 (/home/liliana/ws_moveit/install/moveit_ros_planning_interface/share/moveit_ros_planning_interface/cmake)
[3.346s] -- Found Boost: /usr/lib/x86_64-linux-gnu/cmake/Boost-1.74.0/BoostConfig.cmake (found version "1.74.0") found components: date_time filesystem program_options system thread 
[3.389s] -- Found Boost: /usr/lib/x86_64-linux-gnu/cmake/Boost-1.74.0/BoostConfig.cmake (found version "1.74.0") found components: system filesystem date_time program_options thread chrono 
[3.507s] -- Found Boost: /usr/lib/x86_64-linux-gnu/cmake/Boost-1.74.0/BoostConfig.cmake (found version "1.74.0") found components: thread system filesystem regex date_time program_options 
[3.613s] -- Found Boost: /usr/lib/x86_64-linux-gnu/cmake/Boost-1.74.0/BoostConfig.cmake (found version "1.74.0") found components: system filesystem date_time program_options thread 
[3.740s] [31mCMake Error at /opt/ros/humble/share/ament_cmake_target_dependencies/cmake/ament_target_dependencies.cmake:77 (message):
[3.741s]   ament_target_dependencies() the passed package name
[3.741s]   'moveit_move_group_interface' was not found before
[3.741s] Call Stack (most recent call first):
[3.741s]   CMakeLists.txt:24 (ament_target_dependencies)
[3.742s] 
[3.742s] [0m
[3.742s] -- Configuring incomplete, errors occurred!
[3.742s] See also "/home/liliana/ros2_ws/robot-repo-ros2/src/build/object_recognition/CMakeFiles/CMakeOutput.log".
[3.771s] gmake: *** [Makefile:267: cmake_check_build_system] Error 1
[3.778s] Invoked command in '/home/liliana/ros2_ws/robot-repo-ros2/src/build/object_recognition' returned '2': CMAKE_PREFIX_PATH=${CMAKE_PREFIX_PATH}:/home/liliana/ws_moveit/install/moveit_configs_utils:/home/liliana/ros2_ws/install/my_py_pkg:/home/liliana/ros2_ws/install/joy_mux_controller:/home/liliana/install/my_py_pkg:/opt/ros/humble /usr/bin/cmake --build /home/liliana/ros2_ws/robot-repo-ros2/src/build/object_recognition -- -j6 -l6
