[0.046s] Invoking command in '/home/liliana/ros2_ws/robot-repo-ros2/src/inverse-kinematics/build/rover_arm_moveit_config': CMAKE_PREFIX_PATH=/home/liliana/ros2_ws/robot-repo-ros2/src/inverse-kinematics/install/rover_arm_description:/home/liliana/ros2_ws/robot-repo-ros2/src/inverse-kinematics/install/rover_arm_moveit_config:/home/liliana/ros2_ws/robot-repo-ros2/src/inverse-kinematics/install/rover_arm_bringup:/home/liliana/ws_moveit/install/pilz_industrial_motion_planner_testutils:/home/liliana/ws_moveit/install/moveit_runtime:/home/liliana/ws_moveit/install/moveit:/home/liliana/ws_moveit/install/moveit_planners:/home/liliana/ws_moveit/install/pilz_industrial_motion_planner:/home/liliana/ws_moveit/install/moveit_ros_control_interface:/home/liliana/ws_moveit/install/moveit_plugins:/home/liliana/ws_moveit/install/moveit_simple_controller_manager:/home/liliana/ws_moveit/install/moveit_setup_assistant:/home/liliana/ws_moveit/install/moveit_setup_srdf_plugins:/home/liliana/ws_moveit/install/moveit_setup_core_plugins:/home/liliana/ws_moveit/install/moveit_setup_controllers:/home/liliana/ws_moveit/install/moveit_setup_app_plugins:/home/liliana/ws_moveit/install/moveit_setup_framework:/home/liliana/ws_moveit/install/moveit_servo:/home/liliana/ws_moveit/install/moveit_ros:/home/liliana/ws_moveit/install/moveit_ros_visualization:/home/liliana/ws_moveit/install/moveit_hybrid_planning:/home/liliana/ws_moveit/install/moveit_ros_planning_interface:/home/liliana/ws_moveit/install/moveit_ros_benchmarks:/home/liliana/ws_moveit/install/moveit_ros_warehouse:/home/liliana/ws_moveit/install/moveit_ros_robot_interaction:/home/liliana/ws_moveit/install/moveit_ros_perception:/home/liliana/ws_moveit/install/moveit_resources_prbt_pg70_support:/home/liliana/ws_moveit/install/moveit_resources_prbt_moveit_config:/home/liliana/ws_moveit/install/moveit_ros_move_group:/home/liliana/ws_moveit/install/moveit_planners_ompl:/home/liliana/ws_moveit/install/moveit_ros_planning:/home/liliana/ws_moveit/install/moveit_ros_occupancy_map_monitor:/home/liliana/ws_moveit/install/moveit_resources_prbt_support:/home/liliana/ws_moveit/install/moveit_resources_prbt_ikfast_manipulator_plugin:/home/liliana/ws_moveit/install/moveit_resources:/home/liliana/ws_moveit/install/moveit_resources_pr2_description:/home/liliana/ws_moveit/install/moveit_resources_panda_moveit_config:/home/liliana/ws_moveit/install/moveit_resources_panda_description:/home/liliana/ws_moveit/install/moveit_resources_fanuc_moveit_config:/home/liliana/ws_moveit/install/moveit_resources_fanuc_description:/home/liliana/ws_moveit/install/moveit_planners_chomp:/home/liliana/ws_moveit/install/moveit_kinematics:/home/liliana/ws_moveit/install/moveit_chomp_optimizer_adapter:/home/liliana/ws_moveit/install/chomp_motion_planner:/home/liliana/ws_moveit/install/moveit_core:/home/liliana/ws_moveit/install/moveit_msgs:/home/liliana/ws_moveit/install/moveit_common:/home/liliana/ros2_ws/install/my_cpp_pkg:/home/liliana/ros2_ws/install/ceres_urdf:/home/liliana/ros2_ws/install/arm_hardware:/home/liliana/ros2_ws/install/arm_controller:/home/liliana/ros2_ws/install/absenc_interface:/home/liliana/install/my_cpp_pkg:/home/liliana/ws_moveit/install/moveit_configs_utils:/home/liliana/ros2_ws/install/my_py_pkg:/home/liliana/ros2_ws/install/joy_mux_controller:/home/liliana/install/my_py_pkg:/opt/ros/humble /usr/bin/cmake --build /home/liliana/ros2_ws/robot-repo-ros2/src/inverse-kinematics/build/rover_arm_moveit_config -- -j6 -l6
[0.125s] -- Found ament_cmake: 1.3.12 (/opt/ros/humble/share/ament_cmake/cmake)
[0.572s] -- Found rclpy: 3.3.17 (/opt/ros/humble/share/rclpy/cmake)
[0.597s] -- Found visualization_msgs: 4.9.0 (/opt/ros/humble/share/visualization_msgs/cmake)
[0.914s] -- Found rosidl_generator_c: 3.1.7 (/opt/ros/humble/share/rosidl_generator_c/cmake)
[0.972s] -- Found rosidl_adapter: 3.1.7 (/opt/ros/humble/share/rosidl_adapter/cmake)
[1.042s] -- Found rosidl_generator_cpp: 3.1.7 (/opt/ros/humble/share/rosidl_generator_cpp/cmake)
[1.164s] -- Using all available rosidl_typesupport_c: rosidl_typesupport_fastrtps_c;rosidl_typesupport_introspection_c
[1.292s] -- Using all available rosidl_typesupport_cpp: rosidl_typesupport_fastrtps_cpp;rosidl_typesupport_introspection_cpp
[1.777s] -- Found rclcpp: 16.0.15 (/opt/ros/humble/share/rclcpp/cmake)
[2.119s] -- Found rmw_implementation_cmake: 6.1.2 (/opt/ros/humble/share/rmw_implementation_cmake/cmake)
[2.156s] -- Found rmw_cyclonedds_cpp: 1.3.4 (/opt/ros/humble/share/rmw_cyclonedds_cpp/cmake)
[2.358s] -- Using RMW implementation 'rmw_cyclonedds_cpp' as default
[2.454s] -- Looking for pthread.h
[2.847s] -- Looking for pthread.h - found
[2.849s] -- Performing Test CMAKE_HAVE_LIBC_PTHREAD
[3.096s] -- Performing Test CMAKE_HAVE_LIBC_PTHREAD - Success
[3.098s] -- Found Threads: TRUE  
[3.339s] -- Found moveit_msgs: 2.2.1 (/home/liliana/ws_moveit/install/moveit_msgs/share/moveit_msgs/cmake)
[4.020s] -- Found moveit_core: 2.5.9 (/home/liliana/ws_moveit/install/moveit_core/share/moveit_core/cmake)
[4.348s] -- Found Boost: /usr/lib/x86_64-linux-gnu/cmake/Boost-1.74.0/BoostConfig.cmake (found version "1.74.0") found components: chrono date_time filesystem iostreams program_options regex serialization system thread 
[4.725s] -- Found parameter_traits: 0.5.0 (/opt/ros/humble/share/parameter_traits/cmake)
[4.841s] -- Found rclcpp_lifecycle: 16.0.15 (/opt/ros/humble/share/rclcpp_lifecycle/cmake)
[4.998s] -- Found Boost: /usr/lib/x86_64-linux-gnu/cmake/Boost-1.74.0/BoostConfig.cmake (found version "1.74.0") found components: filesystem 
[5.484s] -- library: /usr/lib/x86_64-linux-gnu/libcurl.so
[5.578s] -- Found Eigen3: TRUE (found version "3.4.0") 
[5.578s] -- Ensuring Eigen3 include directory is part of orocos-kdl CMake target
[6.491s] -- Found moveit_ros_planning_interface: 2.5.9 (/home/liliana/ws_moveit/install/moveit_ros_planning_interface/share/moveit_ros_planning_interface/cmake)
[6.507s] -- Found Boost: /usr/lib/x86_64-linux-gnu/cmake/Boost-1.74.0/BoostConfig.cmake (found version "1.74.0") found components: date_time filesystem program_options system thread 
[6.557s] -- Found Boost: /usr/lib/x86_64-linux-gnu/cmake/Boost-1.74.0/BoostConfig.cmake (found version "1.74.0") found components: system filesystem date_time program_options thread chrono 
[6.696s] -- Found Boost: /usr/lib/x86_64-linux-gnu/cmake/Boost-1.74.0/BoostConfig.cmake (found version "1.74.0") found components: thread system filesystem regex date_time program_options 
[7.050s] -- Found Boost: /usr/lib/x86_64-linux-gnu/cmake/Boost-1.74.0/BoostConfig.cmake (found version "1.74.0") found components: system filesystem date_time program_options thread 
[7.263s] -- Found ament_lint_auto: 0.12.14 (/opt/ros/humble/share/ament_lint_auto/cmake)
[7.449s] -- Configuring done
[7.465s] [31mCMake Error at CMakeLists.txt:22 (add_executable):
[7.465s]   Cannot find source file:
[7.465s] 
[7.465s]     src/move_group.cpp
[7.466s] 
[7.466s] [0m
[7.479s] [31mCMake Error at CMakeLists.txt:22 (add_executable):
[7.480s]   No SOURCES given to target: move_group_node
[7.480s] 
[7.480s] [0m
[7.480s] [0mCMake Generate step failed.  Build files cannot be regenerated correctly.[0m
[7.510s] gmake: *** [Makefile:226: cmake_check_build_system] Error 1
[7.517s] Invoked command in '/home/liliana/ros2_ws/robot-repo-ros2/src/inverse-kinematics/build/rover_arm_moveit_config' returned '2': CMAKE_PREFIX_PATH=/home/liliana/ros2_ws/robot-repo-ros2/src/inverse-kinematics/install/rover_arm_description:/home/liliana/ros2_ws/robot-repo-ros2/src/inverse-kinematics/install/rover_arm_moveit_config:/home/liliana/ros2_ws/robot-repo-ros2/src/inverse-kinematics/install/rover_arm_bringup:/home/liliana/ws_moveit/install/pilz_industrial_motion_planner_testutils:/home/liliana/ws_moveit/install/moveit_runtime:/home/liliana/ws_moveit/install/moveit:/home/liliana/ws_moveit/install/moveit_planners:/home/liliana/ws_moveit/install/pilz_industrial_motion_planner:/home/liliana/ws_moveit/install/moveit_ros_control_interface:/home/liliana/ws_moveit/install/moveit_plugins:/home/liliana/ws_moveit/install/moveit_simple_controller_manager:/home/liliana/ws_moveit/install/moveit_setup_assistant:/home/liliana/ws_moveit/install/moveit_setup_srdf_plugins:/home/liliana/ws_moveit/install/moveit_setup_core_plugins:/home/liliana/ws_moveit/install/moveit_setup_controllers:/home/liliana/ws_moveit/install/moveit_setup_app_plugins:/home/liliana/ws_moveit/install/moveit_setup_framework:/home/liliana/ws_moveit/install/moveit_servo:/home/liliana/ws_moveit/install/moveit_ros:/home/liliana/ws_moveit/install/moveit_ros_visualization:/home/liliana/ws_moveit/install/moveit_hybrid_planning:/home/liliana/ws_moveit/install/moveit_ros_planning_interface:/home/liliana/ws_moveit/install/moveit_ros_benchmarks:/home/liliana/ws_moveit/install/moveit_ros_warehouse:/home/liliana/ws_moveit/install/moveit_ros_robot_interaction:/home/liliana/ws_moveit/install/moveit_ros_perception:/home/liliana/ws_moveit/install/moveit_resources_prbt_pg70_support:/home/liliana/ws_moveit/install/moveit_resources_prbt_moveit_config:/home/liliana/ws_moveit/install/moveit_ros_move_group:/home/liliana/ws_moveit/install/moveit_planners_ompl:/home/liliana/ws_moveit/install/moveit_ros_planning:/home/liliana/ws_moveit/install/moveit_ros_occupancy_map_monitor:/home/liliana/ws_moveit/install/moveit_resources_prbt_support:/home/liliana/ws_moveit/install/moveit_resources_prbt_ikfast_manipulator_plugin:/home/liliana/ws_moveit/install/moveit_resources:/home/liliana/ws_moveit/install/moveit_resources_pr2_description:/home/liliana/ws_moveit/install/moveit_resources_panda_moveit_config:/home/liliana/ws_moveit/install/moveit_resources_panda_description:/home/liliana/ws_moveit/install/moveit_resources_fanuc_moveit_config:/home/liliana/ws_moveit/install/moveit_resources_fanuc_description:/home/liliana/ws_moveit/install/moveit_planners_chomp:/home/liliana/ws_moveit/install/moveit_kinematics:/home/liliana/ws_moveit/install/moveit_chomp_optimizer_adapter:/home/liliana/ws_moveit/install/chomp_motion_planner:/home/liliana/ws_moveit/install/moveit_core:/home/liliana/ws_moveit/install/moveit_msgs:/home/liliana/ws_moveit/install/moveit_common:/home/liliana/ros2_ws/install/my_cpp_pkg:/home/liliana/ros2_ws/install/ceres_urdf:/home/liliana/ros2_ws/install/arm_hardware:/home/liliana/ros2_ws/install/arm_controller:/home/liliana/ros2_ws/install/absenc_interface:/home/liliana/install/my_cpp_pkg:/home/liliana/ws_moveit/install/moveit_configs_utils:/home/liliana/ros2_ws/install/my_py_pkg:/home/liliana/ros2_ws/install/joy_mux_controller:/home/liliana/install/my_py_pkg:/opt/ros/humble /usr/bin/cmake --build /home/liliana/ros2_ws/robot-repo-ros2/src/inverse-kinematics/build/rover_arm_moveit_config -- -j6 -l6
