[0.062s] Invoking command in '/home/liliana/ros2_ws/robot-repo-ros2/src/build/object_recognition': CMAKE_PREFIX_PATH=${CMAKE_PREFIX_PATH}:/home/liliana/ws_moveit/install/moveit_configs_utils:/home/liliana/ros2_ws/install/my_py_pkg:/home/liliana/ros2_ws/install/joy_mux_controller:/home/liliana/install/my_py_pkg:/opt/ros/humble /usr/bin/cmake --build /home/liliana/ros2_ws/robot-repo-ros2/src/build/object_recognition -- -j6 -l6
[0.163s] -- Found ament_cmake: 1.3.12 (/opt/ros/humble/share/ament_cmake/cmake)
[0.600s] -- Found rclpy: 3.3.17 (/opt/ros/humble/share/rclpy/cmake)
[0.600s] -- Found visualization_msgs: 4.9.0 (/opt/ros/humble/share/visualization_msgs/cmake)
[0.678s] -- Found rosidl_generator_c: 3.1.7 (/opt/ros/humble/share/rosidl_generator_c/cmake)
[0.685s] -- Found rosidl_adapter: 3.1.7 (/opt/ros/humble/share/rosidl_adapter/cmake)
[0.702s] -- Found rosidl_generator_cpp: 3.1.7 (/opt/ros/humble/share/rosidl_generator_cpp/cmake)
[0.738s] -- Using all available rosidl_typesupport_c: rosidl_typesupport_fastrtps_c;rosidl_typesupport_introspection_c
[0.796s] -- Using all available rosidl_typesupport_cpp: rosidl_typesupport_fastrtps_cpp;rosidl_typesupport_introspection_cpp
[1.095s] -- Found rclcpp: 16.0.15 (/opt/ros/humble/share/rclcpp/cmake)
[1.195s] -- Found rmw_implementation_cmake: 6.1.2 (/opt/ros/humble/share/rmw_implementation_cmake/cmake)
[1.207s] -- Found rmw_cyclonedds_cpp: 1.3.4 (/opt/ros/humble/share/rmw_cyclonedds_cpp/cmake)
[1.279s] -- Using RMW implementation 'rmw_cyclonedds_cpp' as default
[1.406s] -- Found moveit_msgs: 2.2.1 (/home/liliana/ws_moveit/install/moveit_msgs/share/moveit_msgs/cmake)
[1.871s] -- Found moveit_ros_planning_interface: 2.5.9 (/home/liliana/ws_moveit/install/moveit_ros_planning_interface/share/moveit_ros_planning_interface/cmake)
[1.903s] -- Found Boost: /usr/lib/x86_64-linux-gnu/cmake/Boost-1.74.0/BoostConfig.cmake (found version "1.74.0") found components: date_time filesystem program_options system thread 
[1.940s] -- Found Boost: /usr/lib/x86_64-linux-gnu/cmake/Boost-1.74.0/BoostConfig.cmake (found version "1.74.0") found components: chrono date_time filesystem iostreams program_options regex serialization system thread 
[2.047s] -- Found parameter_traits: 0.5.0 (/opt/ros/humble/share/parameter_traits/cmake)
[2.069s] -- Found rclcpp_lifecycle: 16.0.15 (/opt/ros/humble/share/rclcpp_lifecycle/cmake)
[2.134s] -- Found Boost: /usr/lib/x86_64-linux-gnu/cmake/Boost-1.74.0/BoostConfig.cmake (found version "1.74.0") found components: filesystem 
[2.254s] -- library: /usr/lib/x86_64-linux-gnu/libcurl.so
[2.277s] -- Ensuring Eigen3 include directory is part of orocos-kdl CMake target
[2.675s] -- Found Boost: /usr/lib/x86_64-linux-gnu/cmake/Boost-1.74.0/BoostConfig.cmake (found version "1.74.0") found components: system filesystem date_time program_options thread chrono 
[2.798s] -- Found Boost: /usr/lib/x86_64-linux-gnu/cmake/Boost-1.74.0/BoostConfig.cmake (found version "1.74.0") found components: thread system filesystem regex date_time program_options 
[2.902s] -- Found Boost: /usr/lib/x86_64-linux-gnu/cmake/Boost-1.74.0/BoostConfig.cmake (found version "1.74.0") found components: system filesystem date_time program_options thread 
[3.049s] [33mCMake Warning at CMakeLists.txt:17 (find_package):
[3.049s]   By not providing "Findmoveit_move_group_interface.cmake" in
[3.049s]   CMAKE_MODULE_PATH this project has asked CMake to find a package
[3.050s]   configuration file provided by "moveit_move_group_interface", but CMake did
[3.050s]   not find one.
[3.050s] 
[3.050s]   Could not find a package configuration file provided by
[3.051s]   "moveit_move_group_interface" with any of the following names:
[3.051s] 
[3.051s]     moveit_move_group_interfaceConfig.cmake
[3.051s]     moveit_move_group_interface-config.cmake
[3.051s] 
[3.052s]   Add the installation prefix of "moveit_move_group_interface" to
[3.052s]   CMAKE_PREFIX_PATH or set "moveit_move_group_interface_DIR" to a directory
[3.052s]   containing one of the above files.  If "moveit_move_group_interface"
[3.052s]   provides a separate development package or SDK, be sure it has been
[3.052s]   installed.
[3.052s] 
[3.053s] [0m
[3.056s] [31mCMake Error at /opt/ros/humble/share/ament_cmake_target_dependencies/cmake/ament_target_dependencies.cmake:77 (message):
[3.056s]   ament_target_dependencies() the passed package name 'move_group_interface'
[3.057s]   was not found before
[3.057s] Call Stack (most recent call first):
[3.057s]   CMakeLists.txt:21 (ament_target_dependencies)
[3.057s] 
[3.057s] [0m
[3.058s] -- Configuring incomplete, errors occurred!
[3.058s] See also "/home/liliana/ros2_ws/robot-repo-ros2/src/build/object_recognition/CMakeFiles/CMakeOutput.log".
[3.091s] gmake: *** [Makefile:267: cmake_check_build_system] Error 1
[3.099s] Invoked command in '/home/liliana/ros2_ws/robot-repo-ros2/src/build/object_recognition' returned '2': CMAKE_PREFIX_PATH=${CMAKE_PREFIX_PATH}:/home/liliana/ws_moveit/install/moveit_configs_utils:/home/liliana/ros2_ws/install/my_py_pkg:/home/liliana/ros2_ws/install/joy_mux_controller:/home/liliana/install/my_py_pkg:/opt/ros/humble /usr/bin/cmake --build /home/liliana/ros2_ws/robot-repo-ros2/src/build/object_recognition -- -j6 -l6
