[0.057s] Invoking command in '/home/liliana/ros2_ws/robot-repo-ros2/src/build/object_recognition': CMAKE_PREFIX_PATH=${CMAKE_PREFIX_PATH}:/home/liliana/ws_moveit/install/moveit_configs_utils:/home/liliana/ws_moveit/install/launch_param_builder:/home/liliana/ros2_ws/install/my_py_pkg:/home/liliana/install/my_py_pkg:/opt/ros/humble /usr/bin/cmake --build /home/liliana/ros2_ws/robot-repo-ros2/src/build/object_recognition -- -j6 -l6
[0.152s] -- Found ament_cmake: 1.3.12 (/opt/ros/humble/share/ament_cmake/cmake)
[0.567s] -- Found rclpy: 3.3.17 (/opt/ros/humble/share/rclpy/cmake)
[0.587s] -- Found visualization_msgs: 4.9.0 (/opt/ros/humble/share/visualization_msgs/cmake)
[0.836s] -- Found rosidl_generator_c: 3.1.7 (/opt/ros/humble/share/rosidl_generator_c/cmake)
[0.884s] -- Found rosidl_adapter: 3.1.7 (/opt/ros/humble/share/rosidl_adapter/cmake)
[0.940s] -- Found rosidl_generator_cpp: 3.1.7 (/opt/ros/humble/share/rosidl_generator_cpp/cmake)
[1.014s] -- Using all available rosidl_typesupport_c: rosidl_typesupport_fastrtps_c;rosidl_typesupport_introspection_c
[1.117s] -- Using all available rosidl_typesupport_cpp: rosidl_typesupport_fastrtps_cpp;rosidl_typesupport_introspection_cpp
[1.533s] -- Found rclcpp: 16.0.15 (/opt/ros/humble/share/rclcpp/cmake)
[1.803s] -- Found rmw_implementation_cmake: 6.1.2 (/opt/ros/humble/share/rmw_implementation_cmake/cmake)
[1.832s] -- Found rmw_fastrtps_cpp: 6.2.8 (/opt/ros/humble/share/rmw_fastrtps_cpp/cmake)
[2.278s] -- Found OpenSSL: /usr/lib/x86_64-linux-gnu/libcrypto.so (found version "3.0.2")  
[2.383s] -- Found FastRTPS: /opt/ros/humble/include  
[2.547s] -- Using RMW implementation 'rmw_fastrtps_cpp' as default
[2.620s] -- Looking for pthread.h
[2.912s] -- Looking for pthread.h - found
[2.914s] -- Performing Test CMAKE_HAVE_LIBC_PTHREAD
[3.240s] -- Performing Test CMAKE_HAVE_LIBC_PTHREAD - Success
[3.244s] -- Found Threads: TRUE  
[3.445s] -- Found moveit_msgs: 2.2.2 (/opt/ros/humble/share/moveit_msgs/cmake)
[4.073s] [31mCMake Error at CMakeLists.txt:15 (find_package):
[4.074s]   By not providing "Findmove_it.cmake" in CMAKE_MODULE_PATH this project has
[4.075s]   asked CMake to find a package configuration file provided by "move_it", but
[4.075s]   CMake did not find one.
[4.075s] 
[4.075s]   Could not find a package configuration file provided by "move_it" with any
[4.076s]   of the following names:
[4.076s] 
[4.076s]     move_itConfig.cmake
[4.076s]     move_it-config.cmake
[4.077s] 
[4.077s]   Add the installation prefix of "move_it" to CMAKE_PREFIX_PATH or set
[4.077s]   "move_it_DIR" to a directory containing one of the above files.  If
[4.077s]   "move_it" provides a separate development package or SDK, be sure it has
[4.077s]   been installed.
[4.078s] 
[4.078s] [0m
[4.078s] -- Configuring incomplete, errors occurred!
[4.078s] See also "/home/liliana/ros2_ws/robot-repo-ros2/src/build/object_recognition/CMakeFiles/CMakeOutput.log".
[4.094s] gmake: *** [Makefile:226: cmake_check_build_system] Error 1
[4.101s] Invoked command in '/home/liliana/ros2_ws/robot-repo-ros2/src/build/object_recognition' returned '2': CMAKE_PREFIX_PATH=${CMAKE_PREFIX_PATH}:/home/liliana/ws_moveit/install/moveit_configs_utils:/home/liliana/ws_moveit/install/launch_param_builder:/home/liliana/ros2_ws/install/my_py_pkg:/home/liliana/install/my_py_pkg:/opt/ros/humble /usr/bin/cmake --build /home/liliana/ros2_ws/robot-repo-ros2/src/build/object_recognition -- -j6 -l6
