[0.425s] DEBUG:colcon:Command line arguments: ['/usr/bin/colcon', 'build', '--packages-select', 'test']
[0.426s] DEBUG:colcon:Parsed command line arguments: Namespace(log_base=None, log_level=None, verb_name='build', build_base='build', install_base='install', merge_install=False, symlink_install=False, test_result_base=None, continue_on_error=False, executor='parallel', parallel_workers=6, event_handlers=None, ignore_user_meta=False, metas=['./colcon.meta'], base_paths=['.'], packages_ignore=None, packages_ignore_regex=None, paths=None, packages_up_to=None, packages_up_to_regex=None, packages_above=None, packages_above_and_dependencies=None, packages_above_depth=None, packages_select_by_dep=None, packages_skip_by_dep=None, packages_skip_up_to=None, packages_select_build_failed=False, packages_skip_build_finished=False, packages_select_test_failures=False, packages_skip_test_passed=False, packages_select=['test'], packages_skip=None, packages_select_regex=None, packages_skip_regex=None, packages_start=None, packages_end=None, allow_overriding=[], cmake_args=None, cmake_target=None, cmake_target_skip_unavailable=False, cmake_clean_cache=False, cmake_clean_first=False, cmake_force_configure=False, ament_cmake_args=None, catkin_cmake_args=None, catkin_skip_building_tests=False, mixin_files=None, mixin=None, verb_parser=<colcon_mixin.mixin.mixin_argument.MixinArgumentDecorator object at 0x77bc56998580>, verb_extension=<colcon_core.verb.build.BuildVerb object at 0x77bc569679a0>, main=<bound method BuildVerb.main of <colcon_core.verb.build.BuildVerb object at 0x77bc569679a0>>, mixin_verb=('build',))
[1.438s] Level 1:colcon.colcon_core.package_discovery:discover_packages(colcon_meta) check parameters
[1.439s] Level 1:colcon.colcon_core.package_discovery:discover_packages(recursive) check parameters
[1.439s] Level 1:colcon.colcon_core.package_discovery:discover_packages(ignore) check parameters
[1.439s] Level 1:colcon.colcon_core.package_discovery:discover_packages(path) check parameters
[1.439s] Level 1:colcon.colcon_core.package_discovery:discover_packages(colcon_meta) discover
[1.439s] Level 1:colcon.colcon_core.package_discovery:discover_packages(recursive) discover
[1.439s] INFO:colcon.colcon_core.package_discovery:Crawling recursively for packages in '/home/liliana/ros2_ws/robot-repo-ros2/src'
[1.439s] Level 1:colcon.colcon_core.package_identification:_identify(.) by extensions ['ignore', 'ignore_ament_install']
[1.440s] Level 1:colcon.colcon_core.package_identification:_identify(.) by extension 'ignore'
[1.440s] Level 1:colcon.colcon_core.package_identification:_identify(.) by extension 'ignore_ament_install'
[1.440s] Level 1:colcon.colcon_core.package_identification:_identify(.) by extensions ['colcon_pkg']
[1.440s] Level 1:colcon.colcon_core.package_identification:_identify(.) by extension 'colcon_pkg'
[1.440s] Level 1:colcon.colcon_core.package_identification:_identify(.) by extensions ['colcon_meta']
[1.440s] Level 1:colcon.colcon_core.package_identification:_identify(.) by extension 'colcon_meta'
[1.440s] Level 1:colcon.colcon_core.package_identification:_identify(.) by extensions ['ros']
[1.440s] Level 1:colcon.colcon_core.package_identification:_identify(.) by extension 'ros'
[1.482s] Level 1:colcon.colcon_core.package_identification:_identify(.) by extensions ['cmake', 'python']
[1.482s] Level 1:colcon.colcon_core.package_identification:_identify(.) by extension 'cmake'
[1.482s] Level 1:colcon.colcon_core.package_identification:_identify(.) by extension 'python'
[1.482s] Level 1:colcon.colcon_core.package_identification:_identify(.) by extensions ['python_setup_py']
[1.482s] Level 1:colcon.colcon_core.package_identification:_identify(.) by extension 'python_setup_py'
[1.483s] Level 1:colcon.colcon_core.package_identification:_identify(absenc_interface) by extensions ['ignore', 'ignore_ament_install']
[1.483s] Level 1:colcon.colcon_core.package_identification:_identify(absenc_interface) by extension 'ignore'
[1.483s] Level 1:colcon.colcon_core.package_identification:_identify(absenc_interface) by extension 'ignore_ament_install'
[1.484s] Level 1:colcon.colcon_core.package_identification:_identify(absenc_interface) by extensions ['colcon_pkg']
[1.484s] Level 1:colcon.colcon_core.package_identification:_identify(absenc_interface) by extension 'colcon_pkg'
[1.484s] Level 1:colcon.colcon_core.package_identification:_identify(absenc_interface) by extensions ['colcon_meta']
[1.484s] Level 1:colcon.colcon_core.package_identification:_identify(absenc_interface) by extension 'colcon_meta'
[1.484s] Level 1:colcon.colcon_core.package_identification:_identify(absenc_interface) by extensions ['ros']
[1.484s] Level 1:colcon.colcon_core.package_identification:_identify(absenc_interface) by extension 'ros'
[1.497s] DEBUG:colcon.colcon_core.package_identification:Package 'absenc_interface' with type 'ros.ament_cmake' and name 'absenc_interface'
[1.497s] Level 1:colcon.colcon_core.package_identification:_identify(arm_controller) by extensions ['ignore', 'ignore_ament_install']
[1.497s] Level 1:colcon.colcon_core.package_identification:_identify(arm_controller) by extension 'ignore'
[1.497s] Level 1:colcon.colcon_core.package_identification:_identify(arm_controller) by extension 'ignore_ament_install'
[1.498s] Level 1:colcon.colcon_core.package_identification:_identify(arm_controller) by extensions ['colcon_pkg']
[1.498s] Level 1:colcon.colcon_core.package_identification:_identify(arm_controller) by extension 'colcon_pkg'
[1.498s] Level 1:colcon.colcon_core.package_identification:_identify(arm_controller) by extensions ['colcon_meta']
[1.498s] Level 1:colcon.colcon_core.package_identification:_identify(arm_controller) by extension 'colcon_meta'
[1.498s] Level 1:colcon.colcon_core.package_identification:_identify(arm_controller) by extensions ['ros']
[1.498s] Level 1:colcon.colcon_core.package_identification:_identify(arm_controller) by extension 'ros'
[1.500s] DEBUG:colcon.colcon_core.package_identification:Package 'arm_controller' with type 'ros.ament_cmake' and name 'arm_controller'
[1.500s] Level 1:colcon.colcon_core.package_identification:_identify(build) by extensions ['ignore', 'ignore_ament_install']
[1.501s] Level 1:colcon.colcon_core.package_identification:_identify(build) by extension 'ignore'
[1.501s] Level 1:colcon.colcon_core.package_identification:_identify(build) ignored
[1.501s] Level 1:colcon.colcon_core.package_identification:_identify(gps_py) by extensions ['ignore', 'ignore_ament_install']
[1.501s] Level 1:colcon.colcon_core.package_identification:_identify(gps_py) by extension 'ignore'
[1.501s] Level 1:colcon.colcon_core.package_identification:_identify(gps_py) by extension 'ignore_ament_install'
[1.502s] Level 1:colcon.colcon_core.package_identification:_identify(gps_py) by extensions ['colcon_pkg']
[1.502s] Level 1:colcon.colcon_core.package_identification:_identify(gps_py) by extension 'colcon_pkg'
[1.502s] Level 1:colcon.colcon_core.package_identification:_identify(gps_py) by extensions ['colcon_meta']
[1.502s] Level 1:colcon.colcon_core.package_identification:_identify(gps_py) by extension 'colcon_meta'
[1.502s] Level 1:colcon.colcon_core.package_identification:_identify(gps_py) by extensions ['ros']
[1.502s] Level 1:colcon.colcon_core.package_identification:_identify(gps_py) by extension 'ros'
[1.504s] DEBUG:colcon.colcon_core.package_identification:Package 'gps_py' with type 'ros.ament_python' and name 'gps_py'
[1.505s] Level 1:colcon.colcon_core.package_identification:_identify(install) by extensions ['ignore', 'ignore_ament_install']
[1.505s] Level 1:colcon.colcon_core.package_identification:_identify(install) by extension 'ignore'
[1.505s] Level 1:colcon.colcon_core.package_identification:_identify(install) ignored
[1.506s] Level 1:colcon.colcon_core.package_identification:_identify(inverse-kinematics) by extensions ['ignore', 'ignore_ament_install']
[1.506s] Level 1:colcon.colcon_core.package_identification:_identify(inverse-kinematics) by extension 'ignore'
[1.506s] Level 1:colcon.colcon_core.package_identification:_identify(inverse-kinematics) by extension 'ignore_ament_install'
[1.506s] Level 1:colcon.colcon_core.package_identification:_identify(inverse-kinematics) by extensions ['colcon_pkg']
[1.506s] Level 1:colcon.colcon_core.package_identification:_identify(inverse-kinematics) by extension 'colcon_pkg'
[1.506s] Level 1:colcon.colcon_core.package_identification:_identify(inverse-kinematics) by extensions ['colcon_meta']
[1.506s] Level 1:colcon.colcon_core.package_identification:_identify(inverse-kinematics) by extension 'colcon_meta'
[1.507s] Level 1:colcon.colcon_core.package_identification:_identify(inverse-kinematics) by extensions ['ros']
[1.507s] Level 1:colcon.colcon_core.package_identification:_identify(inverse-kinematics) by extension 'ros'
[1.507s] Level 1:colcon.colcon_core.package_identification:_identify(inverse-kinematics) by extensions ['cmake', 'python']
[1.507s] Level 1:colcon.colcon_core.package_identification:_identify(inverse-kinematics) by extension 'cmake'
[1.507s] Level 1:colcon.colcon_core.package_identification:_identify(inverse-kinematics) by extension 'python'
[1.507s] Level 1:colcon.colcon_core.package_identification:_identify(inverse-kinematics) by extensions ['python_setup_py']
[1.507s] Level 1:colcon.colcon_core.package_identification:_identify(inverse-kinematics) by extension 'python_setup_py'
[1.508s] Level 1:colcon.colcon_core.package_identification:_identify(inverse-kinematics/arm_hardware) by extensions ['ignore', 'ignore_ament_install']
[1.508s] Level 1:colcon.colcon_core.package_identification:_identify(inverse-kinematics/arm_hardware) by extension 'ignore'
[1.508s] Level 1:colcon.colcon_core.package_identification:_identify(inverse-kinematics/arm_hardware) by extension 'ignore_ament_install'
[1.508s] Level 1:colcon.colcon_core.package_identification:_identify(inverse-kinematics/arm_hardware) by extensions ['colcon_pkg']
[1.508s] Level 1:colcon.colcon_core.package_identification:_identify(inverse-kinematics/arm_hardware) by extension 'colcon_pkg'
[1.508s] Level 1:colcon.colcon_core.package_identification:_identify(inverse-kinematics/arm_hardware) by extensions ['colcon_meta']
[1.509s] Level 1:colcon.colcon_core.package_identification:_identify(inverse-kinematics/arm_hardware) by extension 'colcon_meta'
[1.509s] Level 1:colcon.colcon_core.package_identification:_identify(inverse-kinematics/arm_hardware) by extensions ['ros']
[1.509s] Level 1:colcon.colcon_core.package_identification:_identify(inverse-kinematics/arm_hardware) by extension 'ros'
[1.512s] DEBUG:colcon.colcon_core.package_identification:Package 'inverse-kinematics/arm_hardware' with type 'ros.ament_cmake' and name 'arm_hardware'
[1.512s] Level 1:colcon.colcon_core.package_identification:_identify(inverse-kinematics/build) by extensions ['ignore', 'ignore_ament_install']
[1.513s] Level 1:colcon.colcon_core.package_identification:_identify(inverse-kinematics/build) by extension 'ignore'
[1.513s] Level 1:colcon.colcon_core.package_identification:_identify(inverse-kinematics/build) ignored
[1.514s] Level 1:colcon.colcon_core.package_identification:_identify(inverse-kinematics/ik_mux_controller) by extensions ['ignore', 'ignore_ament_install']
[1.514s] Level 1:colcon.colcon_core.package_identification:_identify(inverse-kinematics/ik_mux_controller) by extension 'ignore'
[1.514s] Level 1:colcon.colcon_core.package_identification:_identify(inverse-kinematics/ik_mux_controller) by extension 'ignore_ament_install'
[1.515s] Level 1:colcon.colcon_core.package_identification:_identify(inverse-kinematics/ik_mux_controller) by extensions ['colcon_pkg']
[1.515s] Level 1:colcon.colcon_core.package_identification:_identify(inverse-kinematics/ik_mux_controller) by extension 'colcon_pkg'
[1.515s] Level 1:colcon.colcon_core.package_identification:_identify(inverse-kinematics/ik_mux_controller) by extensions ['colcon_meta']
[1.515s] Level 1:colcon.colcon_core.package_identification:_identify(inverse-kinematics/ik_mux_controller) by extension 'colcon_meta'
[1.515s] Level 1:colcon.colcon_core.package_identification:_identify(inverse-kinematics/ik_mux_controller) by extensions ['ros']
[1.515s] Level 1:colcon.colcon_core.package_identification:_identify(inverse-kinematics/ik_mux_controller) by extension 'ros'
[1.519s] DEBUG:colcon.colcon_core.package_identification:Package 'inverse-kinematics/ik_mux_controller' with type 'ros.ament_cmake' and name 'ik_mux_controller'
[1.519s] Level 1:colcon.colcon_core.package_identification:_identify(inverse-kinematics/install) by extensions ['ignore', 'ignore_ament_install']
[1.520s] Level 1:colcon.colcon_core.package_identification:_identify(inverse-kinematics/install) by extension 'ignore'
[1.520s] Level 1:colcon.colcon_core.package_identification:_identify(inverse-kinematics/install) ignored
[1.520s] Level 1:colcon.colcon_core.package_identification:_identify(inverse-kinematics/log) by extensions ['ignore', 'ignore_ament_install']
[1.520s] Level 1:colcon.colcon_core.package_identification:_identify(inverse-kinematics/log) by extension 'ignore'
[1.520s] Level 1:colcon.colcon_core.package_identification:_identify(inverse-kinematics/log) ignored
[1.521s] Level 1:colcon.colcon_core.package_identification:_identify(inverse-kinematics/rover_arm_description) by extensions ['ignore', 'ignore_ament_install']
[1.521s] Level 1:colcon.colcon_core.package_identification:_identify(inverse-kinematics/rover_arm_description) by extension 'ignore'
[1.521s] Level 1:colcon.colcon_core.package_identification:_identify(inverse-kinematics/rover_arm_description) by extension 'ignore_ament_install'
[1.521s] Level 1:colcon.colcon_core.package_identification:_identify(inverse-kinematics/rover_arm_description) by extensions ['colcon_pkg']
[1.521s] Level 1:colcon.colcon_core.package_identification:_identify(inverse-kinematics/rover_arm_description) by extension 'colcon_pkg'
[1.521s] Level 1:colcon.colcon_core.package_identification:_identify(inverse-kinematics/rover_arm_description) by extensions ['colcon_meta']
[1.522s] Level 1:colcon.colcon_core.package_identification:_identify(inverse-kinematics/rover_arm_description) by extension 'colcon_meta'
[1.522s] Level 1:colcon.colcon_core.package_identification:_identify(inverse-kinematics/rover_arm_description) by extensions ['ros']
[1.522s] Level 1:colcon.colcon_core.package_identification:_identify(inverse-kinematics/rover_arm_description) by extension 'ros'
[1.523s] DEBUG:colcon.colcon_core.package_identification:Package 'inverse-kinematics/rover_arm_description' with type 'ros.ament_cmake' and name 'rover_arm_description'
[1.524s] Level 1:colcon.colcon_core.package_identification:_identify(inverse-kinematics/rover_arm_moveit_config) by extensions ['ignore', 'ignore_ament_install']
[1.524s] Level 1:colcon.colcon_core.package_identification:_identify(inverse-kinematics/rover_arm_moveit_config) by extension 'ignore'
[1.524s] Level 1:colcon.colcon_core.package_identification:_identify(inverse-kinematics/rover_arm_moveit_config) by extension 'ignore_ament_install'
[1.524s] Level 1:colcon.colcon_core.package_identification:_identify(inverse-kinematics/rover_arm_moveit_config) by extensions ['colcon_pkg']
[1.524s] Level 1:colcon.colcon_core.package_identification:_identify(inverse-kinematics/rover_arm_moveit_config) by extension 'colcon_pkg'
[1.524s] Level 1:colcon.colcon_core.package_identification:_identify(inverse-kinematics/rover_arm_moveit_config) by extensions ['colcon_meta']
[1.525s] Level 1:colcon.colcon_core.package_identification:_identify(inverse-kinematics/rover_arm_moveit_config) by extension 'colcon_meta'
[1.525s] Level 1:colcon.colcon_core.package_identification:_identify(inverse-kinematics/rover_arm_moveit_config) by extensions ['ros']
[1.525s] Level 1:colcon.colcon_core.package_identification:_identify(inverse-kinematics/rover_arm_moveit_config) by extension 'ros'
[1.528s] DEBUG:colcon.colcon_core.package_identification:Package 'inverse-kinematics/rover_arm_moveit_config' with type 'ros.ament_cmake' and name 'rover_arm_moveit_config'
[1.528s] Level 1:colcon.colcon_core.package_identification:_identify(joy_mux_controller) by extensions ['ignore', 'ignore_ament_install']
[1.528s] Level 1:colcon.colcon_core.package_identification:_identify(joy_mux_controller) by extension 'ignore'
[1.528s] Level 1:colcon.colcon_core.package_identification:_identify(joy_mux_controller) by extension 'ignore_ament_install'
[1.529s] Level 1:colcon.colcon_core.package_identification:_identify(joy_mux_controller) by extensions ['colcon_pkg']
[1.529s] Level 1:colcon.colcon_core.package_identification:_identify(joy_mux_controller) by extension 'colcon_pkg'
[1.529s] Level 1:colcon.colcon_core.package_identification:_identify(joy_mux_controller) by extensions ['colcon_meta']
[1.529s] Level 1:colcon.colcon_core.package_identification:_identify(joy_mux_controller) by extension 'colcon_meta'
[1.529s] Level 1:colcon.colcon_core.package_identification:_identify(joy_mux_controller) by extensions ['ros']
[1.529s] Level 1:colcon.colcon_core.package_identification:_identify(joy_mux_controller) by extension 'ros'
[1.529s] Level 1:colcon.colcon_core.package_identification:_identify(joy_mux_controller) by extensions ['cmake', 'python']
[1.529s] Level 1:colcon.colcon_core.package_identification:_identify(joy_mux_controller) by extension 'cmake'
[1.530s] Level 1:colcon.colcon_core.package_identification:_identify(joy_mux_controller) by extension 'python'
[1.530s] Level 1:colcon.colcon_core.package_identification:_identify(joy_mux_controller) by extensions ['python_setup_py']
[1.530s] Level 1:colcon.colcon_core.package_identification:_identify(joy_mux_controller) by extension 'python_setup_py'
[2.925s] DEBUG:colcon.colcon_core.package_identification:Package 'joy_mux_controller' with type 'python' and name 'joy_mux_controller'
[2.925s] Level 1:colcon.colcon_core.package_identification:_identify(joy_mux_controller_cpp) by extensions ['ignore', 'ignore_ament_install']
[2.926s] Level 1:colcon.colcon_core.package_identification:_identify(joy_mux_controller_cpp) by extension 'ignore'
[2.926s] Level 1:colcon.colcon_core.package_identification:_identify(joy_mux_controller_cpp) by extension 'ignore_ament_install'
[2.926s] Level 1:colcon.colcon_core.package_identification:_identify(joy_mux_controller_cpp) by extensions ['colcon_pkg']
[2.926s] Level 1:colcon.colcon_core.package_identification:_identify(joy_mux_controller_cpp) by extension 'colcon_pkg'
[2.926s] Level 1:colcon.colcon_core.package_identification:_identify(joy_mux_controller_cpp) by extensions ['colcon_meta']
[2.926s] Level 1:colcon.colcon_core.package_identification:_identify(joy_mux_controller_cpp) by extension 'colcon_meta'
[2.927s] Level 1:colcon.colcon_core.package_identification:_identify(joy_mux_controller_cpp) by extensions ['ros']
[2.927s] Level 1:colcon.colcon_core.package_identification:_identify(joy_mux_controller_cpp) by extension 'ros'
[2.929s] DEBUG:colcon.colcon_core.package_identification:Package 'joy_mux_controller_cpp' with type 'ros.ament_cmake' and name 'joy_mux_controller_cpp'
[2.929s] Level 1:colcon.colcon_core.package_identification:_identify(joy_mux_controller_py) by extensions ['ignore', 'ignore_ament_install']
[2.929s] Level 1:colcon.colcon_core.package_identification:_identify(joy_mux_controller_py) by extension 'ignore'
[2.930s] Level 1:colcon.colcon_core.package_identification:_identify(joy_mux_controller_py) by extension 'ignore_ament_install'
[2.930s] Level 1:colcon.colcon_core.package_identification:_identify(joy_mux_controller_py) by extensions ['colcon_pkg']
[2.930s] Level 1:colcon.colcon_core.package_identification:_identify(joy_mux_controller_py) by extension 'colcon_pkg'
[2.930s] Level 1:colcon.colcon_core.package_identification:_identify(joy_mux_controller_py) by extensions ['colcon_meta']
[2.930s] Level 1:colcon.colcon_core.package_identification:_identify(joy_mux_controller_py) by extension 'colcon_meta'
[2.930s] Level 1:colcon.colcon_core.package_identification:_identify(joy_mux_controller_py) by extensions ['ros']
[2.930s] Level 1:colcon.colcon_core.package_identification:_identify(joy_mux_controller_py) by extension 'ros'
[2.932s] DEBUG:colcon.colcon_core.package_identification:Package 'joy_mux_controller_py' with type 'ros.ament_python' and name 'joy_mux_controller_py'
[2.933s] Level 1:colcon.colcon_core.package_identification:_identify(log) by extensions ['ignore', 'ignore_ament_install']
[2.933s] Level 1:colcon.colcon_core.package_identification:_identify(log) by extension 'ignore'
[2.934s] Level 1:colcon.colcon_core.package_identification:_identify(log) ignored
[2.934s] Level 1:colcon.colcon_core.package_identification:_identify(ouster-ros) by extensions ['ignore', 'ignore_ament_install']
[2.934s] Level 1:colcon.colcon_core.package_identification:_identify(ouster-ros) by extension 'ignore'
[2.934s] Level 1:colcon.colcon_core.package_identification:_identify(ouster-ros) by extension 'ignore_ament_install'
[2.934s] Level 1:colcon.colcon_core.package_identification:_identify(ouster-ros) by extensions ['colcon_pkg']
[2.935s] Level 1:colcon.colcon_core.package_identification:_identify(ouster-ros) by extension 'colcon_pkg'
[2.935s] Level 1:colcon.colcon_core.package_identification:_identify(ouster-ros) by extensions ['colcon_meta']
[2.935s] Level 1:colcon.colcon_core.package_identification:_identify(ouster-ros) by extension 'colcon_meta'
[2.935s] Level 1:colcon.colcon_core.package_identification:_identify(ouster-ros) by extensions ['ros']
[2.935s] Level 1:colcon.colcon_core.package_identification:_identify(ouster-ros) by extension 'ros'
[2.935s] Level 1:colcon.colcon_core.package_identification:_identify(ouster-ros) by extensions ['cmake', 'python']
[2.935s] Level 1:colcon.colcon_core.package_identification:_identify(ouster-ros) by extension 'cmake'
[2.936s] Level 1:colcon.colcon_core.package_identification:_identify(ouster-ros) by extension 'python'
[2.936s] Level 1:colcon.colcon_core.package_identification:_identify(ouster-ros) by extensions ['python_setup_py']
[2.936s] Level 1:colcon.colcon_core.package_identification:_identify(ouster-ros) by extension 'python_setup_py'
[2.936s] Level 1:colcon.colcon_core.package_identification:_identify(ouster-ros/docs) by extensions ['ignore', 'ignore_ament_install']
[2.936s] Level 1:colcon.colcon_core.package_identification:_identify(ouster-ros/docs) by extension 'ignore'
[2.937s] Level 1:colcon.colcon_core.package_identification:_identify(ouster-ros/docs) by extension 'ignore_ament_install'
[2.937s] Level 1:colcon.colcon_core.package_identification:_identify(ouster-ros/docs) by extensions ['colcon_pkg']
[2.937s] Level 1:colcon.colcon_core.package_identification:_identify(ouster-ros/docs) by extension 'colcon_pkg'
[2.937s] Level 1:colcon.colcon_core.package_identification:_identify(ouster-ros/docs) by extensions ['colcon_meta']
[2.937s] Level 1:colcon.colcon_core.package_identification:_identify(ouster-ros/docs) by extension 'colcon_meta'
[2.937s] Level 1:colcon.colcon_core.package_identification:_identify(ouster-ros/docs) by extensions ['ros']
[2.938s] Level 1:colcon.colcon_core.package_identification:_identify(ouster-ros/docs) by extension 'ros'
[2.938s] Level 1:colcon.colcon_core.package_identification:_identify(ouster-ros/docs) by extensions ['cmake', 'python']
[2.938s] Level 1:colcon.colcon_core.package_identification:_identify(ouster-ros/docs) by extension 'cmake'
[2.938s] Level 1:colcon.colcon_core.package_identification:_identify(ouster-ros/docs) by extension 'python'
[2.938s] Level 1:colcon.colcon_core.package_identification:_identify(ouster-ros/docs) by extensions ['python_setup_py']
[2.939s] Level 1:colcon.colcon_core.package_identification:_identify(ouster-ros/docs) by extension 'python_setup_py'
[2.939s] Level 1:colcon.colcon_core.package_identification:_identify(ouster-ros/docs/images) by extensions ['ignore', 'ignore_ament_install']
[2.939s] Level 1:colcon.colcon_core.package_identification:_identify(ouster-ros/docs/images) by extension 'ignore'
[2.939s] Level 1:colcon.colcon_core.package_identification:_identify(ouster-ros/docs/images) by extension 'ignore_ament_install'
[2.939s] Level 1:colcon.colcon_core.package_identification:_identify(ouster-ros/docs/images) by extensions ['colcon_pkg']
[2.940s] Level 1:colcon.colcon_core.package_identification:_identify(ouster-ros/docs/images) by extension 'colcon_pkg'
[2.940s] Level 1:colcon.colcon_core.package_identification:_identify(ouster-ros/docs/images) by extensions ['colcon_meta']
[2.940s] Level 1:colcon.colcon_core.package_identification:_identify(ouster-ros/docs/images) by extension 'colcon_meta'
[2.940s] Level 1:colcon.colcon_core.package_identification:_identify(ouster-ros/docs/images) by extensions ['ros']
[2.940s] Level 1:colcon.colcon_core.package_identification:_identify(ouster-ros/docs/images) by extension 'ros'
[2.940s] Level 1:colcon.colcon_core.package_identification:_identify(ouster-ros/docs/images) by extensions ['cmake', 'python']
[2.941s] Level 1:colcon.colcon_core.package_identification:_identify(ouster-ros/docs/images) by extension 'cmake'
[2.941s] Level 1:colcon.colcon_core.package_identification:_identify(ouster-ros/docs/images) by extension 'python'
[2.941s] Level 1:colcon.colcon_core.package_identification:_identify(ouster-ros/docs/images) by extensions ['python_setup_py']
[2.941s] Level 1:colcon.colcon_core.package_identification:_identify(ouster-ros/docs/images) by extension 'python_setup_py'
[2.941s] Level 1:colcon.colcon_core.package_identification:_identify(ouster-ros/ouster-ros) by extensions ['ignore', 'ignore_ament_install']
[2.941s] Level 1:colcon.colcon_core.package_identification:_identify(ouster-ros/ouster-ros) by extension 'ignore'
[2.941s] Level 1:colcon.colcon_core.package_identification:_identify(ouster-ros/ouster-ros) by extension 'ignore_ament_install'
[2.942s] Level 1:colcon.colcon_core.package_identification:_identify(ouster-ros/ouster-ros) by extensions ['colcon_pkg']
[2.942s] Level 1:colcon.colcon_core.package_identification:_identify(ouster-ros/ouster-ros) by extension 'colcon_pkg'
[2.942s] Level 1:colcon.colcon_core.package_identification:_identify(ouster-ros/ouster-ros) by extensions ['colcon_meta']
[2.942s] Level 1:colcon.colcon_core.package_identification:_identify(ouster-ros/ouster-ros) by extension 'colcon_meta'
[2.942s] Level 1:colcon.colcon_core.package_identification:_identify(ouster-ros/ouster-ros) by extensions ['ros']
[2.942s] Level 1:colcon.colcon_core.package_identification:_identify(ouster-ros/ouster-ros) by extension 'ros'
[2.948s] DEBUG:colcon.colcon_core.package_identification:Package 'ouster-ros/ouster-ros' with type 'ros.ament_cmake' and name 'ouster_ros'
[2.949s] Level 1:colcon.colcon_core.package_identification:_identify(ouster-ros/ouster-sensor-msgs) by extensions ['ignore', 'ignore_ament_install']
[2.949s] Level 1:colcon.colcon_core.package_identification:_identify(ouster-ros/ouster-sensor-msgs) by extension 'ignore'
[2.949s] Level 1:colcon.colcon_core.package_identification:_identify(ouster-ros/ouster-sensor-msgs) by extension 'ignore_ament_install'
[2.949s] Level 1:colcon.colcon_core.package_identification:_identify(ouster-ros/ouster-sensor-msgs) by extensions ['colcon_pkg']
[2.950s] Level 1:colcon.colcon_core.package_identification:_identify(ouster-ros/ouster-sensor-msgs) by extension 'colcon_pkg'
[2.950s] Level 1:colcon.colcon_core.package_identification:_identify(ouster-ros/ouster-sensor-msgs) by extensions ['colcon_meta']
[2.950s] Level 1:colcon.colcon_core.package_identification:_identify(ouster-ros/ouster-sensor-msgs) by extension 'colcon_meta'
[2.950s] Level 1:colcon.colcon_core.package_identification:_identify(ouster-ros/ouster-sensor-msgs) by extensions ['ros']
[2.950s] Level 1:colcon.colcon_core.package_identification:_identify(ouster-ros/ouster-sensor-msgs) by extension 'ros'
[2.953s] DEBUG:colcon.colcon_core.package_identification:Package 'ouster-ros/ouster-sensor-msgs' with type 'ros.ament_cmake' and name 'ouster_sensor_msgs'
[2.953s] Level 1:colcon.colcon_core.package_identification:_identify(test) by extensions ['ignore', 'ignore_ament_install']
[2.954s] Level 1:colcon.colcon_core.package_identification:_identify(test) by extension 'ignore'
[2.954s] Level 1:colcon.colcon_core.package_identification:_identify(test) by extension 'ignore_ament_install'
[2.954s] Level 1:colcon.colcon_core.package_identification:_identify(test) by extensions ['colcon_pkg']
[2.954s] Level 1:colcon.colcon_core.package_identification:_identify(test) by extension 'colcon_pkg'
[2.954s] Level 1:colcon.colcon_core.package_identification:_identify(test) by extensions ['colcon_meta']
[2.954s] Level 1:colcon.colcon_core.package_identification:_identify(test) by extension 'colcon_meta'
[2.955s] Level 1:colcon.colcon_core.package_identification:_identify(test) by extensions ['ros']
[2.955s] Level 1:colcon.colcon_core.package_identification:_identify(test) by extension 'ros'
[2.958s] DEBUG:colcon.colcon_core.package_identification:Package 'test' with type 'ros.ament_cmake' and name 'test'
[2.959s] Level 1:colcon.colcon_core.package_identification:_identify(test-autonomous-typing) by extensions ['ignore', 'ignore_ament_install']
[2.959s] Level 1:colcon.colcon_core.package_identification:_identify(test-autonomous-typing) by extension 'ignore'
[2.959s] Level 1:colcon.colcon_core.package_identification:_identify(test-autonomous-typing) by extension 'ignore_ament_install'
[2.959s] Level 1:colcon.colcon_core.package_identification:_identify(test-autonomous-typing) by extensions ['colcon_pkg']
[2.959s] Level 1:colcon.colcon_core.package_identification:_identify(test-autonomous-typing) by extension 'colcon_pkg'
[2.960s] Level 1:colcon.colcon_core.package_identification:_identify(test-autonomous-typing) by extensions ['colcon_meta']
[2.960s] Level 1:colcon.colcon_core.package_identification:_identify(test-autonomous-typing) by extension 'colcon_meta'
[2.960s] Level 1:colcon.colcon_core.package_identification:_identify(test-autonomous-typing) by extensions ['ros']
[2.960s] Level 1:colcon.colcon_core.package_identification:_identify(test-autonomous-typing) by extension 'ros'
[2.960s] Level 1:colcon.colcon_core.package_identification:_identify(test-autonomous-typing) by extensions ['cmake', 'python']
[2.960s] Level 1:colcon.colcon_core.package_identification:_identify(test-autonomous-typing) by extension 'cmake'
[2.960s] Level 1:colcon.colcon_core.package_identification:_identify(test-autonomous-typing) by extension 'python'
[2.960s] Level 1:colcon.colcon_core.package_identification:_identify(test-autonomous-typing) by extensions ['python_setup_py']
[2.961s] Level 1:colcon.colcon_core.package_identification:_identify(test-autonomous-typing) by extension 'python_setup_py'
[2.961s] Level 1:colcon.colcon_core.package_identification:_identify(usb_cam) by extensions ['ignore', 'ignore_ament_install']
[2.961s] Level 1:colcon.colcon_core.package_identification:_identify(usb_cam) by extension 'ignore'
[2.961s] Level 1:colcon.colcon_core.package_identification:_identify(usb_cam) by extension 'ignore_ament_install'
[2.961s] Level 1:colcon.colcon_core.package_identification:_identify(usb_cam) by extensions ['colcon_pkg']
[2.962s] Level 1:colcon.colcon_core.package_identification:_identify(usb_cam) by extension 'colcon_pkg'
[2.962s] Level 1:colcon.colcon_core.package_identification:_identify(usb_cam) by extensions ['colcon_meta']
[2.962s] Level 1:colcon.colcon_core.package_identification:_identify(usb_cam) by extension 'colcon_meta'
[2.962s] Level 1:colcon.colcon_core.package_identification:_identify(usb_cam) by extensions ['ros']
[2.962s] Level 1:colcon.colcon_core.package_identification:_identify(usb_cam) by extension 'ros'
[2.984s] DEBUG:colcon.colcon_core.package_identification:Package 'usb_cam' with type 'ros.ament_cmake' and name 'usb_cam'
[2.985s] Level 1:colcon.colcon_core.package_identification:_identify(wheels_controller) by extensions ['ignore', 'ignore_ament_install']
[2.986s] Level 1:colcon.colcon_core.package_identification:_identify(wheels_controller) by extension 'ignore'
[2.986s] Level 1:colcon.colcon_core.package_identification:_identify(wheels_controller) by extension 'ignore_ament_install'
[2.986s] Level 1:colcon.colcon_core.package_identification:_identify(wheels_controller) by extensions ['colcon_pkg']
[2.986s] Level 1:colcon.colcon_core.package_identification:_identify(wheels_controller) by extension 'colcon_pkg'
[2.986s] Level 1:colcon.colcon_core.package_identification:_identify(wheels_controller) by extensions ['colcon_meta']
[2.986s] Level 1:colcon.colcon_core.package_identification:_identify(wheels_controller) by extension 'colcon_meta'
[2.987s] Level 1:colcon.colcon_core.package_identification:_identify(wheels_controller) by extensions ['ros']
[2.987s] Level 1:colcon.colcon_core.package_identification:_identify(wheels_controller) by extension 'ros'
[2.990s] DEBUG:colcon.colcon_core.package_identification:Package 'wheels_controller' with type 'ros.ament_cmake' and name 'wheels_controller'
[2.990s] Level 1:colcon.colcon_core.package_discovery:discover_packages(recursive) using defaults
[2.990s] Level 1:colcon.colcon_core.package_discovery:discover_packages(ignore) discover
[2.990s] Level 1:colcon.colcon_core.package_discovery:discover_packages(ignore) using defaults
[2.990s] Level 1:colcon.colcon_core.package_discovery:discover_packages(path) discover
[2.990s] Level 1:colcon.colcon_core.package_discovery:discover_packages(path) using defaults
[3.067s] INFO:colcon.colcon_core.package_selection:Skipping not selected package 'absenc_interface' in 'absenc_interface'
[3.067s] INFO:colcon.colcon_core.package_selection:Skipping not selected package 'arm_controller' in 'arm_controller'
[3.067s] INFO:colcon.colcon_core.package_selection:Skipping not selected package 'arm_hardware' in 'inverse-kinematics/arm_hardware'
[3.067s] INFO:colcon.colcon_core.package_selection:Skipping not selected package 'gps_py' in 'gps_py'
[3.067s] INFO:colcon.colcon_core.package_selection:Skipping not selected package 'ik_mux_controller' in 'inverse-kinematics/ik_mux_controller'
[3.067s] INFO:colcon.colcon_core.package_selection:Skipping not selected package 'joy_mux_controller' in 'joy_mux_controller'
[3.067s] INFO:colcon.colcon_core.package_selection:Skipping not selected package 'joy_mux_controller_cpp' in 'joy_mux_controller_cpp'
[3.068s] INFO:colcon.colcon_core.package_selection:Skipping not selected package 'joy_mux_controller_py' in 'joy_mux_controller_py'
[3.068s] INFO:colcon.colcon_core.package_selection:Skipping not selected package 'ouster_sensor_msgs' in 'ouster-ros/ouster-sensor-msgs'
[3.068s] INFO:colcon.colcon_core.package_selection:Skipping not selected package 'rover_arm_description' in 'inverse-kinematics/rover_arm_description'
[3.068s] INFO:colcon.colcon_core.package_selection:Skipping not selected package 'usb_cam' in 'usb_cam'
[3.068s] INFO:colcon.colcon_core.package_selection:Skipping not selected package 'wheels_controller' in 'wheels_controller'
[3.068s] INFO:colcon.colcon_core.package_selection:Skipping not selected package 'ouster_ros' in 'ouster-ros/ouster-ros'
[3.068s] INFO:colcon.colcon_core.package_selection:Skipping not selected package 'rover_arm_moveit_config' in 'inverse-kinematics/rover_arm_moveit_config'
[3.070s] Level 1:colcon.colcon_core.package_discovery:discover_packages(prefix_path) check parameters
[3.070s] Level 1:colcon.colcon_core.package_discovery:discover_packages(prefix_path) discover
[3.081s] DEBUG:colcon.colcon_installed_package_information.package_discovery:Found 8 installed packages in /home/liliana/ros2_ws/install
[3.087s] DEBUG:colcon.colcon_installed_package_information.package_discovery:Found 45 installed packages in /home/liliana/ws_moveit/install
[3.090s] DEBUG:colcon.colcon_installed_package_information.package_discovery:Found 3 installed packages in /home/liliana/install
[3.096s] DEBUG:colcon.colcon_installed_package_information.package_discovery:Found 419 installed packages in /opt/ros/humble
[3.108s] Level 1:colcon.colcon_core.package_discovery:discover_packages(prefix_path) using defaults
[3.309s] Level 5:colcon.colcon_core.verb:set package 'test' build argument 'cmake_args' from command line to 'None'
[3.309s] Level 5:colcon.colcon_core.verb:set package 'test' build argument 'cmake_target' from command line to 'None'
[3.309s] Level 5:colcon.colcon_core.verb:set package 'test' build argument 'cmake_target_skip_unavailable' from command line to 'False'
[3.310s] Level 5:colcon.colcon_core.verb:set package 'test' build argument 'cmake_clean_cache' from command line to 'False'
[3.310s] Level 5:colcon.colcon_core.verb:set package 'test' build argument 'cmake_clean_first' from command line to 'False'
[3.310s] Level 5:colcon.colcon_core.verb:set package 'test' build argument 'cmake_force_configure' from command line to 'False'
[3.310s] Level 5:colcon.colcon_core.verb:set package 'test' build argument 'ament_cmake_args' from command line to 'None'
[3.310s] Level 5:colcon.colcon_core.verb:set package 'test' build argument 'catkin_cmake_args' from command line to 'None'
[3.310s] Level 5:colcon.colcon_core.verb:set package 'test' build argument 'catkin_skip_building_tests' from command line to 'False'
[3.310s] DEBUG:colcon.colcon_core.verb:Building package 'test' with the following arguments: {'ament_cmake_args': None, 'build_base': '/home/liliana/ros2_ws/robot-repo-ros2/src/build/test', 'catkin_cmake_args': None, 'catkin_skip_building_tests': False, 'cmake_args': None, 'cmake_clean_cache': False, 'cmake_clean_first': False, 'cmake_force_configure': False, 'cmake_target': None, 'cmake_target_skip_unavailable': False, 'install_base': '/home/liliana/ros2_ws/robot-repo-ros2/src/install/test', 'merge_install': False, 'path': '/home/liliana/ros2_ws/robot-repo-ros2/src/test', 'symlink_install': False, 'test_result_base': None}
[3.311s] INFO:colcon.colcon_core.executor:Executing jobs using 'parallel' executor
[3.314s] DEBUG:colcon.colcon_parallel_executor.executor.parallel:run_until_complete
[3.315s] INFO:colcon.colcon_ros.task.ament_cmake.build:Building ROS package in '/home/liliana/ros2_ws/robot-repo-ros2/src/test' with build type 'ament_cmake'
[3.315s] INFO:colcon.colcon_cmake.task.cmake.build:Building CMake package in '/home/liliana/ros2_ws/robot-repo-ros2/src/test'
[3.323s] INFO:colcon.colcon_core.plugin_system:Skipping extension 'colcon_core.shell.bat': Not used on non-Windows systems
[3.324s] INFO:colcon.colcon_core.shell:Skip shell extension 'powershell' for command environment: Not usable outside of PowerShell
[3.324s] DEBUG:colcon.colcon_core.shell:Skip shell extension 'dsv' for command environment
[3.394s] DEBUG:colcon.colcon_core.event_handler.log_command:Invoking command in '/home/liliana/ros2_ws/robot-repo-ros2/src/build/test': CMAKE_PREFIX_PATH=${CMAKE_PREFIX_PATH}:/home/liliana/ws_moveit/install/moveit_configs_utils:/home/liliana/ros2_ws/install/my_py_pkg:/home/liliana/ros2_ws/install/joy_mux_controller:/home/liliana/install/my_py_pkg:/opt/ros/humble /usr/bin/cmake --build /home/liliana/ros2_ws/robot-repo-ros2/src/build/test -- -j6 -l6
[3.719s] DEBUG:colcon.colcon_core.event_handler.log_command:Invoked command in '/home/liliana/ros2_ws/robot-repo-ros2/src/build/test' returned '0': CMAKE_PREFIX_PATH=${CMAKE_PREFIX_PATH}:/home/liliana/ws_moveit/install/moveit_configs_utils:/home/liliana/ros2_ws/install/my_py_pkg:/home/liliana/ros2_ws/install/joy_mux_controller:/home/liliana/install/my_py_pkg:/opt/ros/humble /usr/bin/cmake --build /home/liliana/ros2_ws/robot-repo-ros2/src/build/test -- -j6 -l6
[3.765s] DEBUG:colcon.colcon_core.event_handler.log_command:Invoking command in '/home/liliana/ros2_ws/robot-repo-ros2/src/build/test': CMAKE_PREFIX_PATH=${CMAKE_PREFIX_PATH}:/home/liliana/ws_moveit/install/moveit_configs_utils:/home/liliana/ros2_ws/install/my_py_pkg:/home/liliana/ros2_ws/install/joy_mux_controller:/home/liliana/install/my_py_pkg:/opt/ros/humble /usr/bin/cmake --install /home/liliana/ros2_ws/robot-repo-ros2/src/build/test
[3.802s] Level 1:colcon.colcon_core.environment:create_environment_scripts_only(test)
[3.805s] DEBUG:colcon.colcon_core.event_handler.log_command:Invoked command in '/home/liliana/ros2_ws/robot-repo-ros2/src/build/test' returned '0': CMAKE_PREFIX_PATH=${CMAKE_PREFIX_PATH}:/home/liliana/ws_moveit/install/moveit_configs_utils:/home/liliana/ros2_ws/install/my_py_pkg:/home/liliana/ros2_ws/install/joy_mux_controller:/home/liliana/install/my_py_pkg:/opt/ros/humble /usr/bin/cmake --install /home/liliana/ros2_ws/robot-repo-ros2/src/build/test
[3.811s] Level 1:colcon.colcon_core.environment:checking '/home/liliana/ros2_ws/robot-repo-ros2/src/install/test' for CMake module files
[3.813s] Level 1:colcon.colcon_core.environment:checking '/home/liliana/ros2_ws/robot-repo-ros2/src/install/test' for CMake config files
[3.814s] Level 1:colcon.colcon_core.shell:create_environment_hook('test', 'cmake_prefix_path')
[3.815s] INFO:colcon.colcon_core.shell:Creating environment hook '/home/liliana/ros2_ws/robot-repo-ros2/src/install/test/share/test/hook/cmake_prefix_path.ps1'
[3.816s] INFO:colcon.colcon_core.shell:Creating environment descriptor '/home/liliana/ros2_ws/robot-repo-ros2/src/install/test/share/test/hook/cmake_prefix_path.dsv'
[3.818s] INFO:colcon.colcon_core.shell:Creating environment hook '/home/liliana/ros2_ws/robot-repo-ros2/src/install/test/share/test/hook/cmake_prefix_path.sh'
[3.822s] Level 1:colcon.colcon_core.environment:checking '/home/liliana/ros2_ws/robot-repo-ros2/src/install/test/lib'
[3.823s] Level 1:colcon.colcon_core.environment:checking '/home/liliana/ros2_ws/robot-repo-ros2/src/install/test/bin'
[3.824s] Level 1:colcon.colcon_core.environment:checking '/home/liliana/ros2_ws/robot-repo-ros2/src/install/test/lib/pkgconfig/test.pc'
[3.825s] Level 1:colcon.colcon_core.environment:checking '/home/liliana/ros2_ws/robot-repo-ros2/src/install/test/lib/python3.10/site-packages'
[3.826s] Level 1:colcon.colcon_core.environment:checking '/home/liliana/ros2_ws/robot-repo-ros2/src/install/test/bin'
[3.827s] INFO:colcon.colcon_core.shell:Creating package script '/home/liliana/ros2_ws/robot-repo-ros2/src/install/test/share/test/package.ps1'
[3.829s] INFO:colcon.colcon_core.shell:Creating package descriptor '/home/liliana/ros2_ws/robot-repo-ros2/src/install/test/share/test/package.dsv'
[3.831s] INFO:colcon.colcon_core.shell:Creating package script '/home/liliana/ros2_ws/robot-repo-ros2/src/install/test/share/test/package.sh'
[3.834s] INFO:colcon.colcon_core.shell:Creating package script '/home/liliana/ros2_ws/robot-repo-ros2/src/install/test/share/test/package.bash'
[3.837s] INFO:colcon.colcon_core.shell:Creating package script '/home/liliana/ros2_ws/robot-repo-ros2/src/install/test/share/test/package.zsh'
[3.839s] Level 1:colcon.colcon_core.environment:create_file_with_runtime_dependencies(/home/liliana/ros2_ws/robot-repo-ros2/src/install/test/share/colcon-core/packages/test)
[3.841s] Level 1:colcon.colcon_core.environment:create_environment_scripts_only(test)
[3.842s] Level 1:colcon.colcon_core.environment:checking '/home/liliana/ros2_ws/robot-repo-ros2/src/install/test' for CMake module files
[3.843s] Level 1:colcon.colcon_core.environment:checking '/home/liliana/ros2_ws/robot-repo-ros2/src/install/test' for CMake config files
[3.845s] Level 1:colcon.colcon_core.shell:create_environment_hook('test', 'cmake_prefix_path')
[3.845s] INFO:colcon.colcon_core.shell:Creating environment hook '/home/liliana/ros2_ws/robot-repo-ros2/src/install/test/share/test/hook/cmake_prefix_path.ps1'
[3.847s] INFO:colcon.colcon_core.shell:Creating environment descriptor '/home/liliana/ros2_ws/robot-repo-ros2/src/install/test/share/test/hook/cmake_prefix_path.dsv'
[3.848s] INFO:colcon.colcon_core.shell:Creating environment hook '/home/liliana/ros2_ws/robot-repo-ros2/src/install/test/share/test/hook/cmake_prefix_path.sh'
[3.850s] Level 1:colcon.colcon_core.environment:checking '/home/liliana/ros2_ws/robot-repo-ros2/src/install/test/lib'
[3.851s] Level 1:colcon.colcon_core.environment:checking '/home/liliana/ros2_ws/robot-repo-ros2/src/install/test/bin'
[3.851s] Level 1:colcon.colcon_core.environment:checking '/home/liliana/ros2_ws/robot-repo-ros2/src/install/test/lib/pkgconfig/test.pc'
[3.852s] Level 1:colcon.colcon_core.environment:checking '/home/liliana/ros2_ws/robot-repo-ros2/src/install/test/lib/python3.10/site-packages'
[3.853s] Level 1:colcon.colcon_core.environment:checking '/home/liliana/ros2_ws/robot-repo-ros2/src/install/test/bin'
[3.854s] INFO:colcon.colcon_core.shell:Creating package script '/home/liliana/ros2_ws/robot-repo-ros2/src/install/test/share/test/package.ps1'
[3.856s] INFO:colcon.colcon_core.shell:Creating package descriptor '/home/liliana/ros2_ws/robot-repo-ros2/src/install/test/share/test/package.dsv'
[3.858s] INFO:colcon.colcon_core.shell:Creating package script '/home/liliana/ros2_ws/robot-repo-ros2/src/install/test/share/test/package.sh'
[3.860s] INFO:colcon.colcon_core.shell:Creating package script '/home/liliana/ros2_ws/robot-repo-ros2/src/install/test/share/test/package.bash'
[3.862s] INFO:colcon.colcon_core.shell:Creating package script '/home/liliana/ros2_ws/robot-repo-ros2/src/install/test/share/test/package.zsh'
[3.864s] Level 1:colcon.colcon_core.environment:create_file_with_runtime_dependencies(/home/liliana/ros2_ws/robot-repo-ros2/src/install/test/share/colcon-core/packages/test)
[3.865s] DEBUG:colcon.colcon_parallel_executor.executor.parallel:closing loop
[3.867s] DEBUG:colcon.colcon_parallel_executor.executor.parallel:loop closed
[3.867s] DEBUG:colcon.colcon_parallel_executor.executor.parallel:run_until_complete finished with '0'
[3.867s] DEBUG:colcon.colcon_core.event_reactor:joining thread
[3.883s] INFO:colcon.colcon_core.plugin_system:Skipping extension 'colcon_notification.desktop_notification.terminal_notifier': Not used on non-Darwin systems
[3.884s] INFO:colcon.colcon_core.plugin_system:Skipping extension 'colcon_notification.desktop_notification.win32': Not used on non-Windows systems
[3.884s] INFO:colcon.colcon_notification.desktop_notification:Sending desktop notification using 'notify2'
[3.924s] DEBUG:colcon.colcon_core.event_reactor:joined thread
[3.925s] INFO:colcon.colcon_core.shell:Creating prefix script '/home/liliana/ros2_ws/robot-repo-ros2/src/install/local_setup.ps1'
[3.928s] INFO:colcon.colcon_core.shell:Creating prefix util module '/home/liliana/ros2_ws/robot-repo-ros2/src/install/_local_setup_util_ps1.py'
[3.933s] INFO:colcon.colcon_core.shell:Creating prefix chain script '/home/liliana/ros2_ws/robot-repo-ros2/src/install/setup.ps1'
[3.942s] INFO:colcon.colcon_core.shell:Creating prefix script '/home/liliana/ros2_ws/robot-repo-ros2/src/install/local_setup.sh'
[3.945s] INFO:colcon.colcon_core.shell:Creating prefix util module '/home/liliana/ros2_ws/robot-repo-ros2/src/install/_local_setup_util_sh.py'
[3.948s] INFO:colcon.colcon_core.shell:Creating prefix chain script '/home/liliana/ros2_ws/robot-repo-ros2/src/install/setup.sh'
[3.958s] INFO:colcon.colcon_core.shell:Creating prefix script '/home/liliana/ros2_ws/robot-repo-ros2/src/install/local_setup.bash'
[3.960s] INFO:colcon.colcon_core.shell:Creating prefix chain script '/home/liliana/ros2_ws/robot-repo-ros2/src/install/setup.bash'
[3.970s] INFO:colcon.colcon_core.shell:Creating prefix script '/home/liliana/ros2_ws/robot-repo-ros2/src/install/local_setup.zsh'
[3.972s] INFO:colcon.colcon_core.shell:Creating prefix chain script '/home/liliana/ros2_ws/robot-repo-ros2/src/install/setup.zsh'
