[0.388s] Invoking command in '/home/scrb/code/imu/imu_ws/src/imu_node': PYTHONPATH=/home/scrb/code/imu/imu_ws/build/imu_node/prefix_override:/usr/lib/python3/dist-packages/colcon_core/task/python/colcon_distutils_commands:/home/scrb/code/imu/imu_ws/install/imu_node/lib/python3.10/site-packages:${PYTHONPATH} /usr/bin/python3 -W ignore:setup.py install is deprecated -W ignore:easy_install command is deprecated setup.py egg_info --egg-base ../../build/imu_node build --build-base /home/scrb/code/imu/imu_ws/build/imu_node/build install --record /home/scrb/code/imu/imu_ws/build/imu_node/install.log --single-version-externally-managed install_data
[0.532s] running egg_info
[0.533s] writing ../../build/imu_node/imu_node.egg-info/PKG-INFO
[0.533s] writing dependency_links to ../../build/imu_node/imu_node.egg-info/dependency_links.txt
[0.533s] writing entry points to ../../build/imu_node/imu_node.egg-info/entry_points.txt
[0.533s] writing requirements to ../../build/imu_node/imu_node.egg-info/requires.txt
[0.533s] writing top-level names to ../../build/imu_node/imu_node.egg-info/top_level.txt
[0.535s] reading manifest file '../../build/imu_node/imu_node.egg-info/SOURCES.txt'
[0.535s] writing manifest file '../../build/imu_node/imu_node.egg-info/SOURCES.txt'
[0.535s] running build
[0.535s] running build_py
[0.535s] running install
[0.535s] running install_lib
[0.536s] running install_data
[0.536s] running install_egg_info
[0.537s] removing '/home/scrb/code/imu/imu_ws/install/imu_node/lib/python3.10/site-packages/imu_node-0.0.0-py3.10.egg-info' (and everything under it)
[0.538s] Copying ../../build/imu_node/imu_node.egg-info to /home/scrb/code/imu/imu_ws/install/imu_node/lib/python3.10/site-packages/imu_node-0.0.0-py3.10.egg-info
[0.538s] running install_scripts
[0.551s] Installing imu_data script to /home/scrb/code/imu/imu_ws/install/imu_node/lib/imu_node
[0.551s] writing list of installed files to '/home/scrb/code/imu/imu_ws/build/imu_node/install.log'
[0.567s] Invoked command in '/home/scrb/code/imu/imu_ws/src/imu_node' returned '0': PYTHONPATH=/home/scrb/code/imu/imu_ws/build/imu_node/prefix_override:/usr/lib/python3/dist-packages/colcon_core/task/python/colcon_distutils_commands:/home/scrb/code/imu/imu_ws/install/imu_node/lib/python3.10/site-packages:${PYTHONPATH} /usr/bin/python3 -W ignore:setup.py install is deprecated -W ignore:easy_install command is deprecated setup.py egg_info --egg-base ../../build/imu_node build --build-base /home/scrb/code/imu/imu_ws/build/imu_node/build install --record /home/scrb/code/imu/imu_ws/build/imu_node/install.log --single-version-externally-managed install_data
