[0.345s] DEBUG:colcon:Command line arguments: ['/usr/bin/colcon', 'build', '--packages-select', 'test']
[0.346s] DEBUG:colcon:Parsed command line arguments: Namespace(log_base=None, log_level=None, verb_name='build', build_base='build', install_base='install', merge_install=False, symlink_install=False, test_result_base=None, continue_on_error=False, executor='parallel', parallel_workers=6, event_handlers=None, ignore_user_meta=False, metas=['./colcon.meta'], base_paths=['.'], packages_ignore=None, packages_ignore_regex=None, paths=None, packages_up_to=None, packages_up_to_regex=None, packages_above=None, packages_above_and_dependencies=None, packages_above_depth=None, packages_select_by_dep=None, packages_skip_by_dep=None, packages_skip_up_to=None, packages_select_build_failed=False, packages_skip_build_finished=False, packages_select_test_failures=False, packages_skip_test_passed=False, packages_select=['test'], packages_skip=None, packages_select_regex=None, packages_skip_regex=None, packages_start=None, packages_end=None, allow_overriding=[], cmake_args=None, cmake_target=None, cmake_target_skip_unavailable=False, cmake_clean_cache=False, cmake_clean_first=False, cmake_force_configure=False, ament_cmake_args=None, catkin_cmake_args=None, catkin_skip_building_tests=False, mixin_files=None, mixin=None, verb_parser=<colcon_mixin.mixin.mixin_argument.MixinArgumentDecorator object at 0x7809739a05b0>, verb_extension=<colcon_core.verb.build.BuildVerb object at 0x7809739a00a0>, main=<bound method BuildVerb.main of <colcon_core.verb.build.BuildVerb object at 0x7809739a00a0>>, mixin_verb=('build',))
[1.153s] Level 1:colcon.colcon_core.package_discovery:discover_packages(colcon_meta) check parameters
[1.154s] Level 1:colcon.colcon_core.package_discovery:discover_packages(recursive) check parameters
[1.154s] Level 1:colcon.colcon_core.package_discovery:discover_packages(ignore) check parameters
[1.154s] Level 1:colcon.colcon_core.package_discovery:discover_packages(path) check parameters
[1.154s] Level 1:colcon.colcon_core.package_discovery:discover_packages(colcon_meta) discover
[1.154s] Level 1:colcon.colcon_core.package_discovery:discover_packages(recursive) discover
[1.154s] INFO:colcon.colcon_core.package_discovery:Crawling recursively for packages in '/home/liliana/ros2_ws/robot-repo-ros2/src'
[1.154s] Level 1:colcon.colcon_core.package_identification:_identify(.) by extensions ['ignore', 'ignore_ament_install']
[1.155s] Level 1:colcon.colcon_core.package_identification:_identify(.) by extension 'ignore'
[1.155s] Level 1:colcon.colcon_core.package_identification:_identify(.) by extension 'ignore_ament_install'
[1.155s] Level 1:colcon.colcon_core.package_identification:_identify(.) by extensions ['colcon_pkg']
[1.155s] Level 1:colcon.colcon_core.package_identification:_identify(.) by extension 'colcon_pkg'
[1.155s] Level 1:colcon.colcon_core.package_identification:_identify(.) by extensions ['colcon_meta']
[1.155s] Level 1:colcon.colcon_core.package_identification:_identify(.) by extension 'colcon_meta'
[1.155s] Level 1:colcon.colcon_core.package_identification:_identify(.) by extensions ['ros']
[1.156s] Level 1:colcon.colcon_core.package_identification:_identify(.) by extension 'ros'
[1.191s] Level 1:colcon.colcon_core.package_identification:_identify(.) by extensions ['cmake', 'python']
[1.191s] Level 1:colcon.colcon_core.package_identification:_identify(.) by extension 'cmake'
[1.191s] Level 1:colcon.colcon_core.package_identification:_identify(.) by extension 'python'
[1.191s] Level 1:colcon.colcon_core.package_identification:_identify(.) by extensions ['python_setup_py']
[1.191s] Level 1:colcon.colcon_core.package_identification:_identify(.) by extension 'python_setup_py'
[1.192s] Level 1:colcon.colcon_core.package_identification:_identify(absenc_interface) by extensions ['ignore', 'ignore_ament_install']
[1.192s] Level 1:colcon.colcon_core.package_identification:_identify(absenc_interface) by extension 'ignore'
[1.192s] Level 1:colcon.colcon_core.package_identification:_identify(absenc_interface) by extension 'ignore_ament_install'
[1.192s] Level 1:colcon.colcon_core.package_identification:_identify(absenc_interface) by extensions ['colcon_pkg']
[1.192s] Level 1:colcon.colcon_core.package_identification:_identify(absenc_interface) by extension 'colcon_pkg'
[1.192s] Level 1:colcon.colcon_core.package_identification:_identify(absenc_interface) by extensions ['colcon_meta']
[1.192s] Level 1:colcon.colcon_core.package_identification:_identify(absenc_interface) by extension 'colcon_meta'
[1.192s] Level 1:colcon.colcon_core.package_identification:_identify(absenc_interface) by extensions ['ros']
[1.193s] Level 1:colcon.colcon_core.package_identification:_identify(absenc_interface) by extension 'ros'
[1.202s] DEBUG:colcon.colcon_core.package_identification:Package 'absenc_interface' with type 'ros.ament_cmake' and name 'absenc_interface'
[1.203s] Level 1:colcon.colcon_core.package_identification:_identify(arm_controller) by extensions ['ignore', 'ignore_ament_install']
[1.203s] Level 1:colcon.colcon_core.package_identification:_identify(arm_controller) by extension 'ignore'
[1.203s] Level 1:colcon.colcon_core.package_identification:_identify(arm_controller) by extension 'ignore_ament_install'
[1.203s] Level 1:colcon.colcon_core.package_identification:_identify(arm_controller) by extensions ['colcon_pkg']
[1.203s] Level 1:colcon.colcon_core.package_identification:_identify(arm_controller) by extension 'colcon_pkg'
[1.203s] Level 1:colcon.colcon_core.package_identification:_identify(arm_controller) by extensions ['colcon_meta']
[1.204s] Level 1:colcon.colcon_core.package_identification:_identify(arm_controller) by extension 'colcon_meta'
[1.204s] Level 1:colcon.colcon_core.package_identification:_identify(arm_controller) by extensions ['ros']
[1.204s] Level 1:colcon.colcon_core.package_identification:_identify(arm_controller) by extension 'ros'
[1.206s] DEBUG:colcon.colcon_core.package_identification:Package 'arm_controller' with type 'ros.ament_cmake' and name 'arm_controller'
[1.207s] Level 1:colcon.colcon_core.package_identification:_identify(build) by extensions ['ignore', 'ignore_ament_install']
[1.207s] Level 1:colcon.colcon_core.package_identification:_identify(build) by extension 'ignore'
[1.207s] Level 1:colcon.colcon_core.package_identification:_identify(build) ignored
[1.207s] Level 1:colcon.colcon_core.package_identification:_identify(gps_py) by extensions ['ignore', 'ignore_ament_install']
[1.208s] Level 1:colcon.colcon_core.package_identification:_identify(gps_py) by extension 'ignore'
[1.208s] Level 1:colcon.colcon_core.package_identification:_identify(gps_py) by extension 'ignore_ament_install'
[1.208s] Level 1:colcon.colcon_core.package_identification:_identify(gps_py) by extensions ['colcon_pkg']
[1.208s] Level 1:colcon.colcon_core.package_identification:_identify(gps_py) by extension 'colcon_pkg'
[1.208s] Level 1:colcon.colcon_core.package_identification:_identify(gps_py) by extensions ['colcon_meta']
[1.208s] Level 1:colcon.colcon_core.package_identification:_identify(gps_py) by extension 'colcon_meta'
[1.208s] Level 1:colcon.colcon_core.package_identification:_identify(gps_py) by extensions ['ros']
[1.208s] Level 1:colcon.colcon_core.package_identification:_identify(gps_py) by extension 'ros'
[1.210s] DEBUG:colcon.colcon_core.package_identification:Package 'gps_py' with type 'ros.ament_python' and name 'gps_py'
[1.210s] Level 1:colcon.colcon_core.package_identification:_identify(install) by extensions ['ignore', 'ignore_ament_install']
[1.210s] Level 1:colcon.colcon_core.package_identification:_identify(install) by extension 'ignore'
[1.211s] Level 1:colcon.colcon_core.package_identification:_identify(install) ignored
[1.211s] Level 1:colcon.colcon_core.package_identification:_identify(inverse-kinematics) by extensions ['ignore', 'ignore_ament_install']
[1.211s] Level 1:colcon.colcon_core.package_identification:_identify(inverse-kinematics) by extension 'ignore'
[1.211s] Level 1:colcon.colcon_core.package_identification:_identify(inverse-kinematics) by extension 'ignore_ament_install'
[1.211s] Level 1:colcon.colcon_core.package_identification:_identify(inverse-kinematics) by extensions ['colcon_pkg']
[1.211s] Level 1:colcon.colcon_core.package_identification:_identify(inverse-kinematics) by extension 'colcon_pkg'
[1.212s] Level 1:colcon.colcon_core.package_identification:_identify(inverse-kinematics) by extensions ['colcon_meta']
[1.212s] Level 1:colcon.colcon_core.package_identification:_identify(inverse-kinematics) by extension 'colcon_meta'
[1.212s] Level 1:colcon.colcon_core.package_identification:_identify(inverse-kinematics) by extensions ['ros']
[1.212s] Level 1:colcon.colcon_core.package_identification:_identify(inverse-kinematics) by extension 'ros'
[1.212s] Level 1:colcon.colcon_core.package_identification:_identify(inverse-kinematics) by extensions ['cmake', 'python']
[1.212s] Level 1:colcon.colcon_core.package_identification:_identify(inverse-kinematics) by extension 'cmake'
[1.212s] Level 1:colcon.colcon_core.package_identification:_identify(inverse-kinematics) by extension 'python'
[1.212s] Level 1:colcon.colcon_core.package_identification:_identify(inverse-kinematics) by extensions ['python_setup_py']
[1.212s] Level 1:colcon.colcon_core.package_identification:_identify(inverse-kinematics) by extension 'python_setup_py'
[1.213s] Level 1:colcon.colcon_core.package_identification:_identify(inverse-kinematics/arm_hardware) by extensions ['ignore', 'ignore_ament_install']
[1.213s] Level 1:colcon.colcon_core.package_identification:_identify(inverse-kinematics/arm_hardware) by extension 'ignore'
[1.213s] Level 1:colcon.colcon_core.package_identification:_identify(inverse-kinematics/arm_hardware) by extension 'ignore_ament_install'
[1.213s] Level 1:colcon.colcon_core.package_identification:_identify(inverse-kinematics/arm_hardware) by extensions ['colcon_pkg']
[1.213s] Level 1:colcon.colcon_core.package_identification:_identify(inverse-kinematics/arm_hardware) by extension 'colcon_pkg'
[1.213s] Level 1:colcon.colcon_core.package_identification:_identify(inverse-kinematics/arm_hardware) by extensions ['colcon_meta']
[1.213s] Level 1:colcon.colcon_core.package_identification:_identify(inverse-kinematics/arm_hardware) by extension 'colcon_meta'
[1.213s] Level 1:colcon.colcon_core.package_identification:_identify(inverse-kinematics/arm_hardware) by extensions ['ros']
[1.213s] Level 1:colcon.colcon_core.package_identification:_identify(inverse-kinematics/arm_hardware) by extension 'ros'
[1.216s] DEBUG:colcon.colcon_core.package_identification:Package 'inverse-kinematics/arm_hardware' with type 'ros.ament_cmake' and name 'arm_hardware'
[1.217s] Level 1:colcon.colcon_core.package_identification:_identify(inverse-kinematics/build) by extensions ['ignore', 'ignore_ament_install']
[1.217s] Level 1:colcon.colcon_core.package_identification:_identify(inverse-kinematics/build) by extension 'ignore'
[1.217s] Level 1:colcon.colcon_core.package_identification:_identify(inverse-kinematics/build) ignored
[1.217s] Level 1:colcon.colcon_core.package_identification:_identify(inverse-kinematics/ik_mux_controller) by extensions ['ignore', 'ignore_ament_install']
[1.218s] Level 1:colcon.colcon_core.package_identification:_identify(inverse-kinematics/ik_mux_controller) by extension 'ignore'
[1.218s] Level 1:colcon.colcon_core.package_identification:_identify(inverse-kinematics/ik_mux_controller) by extension 'ignore_ament_install'
[1.218s] Level 1:colcon.colcon_core.package_identification:_identify(inverse-kinematics/ik_mux_controller) by extensions ['colcon_pkg']
[1.218s] Level 1:colcon.colcon_core.package_identification:_identify(inverse-kinematics/ik_mux_controller) by extension 'colcon_pkg'
[1.218s] Level 1:colcon.colcon_core.package_identification:_identify(inverse-kinematics/ik_mux_controller) by extensions ['colcon_meta']
[1.218s] Level 1:colcon.colcon_core.package_identification:_identify(inverse-kinematics/ik_mux_controller) by extension 'colcon_meta'
[1.218s] Level 1:colcon.colcon_core.package_identification:_identify(inverse-kinematics/ik_mux_controller) by extensions ['ros']
[1.218s] Level 1:colcon.colcon_core.package_identification:_identify(inverse-kinematics/ik_mux_controller) by extension 'ros'
[1.221s] DEBUG:colcon.colcon_core.package_identification:Package 'inverse-kinematics/ik_mux_controller' with type 'ros.ament_cmake' and name 'ik_mux_controller'
[1.222s] Level 1:colcon.colcon_core.package_identification:_identify(inverse-kinematics/install) by extensions ['ignore', 'ignore_ament_install']
[1.222s] Level 1:colcon.colcon_core.package_identification:_identify(inverse-kinematics/install) by extension 'ignore'
[1.222s] Level 1:colcon.colcon_core.package_identification:_identify(inverse-kinematics/install) ignored
[1.223s] Level 1:colcon.colcon_core.package_identification:_identify(inverse-kinematics/log) by extensions ['ignore', 'ignore_ament_install']
[1.223s] Level 1:colcon.colcon_core.package_identification:_identify(inverse-kinematics/log) by extension 'ignore'
[1.223s] Level 1:colcon.colcon_core.package_identification:_identify(inverse-kinematics/log) ignored
[1.223s] Level 1:colcon.colcon_core.package_identification:_identify(inverse-kinematics/rover_arm_description) by extensions ['ignore', 'ignore_ament_install']
[1.223s] Level 1:colcon.colcon_core.package_identification:_identify(inverse-kinematics/rover_arm_description) by extension 'ignore'
[1.223s] Level 1:colcon.colcon_core.package_identification:_identify(inverse-kinematics/rover_arm_description) by extension 'ignore_ament_install'
[1.224s] Level 1:colcon.colcon_core.package_identification:_identify(inverse-kinematics/rover_arm_description) by extensions ['colcon_pkg']
[1.224s] Level 1:colcon.colcon_core.package_identification:_identify(inverse-kinematics/rover_arm_description) by extension 'colcon_pkg'
[1.224s] Level 1:colcon.colcon_core.package_identification:_identify(inverse-kinematics/rover_arm_description) by extensions ['colcon_meta']
[1.224s] Level 1:colcon.colcon_core.package_identification:_identify(inverse-kinematics/rover_arm_description) by extension 'colcon_meta'
[1.224s] Level 1:colcon.colcon_core.package_identification:_identify(inverse-kinematics/rover_arm_description) by extensions ['ros']
[1.224s] Level 1:colcon.colcon_core.package_identification:_identify(inverse-kinematics/rover_arm_description) by extension 'ros'
[1.225s] DEBUG:colcon.colcon_core.package_identification:Package 'inverse-kinematics/rover_arm_description' with type 'ros.ament_cmake' and name 'rover_arm_description'
[1.226s] Level 1:colcon.colcon_core.package_identification:_identify(inverse-kinematics/rover_arm_moveit_config) by extensions ['ignore', 'ignore_ament_install']
[1.226s] Level 1:colcon.colcon_core.package_identification:_identify(inverse-kinematics/rover_arm_moveit_config) by extension 'ignore'
[1.226s] Level 1:colcon.colcon_core.package_identification:_identify(inverse-kinematics/rover_arm_moveit_config) by extension 'ignore_ament_install'
[1.226s] Level 1:colcon.colcon_core.package_identification:_identify(inverse-kinematics/rover_arm_moveit_config) by extensions ['colcon_pkg']
[1.226s] Level 1:colcon.colcon_core.package_identification:_identify(inverse-kinematics/rover_arm_moveit_config) by extension 'colcon_pkg'
[1.226s] Level 1:colcon.colcon_core.package_identification:_identify(inverse-kinematics/rover_arm_moveit_config) by extensions ['colcon_meta']
[1.226s] Level 1:colcon.colcon_core.package_identification:_identify(inverse-kinematics/rover_arm_moveit_config) by extension 'colcon_meta'
[1.226s] Level 1:colcon.colcon_core.package_identification:_identify(inverse-kinematics/rover_arm_moveit_config) by extensions ['ros']
[1.227s] Level 1:colcon.colcon_core.package_identification:_identify(inverse-kinematics/rover_arm_moveit_config) by extension 'ros'
[1.229s] DEBUG:colcon.colcon_core.package_identification:Package 'inverse-kinematics/rover_arm_moveit_config' with type 'ros.ament_cmake' and name 'rover_arm_moveit_config'
[1.230s] Level 1:colcon.colcon_core.package_identification:_identify(joy_mux_controller) by extensions ['ignore', 'ignore_ament_install']
[1.230s] Level 1:colcon.colcon_core.package_identification:_identify(joy_mux_controller) by extension 'ignore'
[1.230s] Level 1:colcon.colcon_core.package_identification:_identify(joy_mux_controller) by extension 'ignore_ament_install'
[1.230s] Level 1:colcon.colcon_core.package_identification:_identify(joy_mux_controller) by extensions ['colcon_pkg']
[1.230s] Level 1:colcon.colcon_core.package_identification:_identify(joy_mux_controller) by extension 'colcon_pkg'
[1.230s] Level 1:colcon.colcon_core.package_identification:_identify(joy_mux_controller) by extensions ['colcon_meta']
[1.230s] Level 1:colcon.colcon_core.package_identification:_identify(joy_mux_controller) by extension 'colcon_meta'
[1.230s] Level 1:colcon.colcon_core.package_identification:_identify(joy_mux_controller) by extensions ['ros']
[1.230s] Level 1:colcon.colcon_core.package_identification:_identify(joy_mux_controller) by extension 'ros'
[1.231s] Level 1:colcon.colcon_core.package_identification:_identify(joy_mux_controller) by extensions ['cmake', 'python']
[1.231s] Level 1:colcon.colcon_core.package_identification:_identify(joy_mux_controller) by extension 'cmake'
[1.231s] Level 1:colcon.colcon_core.package_identification:_identify(joy_mux_controller) by extension 'python'
[1.231s] Level 1:colcon.colcon_core.package_identification:_identify(joy_mux_controller) by extensions ['python_setup_py']
[1.231s] Level 1:colcon.colcon_core.package_identification:_identify(joy_mux_controller) by extension 'python_setup_py'
[2.300s] DEBUG:colcon.colcon_core.package_identification:Package 'joy_mux_controller' with type 'python' and name 'joy_mux_controller'
[2.300s] Level 1:colcon.colcon_core.package_identification:_identify(joy_mux_controller_cpp) by extensions ['ignore', 'ignore_ament_install']
[2.300s] Level 1:colcon.colcon_core.package_identification:_identify(joy_mux_controller_cpp) by extension 'ignore'
[2.301s] Level 1:colcon.colcon_core.package_identification:_identify(joy_mux_controller_cpp) by extension 'ignore_ament_install'
[2.301s] Level 1:colcon.colcon_core.package_identification:_identify(joy_mux_controller_cpp) by extensions ['colcon_pkg']
[2.301s] Level 1:colcon.colcon_core.package_identification:_identify(joy_mux_controller_cpp) by extension 'colcon_pkg'
[2.301s] Level 1:colcon.colcon_core.package_identification:_identify(joy_mux_controller_cpp) by extensions ['colcon_meta']
[2.301s] Level 1:colcon.colcon_core.package_identification:_identify(joy_mux_controller_cpp) by extension 'colcon_meta'
[2.302s] Level 1:colcon.colcon_core.package_identification:_identify(joy_mux_controller_cpp) by extensions ['ros']
[2.302s] Level 1:colcon.colcon_core.package_identification:_identify(joy_mux_controller_cpp) by extension 'ros'
[2.304s] DEBUG:colcon.colcon_core.package_identification:Package 'joy_mux_controller_cpp' with type 'ros.ament_cmake' and name 'joy_mux_controller_cpp'
[2.305s] Level 1:colcon.colcon_core.package_identification:_identify(joy_mux_controller_py) by extensions ['ignore', 'ignore_ament_install']
[2.305s] Level 1:colcon.colcon_core.package_identification:_identify(joy_mux_controller_py) by extension 'ignore'
[2.305s] Level 1:colcon.colcon_core.package_identification:_identify(joy_mux_controller_py) by extension 'ignore_ament_install'
[2.305s] Level 1:colcon.colcon_core.package_identification:_identify(joy_mux_controller_py) by extensions ['colcon_pkg']
[2.305s] Level 1:colcon.colcon_core.package_identification:_identify(joy_mux_controller_py) by extension 'colcon_pkg'
[2.305s] Level 1:colcon.colcon_core.package_identification:_identify(joy_mux_controller_py) by extensions ['colcon_meta']
[2.305s] Level 1:colcon.colcon_core.package_identification:_identify(joy_mux_controller_py) by extension 'colcon_meta'
[2.306s] Level 1:colcon.colcon_core.package_identification:_identify(joy_mux_controller_py) by extensions ['ros']
[2.306s] Level 1:colcon.colcon_core.package_identification:_identify(joy_mux_controller_py) by extension 'ros'
[2.308s] DEBUG:colcon.colcon_core.package_identification:Package 'joy_mux_controller_py' with type 'ros.ament_python' and name 'joy_mux_controller_py'
[2.308s] Level 1:colcon.colcon_core.package_identification:_identify(log) by extensions ['ignore', 'ignore_ament_install']
[2.309s] Level 1:colcon.colcon_core.package_identification:_identify(log) by extension 'ignore'
[2.309s] Level 1:colcon.colcon_core.package_identification:_identify(log) ignored
[2.309s] Level 1:colcon.colcon_core.package_identification:_identify(ouster-ros) by extensions ['ignore', 'ignore_ament_install']
[2.309s] Level 1:colcon.colcon_core.package_identification:_identify(ouster-ros) by extension 'ignore'
[2.309s] Level 1:colcon.colcon_core.package_identification:_identify(ouster-ros) by extension 'ignore_ament_install'
[2.310s] Level 1:colcon.colcon_core.package_identification:_identify(ouster-ros) by extensions ['colcon_pkg']
[2.310s] Level 1:colcon.colcon_core.package_identification:_identify(ouster-ros) by extension 'colcon_pkg'
[2.310s] Level 1:colcon.colcon_core.package_identification:_identify(ouster-ros) by extensions ['colcon_meta']
[2.310s] Level 1:colcon.colcon_core.package_identification:_identify(ouster-ros) by extension 'colcon_meta'
[2.310s] Level 1:colcon.colcon_core.package_identification:_identify(ouster-ros) by extensions ['ros']
[2.310s] Level 1:colcon.colcon_core.package_identification:_identify(ouster-ros) by extension 'ros'
[2.310s] Level 1:colcon.colcon_core.package_identification:_identify(ouster-ros) by extensions ['cmake', 'python']
[2.310s] Level 1:colcon.colcon_core.package_identification:_identify(ouster-ros) by extension 'cmake'
[2.311s] Level 1:colcon.colcon_core.package_identification:_identify(ouster-ros) by extension 'python'
[2.311s] Level 1:colcon.colcon_core.package_identification:_identify(ouster-ros) by extensions ['python_setup_py']
[2.311s] Level 1:colcon.colcon_core.package_identification:_identify(ouster-ros) by extension 'python_setup_py'
[2.311s] Level 1:colcon.colcon_core.package_identification:_identify(ouster-ros/docs) by extensions ['ignore', 'ignore_ament_install']
[2.311s] Level 1:colcon.colcon_core.package_identification:_identify(ouster-ros/docs) by extension 'ignore'
[2.311s] Level 1:colcon.colcon_core.package_identification:_identify(ouster-ros/docs) by extension 'ignore_ament_install'
[2.311s] Level 1:colcon.colcon_core.package_identification:_identify(ouster-ros/docs) by extensions ['colcon_pkg']
[2.311s] Level 1:colcon.colcon_core.package_identification:_identify(ouster-ros/docs) by extension 'colcon_pkg'
[2.312s] Level 1:colcon.colcon_core.package_identification:_identify(ouster-ros/docs) by extensions ['colcon_meta']
[2.312s] Level 1:colcon.colcon_core.package_identification:_identify(ouster-ros/docs) by extension 'colcon_meta'
[2.312s] Level 1:colcon.colcon_core.package_identification:_identify(ouster-ros/docs) by extensions ['ros']
[2.312s] Level 1:colcon.colcon_core.package_identification:_identify(ouster-ros/docs) by extension 'ros'
[2.312s] Level 1:colcon.colcon_core.package_identification:_identify(ouster-ros/docs) by extensions ['cmake', 'python']
[2.312s] Level 1:colcon.colcon_core.package_identification:_identify(ouster-ros/docs) by extension 'cmake'
[2.312s] Level 1:colcon.colcon_core.package_identification:_identify(ouster-ros/docs) by extension 'python'
[2.312s] Level 1:colcon.colcon_core.package_identification:_identify(ouster-ros/docs) by extensions ['python_setup_py']
[2.313s] Level 1:colcon.colcon_core.package_identification:_identify(ouster-ros/docs) by extension 'python_setup_py'
[2.313s] Level 1:colcon.colcon_core.package_identification:_identify(ouster-ros/docs/images) by extensions ['ignore', 'ignore_ament_install']
[2.313s] Level 1:colcon.colcon_core.package_identification:_identify(ouster-ros/docs/images) by extension 'ignore'
[2.313s] Level 1:colcon.colcon_core.package_identification:_identify(ouster-ros/docs/images) by extension 'ignore_ament_install'
[2.313s] Level 1:colcon.colcon_core.package_identification:_identify(ouster-ros/docs/images) by extensions ['colcon_pkg']
[2.313s] Level 1:colcon.colcon_core.package_identification:_identify(ouster-ros/docs/images) by extension 'colcon_pkg'
[2.313s] Level 1:colcon.colcon_core.package_identification:_identify(ouster-ros/docs/images) by extensions ['colcon_meta']
[2.314s] Level 1:colcon.colcon_core.package_identification:_identify(ouster-ros/docs/images) by extension 'colcon_meta'
[2.314s] Level 1:colcon.colcon_core.package_identification:_identify(ouster-ros/docs/images) by extensions ['ros']
[2.314s] Level 1:colcon.colcon_core.package_identification:_identify(ouster-ros/docs/images) by extension 'ros'
[2.314s] Level 1:colcon.colcon_core.package_identification:_identify(ouster-ros/docs/images) by extensions ['cmake', 'python']
[2.314s] Level 1:colcon.colcon_core.package_identification:_identify(ouster-ros/docs/images) by extension 'cmake'
[2.314s] Level 1:colcon.colcon_core.package_identification:_identify(ouster-ros/docs/images) by extension 'python'
[2.314s] Level 1:colcon.colcon_core.package_identification:_identify(ouster-ros/docs/images) by extensions ['python_setup_py']
[2.314s] Level 1:colcon.colcon_core.package_identification:_identify(ouster-ros/docs/images) by extension 'python_setup_py'
[2.315s] Level 1:colcon.colcon_core.package_identification:_identify(ouster-ros/ouster-ros) by extensions ['ignore', 'ignore_ament_install']
[2.315s] Level 1:colcon.colcon_core.package_identification:_identify(ouster-ros/ouster-ros) by extension 'ignore'
[2.315s] Level 1:colcon.colcon_core.package_identification:_identify(ouster-ros/ouster-ros) by extension 'ignore_ament_install'
[2.315s] Level 1:colcon.colcon_core.package_identification:_identify(ouster-ros/ouster-ros) by extensions ['colcon_pkg']
[2.315s] Level 1:colcon.colcon_core.package_identification:_identify(ouster-ros/ouster-ros) by extension 'colcon_pkg'
[2.315s] Level 1:colcon.colcon_core.package_identification:_identify(ouster-ros/ouster-ros) by extensions ['colcon_meta']
[2.315s] Level 1:colcon.colcon_core.package_identification:_identify(ouster-ros/ouster-ros) by extension 'colcon_meta'
[2.315s] Level 1:colcon.colcon_core.package_identification:_identify(ouster-ros/ouster-ros) by extensions ['ros']
[2.316s] Level 1:colcon.colcon_core.package_identification:_identify(ouster-ros/ouster-ros) by extension 'ros'
[2.321s] DEBUG:colcon.colcon_core.package_identification:Package 'ouster-ros/ouster-ros' with type 'ros.ament_cmake' and name 'ouster_ros'
[2.322s] Level 1:colcon.colcon_core.package_identification:_identify(ouster-ros/ouster-sensor-msgs) by extensions ['ignore', 'ignore_ament_install']
[2.322s] Level 1:colcon.colcon_core.package_identification:_identify(ouster-ros/ouster-sensor-msgs) by extension 'ignore'
[2.322s] Level 1:colcon.colcon_core.package_identification:_identify(ouster-ros/ouster-sensor-msgs) by extension 'ignore_ament_install'
[2.322s] Level 1:colcon.colcon_core.package_identification:_identify(ouster-ros/ouster-sensor-msgs) by extensions ['colcon_pkg']
[2.322s] Level 1:colcon.colcon_core.package_identification:_identify(ouster-ros/ouster-sensor-msgs) by extension 'colcon_pkg'
[2.322s] Level 1:colcon.colcon_core.package_identification:_identify(ouster-ros/ouster-sensor-msgs) by extensions ['colcon_meta']
[2.322s] Level 1:colcon.colcon_core.package_identification:_identify(ouster-ros/ouster-sensor-msgs) by extension 'colcon_meta'
[2.323s] Level 1:colcon.colcon_core.package_identification:_identify(ouster-ros/ouster-sensor-msgs) by extensions ['ros']
[2.323s] Level 1:colcon.colcon_core.package_identification:_identify(ouster-ros/ouster-sensor-msgs) by extension 'ros'
[2.325s] DEBUG:colcon.colcon_core.package_identification:Package 'ouster-ros/ouster-sensor-msgs' with type 'ros.ament_cmake' and name 'ouster_sensor_msgs'
[2.325s] Level 1:colcon.colcon_core.package_identification:_identify(test) by extensions ['ignore', 'ignore_ament_install']
[2.325s] Level 1:colcon.colcon_core.package_identification:_identify(test) by extension 'ignore'
[2.326s] Level 1:colcon.colcon_core.package_identification:_identify(test) by extension 'ignore_ament_install'
[2.326s] Level 1:colcon.colcon_core.package_identification:_identify(test) by extensions ['colcon_pkg']
[2.326s] Level 1:colcon.colcon_core.package_identification:_identify(test) by extension 'colcon_pkg'
[2.326s] Level 1:colcon.colcon_core.package_identification:_identify(test) by extensions ['colcon_meta']
[2.326s] Level 1:colcon.colcon_core.package_identification:_identify(test) by extension 'colcon_meta'
[2.326s] Level 1:colcon.colcon_core.package_identification:_identify(test) by extensions ['ros']
[2.326s] Level 1:colcon.colcon_core.package_identification:_identify(test) by extension 'ros'
[2.330s] DEBUG:colcon.colcon_core.package_identification:Package 'test' with type 'ros.ament_cmake' and name 'object_recognition'
[2.330s] Level 1:colcon.colcon_core.package_identification:_identify(test-autonomous-typing) by extensions ['ignore', 'ignore_ament_install']
[2.330s] Level 1:colcon.colcon_core.package_identification:_identify(test-autonomous-typing) by extension 'ignore'
[2.331s] Level 1:colcon.colcon_core.package_identification:_identify(test-autonomous-typing) by extension 'ignore_ament_install'
[2.331s] Level 1:colcon.colcon_core.package_identification:_identify(test-autonomous-typing) by extensions ['colcon_pkg']
[2.331s] Level 1:colcon.colcon_core.package_identification:_identify(test-autonomous-typing) by extension 'colcon_pkg'
[2.331s] Level 1:colcon.colcon_core.package_identification:_identify(test-autonomous-typing) by extensions ['colcon_meta']
[2.331s] Level 1:colcon.colcon_core.package_identification:_identify(test-autonomous-typing) by extension 'colcon_meta'
[2.331s] Level 1:colcon.colcon_core.package_identification:_identify(test-autonomous-typing) by extensions ['ros']
[2.331s] Level 1:colcon.colcon_core.package_identification:_identify(test-autonomous-typing) by extension 'ros'
[2.331s] Level 1:colcon.colcon_core.package_identification:_identify(test-autonomous-typing) by extensions ['cmake', 'python']
[2.331s] Level 1:colcon.colcon_core.package_identification:_identify(test-autonomous-typing) by extension 'cmake'
[2.331s] Level 1:colcon.colcon_core.package_identification:_identify(test-autonomous-typing) by extension 'python'
[2.332s] Level 1:colcon.colcon_core.package_identification:_identify(test-autonomous-typing) by extensions ['python_setup_py']
[2.332s] Level 1:colcon.colcon_core.package_identification:_identify(test-autonomous-typing) by extension 'python_setup_py'
[2.332s] Level 1:colcon.colcon_core.package_identification:_identify(usb_cam) by extensions ['ignore', 'ignore_ament_install']
[2.332s] Level 1:colcon.colcon_core.package_identification:_identify(usb_cam) by extension 'ignore'
[2.332s] Level 1:colcon.colcon_core.package_identification:_identify(usb_cam) by extension 'ignore_ament_install'
[2.333s] Level 1:colcon.colcon_core.package_identification:_identify(usb_cam) by extensions ['colcon_pkg']
[2.333s] Level 1:colcon.colcon_core.package_identification:_identify(usb_cam) by extension 'colcon_pkg'
[2.333s] Level 1:colcon.colcon_core.package_identification:_identify(usb_cam) by extensions ['colcon_meta']
[2.333s] Level 1:colcon.colcon_core.package_identification:_identify(usb_cam) by extension 'colcon_meta'
[2.333s] Level 1:colcon.colcon_core.package_identification:_identify(usb_cam) by extensions ['ros']
[2.333s] Level 1:colcon.colcon_core.package_identification:_identify(usb_cam) by extension 'ros'
[2.355s] DEBUG:colcon.colcon_core.package_identification:Package 'usb_cam' with type 'ros.ament_cmake' and name 'usb_cam'
[2.356s] Level 1:colcon.colcon_core.package_identification:_identify(wheels_controller) by extensions ['ignore', 'ignore_ament_install']
[2.356s] Level 1:colcon.colcon_core.package_identification:_identify(wheels_controller) by extension 'ignore'
[2.356s] Level 1:colcon.colcon_core.package_identification:_identify(wheels_controller) by extension 'ignore_ament_install'
[2.357s] Level 1:colcon.colcon_core.package_identification:_identify(wheels_controller) by extensions ['colcon_pkg']
[2.357s] Level 1:colcon.colcon_core.package_identification:_identify(wheels_controller) by extension 'colcon_pkg'
[2.357s] Level 1:colcon.colcon_core.package_identification:_identify(wheels_controller) by extensions ['colcon_meta']
[2.357s] Level 1:colcon.colcon_core.package_identification:_identify(wheels_controller) by extension 'colcon_meta'
[2.357s] Level 1:colcon.colcon_core.package_identification:_identify(wheels_controller) by extensions ['ros']
[2.357s] Level 1:colcon.colcon_core.package_identification:_identify(wheels_controller) by extension 'ros'
[2.359s] DEBUG:colcon.colcon_core.package_identification:Package 'wheels_controller' with type 'ros.ament_cmake' and name 'wheels_controller'
[2.359s] Level 1:colcon.colcon_core.package_discovery:discover_packages(recursive) using defaults
[2.359s] Level 1:colcon.colcon_core.package_discovery:discover_packages(ignore) discover
[2.359s] Level 1:colcon.colcon_core.package_discovery:discover_packages(ignore) using defaults
[2.359s] Level 1:colcon.colcon_core.package_discovery:discover_packages(path) discover
[2.360s] Level 1:colcon.colcon_core.package_discovery:discover_packages(path) using defaults
[2.360s] WARNING:colcon.colcon_core.package_selection:ignoring unknown package 'test' in --packages-select
[2.423s] INFO:colcon.colcon_core.package_selection:Skipping not selected package 'absenc_interface' in 'absenc_interface'
[2.423s] INFO:colcon.colcon_core.package_selection:Skipping not selected package 'arm_controller' in 'arm_controller'
[2.423s] INFO:colcon.colcon_core.package_selection:Skipping not selected package 'arm_hardware' in 'inverse-kinematics/arm_hardware'
[2.423s] INFO:colcon.colcon_core.package_selection:Skipping not selected package 'gps_py' in 'gps_py'
[2.423s] INFO:colcon.colcon_core.package_selection:Skipping not selected package 'ik_mux_controller' in 'inverse-kinematics/ik_mux_controller'
[2.423s] INFO:colcon.colcon_core.package_selection:Skipping not selected package 'joy_mux_controller' in 'joy_mux_controller'
[2.423s] INFO:colcon.colcon_core.package_selection:Skipping not selected package 'joy_mux_controller_cpp' in 'joy_mux_controller_cpp'
[2.423s] INFO:colcon.colcon_core.package_selection:Skipping not selected package 'joy_mux_controller_py' in 'joy_mux_controller_py'
[2.423s] INFO:colcon.colcon_core.package_selection:Skipping not selected package 'object_recognition' in 'test'
[2.423s] INFO:colcon.colcon_core.package_selection:Skipping not selected package 'ouster_sensor_msgs' in 'ouster-ros/ouster-sensor-msgs'
[2.424s] INFO:colcon.colcon_core.package_selection:Skipping not selected package 'rover_arm_description' in 'inverse-kinematics/rover_arm_description'
[2.424s] INFO:colcon.colcon_core.package_selection:Skipping not selected package 'usb_cam' in 'usb_cam'
[2.424s] INFO:colcon.colcon_core.package_selection:Skipping not selected package 'wheels_controller' in 'wheels_controller'
[2.424s] INFO:colcon.colcon_core.package_selection:Skipping not selected package 'ouster_ros' in 'ouster-ros/ouster-ros'
[2.424s] INFO:colcon.colcon_core.package_selection:Skipping not selected package 'rover_arm_moveit_config' in 'inverse-kinematics/rover_arm_moveit_config'
[2.425s] Level 1:colcon.colcon_core.package_discovery:discover_packages(prefix_path) check parameters
[2.425s] Level 1:colcon.colcon_core.package_discovery:discover_packages(prefix_path) discover
[2.434s] DEBUG:colcon.colcon_installed_package_information.package_discovery:Found 2 installed packages in /home/liliana/ros2_ws/robot-repo-ros2/src/inverse-kinematics/install
[2.436s] DEBUG:colcon.colcon_installed_package_information.package_discovery:Found 8 installed packages in /home/liliana/ros2_ws/install
[2.442s] DEBUG:colcon.colcon_installed_package_information.package_discovery:Found 45 installed packages in /home/liliana/ws_moveit/install
[2.444s] DEBUG:colcon.colcon_installed_package_information.package_discovery:Found 3 installed packages in /home/liliana/install
[2.450s] DEBUG:colcon.colcon_installed_package_information.package_discovery:Found 419 installed packages in /opt/ros/humble
[2.460s] Level 1:colcon.colcon_core.package_discovery:discover_packages(prefix_path) using defaults
[2.633s] INFO:colcon.colcon_core.executor:Executing jobs using 'parallel' executor
[2.636s] DEBUG:colcon.colcon_parallel_executor.executor.parallel:run_until_complete
[2.637s] DEBUG:colcon.colcon_parallel_executor.executor.parallel:closing loop
[2.637s] DEBUG:colcon.colcon_parallel_executor.executor.parallel:loop closed
[2.637s] DEBUG:colcon.colcon_parallel_executor.executor.parallel:run_until_complete finished with '0'
[2.638s] DEBUG:colcon.colcon_core.event_reactor:joining thread
[2.650s] INFO:colcon.colcon_core.plugin_system:Skipping extension 'colcon_notification.desktop_notification.terminal_notifier': Not used on non-Darwin systems
[2.650s] INFO:colcon.colcon_core.plugin_system:Skipping extension 'colcon_notification.desktop_notification.win32': Not used on non-Windows systems
[2.651s] INFO:colcon.colcon_notification.desktop_notification:Sending desktop notification using 'notify2'
[2.682s] DEBUG:colcon.colcon_core.event_reactor:joined thread
[2.687s] INFO:colcon.colcon_core.plugin_system:Skipping extension 'colcon_core.shell.bat': Not used on non-Windows systems
[2.688s] INFO:colcon.colcon_core.shell:Creating prefix script '/home/liliana/ros2_ws/robot-repo-ros2/src/install/local_setup.ps1'
[2.691s] INFO:colcon.colcon_core.shell:Creating prefix util module '/home/liliana/ros2_ws/robot-repo-ros2/src/install/_local_setup_util_ps1.py'
[2.697s] INFO:colcon.colcon_core.shell:Creating prefix chain script '/home/liliana/ros2_ws/robot-repo-ros2/src/install/setup.ps1'
[2.706s] INFO:colcon.colcon_core.shell:Creating prefix script '/home/liliana/ros2_ws/robot-repo-ros2/src/install/local_setup.sh'
[2.708s] INFO:colcon.colcon_core.shell:Creating prefix util module '/home/liliana/ros2_ws/robot-repo-ros2/src/install/_local_setup_util_sh.py'
[2.710s] INFO:colcon.colcon_core.shell:Creating prefix chain script '/home/liliana/ros2_ws/robot-repo-ros2/src/install/setup.sh'
[2.720s] INFO:colcon.colcon_core.shell:Creating prefix script '/home/liliana/ros2_ws/robot-repo-ros2/src/install/local_setup.bash'
[2.723s] INFO:colcon.colcon_core.shell:Creating prefix chain script '/home/liliana/ros2_ws/robot-repo-ros2/src/install/setup.bash'
[2.734s] INFO:colcon.colcon_core.shell:Creating prefix script '/home/liliana/ros2_ws/robot-repo-ros2/src/install/local_setup.zsh'
[2.737s] INFO:colcon.colcon_core.shell:Creating prefix chain script '/home/liliana/ros2_ws/robot-repo-ros2/src/install/setup.zsh'
