[0.451s] DEBUG:colcon:Command line arguments: ['/usr/bin/colcon', 'build', '--packages-select', 'test']
[0.452s] DEBUG:colcon:Parsed command line arguments: Namespace(log_base=None, log_level=None, verb_name='build', build_base='build', install_base='install', merge_install=False, symlink_install=False, test_result_base=None, continue_on_error=False, executor='parallel', parallel_workers=6, event_handlers=None, ignore_user_meta=False, metas=['./colcon.meta'], base_paths=['.'], packages_ignore=None, packages_ignore_regex=None, paths=None, packages_up_to=None, packages_up_to_regex=None, packages_above=None, packages_above_and_dependencies=None, packages_above_depth=None, packages_select_by_dep=None, packages_skip_by_dep=None, packages_skip_up_to=None, packages_select_build_failed=False, packages_skip_build_finished=False, packages_select_test_failures=False, packages_skip_test_passed=False, packages_select=['test'], packages_skip=None, packages_select_regex=None, packages_skip_regex=None, packages_start=None, packages_end=None, allow_overriding=[], cmake_args=None, cmake_target=None, cmake_target_skip_unavailable=False, cmake_clean_cache=False, cmake_clean_first=False, cmake_force_configure=False, ament_cmake_args=None, catkin_cmake_args=None, catkin_skip_building_tests=False, mixin_files=None, mixin=None, verb_parser=<colcon_mixin.mixin.mixin_argument.MixinArgumentDecorator object at 0x759cc3788580>, verb_extension=<colcon_core.verb.build.BuildVerb object at 0x759cc37579a0>, main=<bound method BuildVerb.main of <colcon_core.verb.build.BuildVerb object at 0x759cc37579a0>>, mixin_verb=('build',))
[1.490s] Level 1:colcon.colcon_core.package_discovery:discover_packages(colcon_meta) check parameters
[1.490s] Level 1:colcon.colcon_core.package_discovery:discover_packages(recursive) check parameters
[1.490s] Level 1:colcon.colcon_core.package_discovery:discover_packages(ignore) check parameters
[1.490s] Level 1:colcon.colcon_core.package_discovery:discover_packages(path) check parameters
[1.490s] Level 1:colcon.colcon_core.package_discovery:discover_packages(colcon_meta) discover
[1.491s] Level 1:colcon.colcon_core.package_discovery:discover_packages(recursive) discover
[1.491s] INFO:colcon.colcon_core.package_discovery:Crawling recursively for packages in '/home/liliana/ros2_ws/robot-repo-ros2/src'
[1.491s] Level 1:colcon.colcon_core.package_identification:_identify(.) by extensions ['ignore', 'ignore_ament_install']
[1.491s] Level 1:colcon.colcon_core.package_identification:_identify(.) by extension 'ignore'
[1.491s] Level 1:colcon.colcon_core.package_identification:_identify(.) by extension 'ignore_ament_install'
[1.491s] Level 1:colcon.colcon_core.package_identification:_identify(.) by extensions ['colcon_pkg']
[1.492s] Level 1:colcon.colcon_core.package_identification:_identify(.) by extension 'colcon_pkg'
[1.492s] Level 1:colcon.colcon_core.package_identification:_identify(.) by extensions ['colcon_meta']
[1.492s] Level 1:colcon.colcon_core.package_identification:_identify(.) by extension 'colcon_meta'
[1.492s] Level 1:colcon.colcon_core.package_identification:_identify(.) by extensions ['ros']
[1.492s] Level 1:colcon.colcon_core.package_identification:_identify(.) by extension 'ros'
[1.538s] Level 1:colcon.colcon_core.package_identification:_identify(.) by extensions ['cmake', 'python']
[1.538s] Level 1:colcon.colcon_core.package_identification:_identify(.) by extension 'cmake'
[1.538s] Level 1:colcon.colcon_core.package_identification:_identify(.) by extension 'python'
[1.538s] Level 1:colcon.colcon_core.package_identification:_identify(.) by extensions ['python_setup_py']
[1.539s] Level 1:colcon.colcon_core.package_identification:_identify(.) by extension 'python_setup_py'
[1.539s] Level 1:colcon.colcon_core.package_identification:_identify(absenc_interface) by extensions ['ignore', 'ignore_ament_install']
[1.539s] Level 1:colcon.colcon_core.package_identification:_identify(absenc_interface) by extension 'ignore'
[1.539s] Level 1:colcon.colcon_core.package_identification:_identify(absenc_interface) by extension 'ignore_ament_install'
[1.539s] Level 1:colcon.colcon_core.package_identification:_identify(absenc_interface) by extensions ['colcon_pkg']
[1.540s] Level 1:colcon.colcon_core.package_identification:_identify(absenc_interface) by extension 'colcon_pkg'
[1.540s] Level 1:colcon.colcon_core.package_identification:_identify(absenc_interface) by extensions ['colcon_meta']
[1.540s] Level 1:colcon.colcon_core.package_identification:_identify(absenc_interface) by extension 'colcon_meta'
[1.540s] Level 1:colcon.colcon_core.package_identification:_identify(absenc_interface) by extensions ['ros']
[1.540s] Level 1:colcon.colcon_core.package_identification:_identify(absenc_interface) by extension 'ros'
[1.549s] DEBUG:colcon.colcon_core.package_identification:Package 'absenc_interface' with type 'ros.ament_cmake' and name 'absenc_interface'
[1.550s] Level 1:colcon.colcon_core.package_identification:_identify(arm_controller) by extensions ['ignore', 'ignore_ament_install']
[1.550s] Level 1:colcon.colcon_core.package_identification:_identify(arm_controller) by extension 'ignore'
[1.550s] Level 1:colcon.colcon_core.package_identification:_identify(arm_controller) by extension 'ignore_ament_install'
[1.550s] Level 1:colcon.colcon_core.package_identification:_identify(arm_controller) by extensions ['colcon_pkg']
[1.550s] Level 1:colcon.colcon_core.package_identification:_identify(arm_controller) by extension 'colcon_pkg'
[1.550s] Level 1:colcon.colcon_core.package_identification:_identify(arm_controller) by extensions ['colcon_meta']
[1.551s] Level 1:colcon.colcon_core.package_identification:_identify(arm_controller) by extension 'colcon_meta'
[1.551s] Level 1:colcon.colcon_core.package_identification:_identify(arm_controller) by extensions ['ros']
[1.551s] Level 1:colcon.colcon_core.package_identification:_identify(arm_controller) by extension 'ros'
[1.553s] DEBUG:colcon.colcon_core.package_identification:Package 'arm_controller' with type 'ros.ament_cmake' and name 'arm_controller'
[1.554s] Level 1:colcon.colcon_core.package_identification:_identify(build) by extensions ['ignore', 'ignore_ament_install']
[1.554s] Level 1:colcon.colcon_core.package_identification:_identify(build) by extension 'ignore'
[1.554s] Level 1:colcon.colcon_core.package_identification:_identify(build) ignored
[1.554s] Level 1:colcon.colcon_core.package_identification:_identify(gps_py) by extensions ['ignore', 'ignore_ament_install']
[1.554s] Level 1:colcon.colcon_core.package_identification:_identify(gps_py) by extension 'ignore'
[1.555s] Level 1:colcon.colcon_core.package_identification:_identify(gps_py) by extension 'ignore_ament_install'
[1.555s] Level 1:colcon.colcon_core.package_identification:_identify(gps_py) by extensions ['colcon_pkg']
[1.555s] Level 1:colcon.colcon_core.package_identification:_identify(gps_py) by extension 'colcon_pkg'
[1.555s] Level 1:colcon.colcon_core.package_identification:_identify(gps_py) by extensions ['colcon_meta']
[1.555s] Level 1:colcon.colcon_core.package_identification:_identify(gps_py) by extension 'colcon_meta'
[1.555s] Level 1:colcon.colcon_core.package_identification:_identify(gps_py) by extensions ['ros']
[1.555s] Level 1:colcon.colcon_core.package_identification:_identify(gps_py) by extension 'ros'
[1.557s] DEBUG:colcon.colcon_core.package_identification:Package 'gps_py' with type 'ros.ament_python' and name 'gps_py'
[1.557s] Level 1:colcon.colcon_core.package_identification:_identify(install) by extensions ['ignore', 'ignore_ament_install']
[1.558s] Level 1:colcon.colcon_core.package_identification:_identify(install) by extension 'ignore'
[1.558s] Level 1:colcon.colcon_core.package_identification:_identify(install) ignored
[1.558s] Level 1:colcon.colcon_core.package_identification:_identify(inverse-kinematics) by extensions ['ignore', 'ignore_ament_install']
[1.558s] Level 1:colcon.colcon_core.package_identification:_identify(inverse-kinematics) by extension 'ignore'
[1.558s] Level 1:colcon.colcon_core.package_identification:_identify(inverse-kinematics) by extension 'ignore_ament_install'
[1.558s] Level 1:colcon.colcon_core.package_identification:_identify(inverse-kinematics) by extensions ['colcon_pkg']
[1.558s] Level 1:colcon.colcon_core.package_identification:_identify(inverse-kinematics) by extension 'colcon_pkg'
[1.559s] Level 1:colcon.colcon_core.package_identification:_identify(inverse-kinematics) by extensions ['colcon_meta']
[1.559s] Level 1:colcon.colcon_core.package_identification:_identify(inverse-kinematics) by extension 'colcon_meta'
[1.559s] Level 1:colcon.colcon_core.package_identification:_identify(inverse-kinematics) by extensions ['ros']
[1.559s] Level 1:colcon.colcon_core.package_identification:_identify(inverse-kinematics) by extension 'ros'
[1.559s] Level 1:colcon.colcon_core.package_identification:_identify(inverse-kinematics) by extensions ['cmake', 'python']
[1.559s] Level 1:colcon.colcon_core.package_identification:_identify(inverse-kinematics) by extension 'cmake'
[1.559s] Level 1:colcon.colcon_core.package_identification:_identify(inverse-kinematics) by extension 'python'
[1.559s] Level 1:colcon.colcon_core.package_identification:_identify(inverse-kinematics) by extensions ['python_setup_py']
[1.559s] Level 1:colcon.colcon_core.package_identification:_identify(inverse-kinematics) by extension 'python_setup_py'
[1.560s] Level 1:colcon.colcon_core.package_identification:_identify(inverse-kinematics/arm_hardware) by extensions ['ignore', 'ignore_ament_install']
[1.560s] Level 1:colcon.colcon_core.package_identification:_identify(inverse-kinematics/arm_hardware) by extension 'ignore'
[1.560s] Level 1:colcon.colcon_core.package_identification:_identify(inverse-kinematics/arm_hardware) by extension 'ignore_ament_install'
[1.560s] Level 1:colcon.colcon_core.package_identification:_identify(inverse-kinematics/arm_hardware) by extensions ['colcon_pkg']
[1.560s] Level 1:colcon.colcon_core.package_identification:_identify(inverse-kinematics/arm_hardware) by extension 'colcon_pkg'
[1.560s] Level 1:colcon.colcon_core.package_identification:_identify(inverse-kinematics/arm_hardware) by extensions ['colcon_meta']
[1.560s] Level 1:colcon.colcon_core.package_identification:_identify(inverse-kinematics/arm_hardware) by extension 'colcon_meta'
[1.560s] Level 1:colcon.colcon_core.package_identification:_identify(inverse-kinematics/arm_hardware) by extensions ['ros']
[1.561s] Level 1:colcon.colcon_core.package_identification:_identify(inverse-kinematics/arm_hardware) by extension 'ros'
[1.563s] DEBUG:colcon.colcon_core.package_identification:Package 'inverse-kinematics/arm_hardware' with type 'ros.ament_cmake' and name 'arm_hardware'
[1.564s] Level 1:colcon.colcon_core.package_identification:_identify(inverse-kinematics/build) by extensions ['ignore', 'ignore_ament_install']
[1.564s] Level 1:colcon.colcon_core.package_identification:_identify(inverse-kinematics/build) by extension 'ignore'
[1.564s] Level 1:colcon.colcon_core.package_identification:_identify(inverse-kinematics/build) ignored
[1.565s] Level 1:colcon.colcon_core.package_identification:_identify(inverse-kinematics/ik_mux_controller) by extensions ['ignore', 'ignore_ament_install']
[1.565s] Level 1:colcon.colcon_core.package_identification:_identify(inverse-kinematics/ik_mux_controller) by extension 'ignore'
[1.565s] Level 1:colcon.colcon_core.package_identification:_identify(inverse-kinematics/ik_mux_controller) by extension 'ignore_ament_install'
[1.565s] Level 1:colcon.colcon_core.package_identification:_identify(inverse-kinematics/ik_mux_controller) by extensions ['colcon_pkg']
[1.565s] Level 1:colcon.colcon_core.package_identification:_identify(inverse-kinematics/ik_mux_controller) by extension 'colcon_pkg'
[1.565s] Level 1:colcon.colcon_core.package_identification:_identify(inverse-kinematics/ik_mux_controller) by extensions ['colcon_meta']
[1.566s] Level 1:colcon.colcon_core.package_identification:_identify(inverse-kinematics/ik_mux_controller) by extension 'colcon_meta'
[1.566s] Level 1:colcon.colcon_core.package_identification:_identify(inverse-kinematics/ik_mux_controller) by extensions ['ros']
[1.566s] Level 1:colcon.colcon_core.package_identification:_identify(inverse-kinematics/ik_mux_controller) by extension 'ros'
[1.570s] DEBUG:colcon.colcon_core.package_identification:Package 'inverse-kinematics/ik_mux_controller' with type 'ros.ament_cmake' and name 'ik_mux_controller'
[1.571s] Level 1:colcon.colcon_core.package_identification:_identify(inverse-kinematics/install) by extensions ['ignore', 'ignore_ament_install']
[1.571s] Level 1:colcon.colcon_core.package_identification:_identify(inverse-kinematics/install) by extension 'ignore'
[1.572s] Level 1:colcon.colcon_core.package_identification:_identify(inverse-kinematics/install) ignored
[1.572s] Level 1:colcon.colcon_core.package_identification:_identify(inverse-kinematics/log) by extensions ['ignore', 'ignore_ament_install']
[1.573s] Level 1:colcon.colcon_core.package_identification:_identify(inverse-kinematics/log) by extension 'ignore'
[1.573s] Level 1:colcon.colcon_core.package_identification:_identify(inverse-kinematics/log) ignored
[1.573s] Level 1:colcon.colcon_core.package_identification:_identify(inverse-kinematics/rover_arm_description) by extensions ['ignore', 'ignore_ament_install']
[1.574s] Level 1:colcon.colcon_core.package_identification:_identify(inverse-kinematics/rover_arm_description) by extension 'ignore'
[1.574s] Level 1:colcon.colcon_core.package_identification:_identify(inverse-kinematics/rover_arm_description) by extension 'ignore_ament_install'
[1.574s] Level 1:colcon.colcon_core.package_identification:_identify(inverse-kinematics/rover_arm_description) by extensions ['colcon_pkg']
[1.574s] Level 1:colcon.colcon_core.package_identification:_identify(inverse-kinematics/rover_arm_description) by extension 'colcon_pkg'
[1.574s] Level 1:colcon.colcon_core.package_identification:_identify(inverse-kinematics/rover_arm_description) by extensions ['colcon_meta']
[1.575s] Level 1:colcon.colcon_core.package_identification:_identify(inverse-kinematics/rover_arm_description) by extension 'colcon_meta'
[1.575s] Level 1:colcon.colcon_core.package_identification:_identify(inverse-kinematics/rover_arm_description) by extensions ['ros']
[1.575s] Level 1:colcon.colcon_core.package_identification:_identify(inverse-kinematics/rover_arm_description) by extension 'ros'
[1.577s] DEBUG:colcon.colcon_core.package_identification:Package 'inverse-kinematics/rover_arm_description' with type 'ros.ament_cmake' and name 'rover_arm_description'
[1.577s] Level 1:colcon.colcon_core.package_identification:_identify(inverse-kinematics/rover_arm_moveit_config) by extensions ['ignore', 'ignore_ament_install']
[1.578s] Level 1:colcon.colcon_core.package_identification:_identify(inverse-kinematics/rover_arm_moveit_config) by extension 'ignore'
[1.578s] Level 1:colcon.colcon_core.package_identification:_identify(inverse-kinematics/rover_arm_moveit_config) by extension 'ignore_ament_install'
[1.579s] Level 1:colcon.colcon_core.package_identification:_identify(inverse-kinematics/rover_arm_moveit_config) by extensions ['colcon_pkg']
[1.579s] Level 1:colcon.colcon_core.package_identification:_identify(inverse-kinematics/rover_arm_moveit_config) by extension 'colcon_pkg'
[1.579s] Level 1:colcon.colcon_core.package_identification:_identify(inverse-kinematics/rover_arm_moveit_config) by extensions ['colcon_meta']
[1.579s] Level 1:colcon.colcon_core.package_identification:_identify(inverse-kinematics/rover_arm_moveit_config) by extension 'colcon_meta'
[1.579s] Level 1:colcon.colcon_core.package_identification:_identify(inverse-kinematics/rover_arm_moveit_config) by extensions ['ros']
[1.579s] Level 1:colcon.colcon_core.package_identification:_identify(inverse-kinematics/rover_arm_moveit_config) by extension 'ros'
[1.583s] DEBUG:colcon.colcon_core.package_identification:Package 'inverse-kinematics/rover_arm_moveit_config' with type 'ros.ament_cmake' and name 'rover_arm_moveit_config'
[1.583s] Level 1:colcon.colcon_core.package_identification:_identify(joy_mux_controller) by extensions ['ignore', 'ignore_ament_install']
[1.583s] Level 1:colcon.colcon_core.package_identification:_identify(joy_mux_controller) by extension 'ignore'
[1.584s] Level 1:colcon.colcon_core.package_identification:_identify(joy_mux_controller) by extension 'ignore_ament_install'
[1.584s] Level 1:colcon.colcon_core.package_identification:_identify(joy_mux_controller) by extensions ['colcon_pkg']
[1.584s] Level 1:colcon.colcon_core.package_identification:_identify(joy_mux_controller) by extension 'colcon_pkg'
[1.584s] Level 1:colcon.colcon_core.package_identification:_identify(joy_mux_controller) by extensions ['colcon_meta']
[1.584s] Level 1:colcon.colcon_core.package_identification:_identify(joy_mux_controller) by extension 'colcon_meta'
[1.584s] Level 1:colcon.colcon_core.package_identification:_identify(joy_mux_controller) by extensions ['ros']
[1.584s] Level 1:colcon.colcon_core.package_identification:_identify(joy_mux_controller) by extension 'ros'
[1.584s] Level 1:colcon.colcon_core.package_identification:_identify(joy_mux_controller) by extensions ['cmake', 'python']
[1.584s] Level 1:colcon.colcon_core.package_identification:_identify(joy_mux_controller) by extension 'cmake'
[1.585s] Level 1:colcon.colcon_core.package_identification:_identify(joy_mux_controller) by extension 'python'
[1.585s] Level 1:colcon.colcon_core.package_identification:_identify(joy_mux_controller) by extensions ['python_setup_py']
[1.585s] Level 1:colcon.colcon_core.package_identification:_identify(joy_mux_controller) by extension 'python_setup_py'
[2.804s] DEBUG:colcon.colcon_core.package_identification:Package 'joy_mux_controller' with type 'python' and name 'joy_mux_controller'
[2.805s] Level 1:colcon.colcon_core.package_identification:_identify(joy_mux_controller_cpp) by extensions ['ignore', 'ignore_ament_install']
[2.805s] Level 1:colcon.colcon_core.package_identification:_identify(joy_mux_controller_cpp) by extension 'ignore'
[2.805s] Level 1:colcon.colcon_core.package_identification:_identify(joy_mux_controller_cpp) by extension 'ignore_ament_install'
[2.805s] Level 1:colcon.colcon_core.package_identification:_identify(joy_mux_controller_cpp) by extensions ['colcon_pkg']
[2.805s] Level 1:colcon.colcon_core.package_identification:_identify(joy_mux_controller_cpp) by extension 'colcon_pkg'
[2.806s] Level 1:colcon.colcon_core.package_identification:_identify(joy_mux_controller_cpp) by extensions ['colcon_meta']
[2.806s] Level 1:colcon.colcon_core.package_identification:_identify(joy_mux_controller_cpp) by extension 'colcon_meta'
[2.806s] Level 1:colcon.colcon_core.package_identification:_identify(joy_mux_controller_cpp) by extensions ['ros']
[2.806s] Level 1:colcon.colcon_core.package_identification:_identify(joy_mux_controller_cpp) by extension 'ros'
[2.809s] DEBUG:colcon.colcon_core.package_identification:Package 'joy_mux_controller_cpp' with type 'ros.ament_cmake' and name 'joy_mux_controller_cpp'
[2.809s] Level 1:colcon.colcon_core.package_identification:_identify(joy_mux_controller_py) by extensions ['ignore', 'ignore_ament_install']
[2.810s] Level 1:colcon.colcon_core.package_identification:_identify(joy_mux_controller_py) by extension 'ignore'
[2.810s] Level 1:colcon.colcon_core.package_identification:_identify(joy_mux_controller_py) by extension 'ignore_ament_install'
[2.810s] Level 1:colcon.colcon_core.package_identification:_identify(joy_mux_controller_py) by extensions ['colcon_pkg']
[2.810s] Level 1:colcon.colcon_core.package_identification:_identify(joy_mux_controller_py) by extension 'colcon_pkg'
[2.810s] Level 1:colcon.colcon_core.package_identification:_identify(joy_mux_controller_py) by extensions ['colcon_meta']
[2.810s] Level 1:colcon.colcon_core.package_identification:_identify(joy_mux_controller_py) by extension 'colcon_meta'
[2.810s] Level 1:colcon.colcon_core.package_identification:_identify(joy_mux_controller_py) by extensions ['ros']
[2.811s] Level 1:colcon.colcon_core.package_identification:_identify(joy_mux_controller_py) by extension 'ros'
[2.813s] DEBUG:colcon.colcon_core.package_identification:Package 'joy_mux_controller_py' with type 'ros.ament_python' and name 'joy_mux_controller_py'
[2.814s] Level 1:colcon.colcon_core.package_identification:_identify(log) by extensions ['ignore', 'ignore_ament_install']
[2.816s] Level 1:colcon.colcon_core.package_identification:_identify(log) by extension 'ignore'
[2.816s] Level 1:colcon.colcon_core.package_identification:_identify(log) ignored
[2.816s] Level 1:colcon.colcon_core.package_identification:_identify(ouster-ros) by extensions ['ignore', 'ignore_ament_install']
[2.817s] Level 1:colcon.colcon_core.package_identification:_identify(ouster-ros) by extension 'ignore'
[2.817s] Level 1:colcon.colcon_core.package_identification:_identify(ouster-ros) by extension 'ignore_ament_install'
[2.817s] Level 1:colcon.colcon_core.package_identification:_identify(ouster-ros) by extensions ['colcon_pkg']
[2.817s] Level 1:colcon.colcon_core.package_identification:_identify(ouster-ros) by extension 'colcon_pkg'
[2.817s] Level 1:colcon.colcon_core.package_identification:_identify(ouster-ros) by extensions ['colcon_meta']
[2.817s] Level 1:colcon.colcon_core.package_identification:_identify(ouster-ros) by extension 'colcon_meta'
[2.817s] Level 1:colcon.colcon_core.package_identification:_identify(ouster-ros) by extensions ['ros']
[2.818s] Level 1:colcon.colcon_core.package_identification:_identify(ouster-ros) by extension 'ros'
[2.818s] Level 1:colcon.colcon_core.package_identification:_identify(ouster-ros) by extensions ['cmake', 'python']
[2.818s] Level 1:colcon.colcon_core.package_identification:_identify(ouster-ros) by extension 'cmake'
[2.818s] Level 1:colcon.colcon_core.package_identification:_identify(ouster-ros) by extension 'python'
[2.818s] Level 1:colcon.colcon_core.package_identification:_identify(ouster-ros) by extensions ['python_setup_py']
[2.818s] Level 1:colcon.colcon_core.package_identification:_identify(ouster-ros) by extension 'python_setup_py'
[2.819s] Level 1:colcon.colcon_core.package_identification:_identify(ouster-ros/docs) by extensions ['ignore', 'ignore_ament_install']
[2.819s] Level 1:colcon.colcon_core.package_identification:_identify(ouster-ros/docs) by extension 'ignore'
[2.819s] Level 1:colcon.colcon_core.package_identification:_identify(ouster-ros/docs) by extension 'ignore_ament_install'
[2.819s] Level 1:colcon.colcon_core.package_identification:_identify(ouster-ros/docs) by extensions ['colcon_pkg']
[2.819s] Level 1:colcon.colcon_core.package_identification:_identify(ouster-ros/docs) by extension 'colcon_pkg'
[2.819s] Level 1:colcon.colcon_core.package_identification:_identify(ouster-ros/docs) by extensions ['colcon_meta']
[2.819s] Level 1:colcon.colcon_core.package_identification:_identify(ouster-ros/docs) by extension 'colcon_meta'
[2.819s] Level 1:colcon.colcon_core.package_identification:_identify(ouster-ros/docs) by extensions ['ros']
[2.820s] Level 1:colcon.colcon_core.package_identification:_identify(ouster-ros/docs) by extension 'ros'
[2.820s] Level 1:colcon.colcon_core.package_identification:_identify(ouster-ros/docs) by extensions ['cmake', 'python']
[2.820s] Level 1:colcon.colcon_core.package_identification:_identify(ouster-ros/docs) by extension 'cmake'
[2.820s] Level 1:colcon.colcon_core.package_identification:_identify(ouster-ros/docs) by extension 'python'
[2.820s] Level 1:colcon.colcon_core.package_identification:_identify(ouster-ros/docs) by extensions ['python_setup_py']
[2.820s] Level 1:colcon.colcon_core.package_identification:_identify(ouster-ros/docs) by extension 'python_setup_py'
[2.820s] Level 1:colcon.colcon_core.package_identification:_identify(ouster-ros/docs/images) by extensions ['ignore', 'ignore_ament_install']
[2.821s] Level 1:colcon.colcon_core.package_identification:_identify(ouster-ros/docs/images) by extension 'ignore'
[2.821s] Level 1:colcon.colcon_core.package_identification:_identify(ouster-ros/docs/images) by extension 'ignore_ament_install'
[2.821s] Level 1:colcon.colcon_core.package_identification:_identify(ouster-ros/docs/images) by extensions ['colcon_pkg']
[2.821s] Level 1:colcon.colcon_core.package_identification:_identify(ouster-ros/docs/images) by extension 'colcon_pkg'
[2.821s] Level 1:colcon.colcon_core.package_identification:_identify(ouster-ros/docs/images) by extensions ['colcon_meta']
[2.821s] Level 1:colcon.colcon_core.package_identification:_identify(ouster-ros/docs/images) by extension 'colcon_meta'
[2.821s] Level 1:colcon.colcon_core.package_identification:_identify(ouster-ros/docs/images) by extensions ['ros']
[2.821s] Level 1:colcon.colcon_core.package_identification:_identify(ouster-ros/docs/images) by extension 'ros'
[2.821s] Level 1:colcon.colcon_core.package_identification:_identify(ouster-ros/docs/images) by extensions ['cmake', 'python']
[2.822s] Level 1:colcon.colcon_core.package_identification:_identify(ouster-ros/docs/images) by extension 'cmake'
[2.822s] Level 1:colcon.colcon_core.package_identification:_identify(ouster-ros/docs/images) by extension 'python'
[2.822s] Level 1:colcon.colcon_core.package_identification:_identify(ouster-ros/docs/images) by extensions ['python_setup_py']
[2.822s] Level 1:colcon.colcon_core.package_identification:_identify(ouster-ros/docs/images) by extension 'python_setup_py'
[2.822s] Level 1:colcon.colcon_core.package_identification:_identify(ouster-ros/ouster-ros) by extensions ['ignore', 'ignore_ament_install']
[2.822s] Level 1:colcon.colcon_core.package_identification:_identify(ouster-ros/ouster-ros) by extension 'ignore'
[2.823s] Level 1:colcon.colcon_core.package_identification:_identify(ouster-ros/ouster-ros) by extension 'ignore_ament_install'
[2.823s] Level 1:colcon.colcon_core.package_identification:_identify(ouster-ros/ouster-ros) by extensions ['colcon_pkg']
[2.823s] Level 1:colcon.colcon_core.package_identification:_identify(ouster-ros/ouster-ros) by extension 'colcon_pkg'
[2.823s] Level 1:colcon.colcon_core.package_identification:_identify(ouster-ros/ouster-ros) by extensions ['colcon_meta']
[2.823s] Level 1:colcon.colcon_core.package_identification:_identify(ouster-ros/ouster-ros) by extension 'colcon_meta'
[2.823s] Level 1:colcon.colcon_core.package_identification:_identify(ouster-ros/ouster-ros) by extensions ['ros']
[2.823s] Level 1:colcon.colcon_core.package_identification:_identify(ouster-ros/ouster-ros) by extension 'ros'
[2.828s] DEBUG:colcon.colcon_core.package_identification:Package 'ouster-ros/ouster-ros' with type 'ros.ament_cmake' and name 'ouster_ros'
[2.829s] Level 1:colcon.colcon_core.package_identification:_identify(ouster-ros/ouster-sensor-msgs) by extensions ['ignore', 'ignore_ament_install']
[2.829s] Level 1:colcon.colcon_core.package_identification:_identify(ouster-ros/ouster-sensor-msgs) by extension 'ignore'
[2.829s] Level 1:colcon.colcon_core.package_identification:_identify(ouster-ros/ouster-sensor-msgs) by extension 'ignore_ament_install'
[2.829s] Level 1:colcon.colcon_core.package_identification:_identify(ouster-ros/ouster-sensor-msgs) by extensions ['colcon_pkg']
[2.829s] Level 1:colcon.colcon_core.package_identification:_identify(ouster-ros/ouster-sensor-msgs) by extension 'colcon_pkg'
[2.830s] Level 1:colcon.colcon_core.package_identification:_identify(ouster-ros/ouster-sensor-msgs) by extensions ['colcon_meta']
[2.830s] Level 1:colcon.colcon_core.package_identification:_identify(ouster-ros/ouster-sensor-msgs) by extension 'colcon_meta'
[2.830s] Level 1:colcon.colcon_core.package_identification:_identify(ouster-ros/ouster-sensor-msgs) by extensions ['ros']
[2.830s] Level 1:colcon.colcon_core.package_identification:_identify(ouster-ros/ouster-sensor-msgs) by extension 'ros'
[2.832s] DEBUG:colcon.colcon_core.package_identification:Package 'ouster-ros/ouster-sensor-msgs' with type 'ros.ament_cmake' and name 'ouster_sensor_msgs'
[2.833s] Level 1:colcon.colcon_core.package_identification:_identify(test) by extensions ['ignore', 'ignore_ament_install']
[2.834s] Level 1:colcon.colcon_core.package_identification:_identify(test) by extension 'ignore'
[2.834s] Level 1:colcon.colcon_core.package_identification:_identify(test) by extension 'ignore_ament_install'
[2.835s] Level 1:colcon.colcon_core.package_identification:_identify(test) by extensions ['colcon_pkg']
[2.835s] Level 1:colcon.colcon_core.package_identification:_identify(test) by extension 'colcon_pkg'
[2.836s] Level 1:colcon.colcon_core.package_identification:_identify(test) by extensions ['colcon_meta']
[2.836s] Level 1:colcon.colcon_core.package_identification:_identify(test) by extension 'colcon_meta'
[2.836s] Level 1:colcon.colcon_core.package_identification:_identify(test) by extensions ['ros']
[2.836s] Level 1:colcon.colcon_core.package_identification:_identify(test) by extension 'ros'
[2.846s] DEBUG:colcon.colcon_core.package_identification:Package 'test' with type 'ros.ament_cmake' and name 'test'
[2.846s] Level 1:colcon.colcon_core.package_identification:_identify(test-autonomous-typing) by extensions ['ignore', 'ignore_ament_install']
[2.847s] Level 1:colcon.colcon_core.package_identification:_identify(test-autonomous-typing) by extension 'ignore'
[2.847s] Level 1:colcon.colcon_core.package_identification:_identify(test-autonomous-typing) by extension 'ignore_ament_install'
[2.848s] Level 1:colcon.colcon_core.package_identification:_identify(test-autonomous-typing) by extensions ['colcon_pkg']
[2.848s] Level 1:colcon.colcon_core.package_identification:_identify(test-autonomous-typing) by extension 'colcon_pkg'
[2.848s] Level 1:colcon.colcon_core.package_identification:_identify(test-autonomous-typing) by extensions ['colcon_meta']
[2.848s] Level 1:colcon.colcon_core.package_identification:_identify(test-autonomous-typing) by extension 'colcon_meta'
[2.848s] Level 1:colcon.colcon_core.package_identification:_identify(test-autonomous-typing) by extensions ['ros']
[2.848s] Level 1:colcon.colcon_core.package_identification:_identify(test-autonomous-typing) by extension 'ros'
[2.848s] Level 1:colcon.colcon_core.package_identification:_identify(test-autonomous-typing) by extensions ['cmake', 'python']
[2.848s] Level 1:colcon.colcon_core.package_identification:_identify(test-autonomous-typing) by extension 'cmake'
[2.849s] Level 1:colcon.colcon_core.package_identification:_identify(test-autonomous-typing) by extension 'python'
[2.849s] Level 1:colcon.colcon_core.package_identification:_identify(test-autonomous-typing) by extensions ['python_setup_py']
[2.849s] Level 1:colcon.colcon_core.package_identification:_identify(test-autonomous-typing) by extension 'python_setup_py'
[2.849s] Level 1:colcon.colcon_core.package_identification:_identify(usb_cam) by extensions ['ignore', 'ignore_ament_install']
[2.849s] Level 1:colcon.colcon_core.package_identification:_identify(usb_cam) by extension 'ignore'
[2.849s] Level 1:colcon.colcon_core.package_identification:_identify(usb_cam) by extension 'ignore_ament_install'
[2.850s] Level 1:colcon.colcon_core.package_identification:_identify(usb_cam) by extensions ['colcon_pkg']
[2.850s] Level 1:colcon.colcon_core.package_identification:_identify(usb_cam) by extension 'colcon_pkg'
[2.850s] Level 1:colcon.colcon_core.package_identification:_identify(usb_cam) by extensions ['colcon_meta']
[2.850s] Level 1:colcon.colcon_core.package_identification:_identify(usb_cam) by extension 'colcon_meta'
[2.850s] Level 1:colcon.colcon_core.package_identification:_identify(usb_cam) by extensions ['ros']
[2.850s] Level 1:colcon.colcon_core.package_identification:_identify(usb_cam) by extension 'ros'
[2.871s] DEBUG:colcon.colcon_core.package_identification:Package 'usb_cam' with type 'ros.ament_cmake' and name 'usb_cam'
[2.872s] Level 1:colcon.colcon_core.package_identification:_identify(wheels_controller) by extensions ['ignore', 'ignore_ament_install']
[2.873s] Level 1:colcon.colcon_core.package_identification:_identify(wheels_controller) by extension 'ignore'
[2.873s] Level 1:colcon.colcon_core.package_identification:_identify(wheels_controller) by extension 'ignore_ament_install'
[2.873s] Level 1:colcon.colcon_core.package_identification:_identify(wheels_controller) by extensions ['colcon_pkg']
[2.873s] Level 1:colcon.colcon_core.package_identification:_identify(wheels_controller) by extension 'colcon_pkg'
[2.873s] Level 1:colcon.colcon_core.package_identification:_identify(wheels_controller) by extensions ['colcon_meta']
[2.873s] Level 1:colcon.colcon_core.package_identification:_identify(wheels_controller) by extension 'colcon_meta'
[2.874s] Level 1:colcon.colcon_core.package_identification:_identify(wheels_controller) by extensions ['ros']
[2.874s] Level 1:colcon.colcon_core.package_identification:_identify(wheels_controller) by extension 'ros'
[2.876s] DEBUG:colcon.colcon_core.package_identification:Package 'wheels_controller' with type 'ros.ament_cmake' and name 'wheels_controller'
[2.876s] Level 1:colcon.colcon_core.package_discovery:discover_packages(recursive) using defaults
[2.876s] Level 1:colcon.colcon_core.package_discovery:discover_packages(ignore) discover
[2.877s] Level 1:colcon.colcon_core.package_discovery:discover_packages(ignore) using defaults
[2.877s] Level 1:colcon.colcon_core.package_discovery:discover_packages(path) discover
[2.877s] Level 1:colcon.colcon_core.package_discovery:discover_packages(path) using defaults
[2.945s] INFO:colcon.colcon_core.package_selection:Skipping not selected package 'absenc_interface' in 'absenc_interface'
[2.945s] INFO:colcon.colcon_core.package_selection:Skipping not selected package 'arm_controller' in 'arm_controller'
[2.945s] INFO:colcon.colcon_core.package_selection:Skipping not selected package 'arm_hardware' in 'inverse-kinematics/arm_hardware'
[2.945s] INFO:colcon.colcon_core.package_selection:Skipping not selected package 'gps_py' in 'gps_py'
[2.945s] INFO:colcon.colcon_core.package_selection:Skipping not selected package 'ik_mux_controller' in 'inverse-kinematics/ik_mux_controller'
[2.946s] INFO:colcon.colcon_core.package_selection:Skipping not selected package 'joy_mux_controller' in 'joy_mux_controller'
[2.946s] INFO:colcon.colcon_core.package_selection:Skipping not selected package 'joy_mux_controller_cpp' in 'joy_mux_controller_cpp'
[2.946s] INFO:colcon.colcon_core.package_selection:Skipping not selected package 'joy_mux_controller_py' in 'joy_mux_controller_py'
[2.946s] INFO:colcon.colcon_core.package_selection:Skipping not selected package 'ouster_sensor_msgs' in 'ouster-ros/ouster-sensor-msgs'
[2.946s] INFO:colcon.colcon_core.package_selection:Skipping not selected package 'rover_arm_description' in 'inverse-kinematics/rover_arm_description'
[2.946s] INFO:colcon.colcon_core.package_selection:Skipping not selected package 'usb_cam' in 'usb_cam'
[2.946s] INFO:colcon.colcon_core.package_selection:Skipping not selected package 'wheels_controller' in 'wheels_controller'
[2.946s] INFO:colcon.colcon_core.package_selection:Skipping not selected package 'ouster_ros' in 'ouster-ros/ouster-ros'
[2.946s] INFO:colcon.colcon_core.package_selection:Skipping not selected package 'rover_arm_moveit_config' in 'inverse-kinematics/rover_arm_moveit_config'
[2.947s] Level 1:colcon.colcon_core.package_discovery:discover_packages(prefix_path) check parameters
[2.947s] Level 1:colcon.colcon_core.package_discovery:discover_packages(prefix_path) discover
[2.958s] DEBUG:colcon.colcon_installed_package_information.package_discovery:Found 1 installed packages in /home/liliana/ros2_ws/robot-repo-ros2/src/install
[2.960s] DEBUG:colcon.colcon_installed_package_information.package_discovery:Found 8 installed packages in /home/liliana/ros2_ws/install
[2.965s] DEBUG:colcon.colcon_installed_package_information.package_discovery:Found 45 installed packages in /home/liliana/ws_moveit/install
[2.968s] DEBUG:colcon.colcon_installed_package_information.package_discovery:Found 3 installed packages in /home/liliana/install
[2.975s] DEBUG:colcon.colcon_installed_package_information.package_discovery:Found 419 installed packages in /opt/ros/humble
[2.985s] Level 1:colcon.colcon_core.package_discovery:discover_packages(prefix_path) using defaults
[3.187s] Level 5:colcon.colcon_core.verb:set package 'test' build argument 'cmake_args' from command line to 'None'
[3.187s] Level 5:colcon.colcon_core.verb:set package 'test' build argument 'cmake_target' from command line to 'None'
[3.187s] Level 5:colcon.colcon_core.verb:set package 'test' build argument 'cmake_target_skip_unavailable' from command line to 'False'
[3.187s] Level 5:colcon.colcon_core.verb:set package 'test' build argument 'cmake_clean_cache' from command line to 'False'
[3.188s] Level 5:colcon.colcon_core.verb:set package 'test' build argument 'cmake_clean_first' from command line to 'False'
[3.188s] Level 5:colcon.colcon_core.verb:set package 'test' build argument 'cmake_force_configure' from command line to 'False'
[3.188s] Level 5:colcon.colcon_core.verb:set package 'test' build argument 'ament_cmake_args' from command line to 'None'
[3.188s] Level 5:colcon.colcon_core.verb:set package 'test' build argument 'catkin_cmake_args' from command line to 'None'
[3.188s] Level 5:colcon.colcon_core.verb:set package 'test' build argument 'catkin_skip_building_tests' from command line to 'False'
[3.188s] DEBUG:colcon.colcon_core.verb:Building package 'test' with the following arguments: {'ament_cmake_args': None, 'build_base': '/home/liliana/ros2_ws/robot-repo-ros2/src/build/test', 'catkin_cmake_args': None, 'catkin_skip_building_tests': False, 'cmake_args': None, 'cmake_clean_cache': False, 'cmake_clean_first': False, 'cmake_force_configure': False, 'cmake_target': None, 'cmake_target_skip_unavailable': False, 'install_base': '/home/liliana/ros2_ws/robot-repo-ros2/src/install/test', 'merge_install': False, 'path': '/home/liliana/ros2_ws/robot-repo-ros2/src/test', 'symlink_install': False, 'test_result_base': None}
[3.189s] INFO:colcon.colcon_core.executor:Executing jobs using 'parallel' executor
[3.195s] DEBUG:colcon.colcon_parallel_executor.executor.parallel:run_until_complete
[3.196s] INFO:colcon.colcon_ros.task.ament_cmake.build:Building ROS package in '/home/liliana/ros2_ws/robot-repo-ros2/src/test' with build type 'ament_cmake'
[3.196s] INFO:colcon.colcon_cmake.task.cmake.build:Building CMake package in '/home/liliana/ros2_ws/robot-repo-ros2/src/test'
[3.205s] INFO:colcon.colcon_core.plugin_system:Skipping extension 'colcon_core.shell.bat': Not used on non-Windows systems
[3.205s] INFO:colcon.colcon_core.shell:Skip shell extension 'powershell' for command environment: Not usable outside of PowerShell
[3.205s] DEBUG:colcon.colcon_core.shell:Skip shell extension 'dsv' for command environment
[3.260s] DEBUG:colcon.colcon_core.event_handler.log_command:Invoking command in '/home/liliana/ros2_ws/robot-repo-ros2/src/build/test': CMAKE_PREFIX_PATH=${CMAKE_PREFIX_PATH}:/home/liliana/ws_moveit/install/moveit_configs_utils:/home/liliana/ros2_ws/install/my_py_pkg:/home/liliana/ros2_ws/install/joy_mux_controller:/home/liliana/install/my_py_pkg:/opt/ros/humble /usr/bin/cmake --build /home/liliana/ros2_ws/robot-repo-ros2/src/build/test -- -j6 -l6
[30.899s] DEBUG:colcon.colcon_core.event_handler.log_command:Invoked command in '/home/liliana/ros2_ws/robot-repo-ros2/src/build/test' returned '0': CMAKE_PREFIX_PATH=${CMAKE_PREFIX_PATH}:/home/liliana/ws_moveit/install/moveit_configs_utils:/home/liliana/ros2_ws/install/my_py_pkg:/home/liliana/ros2_ws/install/joy_mux_controller:/home/liliana/install/my_py_pkg:/opt/ros/humble /usr/bin/cmake --build /home/liliana/ros2_ws/robot-repo-ros2/src/build/test -- -j6 -l6
[30.939s] DEBUG:colcon.colcon_core.event_handler.log_command:Invoking command in '/home/liliana/ros2_ws/robot-repo-ros2/src/build/test': CMAKE_PREFIX_PATH=${CMAKE_PREFIX_PATH}:/home/liliana/ws_moveit/install/moveit_configs_utils:/home/liliana/ros2_ws/install/my_py_pkg:/home/liliana/ros2_ws/install/joy_mux_controller:/home/liliana/install/my_py_pkg:/opt/ros/humble /usr/bin/cmake --install /home/liliana/ros2_ws/robot-repo-ros2/src/build/test
[30.980s] Level 1:colcon.colcon_core.environment:create_environment_scripts_only(test)
[30.982s] DEBUG:colcon.colcon_core.event_handler.log_command:Invoked command in '/home/liliana/ros2_ws/robot-repo-ros2/src/build/test' returned '0': CMAKE_PREFIX_PATH=${CMAKE_PREFIX_PATH}:/home/liliana/ws_moveit/install/moveit_configs_utils:/home/liliana/ros2_ws/install/my_py_pkg:/home/liliana/ros2_ws/install/joy_mux_controller:/home/liliana/install/my_py_pkg:/opt/ros/humble /usr/bin/cmake --install /home/liliana/ros2_ws/robot-repo-ros2/src/build/test
[30.992s] Level 1:colcon.colcon_core.environment:checking '/home/liliana/ros2_ws/robot-repo-ros2/src/install/test' for CMake module files
[30.995s] Level 1:colcon.colcon_core.environment:checking '/home/liliana/ros2_ws/robot-repo-ros2/src/install/test' for CMake config files
[30.996s] Level 1:colcon.colcon_core.shell:create_environment_hook('test', 'cmake_prefix_path')
[30.998s] INFO:colcon.colcon_core.shell:Creating environment hook '/home/liliana/ros2_ws/robot-repo-ros2/src/install/test/share/test/hook/cmake_prefix_path.ps1'
[31.001s] INFO:colcon.colcon_core.shell:Creating environment descriptor '/home/liliana/ros2_ws/robot-repo-ros2/src/install/test/share/test/hook/cmake_prefix_path.dsv'
[31.004s] INFO:colcon.colcon_core.shell:Creating environment hook '/home/liliana/ros2_ws/robot-repo-ros2/src/install/test/share/test/hook/cmake_prefix_path.sh'
[31.009s] Level 1:colcon.colcon_core.environment:checking '/home/liliana/ros2_ws/robot-repo-ros2/src/install/test/lib'
[31.010s] Level 1:colcon.colcon_core.environment:checking '/home/liliana/ros2_ws/robot-repo-ros2/src/install/test/bin'
[31.010s] Level 1:colcon.colcon_core.environment:checking '/home/liliana/ros2_ws/robot-repo-ros2/src/install/test/lib/pkgconfig/test.pc'
[31.011s] Level 1:colcon.colcon_core.environment:checking '/home/liliana/ros2_ws/robot-repo-ros2/src/install/test/lib/python3.10/site-packages'
[31.013s] Level 1:colcon.colcon_core.environment:checking '/home/liliana/ros2_ws/robot-repo-ros2/src/install/test/bin'
[31.016s] INFO:colcon.colcon_core.shell:Creating package script '/home/liliana/ros2_ws/robot-repo-ros2/src/install/test/share/test/package.ps1'
[31.019s] INFO:colcon.colcon_core.shell:Creating package descriptor '/home/liliana/ros2_ws/robot-repo-ros2/src/install/test/share/test/package.dsv'
[31.022s] INFO:colcon.colcon_core.shell:Creating package script '/home/liliana/ros2_ws/robot-repo-ros2/src/install/test/share/test/package.sh'
[31.024s] INFO:colcon.colcon_core.shell:Creating package script '/home/liliana/ros2_ws/robot-repo-ros2/src/install/test/share/test/package.bash'
[31.027s] INFO:colcon.colcon_core.shell:Creating package script '/home/liliana/ros2_ws/robot-repo-ros2/src/install/test/share/test/package.zsh'
[31.030s] Level 1:colcon.colcon_core.environment:create_file_with_runtime_dependencies(/home/liliana/ros2_ws/robot-repo-ros2/src/install/test/share/colcon-core/packages/test)
[31.032s] Level 1:colcon.colcon_core.environment:create_environment_scripts_only(test)
[31.033s] Level 1:colcon.colcon_core.environment:checking '/home/liliana/ros2_ws/robot-repo-ros2/src/install/test' for CMake module files
[31.035s] Level 1:colcon.colcon_core.environment:checking '/home/liliana/ros2_ws/robot-repo-ros2/src/install/test' for CMake config files
[31.037s] Level 1:colcon.colcon_core.shell:create_environment_hook('test', 'cmake_prefix_path')
[31.038s] INFO:colcon.colcon_core.shell:Creating environment hook '/home/liliana/ros2_ws/robot-repo-ros2/src/install/test/share/test/hook/cmake_prefix_path.ps1'
[31.040s] INFO:colcon.colcon_core.shell:Creating environment descriptor '/home/liliana/ros2_ws/robot-repo-ros2/src/install/test/share/test/hook/cmake_prefix_path.dsv'
[31.042s] INFO:colcon.colcon_core.shell:Creating environment hook '/home/liliana/ros2_ws/robot-repo-ros2/src/install/test/share/test/hook/cmake_prefix_path.sh'
[31.046s] Level 1:colcon.colcon_core.environment:checking '/home/liliana/ros2_ws/robot-repo-ros2/src/install/test/lib'
[31.046s] Level 1:colcon.colcon_core.environment:checking '/home/liliana/ros2_ws/robot-repo-ros2/src/install/test/bin'
[31.047s] Level 1:colcon.colcon_core.environment:checking '/home/liliana/ros2_ws/robot-repo-ros2/src/install/test/lib/pkgconfig/test.pc'
[31.047s] Level 1:colcon.colcon_core.environment:checking '/home/liliana/ros2_ws/robot-repo-ros2/src/install/test/lib/python3.10/site-packages'
[31.049s] Level 1:colcon.colcon_core.environment:checking '/home/liliana/ros2_ws/robot-repo-ros2/src/install/test/bin'
[31.050s] INFO:colcon.colcon_core.shell:Creating package script '/home/liliana/ros2_ws/robot-repo-ros2/src/install/test/share/test/package.ps1'
[31.053s] INFO:colcon.colcon_core.shell:Creating package descriptor '/home/liliana/ros2_ws/robot-repo-ros2/src/install/test/share/test/package.dsv'
[31.055s] INFO:colcon.colcon_core.shell:Creating package script '/home/liliana/ros2_ws/robot-repo-ros2/src/install/test/share/test/package.sh'
[31.058s] INFO:colcon.colcon_core.shell:Creating package script '/home/liliana/ros2_ws/robot-repo-ros2/src/install/test/share/test/package.bash'
[31.060s] INFO:colcon.colcon_core.shell:Creating package script '/home/liliana/ros2_ws/robot-repo-ros2/src/install/test/share/test/package.zsh'
[31.062s] Level 1:colcon.colcon_core.environment:create_file_with_runtime_dependencies(/home/liliana/ros2_ws/robot-repo-ros2/src/install/test/share/colcon-core/packages/test)
[31.064s] DEBUG:colcon.colcon_parallel_executor.executor.parallel:closing loop
[31.065s] DEBUG:colcon.colcon_parallel_executor.executor.parallel:loop closed
[31.066s] DEBUG:colcon.colcon_parallel_executor.executor.parallel:run_until_complete finished with '0'
[31.066s] DEBUG:colcon.colcon_core.event_reactor:joining thread
[31.089s] INFO:colcon.colcon_core.plugin_system:Skipping extension 'colcon_notification.desktop_notification.terminal_notifier': Not used on non-Darwin systems
[31.089s] INFO:colcon.colcon_core.plugin_system:Skipping extension 'colcon_notification.desktop_notification.win32': Not used on non-Windows systems
[31.089s] INFO:colcon.colcon_notification.desktop_notification:Sending desktop notification using 'notify2'
[31.126s] DEBUG:colcon.colcon_core.event_reactor:joined thread
[31.127s] INFO:colcon.colcon_core.shell:Creating prefix script '/home/liliana/ros2_ws/robot-repo-ros2/src/install/local_setup.ps1'
[31.131s] INFO:colcon.colcon_core.shell:Creating prefix util module '/home/liliana/ros2_ws/robot-repo-ros2/src/install/_local_setup_util_ps1.py'
[31.136s] INFO:colcon.colcon_core.shell:Creating prefix chain script '/home/liliana/ros2_ws/robot-repo-ros2/src/install/setup.ps1'
[31.146s] INFO:colcon.colcon_core.shell:Creating prefix script '/home/liliana/ros2_ws/robot-repo-ros2/src/install/local_setup.sh'
[31.149s] INFO:colcon.colcon_core.shell:Creating prefix util module '/home/liliana/ros2_ws/robot-repo-ros2/src/install/_local_setup_util_sh.py'
[31.152s] INFO:colcon.colcon_core.shell:Creating prefix chain script '/home/liliana/ros2_ws/robot-repo-ros2/src/install/setup.sh'
[31.163s] INFO:colcon.colcon_core.shell:Creating prefix script '/home/liliana/ros2_ws/robot-repo-ros2/src/install/local_setup.bash'
[31.165s] INFO:colcon.colcon_core.shell:Creating prefix chain script '/home/liliana/ros2_ws/robot-repo-ros2/src/install/setup.bash'
[31.177s] INFO:colcon.colcon_core.shell:Creating prefix script '/home/liliana/ros2_ws/robot-repo-ros2/src/install/local_setup.zsh'
[31.180s] INFO:colcon.colcon_core.shell:Creating prefix chain script '/home/liliana/ros2_ws/robot-repo-ros2/src/install/setup.zsh'
