[0.053s] Invoking command in '/home/liliana/ros2_ws/robot-repo-ros2/src/inverse-kinematics/build/rover_arm_description': CMAKE_PREFIX_PATH=${CMAKE_PREFIX_PATH}:/home/liliana/ws_moveit/install/moveit_configs_utils:/home/liliana/ros2_ws/install/my_py_pkg:/home/liliana/ros2_ws/install/joy_mux_controller:/home/liliana/install/my_py_pkg:/opt/ros/humble /usr/bin/cmake --build /home/liliana/ros2_ws/robot-repo-ros2/src/inverse-kinematics/build/rover_arm_description -- -j6 -l6
[0.210s] -- Found ament_cmake: 1.3.12 (/opt/ros/humble/share/ament_cmake/cmake)
[0.759s] -- Configuring done
[0.774s] -- Generating done
[0.777s] -- Build files have been written to: /home/liliana/ros2_ws/robot-repo-ros2/src/inverse-kinematics/build/rover_arm_description
[0.852s] Invoked command in '/home/liliana/ros2_ws/robot-repo-ros2/src/inverse-kinematics/build/rover_arm_description' returned '0': CMAKE_PREFIX_PATH=${CMAKE_PREFIX_PATH}:/home/liliana/ws_moveit/install/moveit_configs_utils:/home/liliana/ros2_ws/install/my_py_pkg:/home/liliana/ros2_ws/install/joy_mux_controller:/home/liliana/install/my_py_pkg:/opt/ros/humble /usr/bin/cmake --build /home/liliana/ros2_ws/robot-repo-ros2/src/inverse-kinematics/build/rover_arm_description -- -j6 -l6
[0.990s] Invoking command in '/home/liliana/ros2_ws/robot-repo-ros2/src/inverse-kinematics/build/rover_arm_description': CMAKE_PREFIX_PATH=${CMAKE_PREFIX_PATH}:/home/liliana/ws_moveit/install/moveit_configs_utils:/home/liliana/ros2_ws/install/my_py_pkg:/home/liliana/ros2_ws/install/joy_mux_controller:/home/liliana/install/my_py_pkg:/opt/ros/humble /usr/bin/cmake --install /home/liliana/ros2_ws/robot-repo-ros2/src/inverse-kinematics/build/rover_arm_description
[1.013s] -- Install configuration: ""
[1.014s] -- Installing: /home/liliana/ros2_ws/robot-repo-ros2/src/inverse-kinematics/install/rover_arm_description/share/rover_arm_description//urdf
[1.014s] -- Installing: /home/liliana/ros2_ws/robot-repo-ros2/src/inverse-kinematics/install/rover_arm_description/share/rover_arm_description//urdf/arm.xacro
[1.014s] -- Installing: /home/liliana/ros2_ws/robot-repo-ros2/src/inverse-kinematics/install/rover_arm_description/share/rover_arm_description//urdf/common_properties.xacro
[1.014s] -- Installing: /home/liliana/ros2_ws/robot-repo-ros2/src/inverse-kinematics/install/rover_arm_description/share/rover_arm_description//urdf/arm.urdf.xacro
[1.015s] -- Installing: /home/liliana/ros2_ws/robot-repo-ros2/src/inverse-kinematics/install/rover_arm_description/share/rover_arm_description//urdf/gripper.xacro
[1.015s] -- Installing: /home/liliana/ros2_ws/robot-repo-ros2/src/inverse-kinematics/install/rover_arm_description/share/rover_arm_description//launch
[1.015s] -- Installing: /home/liliana/ros2_ws/robot-repo-ros2/src/inverse-kinematics/install/rover_arm_description/share/rover_arm_description//launch/arm.launch.xml
[1.016s] -- Installing: /home/liliana/ros2_ws/robot-repo-ros2/src/inverse-kinematics/install/rover_arm_description/share/rover_arm_description//rviz
[1.016s] -- Installing: /home/liliana/ros2_ws/robot-repo-ros2/src/inverse-kinematics/install/rover_arm_description/share/rover_arm_description//rviz/urdf_config.rviz
[1.017s] -- Installing: /home/liliana/ros2_ws/robot-repo-ros2/src/inverse-kinematics/install/rover_arm_description/share/ament_index/resource_index/package_run_dependencies/rover_arm_description
[1.017s] -- Installing: /home/liliana/ros2_ws/robot-repo-ros2/src/inverse-kinematics/install/rover_arm_description/share/ament_index/resource_index/parent_prefix_path/rover_arm_description
[1.018s] -- Installing: /home/liliana/ros2_ws/robot-repo-ros2/src/inverse-kinematics/install/rover_arm_description/share/rover_arm_description/environment/ament_prefix_path.sh
[1.018s] -- Installing: /home/liliana/ros2_ws/robot-repo-ros2/src/inverse-kinematics/install/rover_arm_description/share/rover_arm_description/environment/ament_prefix_path.dsv
[1.019s] -- Installing: /home/liliana/ros2_ws/robot-repo-ros2/src/inverse-kinematics/install/rover_arm_description/share/rover_arm_description/environment/path.sh
[1.019s] -- Installing: /home/liliana/ros2_ws/robot-repo-ros2/src/inverse-kinematics/install/rover_arm_description/share/rover_arm_description/environment/path.dsv
[1.020s] -- Installing: /home/liliana/ros2_ws/robot-repo-ros2/src/inverse-kinematics/install/rover_arm_description/share/rover_arm_description/local_setup.bash
[1.020s] -- Installing: /home/liliana/ros2_ws/robot-repo-ros2/src/inverse-kinematics/install/rover_arm_description/share/rover_arm_description/local_setup.sh
[1.021s] -- Installing: /home/liliana/ros2_ws/robot-repo-ros2/src/inverse-kinematics/install/rover_arm_description/share/rover_arm_description/local_setup.zsh
[1.021s] -- Installing: /home/liliana/ros2_ws/robot-repo-ros2/src/inverse-kinematics/install/rover_arm_description/share/rover_arm_description/local_setup.dsv
[1.022s] -- Installing: /home/liliana/ros2_ws/robot-repo-ros2/src/inverse-kinematics/install/rover_arm_description/share/rover_arm_description/package.dsv
[1.022s] -- Installing: /home/liliana/ros2_ws/robot-repo-ros2/src/inverse-kinematics/install/rover_arm_description/share/ament_index/resource_index/packages/rover_arm_description
[1.023s] -- Installing: /home/liliana/ros2_ws/robot-repo-ros2/src/inverse-kinematics/install/rover_arm_description/share/rover_arm_description/cmake/rover_arm_descriptionConfig.cmake
[1.023s] -- Installing: /home/liliana/ros2_ws/robot-repo-ros2/src/inverse-kinematics/install/rover_arm_description/share/rover_arm_description/cmake/rover_arm_descriptionConfig-version.cmake
[1.024s] -- Installing: /home/liliana/ros2_ws/robot-repo-ros2/src/inverse-kinematics/install/rover_arm_description/share/rover_arm_description/package.xml
[1.029s] Invoked command in '/home/liliana/ros2_ws/robot-repo-ros2/src/inverse-kinematics/build/rover_arm_description' returned '0': CMAKE_PREFIX_PATH=${CMAKE_PREFIX_PATH}:/home/liliana/ws_moveit/install/moveit_configs_utils:/home/liliana/ros2_ws/install/my_py_pkg:/home/liliana/ros2_ws/install/joy_mux_controller:/home/liliana/install/my_py_pkg:/opt/ros/humble /usr/bin/cmake --install /home/liliana/ros2_ws/robot-repo-ros2/src/inverse-kinematics/build/rover_arm_description
