[0.353s] DEBUG:colcon:Command line arguments: ['/usr/bin/colcon', 'build', '--packages-select', 'rover_arm_moveit_config']
[0.354s] DEBUG:colcon:Parsed command line arguments: Namespace(log_base=None, log_level=None, verb_name='build', build_base='build', install_base='install', merge_install=False, symlink_install=False, test_result_base=None, continue_on_error=False, executor='parallel', parallel_workers=6, event_handlers=None, ignore_user_meta=False, metas=['./colcon.meta'], base_paths=['.'], packages_ignore=None, packages_ignore_regex=None, paths=None, packages_up_to=None, packages_up_to_regex=None, packages_above=None, packages_above_and_dependencies=None, packages_above_depth=None, packages_select_by_dep=None, packages_skip_by_dep=None, packages_skip_up_to=None, packages_select_build_failed=False, packages_skip_build_finished=False, packages_select_test_failures=False, packages_skip_test_passed=False, packages_select=['rover_arm_moveit_config'], packages_skip=None, packages_select_regex=None, packages_skip_regex=None, packages_start=None, packages_end=None, allow_overriding=[], cmake_args=None, cmake_target=None, cmake_target_skip_unavailable=False, cmake_clean_cache=False, cmake_clean_first=False, cmake_force_configure=False, ament_cmake_args=None, catkin_cmake_args=None, catkin_skip_building_tests=False, mixin_files=None, mixin=None, verb_parser=<colcon_mixin.mixin.mixin_argument.MixinArgumentDecorator object at 0x7530b87885e0>, verb_extension=<colcon_core.verb.build.BuildVerb object at 0x7530b8788100>, main=<bound method BuildVerb.main of <colcon_core.verb.build.BuildVerb object at 0x7530b8788100>>, mixin_verb=('build',))
[1.138s] Level 1:colcon.colcon_core.package_discovery:discover_packages(colcon_meta) check parameters
[1.139s] Level 1:colcon.colcon_core.package_discovery:discover_packages(recursive) check parameters
[1.139s] Level 1:colcon.colcon_core.package_discovery:discover_packages(ignore) check parameters
[1.139s] Level 1:colcon.colcon_core.package_discovery:discover_packages(path) check parameters
[1.139s] Level 1:colcon.colcon_core.package_discovery:discover_packages(colcon_meta) discover
[1.139s] Level 1:colcon.colcon_core.package_discovery:discover_packages(recursive) discover
[1.139s] INFO:colcon.colcon_core.package_discovery:Crawling recursively for packages in '/home/liliana/ros2_ws/robot-repo-ros2/src/inverse-kinematics'
[1.140s] Level 1:colcon.colcon_core.package_identification:_identify(.) by extensions ['ignore', 'ignore_ament_install']
[1.140s] Level 1:colcon.colcon_core.package_identification:_identify(.) by extension 'ignore'
[1.140s] Level 1:colcon.colcon_core.package_identification:_identify(.) by extension 'ignore_ament_install'
[1.140s] Level 1:colcon.colcon_core.package_identification:_identify(.) by extensions ['colcon_pkg']
[1.140s] Level 1:colcon.colcon_core.package_identification:_identify(.) by extension 'colcon_pkg'
[1.140s] Level 1:colcon.colcon_core.package_identification:_identify(.) by extensions ['colcon_meta']
[1.140s] Level 1:colcon.colcon_core.package_identification:_identify(.) by extension 'colcon_meta'
[1.140s] Level 1:colcon.colcon_core.package_identification:_identify(.) by extensions ['ros']
[1.140s] Level 1:colcon.colcon_core.package_identification:_identify(.) by extension 'ros'
[1.175s] Level 1:colcon.colcon_core.package_identification:_identify(.) by extensions ['cmake', 'python']
[1.176s] Level 1:colcon.colcon_core.package_identification:_identify(.) by extension 'cmake'
[1.176s] Level 1:colcon.colcon_core.package_identification:_identify(.) by extension 'python'
[1.176s] Level 1:colcon.colcon_core.package_identification:_identify(.) by extensions ['python_setup_py']
[1.176s] Level 1:colcon.colcon_core.package_identification:_identify(.) by extension 'python_setup_py'
[1.176s] Level 1:colcon.colcon_core.package_identification:_identify(arm_hardware) by extensions ['ignore', 'ignore_ament_install']
[1.177s] Level 1:colcon.colcon_core.package_identification:_identify(arm_hardware) by extension 'ignore'
[1.177s] Level 1:colcon.colcon_core.package_identification:_identify(arm_hardware) by extension 'ignore_ament_install'
[1.177s] Level 1:colcon.colcon_core.package_identification:_identify(arm_hardware) by extensions ['colcon_pkg']
[1.177s] Level 1:colcon.colcon_core.package_identification:_identify(arm_hardware) by extension 'colcon_pkg'
[1.177s] Level 1:colcon.colcon_core.package_identification:_identify(arm_hardware) by extensions ['colcon_meta']
[1.177s] Level 1:colcon.colcon_core.package_identification:_identify(arm_hardware) by extension 'colcon_meta'
[1.177s] Level 1:colcon.colcon_core.package_identification:_identify(arm_hardware) by extensions ['ros']
[1.177s] Level 1:colcon.colcon_core.package_identification:_identify(arm_hardware) by extension 'ros'
[1.187s] DEBUG:colcon.colcon_core.package_identification:Package 'arm_hardware' with type 'ros.ament_cmake' and name 'arm_hardware'
[1.187s] Level 1:colcon.colcon_core.package_identification:_identify(build) by extensions ['ignore', 'ignore_ament_install']
[1.187s] Level 1:colcon.colcon_core.package_identification:_identify(build) by extension 'ignore'
[1.188s] Level 1:colcon.colcon_core.package_identification:_identify(build) ignored
[1.188s] Level 1:colcon.colcon_core.package_identification:_identify(ik_mux_controller) by extensions ['ignore', 'ignore_ament_install']
[1.188s] Level 1:colcon.colcon_core.package_identification:_identify(ik_mux_controller) by extension 'ignore'
[1.188s] Level 1:colcon.colcon_core.package_identification:_identify(ik_mux_controller) by extension 'ignore_ament_install'
[1.188s] Level 1:colcon.colcon_core.package_identification:_identify(ik_mux_controller) by extensions ['colcon_pkg']
[1.188s] Level 1:colcon.colcon_core.package_identification:_identify(ik_mux_controller) by extension 'colcon_pkg'
[1.188s] Level 1:colcon.colcon_core.package_identification:_identify(ik_mux_controller) by extensions ['colcon_meta']
[1.188s] Level 1:colcon.colcon_core.package_identification:_identify(ik_mux_controller) by extension 'colcon_meta'
[1.189s] Level 1:colcon.colcon_core.package_identification:_identify(ik_mux_controller) by extensions ['ros']
[1.189s] Level 1:colcon.colcon_core.package_identification:_identify(ik_mux_controller) by extension 'ros'
[1.192s] DEBUG:colcon.colcon_core.package_identification:Package 'ik_mux_controller' with type 'ros.ament_cmake' and name 'ik_mux_controller'
[1.192s] Level 1:colcon.colcon_core.package_identification:_identify(install) by extensions ['ignore', 'ignore_ament_install']
[1.192s] Level 1:colcon.colcon_core.package_identification:_identify(install) by extension 'ignore'
[1.193s] Level 1:colcon.colcon_core.package_identification:_identify(install) ignored
[1.193s] Level 1:colcon.colcon_core.package_identification:_identify(log) by extensions ['ignore', 'ignore_ament_install']
[1.193s] Level 1:colcon.colcon_core.package_identification:_identify(log) by extension 'ignore'
[1.193s] Level 1:colcon.colcon_core.package_identification:_identify(log) ignored
[1.193s] Level 1:colcon.colcon_core.package_identification:_identify(rover_arm_bringup) by extensions ['ignore', 'ignore_ament_install']
[1.193s] Level 1:colcon.colcon_core.package_identification:_identify(rover_arm_bringup) by extension 'ignore'
[1.194s] Level 1:colcon.colcon_core.package_identification:_identify(rover_arm_bringup) by extension 'ignore_ament_install'
[1.194s] Level 1:colcon.colcon_core.package_identification:_identify(rover_arm_bringup) by extensions ['colcon_pkg']
[1.194s] Level 1:colcon.colcon_core.package_identification:_identify(rover_arm_bringup) by extension 'colcon_pkg'
[1.194s] Level 1:colcon.colcon_core.package_identification:_identify(rover_arm_bringup) by extensions ['colcon_meta']
[1.194s] Level 1:colcon.colcon_core.package_identification:_identify(rover_arm_bringup) by extension 'colcon_meta'
[1.194s] Level 1:colcon.colcon_core.package_identification:_identify(rover_arm_bringup) by extensions ['ros']
[1.194s] Level 1:colcon.colcon_core.package_identification:_identify(rover_arm_bringup) by extension 'ros'
[1.196s] DEBUG:colcon.colcon_core.package_identification:Package 'rover_arm_bringup' with type 'ros.ament_cmake' and name 'rover_arm_bringup'
[1.196s] Level 1:colcon.colcon_core.package_identification:_identify(rover_arm_description) by extensions ['ignore', 'ignore_ament_install']
[1.196s] Level 1:colcon.colcon_core.package_identification:_identify(rover_arm_description) by extension 'ignore'
[1.196s] Level 1:colcon.colcon_core.package_identification:_identify(rover_arm_description) by extension 'ignore_ament_install'
[1.196s] Level 1:colcon.colcon_core.package_identification:_identify(rover_arm_description) by extensions ['colcon_pkg']
[1.196s] Level 1:colcon.colcon_core.package_identification:_identify(rover_arm_description) by extension 'colcon_pkg'
[1.197s] Level 1:colcon.colcon_core.package_identification:_identify(rover_arm_description) by extensions ['colcon_meta']
[1.197s] Level 1:colcon.colcon_core.package_identification:_identify(rover_arm_description) by extension 'colcon_meta'
[1.197s] Level 1:colcon.colcon_core.package_identification:_identify(rover_arm_description) by extensions ['ros']
[1.197s] Level 1:colcon.colcon_core.package_identification:_identify(rover_arm_description) by extension 'ros'
[1.198s] DEBUG:colcon.colcon_core.package_identification:Package 'rover_arm_description' with type 'ros.ament_cmake' and name 'rover_arm_description'
[1.199s] Level 1:colcon.colcon_core.package_identification:_identify(rover_arm_moveit_config) by extensions ['ignore', 'ignore_ament_install']
[1.199s] Level 1:colcon.colcon_core.package_identification:_identify(rover_arm_moveit_config) by extension 'ignore'
[1.199s] Level 1:colcon.colcon_core.package_identification:_identify(rover_arm_moveit_config) by extension 'ignore_ament_install'
[1.199s] Level 1:colcon.colcon_core.package_identification:_identify(rover_arm_moveit_config) by extensions ['colcon_pkg']
[1.199s] Level 1:colcon.colcon_core.package_identification:_identify(rover_arm_moveit_config) by extension 'colcon_pkg'
[1.200s] Level 1:colcon.colcon_core.package_identification:_identify(rover_arm_moveit_config) by extensions ['colcon_meta']
[1.200s] Level 1:colcon.colcon_core.package_identification:_identify(rover_arm_moveit_config) by extension 'colcon_meta'
[1.200s] Level 1:colcon.colcon_core.package_identification:_identify(rover_arm_moveit_config) by extensions ['ros']
[1.200s] Level 1:colcon.colcon_core.package_identification:_identify(rover_arm_moveit_config) by extension 'ros'
[1.201s] DEBUG:colcon.colcon_core.package_identification:Failed to parse potential ROS package manifest in'rover_arm_moveit_config': Error(s) in package 'rover_arm_moveit_config/package.xml':
The manifest contains invalid XML:
not well-formed (invalid token): line 9, column 1
[1.201s] Level 1:colcon.colcon_core.package_identification:_identify(rover_arm_moveit_config) by extensions ['cmake', 'python']
[1.201s] Level 1:colcon.colcon_core.package_identification:_identify(rover_arm_moveit_config) by extension 'cmake'
[1.205s] Level 1:colcon.colcon_core.package_identification:_identify(rover_arm_moveit_config) by extension 'python'
[1.205s] DEBUG:colcon.colcon_core.package_identification:Package 'rover_arm_moveit_config' with type 'cmake' and name 'rover_arm_moveit_config'
[1.205s] Level 1:colcon.colcon_core.package_discovery:discover_packages(recursive) using defaults
[1.205s] Level 1:colcon.colcon_core.package_discovery:discover_packages(ignore) discover
[1.205s] Level 1:colcon.colcon_core.package_discovery:discover_packages(ignore) using defaults
[1.205s] Level 1:colcon.colcon_core.package_discovery:discover_packages(path) discover
[1.206s] Level 1:colcon.colcon_core.package_discovery:discover_packages(path) using defaults
[1.258s] INFO:colcon.colcon_core.package_selection:Skipping not selected package 'arm_hardware' in 'arm_hardware'
[1.258s] INFO:colcon.colcon_core.package_selection:Skipping not selected package 'ik_mux_controller' in 'ik_mux_controller'
[1.258s] INFO:colcon.colcon_core.package_selection:Skipping not selected package 'rover_arm_bringup' in 'rover_arm_bringup'
[1.258s] INFO:colcon.colcon_core.package_selection:Skipping not selected package 'rover_arm_description' in 'rover_arm_description'
[1.259s] Level 1:colcon.colcon_core.package_discovery:discover_packages(prefix_path) check parameters
[1.260s] Level 1:colcon.colcon_core.package_discovery:discover_packages(prefix_path) discover
[1.269s] DEBUG:colcon.colcon_installed_package_information.package_discovery:Found 2 installed packages in /home/liliana/ros2_ws/robot-repo-ros2/src/inverse-kinematics/install
[1.271s] DEBUG:colcon.colcon_installed_package_information.package_discovery:Found 8 installed packages in /home/liliana/ros2_ws/install
[1.275s] DEBUG:colcon.colcon_installed_package_information.package_discovery:Found 45 installed packages in /home/liliana/ws_moveit/install
[1.278s] DEBUG:colcon.colcon_installed_package_information.package_discovery:Found 2 installed packages in /home/liliana/install
[1.284s] DEBUG:colcon.colcon_installed_package_information.package_discovery:Found 419 installed packages in /opt/ros/humble
[1.296s] Level 1:colcon.colcon_core.package_discovery:discover_packages(prefix_path) using defaults
[1.467s] Level 5:colcon.colcon_core.verb:set package 'rover_arm_moveit_config' build argument 'cmake_args' from command line to 'None'
[1.467s] Level 5:colcon.colcon_core.verb:set package 'rover_arm_moveit_config' build argument 'cmake_target' from command line to 'None'
[1.467s] Level 5:colcon.colcon_core.verb:set package 'rover_arm_moveit_config' build argument 'cmake_target_skip_unavailable' from command line to 'False'
[1.467s] Level 5:colcon.colcon_core.verb:set package 'rover_arm_moveit_config' build argument 'cmake_clean_cache' from command line to 'False'
[1.467s] Level 5:colcon.colcon_core.verb:set package 'rover_arm_moveit_config' build argument 'cmake_clean_first' from command line to 'False'
[1.467s] Level 5:colcon.colcon_core.verb:set package 'rover_arm_moveit_config' build argument 'cmake_force_configure' from command line to 'False'
[1.467s] Level 5:colcon.colcon_core.verb:set package 'rover_arm_moveit_config' build argument 'ament_cmake_args' from command line to 'None'
[1.467s] Level 5:colcon.colcon_core.verb:set package 'rover_arm_moveit_config' build argument 'catkin_cmake_args' from command line to 'None'
[1.467s] Level 5:colcon.colcon_core.verb:set package 'rover_arm_moveit_config' build argument 'catkin_skip_building_tests' from command line to 'False'
[1.468s] DEBUG:colcon.colcon_core.verb:Building package 'rover_arm_moveit_config' with the following arguments: {'ament_cmake_args': None, 'build_base': '/home/liliana/ros2_ws/robot-repo-ros2/src/inverse-kinematics/build/rover_arm_moveit_config', 'catkin_cmake_args': None, 'catkin_skip_building_tests': False, 'cmake_args': None, 'cmake_clean_cache': False, 'cmake_clean_first': False, 'cmake_force_configure': False, 'cmake_target': None, 'cmake_target_skip_unavailable': False, 'install_base': '/home/liliana/ros2_ws/robot-repo-ros2/src/inverse-kinematics/install/rover_arm_moveit_config', 'merge_install': False, 'path': '/home/liliana/ros2_ws/robot-repo-ros2/src/inverse-kinematics/rover_arm_moveit_config', 'symlink_install': False, 'test_result_base': None}
[1.468s] INFO:colcon.colcon_core.executor:Executing jobs using 'parallel' executor
[1.471s] DEBUG:colcon.colcon_parallel_executor.executor.parallel:run_until_complete
[1.471s] INFO:colcon.colcon_cmake.task.cmake.build:Building CMake package in '/home/liliana/ros2_ws/robot-repo-ros2/src/inverse-kinematics/rover_arm_moveit_config'
[1.477s] INFO:colcon.colcon_core.plugin_system:Skipping extension 'colcon_core.shell.bat': Not used on non-Windows systems
[1.478s] INFO:colcon.colcon_core.shell:Skip shell extension 'powershell' for command environment: Not usable outside of PowerShell
[1.478s] DEBUG:colcon.colcon_core.shell:Skip shell extension 'dsv' for command environment
[1.519s] DEBUG:colcon.colcon_core.event_handler.log_command:Invoking command in '/home/liliana/ros2_ws/robot-repo-ros2/src/inverse-kinematics/build/rover_arm_moveit_config': /usr/bin/cmake --build /home/liliana/ros2_ws/robot-repo-ros2/src/inverse-kinematics/build/rover_arm_moveit_config -- -j6 -l6
[2.308s] DEBUG:colcon.colcon_core.event_handler.log_command:Invoked command in '/home/liliana/ros2_ws/robot-repo-ros2/src/inverse-kinematics/build/rover_arm_moveit_config' returned '2': /usr/bin/cmake --build /home/liliana/ros2_ws/robot-repo-ros2/src/inverse-kinematics/build/rover_arm_moveit_config -- -j6 -l6
[2.318s] DEBUG:colcon.colcon_parallel_executor.executor.parallel:closing loop
[2.318s] DEBUG:colcon.colcon_parallel_executor.executor.parallel:loop closed
[2.319s] DEBUG:colcon.colcon_parallel_executor.executor.parallel:run_until_complete finished with '2'
[2.319s] DEBUG:colcon.colcon_core.event_reactor:joining thread
[2.332s] INFO:colcon.colcon_core.plugin_system:Skipping extension 'colcon_notification.desktop_notification.terminal_notifier': Not used on non-Darwin systems
[2.332s] INFO:colcon.colcon_core.plugin_system:Skipping extension 'colcon_notification.desktop_notification.win32': Not used on non-Windows systems
[2.333s] INFO:colcon.colcon_notification.desktop_notification:Sending desktop notification using 'notify2'
[2.364s] DEBUG:colcon.colcon_core.event_reactor:joined thread
[2.366s] INFO:colcon.colcon_core.shell:Creating prefix script '/home/liliana/ros2_ws/robot-repo-ros2/src/inverse-kinematics/install/local_setup.ps1'
[2.369s] INFO:colcon.colcon_core.shell:Creating prefix util module '/home/liliana/ros2_ws/robot-repo-ros2/src/inverse-kinematics/install/_local_setup_util_ps1.py'
[2.374s] INFO:colcon.colcon_core.shell:Creating prefix chain script '/home/liliana/ros2_ws/robot-repo-ros2/src/inverse-kinematics/install/setup.ps1'
[2.384s] INFO:colcon.colcon_core.shell:Creating prefix script '/home/liliana/ros2_ws/robot-repo-ros2/src/inverse-kinematics/install/local_setup.sh'
[2.387s] INFO:colcon.colcon_core.shell:Creating prefix util module '/home/liliana/ros2_ws/robot-repo-ros2/src/inverse-kinematics/install/_local_setup_util_sh.py'
[2.389s] INFO:colcon.colcon_core.shell:Creating prefix chain script '/home/liliana/ros2_ws/robot-repo-ros2/src/inverse-kinematics/install/setup.sh'
[2.399s] INFO:colcon.colcon_core.shell:Creating prefix script '/home/liliana/ros2_ws/robot-repo-ros2/src/inverse-kinematics/install/local_setup.bash'
[2.401s] INFO:colcon.colcon_core.shell:Creating prefix chain script '/home/liliana/ros2_ws/robot-repo-ros2/src/inverse-kinematics/install/setup.bash'
[2.410s] INFO:colcon.colcon_core.shell:Creating prefix script '/home/liliana/ros2_ws/robot-repo-ros2/src/inverse-kinematics/install/local_setup.zsh'
[2.413s] INFO:colcon.colcon_core.shell:Creating prefix chain script '/home/liliana/ros2_ws/robot-repo-ros2/src/inverse-kinematics/install/setup.zsh'
