[2.968s] Invoking command in '/home/liliana/ros2_ws/robot-repo-ros2/src/object_recognition': PYTHONPATH=/home/liliana/ros2_ws/robot-repo-ros2/src/build/object_recognition/prefix_override:/usr/lib/python3/dist-packages/colcon_core/task/python/colcon_distutils_commands:/home/liliana/ros2_ws/robot-repo-ros2/src/install/object_recognition/lib/python3.10/site-packages:${PYTHONPATH} /usr/bin/python3 -W ignore:setup.py install is deprecated -W ignore:easy_install command is deprecated setup.py egg_info --egg-base ../build/object_recognition build --build-base /home/liliana/ros2_ws/robot-repo-ros2/src/build/object_recognition/build install --record /home/liliana/ros2_ws/robot-repo-ros2/src/build/object_recognition/install.log --single-version-externally-managed install_data
[4.138s] running egg_info
[4.209s] writing ../build/object_recognition/object_recognition.egg-info/PKG-INFO
[4.210s] writing dependency_links to ../build/object_recognition/object_recognition.egg-info/dependency_links.txt
[4.210s] writing entry points to ../build/object_recognition/object_recognition.egg-info/entry_points.txt
[4.211s] writing requirements to ../build/object_recognition/object_recognition.egg-info/requires.txt
[4.211s] writing top-level names to ../build/object_recognition/object_recognition.egg-info/top_level.txt
[4.298s] reading manifest file '../build/object_recognition/object_recognition.egg-info/SOURCES.txt'
[4.302s] writing manifest file '../build/object_recognition/object_recognition.egg-info/SOURCES.txt'
[4.303s] running build
[4.303s] running build_py
[4.304s] running install
[4.325s] running install_lib
[4.367s] running install_data
[4.368s] copying launch/keymap._launch.py -> /home/liliana/ros2_ws/robot-repo-ros2/src/install/object_recognition/share/object_recognition/launch
[4.368s] running install_egg_info
[4.417s] removing '/home/liliana/ros2_ws/robot-repo-ros2/src/install/object_recognition/lib/python3.10/site-packages/object_recognition-0.0.0-py3.10.egg-info' (and everything under it)
[4.418s] Copying ../build/object_recognition/object_recognition.egg-info to /home/liliana/ros2_ws/robot-repo-ros2/src/install/object_recognition/lib/python3.10/site-packages/object_recognition-0.0.0-py3.10.egg-info
[4.421s] running install_scripts
[4.610s] Installing keymap_node script to /home/liliana/ros2_ws/robot-repo-ros2/src/install/object_recognition/lib/object_recognition
[4.611s] writing list of installed files to '/home/liliana/ros2_ws/robot-repo-ros2/src/build/object_recognition/install.log'
[4.740s] Invoked command in '/home/liliana/ros2_ws/robot-repo-ros2/src/object_recognition' returned '0': PYTHONPATH=/home/liliana/ros2_ws/robot-repo-ros2/src/build/object_recognition/prefix_override:/usr/lib/python3/dist-packages/colcon_core/task/python/colcon_distutils_commands:/home/liliana/ros2_ws/robot-repo-ros2/src/install/object_recognition/lib/python3.10/site-packages:${PYTHONPATH} /usr/bin/python3 -W ignore:setup.py install is deprecated -W ignore:easy_install command is deprecated setup.py egg_info --egg-base ../build/object_recognition build --build-base /home/liliana/ros2_ws/robot-repo-ros2/src/build/object_recognition/build install --record /home/liliana/ros2_ws/robot-repo-ros2/src/build/object_recognition/install.log --single-version-externally-managed install_data
